i=14626
21870392
i=14942
22213272
i=36947
45826152
i=36947
46011120
i=38267
47391296
i=38390
47558320
i=49333
57921432
i=56199
65183512
i=57946
67025344
i=64520
73684416
i=68078
77744288
i=72984
82101688
i=82367
"Assertion failed: !\"vector length_error\", at: /Users/mbp/Github/emsdk_portable1/emscripten/tag-1.34.6/system/include/libcxx/vector,303,__throw_length_error at Error\n    at jsStackTrace (/Users/mbp/Github/node_modules/rdkit/dist/rdkit.js:16:20723)\n    at stackTrace (/Users/mbp/Github/node_modules/rdkit/dist/rdkit.js:16:20906)\n    at ___assert_fail (/Users/mbp/Github/node_modules/rdkit/dist/rdkit.js:16:1317273)\n    at K0 (/Users/mbp/Github/node_modules/rdkit/dist/rdkit.js:34:185130)\n    at fs (/Users/mbp/Github/node_modules/rdkit/dist/rdkit.js:31:212111)\n    at sn (/Users/mbp/Github/node_modules/rdkit/dist/rdkit.js:24:227627)\n    at Array.rn (/Users/mbp/Github/node_modules/rdkit/dist/rdkit.js:24:206488)\n    at Object.Tka [as dynCall_viiiiii] (/Users/mbp/Github/node_modules/rdkit/dist/rdkit.js:45:25029)\n    at invoke_viiiiii (/Users/mbp/Github/node_modules/rdkit/dist/rdkit.js:16:1351459)\n    at WH (/Users/mbp/Github/node_modules/rdkit/dist/rdkit.js:28:161392)"
i=87988
97772240
i=88757
98548704
i=89186
99139280
i=89464
99405992
i=89535
99572056
i=89862
99895816
i=90156
100262976
i=90480
100651960
i=90736
101003792
i=90938
101201672
i=90940
101315728
i=91130
101469856
i=91593
101984928
i=91593
101919120
i=91714
102240952
i=91715
102253584
i=91718
102263560
i=91718
102264416
i=91733
102335312
i=91751
102329608
i=91752
102369096
i=91776
102373232
i=92207
102764360
i=92208
102957112
i=92210
102954168
i=92211
102990880
i=92212
102983632
i=92214
102979048
i=92215
103006720
i=92215
103026536
i=92217
103074768
i=92217
103100288
i=92219
103114392
i=92220
103137920
i=92230
103164760
i=92231
103171520
i=92232
103182528
i=92233
103198016
i=92257
103190064
i=92265
103262688
i=92268
103270640
i=92268
103271448
i=92270
103298632
i=92272
103306552
i=92276
103326528
i=92281
103351856
i=92281
103336168
i=92307
103370856
i=92308
103385552
i=92308
103384680
i=92308
103388392
i=92311
103401256
i=92447
103422864
i=92492
103562000
i=92492
103635664
i=92508
103694152
i=92508
103676232
i=92510
103731248
i=92510
103780176
i=92510
103758176
i=92516
103755280
i=92549
103846480
i=92561
103893680
i=92561
103907400
i=92562
103958840
i=92562
103970928
i=92565
104020848
i=92565
104030400
i=92624
104047808
i=92640
104064728
i=92685
104096080
i=92786
104218856
i=92790
104196600
i=92790
104262976
i=92801
104246472
i=92802
104244776
i=92803
104244752
i=92803
104321176
i=92803
104321784
i=92805
104348784
i=92810
104366384
i=93033
104503848
i=93042
104610072
i=93044
104608472
i=93056
104632424
i=93057
104661560
i=93086
104673968
i=93128
104721928
i=93128
104773520
i=93128
104774032
i=93128
104806568
i=93140
104825376
i=93212
104886312
i=93214
104908032
i=93322
104900048
i=93322
105033496
i=93324
105040624
i=93330
105099056
i=93348
105154696
i=93348
105174672
i=93348
105175448
i=93353
105214304
i=93371
105233328
i=93403
105258784
i=93403
105328240
i=93487
105397304
i=93506
105404256
i=93510
105440616
i=93558
105520712
i=93571
105535920
i=93571
105530680
i=93588
105572568
i=93591
105564632
i=93600
105640680
i=93600
105646504
i=93606
105679992
i=93606
105655712
i=93606
105707096
i=93606
105719328
i=93608
105764496
i=93621
105795160
i=93630
105808968
i=93635
105831928
i=93635
105832616
i=93635
105895728
i=93659
105927432
i=93661
105896024
i=93667
105966216
i=93718
106000784
i=93719
106042216
i=93720
106072944
i=93721
106106880
i=93787
106097160
i=93793
106140088
i=93899
106277744
i=93945
106350000
i=93954
106369784
i=93966
106405624
i=93974
106442072
i=93987
106465016
i=93987
106475232
i=94090
106631672
i=94093
106637728
i=94140
106688528
i=94172
106721760
i=94174
106759096
i=94175
106792976
i=94175
106805256
i=94216
106852288
i=94227
106898856
i=94228
106900744
i=94230
106918720
i=94231
106915704
i=94231
106939832
i=94231
106966136
i=94234
106962320
i=94234
107040696
i=94235
107055216
i=94235
107091336
i=94240
107145024
i=94381
107300264
i=94381
107342664
i=94382
107362096
i=94386
107360032
i=94396
107434912
i=94424
107391376
i=94637
107666856
i=94776
107817504
i=94776
107838824
i=94892
107962664
i=94904
107907712
i=94922
108060928
i=94922
108061808
i=94930
108077472
i=94932
108172976
i=94936
108204032
i=94936
108218320
i=94936
108174872
i=94938
108188384
i=94939
108268696
i=94949
108272288
i=94951
108290200
i=94952
108341280
i=94953
108374224
i=94953
108382176
i=94955
108381648
i=94992
108468312
i=94992
108416216
i=95200
108755488
i=95240
108794288
i=95240
108849880
i=95252
108794512
i=95252
108885496
i=95252
108886200
i=95252
108919920
i=95252
108902344
i=95258
108923320
i=95455
109175152
i=95470
109216192
i=95470
109237176
i=95470
109236368
i=95471
109268224
i=95471
109296280
i=95471
109232280
i=95471
109277792
i=95482
109358520
i=95482
109348272
i=95482
109356696
i=95496
109409336
i=95496
109442120
i=95496
109445160
i=95503
109480880
i=95503
109513208
i=95503
109527160
i=95503
109525816
i=95503
109526472
i=95503
109567752
i=95505
109557824
i=95505
109611400
i=95505
109611200
i=95505
109629368
i=95505
109668304
i=95505
109643464
i=95505
109704256
i=95507
109676848
i=95508
109711512
i=95509
109708320
i=95510
109738728
i=95511
109735696
i=95511
109749320
i=95511
109749432
i=95511
109770912
i=95515
109828768
i=95515
109783512
i=95516
109766472
i=95671
109963200
i=95690
109991160
i=95697
110017752
i=95697
110013008
i=95697
110047024
i=95702
110075048
i=95710
110105456
i=95710
110097744
i=95720
110116360
i=95728
110197744
i=95728
110200384
i=95729
110200776
i=95738
110257552
i=95738
110250992
i=95743
110297240
i=95743
110290120
i=95745
110329528
i=95746
110369912
i=95746
110368592
i=95746
110353616
i=95746
110400752
i=95746
110386776
i=95764
110449384
i=95964
110641064
i=95976
110708400
i=96041
110730760
i=96041
110798768
i=96045
110843128
i=96069
110845680
i=96069
110862824
i=96074
110903312
i=96075
110916576
i=96076
110935216
i=96077
110969152
i=96078
111006960
i=96079
111002408
i=96080
110982048
i=96081
111047504
i=96082
111070968
i=96083
111092248
i=96084
111110048
i=96085
111131504
i=96086
111162656
i=96087
111180776
i=96088
111211552
i=96089
111236320
i=96090
111197176
i=96091
111267280
i=96092
111261408
i=96093
111322048
i=96094
111331752
i=96095
111358616
i=96095
111359072
i=96096
111390464
i=96096
111394512
i=96097
111443664
i=96098
111439504
i=96128
111441008
i=96148
111539616
i=96193
111592144
i=96193
111592368
i=96193
111649832
i=96206
111659512
i=96209
111670008
i=96212
111693624
i=96223
111813992
i=96250
111782640
i=96291
112028104
i=96298
111861992
i=96388
111876848
i=96388
111729112
i=96417
111721952
i=96516
112054416
i=96535
112117008
i=96536
112107456
i=96538
112096560
i=96539
112158624
i=96582
112205448
i=96596
112170936
i=96797
112238944
i=96857
112520080
i=96864
112495328
i=96864
112524848
i=96875
112563064
i=96901
112632400
i=96908
112654808
i=96912
112669960
i=96913
112703840
i=96914
112723312
i=96915
112762920
i=96920
112794752
i=96921
112793656
i=96922
112838072
i=96992
112827320
i=96994
112911840
i=97090
112979296
i=97116
112996544
i=97118
113031872
i=97120
113007320
i=97121
113052776
i=97124
113053344
i=97128
113087984
i=97184
113129032
i=97217
113192728
i=97242
113231712
i=97244
113225232
i=97251
113206544
i=97251
113275448
i=97251
113265384
i=97459
113483072
i=97504
113530096
i=97504
113530296
i=97504
113609496
i=97504
113615328
i=97565
113688784
i=97675
113804280
i=97921
114076784
i=98553
114782784
i=98553
114805352
i=98565
"Assertion failed: !\"vector length_error\", at: /Users/mbp/Github/emsdk_portable1/emscripten/tag-1.34.6/system/include/libcxx/vector,303,__throw_length_error at Error\n    at jsStackTrace (/Users/mbp/Github/node_modules/rdkit/dist/rdkit.js:16:20723)\n    at stackTrace (/Users/mbp/Github/node_modules/rdkit/dist/rdkit.js:16:20906)\n    at ___assert_fail (/Users/mbp/Github/node_modules/rdkit/dist/rdkit.js:16:1317273)\n    at K0 (/Users/mbp/Github/node_modules/rdkit/dist/rdkit.js:34:185130)\n    at fs (/Users/mbp/Github/node_modules/rdkit/dist/rdkit.js:31:212111)\n    at sn (/Users/mbp/Github/node_modules/rdkit/dist/rdkit.js:24:227627)\n    at Array.rn (/Users/mbp/Github/node_modules/rdkit/dist/rdkit.js:24:206488)\n    at Object.Tka [as dynCall_viiiiii] (/Users/mbp/Github/node_modules/rdkit/dist/rdkit.js:45:25029)\n    at invoke_viiiiii (/Users/mbp/Github/node_modules/rdkit/dist/rdkit.js:16:1351459)\n    at WH (/Users/mbp/Github/node_modules/rdkit/dist/rdkit.js:28:161392)"
i=98632
114838384
i=98633
114875896
i=98735
115032704
i=98802
115083888
i=99491
115869128
i=99498
"Assertion failed: !\"vector length_error\", at: /Users/mbp/Github/emsdk_portable1/emscripten/tag-1.34.6/system/include/libcxx/vector,303,__throw_length_error at Error\n    at jsStackTrace (/Users/mbp/Github/node_modules/rdkit/dist/rdkit.js:16:20723)\n    at stackTrace (/Users/mbp/Github/node_modules/rdkit/dist/rdkit.js:16:20906)\n    at ___assert_fail (/Users/mbp/Github/node_modules/rdkit/dist/rdkit.js:16:1317273)\n    at K0 (/Users/mbp/Github/node_modules/rdkit/dist/rdkit.js:34:185130)\n    at fs (/Users/mbp/Github/node_modules/rdkit/dist/rdkit.js:31:212111)\n    at sn (/Users/mbp/Github/node_modules/rdkit/dist/rdkit.js:24:227627)\n    at Array.rn (/Users/mbp/Github/node_modules/rdkit/dist/rdkit.js:24:206488)\n    at Object.Tka [as dynCall_viiiiii] (/Users/mbp/Github/node_modules/rdkit/dist/rdkit.js:45:25029)\n    at invoke_viiiiii (/Users/mbp/Github/node_modules/rdkit/dist/rdkit.js:16:1351459)\n    at WH (/Users/mbp/Github/node_modules/rdkit/dist/rdkit.js:28:161392)"
i=99498
"Assertion failed: !\"vector length_error\", at: /Users/mbp/Github/emsdk_portable1/emscripten/tag-1.34.6/system/include/libcxx/vector,303,__throw_length_error at Error\n    at jsStackTrace (/Users/mbp/Github/node_modules/rdkit/dist/rdkit.js:16:20723)\n    at stackTrace (/Users/mbp/Github/node_modules/rdkit/dist/rdkit.js:16:20906)\n    at ___assert_fail (/Users/mbp/Github/node_modules/rdkit/dist/rdkit.js:16:1317273)\n    at K0 (/Users/mbp/Github/node_modules/rdkit/dist/rdkit.js:34:185130)\n    at fs (/Users/mbp/Github/node_modules/rdkit/dist/rdkit.js:31:212111)\n    at sn (/Users/mbp/Github/node_modules/rdkit/dist/rdkit.js:24:227627)\n    at Array.rn (/Users/mbp/Github/node_modules/rdkit/dist/rdkit.js:24:206488)\n    at Object.Tka [as dynCall_viiiiii] (/Users/mbp/Github/node_modules/rdkit/dist/rdkit.js:45:25029)\n    at invoke_viiiiii (/Users/mbp/Github/node_modules/rdkit/dist/rdkit.js:16:1351459)\n    at WH (/Users/mbp/Github/node_modules/rdkit/dist/rdkit.js:28:161392)"
i=99498
"Assertion failed: !\"vector length_error\", at: /Users/mbp/Github/emsdk_portable1/emscripten/tag-1.34.6/system/include/libcxx/vector,303,__throw_length_error at Error\n    at jsStackTrace (/Users/mbp/Github/node_modules/rdkit/dist/rdkit.js:16:20723)\n    at stackTrace (/Users/mbp/Github/node_modules/rdkit/dist/rdkit.js:16:20906)\n    at ___assert_fail (/Users/mbp/Github/node_modules/rdkit/dist/rdkit.js:16:1317273)\n    at K0 (/Users/mbp/Github/node_modules/rdkit/dist/rdkit.js:34:185130)\n    at fs (/Users/mbp/Github/node_modules/rdkit/dist/rdkit.js:31:212111)\n    at sn (/Users/mbp/Github/node_modules/rdkit/dist/rdkit.js:24:227627)\n    at Array.rn (/Users/mbp/Github/node_modules/rdkit/dist/rdkit.js:24:206488)\n    at Object.Tka [as dynCall_viiiiii] (/Users/mbp/Github/node_modules/rdkit/dist/rdkit.js:45:25029)\n    at invoke_viiiiii (/Users/mbp/Github/node_modules/rdkit/dist/rdkit.js:16:1351459)\n    at WH (/Users/mbp/Github/node_modules/rdkit/dist/rdkit.js:28:161392)"
i=99498
"Assertion failed: !\"vector length_error\", at: /Users/mbp/Github/emsdk_portable1/emscripten/tag-1.34.6/system/include/libcxx/vector,303,__throw_length_error at Error\n    at jsStackTrace (/Users/mbp/Github/node_modules/rdkit/dist/rdkit.js:16:20723)\n    at stackTrace (/Users/mbp/Github/node_modules/rdkit/dist/rdkit.js:16:20906)\n    at ___assert_fail (/Users/mbp/Github/node_modules/rdkit/dist/rdkit.js:16:1317273)\n    at K0 (/Users/mbp/Github/node_modules/rdkit/dist/rdkit.js:34:185130)\n    at fs (/Users/mbp/Github/node_modules/rdkit/dist/rdkit.js:31:212111)\n    at sn (/Users/mbp/Github/node_modules/rdkit/dist/rdkit.js:24:227627)\n    at Array.rn (/Users/mbp/Github/node_modules/rdkit/dist/rdkit.js:24:206488)\n    at Object.Tka [as dynCall_viiiiii] (/Users/mbp/Github/node_modules/rdkit/dist/rdkit.js:45:25029)\n    at invoke_viiiiii (/Users/mbp/Github/node_modules/rdkit/dist/rdkit.js:16:1351459)\n    at WH (/Users/mbp/Github/node_modules/rdkit/dist/rdkit.js:28:161392)"
i=99498
"Assertion failed: !\"vector length_error\", at: /Users/mbp/Github/emsdk_portable1/emscripten/tag-1.34.6/system/include/libcxx/vector,303,__throw_length_error at Error\n    at jsStackTrace (/Users/mbp/Github/node_modules/rdkit/dist/rdkit.js:16:20723)\n    at stackTrace (/Users/mbp/Github/node_modules/rdkit/dist/rdkit.js:16:20906)\n    at ___assert_fail (/Users/mbp/Github/node_modules/rdkit/dist/rdkit.js:16:1317273)\n    at K0 (/Users/mbp/Github/node_modules/rdkit/dist/rdkit.js:34:185130)\n    at fs (/Users/mbp/Github/node_modules/rdkit/dist/rdkit.js:31:212111)\n    at sn (/Users/mbp/Github/node_modules/rdkit/dist/rdkit.js:24:227627)\n    at Array.rn (/Users/mbp/Github/node_modules/rdkit/dist/rdkit.js:24:206488)\n    at Object.Tka [as dynCall_viiiiii] (/Users/mbp/Github/node_modules/rdkit/dist/rdkit.js:45:25029)\n    at invoke_viiiiii (/Users/mbp/Github/node_modules/rdkit/dist/rdkit.js:16:1351459)\n    at WH (/Users/mbp/Github/node_modules/rdkit/dist/rdkit.js:28:161392)"
i=99498
"Assertion failed: !\"vector length_error\", at: /Users/mbp/Github/emsdk_portable1/emscripten/tag-1.34.6/system/include/libcxx/vector,303,__throw_length_error at Error\n    at jsStackTrace (/Users/mbp/Github/node_modules/rdkit/dist/rdkit.js:16:20723)\n    at stackTrace (/Users/mbp/Github/node_modules/rdkit/dist/rdkit.js:16:20906)\n    at ___assert_fail (/Users/mbp/Github/node_modules/rdkit/dist/rdkit.js:16:1317273)\n    at K0 (/Users/mbp/Github/node_modules/rdkit/dist/rdkit.js:34:185130)\n    at fs (/Users/mbp/Github/node_modules/rdkit/dist/rdkit.js:31:212111)\n    at sn (/Users/mbp/Github/node_modules/rdkit/dist/rdkit.js:24:227627)\n    at Array.rn (/Users/mbp/Github/node_modules/rdkit/dist/rdkit.js:24:206488)\n    at Object.Tka [as dynCall_viiiiii] (/Users/mbp/Github/node_modules/rdkit/dist/rdkit.js:45:25029)\n    at invoke_viiiiii (/Users/mbp/Github/node_modules/rdkit/dist/rdkit.js:16:1351459)\n    at WH (/Users/mbp/Github/node_modules/rdkit/dist/rdkit.js:28:161392)"
i=99498
"Assertion failed: !\"vector length_error\", at: /Users/mbp/Github/emsdk_portable1/emscripten/tag-1.34.6/system/include/libcxx/vector,303,__throw_length_error at Error\n    at jsStackTrace (/Users/mbp/Github/node_modules/rdkit/dist/rdkit.js:16:20723)\n    at stackTrace (/Users/mbp/Github/node_modules/rdkit/dist/rdkit.js:16:20906)\n    at ___assert_fail (/Users/mbp/Github/node_modules/rdkit/dist/rdkit.js:16:1317273)\n    at K0 (/Users/mbp/Github/node_modules/rdkit/dist/rdkit.js:34:185130)\n    at fs (/Users/mbp/Github/node_modules/rdkit/dist/rdkit.js:31:212111)\n    at sn (/Users/mbp/Github/node_modules/rdkit/dist/rdkit.js:24:227627)\n    at Array.rn (/Users/mbp/Github/node_modules/rdkit/dist/rdkit.js:24:206488)\n    at Object.Tka [as dynCall_viiiiii] (/Users/mbp/Github/node_modules/rdkit/dist/rdkit.js:45:25029)\n    at invoke_viiiiii (/Users/mbp/Github/node_modules/rdkit/dist/rdkit.js:16:1351459)\n    at WH (/Users/mbp/Github/node_modules/rdkit/dist/rdkit.js:28:161392)"
i=99498
"Assertion failed: !\"vector length_error\", at: /Users/mbp/Github/emsdk_portable1/emscripten/tag-1.34.6/system/include/libcxx/vector,303,__throw_length_error at Error\n    at jsStackTrace (/Users/mbp/Github/node_modules/rdkit/dist/rdkit.js:16:20723)\n    at stackTrace (/Users/mbp/Github/node_modules/rdkit/dist/rdkit.js:16:20906)\n    at ___assert_fail (/Users/mbp/Github/node_modules/rdkit/dist/rdkit.js:16:1317273)\n    at K0 (/Users/mbp/Github/node_modules/rdkit/dist/rdkit.js:34:185130)\n    at fs (/Users/mbp/Github/node_modules/rdkit/dist/rdkit.js:31:212111)\n    at sn (/Users/mbp/Github/node_modules/rdkit/dist/rdkit.js:24:227627)\n    at Array.rn (/Users/mbp/Github/node_modules/rdkit/dist/rdkit.js:24:206488)\n    at Object.Tka [as dynCall_viiiiii] (/Users/mbp/Github/node_modules/rdkit/dist/rdkit.js:45:25029)\n    at invoke_viiiiii (/Users/mbp/Github/node_modules/rdkit/dist/rdkit.js:16:1351459)\n    at WH (/Users/mbp/Github/node_modules/rdkit/dist/rdkit.js:28:161392)"
i=99498
"Assertion failed: !\"vector length_error\", at: /Users/mbp/Github/emsdk_portable1/emscripten/tag-1.34.6/system/include/libcxx/vector,303,__throw_length_error at Error\n    at jsStackTrace (/Users/mbp/Github/node_modules/rdkit/dist/rdkit.js:16:20723)\n    at stackTrace (/Users/mbp/Github/node_modules/rdkit/dist/rdkit.js:16:20906)\n    at ___assert_fail (/Users/mbp/Github/node_modules/rdkit/dist/rdkit.js:16:1317273)\n    at K0 (/Users/mbp/Github/node_modules/rdkit/dist/rdkit.js:34:185130)\n    at fs (/Users/mbp/Github/node_modules/rdkit/dist/rdkit.js:31:212111)\n    at sn (/Users/mbp/Github/node_modules/rdkit/dist/rdkit.js:24:227627)\n    at Array.rn (/Users/mbp/Github/node_modules/rdkit/dist/rdkit.js:24:206488)\n    at Object.Tka [as dynCall_viiiiii] (/Users/mbp/Github/node_modules/rdkit/dist/rdkit.js:45:25029)\n    at invoke_viiiiii (/Users/mbp/Github/node_modules/rdkit/dist/rdkit.js:16:1351459)\n    at WH (/Users/mbp/Github/node_modules/rdkit/dist/rdkit.js:28:161392)"
i=99498
"Assertion failed: !\"vector length_error\", at: /Users/mbp/Github/emsdk_portable1/emscripten/tag-1.34.6/system/include/libcxx/vector,303,__throw_length_error at Error\n    at jsStackTrace (/Users/mbp/Github/node_modules/rdkit/dist/rdkit.js:16:20723)\n    at stackTrace (/Users/mbp/Github/node_modules/rdkit/dist/rdkit.js:16:20906)\n    at ___assert_fail (/Users/mbp/Github/node_modules/rdkit/dist/rdkit.js:16:1317273)\n    at K0 (/Users/mbp/Github/node_modules/rdkit/dist/rdkit.js:34:185130)\n    at fs (/Users/mbp/Github/node_modules/rdkit/dist/rdkit.js:31:212111)\n    at sn (/Users/mbp/Github/node_modules/rdkit/dist/rdkit.js:24:227627)\n    at Array.rn (/Users/mbp/Github/node_modules/rdkit/dist/rdkit.js:24:206488)\n    at Object.Tka [as dynCall_viiiiii] (/Users/mbp/Github/node_modules/rdkit/dist/rdkit.js:45:25029)\n    at invoke_viiiiii (/Users/mbp/Github/node_modules/rdkit/dist/rdkit.js:16:1351459)\n    at WH (/Users/mbp/Github/node_modules/rdkit/dist/rdkit.js:28:161392)"
i=99498
"Assertion failed: !\"vector length_error\", at: /Users/mbp/Github/emsdk_portable1/emscripten/tag-1.34.6/system/include/libcxx/vector,303,__throw_length_error at Error\n    at jsStackTrace (/Users/mbp/Github/node_modules/rdkit/dist/rdkit.js:16:20723)\n    at stackTrace (/Users/mbp/Github/node_modules/rdkit/dist/rdkit.js:16:20906)\n    at ___assert_fail (/Users/mbp/Github/node_modules/rdkit/dist/rdkit.js:16:1317273)\n    at K0 (/Users/mbp/Github/node_modules/rdkit/dist/rdkit.js:34:185130)\n    at fs (/Users/mbp/Github/node_modules/rdkit/dist/rdkit.js:31:212111)\n    at sn (/Users/mbp/Github/node_modules/rdkit/dist/rdkit.js:24:227627)\n    at Array.rn (/Users/mbp/Github/node_modules/rdkit/dist/rdkit.js:24:206488)\n    at Object.Tka [as dynCall_viiiiii] (/Users/mbp/Github/node_modules/rdkit/dist/rdkit.js:45:25029)\n    at invoke_viiiiii (/Users/mbp/Github/node_modules/rdkit/dist/rdkit.js:16:1351459)\n    at WH (/Users/mbp/Github/node_modules/rdkit/dist/rdkit.js:28:161392)"
i=99498
"Assertion failed: !\"vector length_error\", at: /Users/mbp/Github/emsdk_portable1/emscripten/tag-1.34.6/system/include/libcxx/vector,303,__throw_length_error at Error\n    at jsStackTrace (/Users/mbp/Github/node_modules/rdkit/dist/rdkit.js:16:20723)\n    at stackTrace (/Users/mbp/Github/node_modules/rdkit/dist/rdkit.js:16:20906)\n    at ___assert_fail (/Users/mbp/Github/node_modules/rdkit/dist/rdkit.js:16:1317273)\n    at K0 (/Users/mbp/Github/node_modules/rdkit/dist/rdkit.js:34:185130)\n    at fs (/Users/mbp/Github/node_modules/rdkit/dist/rdkit.js:31:212111)\n    at sn (/Users/mbp/Github/node_modules/rdkit/dist/rdkit.js:24:227627)\n    at Array.rn (/Users/mbp/Github/node_modules/rdkit/dist/rdkit.js:24:206488)\n    at Object.Tka [as dynCall_viiiiii] (/Users/mbp/Github/node_modules/rdkit/dist/rdkit.js:45:25029)\n    at invoke_viiiiii (/Users/mbp/Github/node_modules/rdkit/dist/rdkit.js:16:1351459)\n    at WH (/Users/mbp/Github/node_modules/rdkit/dist/rdkit.js:28:161392)"
i=99498
"Assertion failed: !\"vector length_error\", at: /Users/mbp/Github/emsdk_portable1/emscripten/tag-1.34.6/system/include/libcxx/vector,303,__throw_length_error at Error\n    at jsStackTrace (/Users/mbp/Github/node_modules/rdkit/dist/rdkit.js:16:20723)\n    at stackTrace (/Users/mbp/Github/node_modules/rdkit/dist/rdkit.js:16:20906)\n    at ___assert_fail (/Users/mbp/Github/node_modules/rdkit/dist/rdkit.js:16:1317273)\n    at K0 (/Users/mbp/Github/node_modules/rdkit/dist/rdkit.js:34:185130)\n    at fs (/Users/mbp/Github/node_modules/rdkit/dist/rdkit.js:31:212111)\n    at sn (/Users/mbp/Github/node_modules/rdkit/dist/rdkit.js:24:227627)\n    at Array.rn (/Users/mbp/Github/node_modules/rdkit/dist/rdkit.js:24:206488)\n    at Object.Tka [as dynCall_viiiiii] (/Users/mbp/Github/node_modules/rdkit/dist/rdkit.js:45:25029)\n    at invoke_viiiiii (/Users/mbp/Github/node_modules/rdkit/dist/rdkit.js:16:1351459)\n    at WH (/Users/mbp/Github/node_modules/rdkit/dist/rdkit.js:28:161392)"
i=99498
"Assertion failed: !\"vector length_error\", at: /Users/mbp/Github/emsdk_portable1/emscripten/tag-1.34.6/system/include/libcxx/vector,303,__throw_length_error at Error\n    at jsStackTrace (/Users/mbp/Github/node_modules/rdkit/dist/rdkit.js:16:20723)\n    at stackTrace (/Users/mbp/Github/node_modules/rdkit/dist/rdkit.js:16:20906)\n    at ___assert_fail (/Users/mbp/Github/node_modules/rdkit/dist/rdkit.js:16:1317273)\n    at K0 (/Users/mbp/Github/node_modules/rdkit/dist/rdkit.js:34:185130)\n    at fs (/Users/mbp/Github/node_modules/rdkit/dist/rdkit.js:31:212111)\n    at sn (/Users/mbp/Github/node_modules/rdkit/dist/rdkit.js:24:227627)\n    at Array.rn (/Users/mbp/Github/node_modules/rdkit/dist/rdkit.js:24:206488)\n    at Object.Tka [as dynCall_viiiiii] (/Users/mbp/Github/node_modules/rdkit/dist/rdkit.js:45:25029)\n    at invoke_viiiiii (/Users/mbp/Github/node_modules/rdkit/dist/rdkit.js:16:1351459)\n    at WH (/Users/mbp/Github/node_modules/rdkit/dist/rdkit.js:28:161392)"
i=99498
"Assertion failed: !\"vector length_error\", at: /Users/mbp/Github/emsdk_portable1/emscripten/tag-1.34.6/system/include/libcxx/vector,303,__throw_length_error at Error\n    at jsStackTrace (/Users/mbp/Github/node_modules/rdkit/dist/rdkit.js:16:20723)\n    at stackTrace (/Users/mbp/Github/node_modules/rdkit/dist/rdkit.js:16:20906)\n    at ___assert_fail (/Users/mbp/Github/node_modules/rdkit/dist/rdkit.js:16:1317273)\n    at K0 (/Users/mbp/Github/node_modules/rdkit/dist/rdkit.js:34:185130)\n    at fs (/Users/mbp/Github/node_modules/rdkit/dist/rdkit.js:31:212111)\n    at sn (/Users/mbp/Github/node_modules/rdkit/dist/rdkit.js:24:227627)\n    at Array.rn (/Users/mbp/Github/node_modules/rdkit/dist/rdkit.js:24:206488)\n    at Object.Tka [as dynCall_viiiiii] (/Users/mbp/Github/node_modules/rdkit/dist/rdkit.js:45:25029)\n    at invoke_viiiiii (/Users/mbp/Github/node_modules/rdkit/dist/rdkit.js:16:1351459)\n    at WH (/Users/mbp/Github/node_modules/rdkit/dist/rdkit.js:28:161392)"
i=99498
"Assertion failed: !\"vector length_error\", at: /Users/mbp/Github/emsdk_portable1/emscripten/tag-1.34.6/system/include/libcxx/vector,303,__throw_length_error at Error\n    at jsStackTrace (/Users/mbp/Github/node_modules/rdkit/dist/rdkit.js:16:20723)\n    at stackTrace (/Users/mbp/Github/node_modules/rdkit/dist/rdkit.js:16:20906)\n    at ___assert_fail (/Users/mbp/Github/node_modules/rdkit/dist/rdkit.js:16:1317273)\n    at K0 (/Users/mbp/Github/node_modules/rdkit/dist/rdkit.js:34:185130)\n    at fs (/Users/mbp/Github/node_modules/rdkit/dist/rdkit.js:31:212111)\n    at sn (/Users/mbp/Github/node_modules/rdkit/dist/rdkit.js:24:227627)\n    at Array.rn (/Users/mbp/Github/node_modules/rdkit/dist/rdkit.js:24:206488)\n    at Object.Tka [as dynCall_viiiiii] (/Users/mbp/Github/node_modules/rdkit/dist/rdkit.js:45:25029)\n    at invoke_viiiiii (/Users/mbp/Github/node_modules/rdkit/dist/rdkit.js:16:1351459)\n    at WH (/Users/mbp/Github/node_modules/rdkit/dist/rdkit.js:28:161392)"
i=99498
"Assertion failed: !\"vector length_error\", at: /Users/mbp/Github/emsdk_portable1/emscripten/tag-1.34.6/system/include/libcxx/vector,303,__throw_length_error at Error\n    at jsStackTrace (/Users/mbp/Github/node_modules/rdkit/dist/rdkit.js:16:20723)\n    at stackTrace (/Users/mbp/Github/node_modules/rdkit/dist/rdkit.js:16:20906)\n    at ___assert_fail (/Users/mbp/Github/node_modules/rdkit/dist/rdkit.js:16:1317273)\n    at K0 (/Users/mbp/Github/node_modules/rdkit/dist/rdkit.js:34:185130)\n    at fs (/Users/mbp/Github/node_modules/rdkit/dist/rdkit.js:31:212111)\n    at sn (/Users/mbp/Github/node_modules/rdkit/dist/rdkit.js:24:227627)\n    at Array.rn (/Users/mbp/Github/node_modules/rdkit/dist/rdkit.js:24:206488)\n    at Object.Tka [as dynCall_viiiiii] (/Users/mbp/Github/node_modules/rdkit/dist/rdkit.js:45:25029)\n    at invoke_viiiiii (/Users/mbp/Github/node_modules/rdkit/dist/rdkit.js:16:1351459)\n    at WH (/Users/mbp/Github/node_modules/rdkit/dist/rdkit.js:28:161392)"
i=99504
"Assertion failed: !\"vector length_error\", at: /Users/mbp/Github/emsdk_portable1/emscripten/tag-1.34.6/system/include/libcxx/vector,303,__throw_length_error at Error\n    at jsStackTrace (/Users/mbp/Github/node_modules/rdkit/dist/rdkit.js:16:20723)\n    at stackTrace (/Users/mbp/Github/node_modules/rdkit/dist/rdkit.js:16:20906)\n    at ___assert_fail (/Users/mbp/Github/node_modules/rdkit/dist/rdkit.js:16:1317273)\n    at K0 (/Users/mbp/Github/node_modules/rdkit/dist/rdkit.js:34:185130)\n    at fs (/Users/mbp/Github/node_modules/rdkit/dist/rdkit.js:31:212111)\n    at sn (/Users/mbp/Github/node_modules/rdkit/dist/rdkit.js:24:227627)\n    at Array.rn (/Users/mbp/Github/node_modules/rdkit/dist/rdkit.js:24:206488)\n    at Object.Tka [as dynCall_viiiiii] (/Users/mbp/Github/node_modules/rdkit/dist/rdkit.js:45:25029)\n    at invoke_viiiiii (/Users/mbp/Github/node_modules/rdkit/dist/rdkit.js:16:1351459)\n    at WH (/Users/mbp/Github/node_modules/rdkit/dist/rdkit.js:28:161392)"
i=99504
"Assertion failed: !\"vector length_error\", at: /Users/mbp/Github/emsdk_portable1/emscripten/tag-1.34.6/system/include/libcxx/vector,303,__throw_length_error at Error\n    at jsStackTrace (/Users/mbp/Github/node_modules/rdkit/dist/rdkit.js:16:20723)\n    at stackTrace (/Users/mbp/Github/node_modules/rdkit/dist/rdkit.js:16:20906)\n    at ___assert_fail (/Users/mbp/Github/node_modules/rdkit/dist/rdkit.js:16:1317273)\n    at K0 (/Users/mbp/Github/node_modules/rdkit/dist/rdkit.js:34:185130)\n    at fs (/Users/mbp/Github/node_modules/rdkit/dist/rdkit.js:31:212111)\n    at sn (/Users/mbp/Github/node_modules/rdkit/dist/rdkit.js:24:227627)\n    at Array.rn (/Users/mbp/Github/node_modules/rdkit/dist/rdkit.js:24:206488)\n    at Object.Tka [as dynCall_viiiiii] (/Users/mbp/Github/node_modules/rdkit/dist/rdkit.js:45:25029)\n    at invoke_viiiiii (/Users/mbp/Github/node_modules/rdkit/dist/rdkit.js:16:1351459)\n    at WH (/Users/mbp/Github/node_modules/rdkit/dist/rdkit.js:28:161392)"
i=99504
"Assertion failed: !\"vector length_error\", at: /Users/mbp/Github/emsdk_portable1/emscripten/tag-1.34.6/system/include/libcxx/vector,303,__throw_length_error at Error\n    at jsStackTrace (/Users/mbp/Github/node_modules/rdkit/dist/rdkit.js:16:20723)\n    at stackTrace (/Users/mbp/Github/node_modules/rdkit/dist/rdkit.js:16:20906)\n    at ___assert_fail (/Users/mbp/Github/node_modules/rdkit/dist/rdkit.js:16:1317273)\n    at K0 (/Users/mbp/Github/node_modules/rdkit/dist/rdkit.js:34:185130)\n    at fs (/Users/mbp/Github/node_modules/rdkit/dist/rdkit.js:31:212111)\n    at sn (/Users/mbp/Github/node_modules/rdkit/dist/rdkit.js:24:227627)\n    at Array.rn (/Users/mbp/Github/node_modules/rdkit/dist/rdkit.js:24:206488)\n    at Object.Tka [as dynCall_viiiiii] (/Users/mbp/Github/node_modules/rdkit/dist/rdkit.js:45:25029)\n    at invoke_viiiiii (/Users/mbp/Github/node_modules/rdkit/dist/rdkit.js:16:1351459)\n    at WH (/Users/mbp/Github/node_modules/rdkit/dist/rdkit.js:28:161392)"
i=99504
"Assertion failed: !\"vector length_error\", at: /Users/mbp/Github/emsdk_portable1/emscripten/tag-1.34.6/system/include/libcxx/vector,303,__throw_length_error at Error\n    at jsStackTrace (/Users/mbp/Github/node_modules/rdkit/dist/rdkit.js:16:20723)\n    at stackTrace (/Users/mbp/Github/node_modules/rdkit/dist/rdkit.js:16:20906)\n    at ___assert_fail (/Users/mbp/Github/node_modules/rdkit/dist/rdkit.js:16:1317273)\n    at K0 (/Users/mbp/Github/node_modules/rdkit/dist/rdkit.js:34:185130)\n    at fs (/Users/mbp/Github/node_modules/rdkit/dist/rdkit.js:31:212111)\n    at sn (/Users/mbp/Github/node_modules/rdkit/dist/rdkit.js:24:227627)\n    at Array.rn (/Users/mbp/Github/node_modules/rdkit/dist/rdkit.js:24:206488)\n    at Object.Tka [as dynCall_viiiiii] (/Users/mbp/Github/node_modules/rdkit/dist/rdkit.js:45:25029)\n    at invoke_viiiiii (/Users/mbp/Github/node_modules/rdkit/dist/rdkit.js:16:1351459)\n    at WH (/Users/mbp/Github/node_modules/rdkit/dist/rdkit.js:28:161392)"
i=99504
"Assertion failed: !\"vector length_error\", at: /Users/mbp/Github/emsdk_portable1/emscripten/tag-1.34.6/system/include/libcxx/vector,303,__throw_length_error at Error\n    at jsStackTrace (/Users/mbp/Github/node_modules/rdkit/dist/rdkit.js:16:20723)\n    at stackTrace (/Users/mbp/Github/node_modules/rdkit/dist/rdkit.js:16:20906)\n    at ___assert_fail (/Users/mbp/Github/node_modules/rdkit/dist/rdkit.js:16:1317273)\n    at K0 (/Users/mbp/Github/node_modules/rdkit/dist/rdkit.js:34:185130)\n    at fs (/Users/mbp/Github/node_modules/rdkit/dist/rdkit.js:31:212111)\n    at sn (/Users/mbp/Github/node_modules/rdkit/dist/rdkit.js:24:227627)\n    at Array.rn (/Users/mbp/Github/node_modules/rdkit/dist/rdkit.js:24:206488)\n    at Object.Tka [as dynCall_viiiiii] (/Users/mbp/Github/node_modules/rdkit/dist/rdkit.js:45:25029)\n    at invoke_viiiiii (/Users/mbp/Github/node_modules/rdkit/dist/rdkit.js:16:1351459)\n    at WH (/Users/mbp/Github/node_modules/rdkit/dist/rdkit.js:28:161392)"
i=99504
"Assertion failed: !\"vector length_error\", at: /Users/mbp/Github/emsdk_portable1/emscripten/tag-1.34.6/system/include/libcxx/vector,303,__throw_length_error at Error\n    at jsStackTrace (/Users/mbp/Github/node_modules/rdkit/dist/rdkit.js:16:20723)\n    at stackTrace (/Users/mbp/Github/node_modules/rdkit/dist/rdkit.js:16:20906)\n    at ___assert_fail (/Users/mbp/Github/node_modules/rdkit/dist/rdkit.js:16:1317273)\n    at K0 (/Users/mbp/Github/node_modules/rdkit/dist/rdkit.js:34:185130)\n    at fs (/Users/mbp/Github/node_modules/rdkit/dist/rdkit.js:31:212111)\n    at sn (/Users/mbp/Github/node_modules/rdkit/dist/rdkit.js:24:227627)\n    at Array.rn (/Users/mbp/Github/node_modules/rdkit/dist/rdkit.js:24:206488)\n    at Object.Tka [as dynCall_viiiiii] (/Users/mbp/Github/node_modules/rdkit/dist/rdkit.js:45:25029)\n    at invoke_viiiiii (/Users/mbp/Github/node_modules/rdkit/dist/rdkit.js:16:1351459)\n    at WH (/Users/mbp/Github/node_modules/rdkit/dist/rdkit.js:28:161392)"
i=99504
"Assertion failed: !\"vector length_error\", at: /Users/mbp/Github/emsdk_portable1/emscripten/tag-1.34.6/system/include/libcxx/vector,303,__throw_length_error at Error\n    at jsStackTrace (/Users/mbp/Github/node_modules/rdkit/dist/rdkit.js:16:20723)\n    at stackTrace (/Users/mbp/Github/node_modules/rdkit/dist/rdkit.js:16:20906)\n    at ___assert_fail (/Users/mbp/Github/node_modules/rdkit/dist/rdkit.js:16:1317273)\n    at K0 (/Users/mbp/Github/node_modules/rdkit/dist/rdkit.js:34:185130)\n    at fs (/Users/mbp/Github/node_modules/rdkit/dist/rdkit.js:31:212111)\n    at sn (/Users/mbp/Github/node_modules/rdkit/dist/rdkit.js:24:227627)\n    at Array.rn (/Users/mbp/Github/node_modules/rdkit/dist/rdkit.js:24:206488)\n    at Object.Tka [as dynCall_viiiiii] (/Users/mbp/Github/node_modules/rdkit/dist/rdkit.js:45:25029)\n    at invoke_viiiiii (/Users/mbp/Github/node_modules/rdkit/dist/rdkit.js:16:1351459)\n    at WH (/Users/mbp/Github/node_modules/rdkit/dist/rdkit.js:28:161392)"
i=99504
"Assertion failed: !\"vector length_error\", at: /Users/mbp/Github/emsdk_portable1/emscripten/tag-1.34.6/system/include/libcxx/vector,303,__throw_length_error at Error\n    at jsStackTrace (/Users/mbp/Github/node_modules/rdkit/dist/rdkit.js:16:20723)\n    at stackTrace (/Users/mbp/Github/node_modules/rdkit/dist/rdkit.js:16:20906)\n    at ___assert_fail (/Users/mbp/Github/node_modules/rdkit/dist/rdkit.js:16:1317273)\n    at K0 (/Users/mbp/Github/node_modules/rdkit/dist/rdkit.js:34:185130)\n    at fs (/Users/mbp/Github/node_modules/rdkit/dist/rdkit.js:31:212111)\n    at sn (/Users/mbp/Github/node_modules/rdkit/dist/rdkit.js:24:227627)\n    at Array.rn (/Users/mbp/Github/node_modules/rdkit/dist/rdkit.js:24:206488)\n    at Object.Tka [as dynCall_viiiiii] (/Users/mbp/Github/node_modules/rdkit/dist/rdkit.js:45:25029)\n    at invoke_viiiiii (/Users/mbp/Github/node_modules/rdkit/dist/rdkit.js:16:1351459)\n    at WH (/Users/mbp/Github/node_modules/rdkit/dist/rdkit.js:28:161392)"
i=99504
"Assertion failed: !\"vector length_error\", at: /Users/mbp/Github/emsdk_portable1/emscripten/tag-1.34.6/system/include/libcxx/vector,303,__throw_length_error at Error\n    at jsStackTrace (/Users/mbp/Github/node_modules/rdkit/dist/rdkit.js:16:20723)\n    at stackTrace (/Users/mbp/Github/node_modules/rdkit/dist/rdkit.js:16:20906)\n    at ___assert_fail (/Users/mbp/Github/node_modules/rdkit/dist/rdkit.js:16:1317273)\n    at K0 (/Users/mbp/Github/node_modules/rdkit/dist/rdkit.js:34:185130)\n    at fs (/Users/mbp/Github/node_modules/rdkit/dist/rdkit.js:31:212111)\n    at sn (/Users/mbp/Github/node_modules/rdkit/dist/rdkit.js:24:227627)\n    at Array.rn (/Users/mbp/Github/node_modules/rdkit/dist/rdkit.js:24:206488)\n    at Object.Tka [as dynCall_viiiiii] (/Users/mbp/Github/node_modules/rdkit/dist/rdkit.js:45:25029)\n    at invoke_viiiiii (/Users/mbp/Github/node_modules/rdkit/dist/rdkit.js:16:1351459)\n    at WH (/Users/mbp/Github/node_modules/rdkit/dist/rdkit.js:28:161392)"
i=99504
"Assertion failed: !\"vector length_error\", at: /Users/mbp/Github/emsdk_portable1/emscripten/tag-1.34.6/system/include/libcxx/vector,303,__throw_length_error at Error\n    at jsStackTrace (/Users/mbp/Github/node_modules/rdkit/dist/rdkit.js:16:20723)\n    at stackTrace (/Users/mbp/Github/node_modules/rdkit/dist/rdkit.js:16:20906)\n    at ___assert_fail (/Users/mbp/Github/node_modules/rdkit/dist/rdkit.js:16:1317273)\n    at K0 (/Users/mbp/Github/node_modules/rdkit/dist/rdkit.js:34:185130)\n    at fs (/Users/mbp/Github/node_modules/rdkit/dist/rdkit.js:31:212111)\n    at sn (/Users/mbp/Github/node_modules/rdkit/dist/rdkit.js:24:227627)\n    at Array.rn (/Users/mbp/Github/node_modules/rdkit/dist/rdkit.js:24:206488)\n    at Object.Tka [as dynCall_viiiiii] (/Users/mbp/Github/node_modules/rdkit/dist/rdkit.js:45:25029)\n    at invoke_viiiiii (/Users/mbp/Github/node_modules/rdkit/dist/rdkit.js:16:1351459)\n    at WH (/Users/mbp/Github/node_modules/rdkit/dist/rdkit.js:28:161392)"
i=99504
"Assertion failed: !\"vector length_error\", at: /Users/mbp/Github/emsdk_portable1/emscripten/tag-1.34.6/system/include/libcxx/vector,303,__throw_length_error at Error\n    at jsStackTrace (/Users/mbp/Github/node_modules/rdkit/dist/rdkit.js:16:20723)\n    at stackTrace (/Users/mbp/Github/node_modules/rdkit/dist/rdkit.js:16:20906)\n    at ___assert_fail (/Users/mbp/Github/node_modules/rdkit/dist/rdkit.js:16:1317273)\n    at K0 (/Users/mbp/Github/node_modules/rdkit/dist/rdkit.js:34:185130)\n    at fs (/Users/mbp/Github/node_modules/rdkit/dist/rdkit.js:31:212111)\n    at sn (/Users/mbp/Github/node_modules/rdkit/dist/rdkit.js:24:227627)\n    at Array.rn (/Users/mbp/Github/node_modules/rdkit/dist/rdkit.js:24:206488)\n    at Object.Tka [as dynCall_viiiiii] (/Users/mbp/Github/node_modules/rdkit/dist/rdkit.js:45:25029)\n    at invoke_viiiiii (/Users/mbp/Github/node_modules/rdkit/dist/rdkit.js:16:1351459)\n    at WH (/Users/mbp/Github/node_modules/rdkit/dist/rdkit.js:28:161392)"
i=99504
"Assertion failed: !\"vector length_error\", at: /Users/mbp/Github/emsdk_portable1/emscripten/tag-1.34.6/system/include/libcxx/vector,303,__throw_length_error at Error\n    at jsStackTrace (/Users/mbp/Github/node_modules/rdkit/dist/rdkit.js:16:20723)\n    at stackTrace (/Users/mbp/Github/node_modules/rdkit/dist/rdkit.js:16:20906)\n    at ___assert_fail (/Users/mbp/Github/node_modules/rdkit/dist/rdkit.js:16:1317273)\n    at K0 (/Users/mbp/Github/node_modules/rdkit/dist/rdkit.js:34:185130)\n    at fs (/Users/mbp/Github/node_modules/rdkit/dist/rdkit.js:31:212111)\n    at sn (/Users/mbp/Github/node_modules/rdkit/dist/rdkit.js:24:227627)\n    at Array.rn (/Users/mbp/Github/node_modules/rdkit/dist/rdkit.js:24:206488)\n    at Object.Tka [as dynCall_viiiiii] (/Users/mbp/Github/node_modules/rdkit/dist/rdkit.js:45:25029)\n    at invoke_viiiiii (/Users/mbp/Github/node_modules/rdkit/dist/rdkit.js:16:1351459)\n    at WH (/Users/mbp/Github/node_modules/rdkit/dist/rdkit.js:28:161392)"
i=99504
"Assertion failed: !\"vector length_error\", at: /Users/mbp/Github/emsdk_portable1/emscripten/tag-1.34.6/system/include/libcxx/vector,303,__throw_length_error at Error\n    at jsStackTrace (/Users/mbp/Github/node_modules/rdkit/dist/rdkit.js:16:20723)\n    at stackTrace (/Users/mbp/Github/node_modules/rdkit/dist/rdkit.js:16:20906)\n    at ___assert_fail (/Users/mbp/Github/node_modules/rdkit/dist/rdkit.js:16:1317273)\n    at K0 (/Users/mbp/Github/node_modules/rdkit/dist/rdkit.js:34:185130)\n    at fs (/Users/mbp/Github/node_modules/rdkit/dist/rdkit.js:31:212111)\n    at sn (/Users/mbp/Github/node_modules/rdkit/dist/rdkit.js:24:227627)\n    at Array.rn (/Users/mbp/Github/node_modules/rdkit/dist/rdkit.js:24:206488)\n    at Object.Tka [as dynCall_viiiiii] (/Users/mbp/Github/node_modules/rdkit/dist/rdkit.js:45:25029)\n    at invoke_viiiiii (/Users/mbp/Github/node_modules/rdkit/dist/rdkit.js:16:1351459)\n    at WH (/Users/mbp/Github/node_modules/rdkit/dist/rdkit.js:28:161392)"
i=99504
"Assertion failed: !\"vector length_error\", at: /Users/mbp/Github/emsdk_portable1/emscripten/tag-1.34.6/system/include/libcxx/vector,303,__throw_length_error at Error\n    at jsStackTrace (/Users/mbp/Github/node_modules/rdkit/dist/rdkit.js:16:20723)\n    at stackTrace (/Users/mbp/Github/node_modules/rdkit/dist/rdkit.js:16:20906)\n    at ___assert_fail (/Users/mbp/Github/node_modules/rdkit/dist/rdkit.js:16:1317273)\n    at K0 (/Users/mbp/Github/node_modules/rdkit/dist/rdkit.js:34:185130)\n    at fs (/Users/mbp/Github/node_modules/rdkit/dist/rdkit.js:31:212111)\n    at sn (/Users/mbp/Github/node_modules/rdkit/dist/rdkit.js:24:227627)\n    at Array.rn (/Users/mbp/Github/node_modules/rdkit/dist/rdkit.js:24:206488)\n    at Object.Tka [as dynCall_viiiiii] (/Users/mbp/Github/node_modules/rdkit/dist/rdkit.js:45:25029)\n    at invoke_viiiiii (/Users/mbp/Github/node_modules/rdkit/dist/rdkit.js:16:1351459)\n    at WH (/Users/mbp/Github/node_modules/rdkit/dist/rdkit.js:28:161392)"
i=99509
"Assertion failed: !\"vector length_error\", at: /Users/mbp/Github/emsdk_portable1/emscripten/tag-1.34.6/system/include/libcxx/vector,303,__throw_length_error at Error\n    at jsStackTrace (/Users/mbp/Github/node_modules/rdkit/dist/rdkit.js:16:20723)\n    at stackTrace (/Users/mbp/Github/node_modules/rdkit/dist/rdkit.js:16:20906)\n    at ___assert_fail (/Users/mbp/Github/node_modules/rdkit/dist/rdkit.js:16:1317273)\n    at K0 (/Users/mbp/Github/node_modules/rdkit/dist/rdkit.js:34:185130)\n    at fs (/Users/mbp/Github/node_modules/rdkit/dist/rdkit.js:31:212111)\n    at sn (/Users/mbp/Github/node_modules/rdkit/dist/rdkit.js:24:227627)\n    at Array.rn (/Users/mbp/Github/node_modules/rdkit/dist/rdkit.js:24:206488)\n    at Object.Tka [as dynCall_viiiiii] (/Users/mbp/Github/node_modules/rdkit/dist/rdkit.js:45:25029)\n    at invoke_viiiiii (/Users/mbp/Github/node_modules/rdkit/dist/rdkit.js:16:1351459)\n    at WH (/Users/mbp/Github/node_modules/rdkit/dist/rdkit.js:28:161392)"
i=99509
"Assertion failed: !\"vector length_error\", at: /Users/mbp/Github/emsdk_portable1/emscripten/tag-1.34.6/system/include/libcxx/vector,303,__throw_length_error at Error\n    at jsStackTrace (/Users/mbp/Github/node_modules/rdkit/dist/rdkit.js:16:20723)\n    at stackTrace (/Users/mbp/Github/node_modules/rdkit/dist/rdkit.js:16:20906)\n    at ___assert_fail (/Users/mbp/Github/node_modules/rdkit/dist/rdkit.js:16:1317273)\n    at K0 (/Users/mbp/Github/node_modules/rdkit/dist/rdkit.js:34:185130)\n    at fs (/Users/mbp/Github/node_modules/rdkit/dist/rdkit.js:31:212111)\n    at sn (/Users/mbp/Github/node_modules/rdkit/dist/rdkit.js:24:227627)\n    at Array.rn (/Users/mbp/Github/node_modules/rdkit/dist/rdkit.js:24:206488)\n    at Object.Tka [as dynCall_viiiiii] (/Users/mbp/Github/node_modules/rdkit/dist/rdkit.js:45:25029)\n    at invoke_viiiiii (/Users/mbp/Github/node_modules/rdkit/dist/rdkit.js:16:1351459)\n    at WH (/Users/mbp/Github/node_modules/rdkit/dist/rdkit.js:28:161392)"
i=99510
"Assertion failed: !\"vector length_error\", at: /Users/mbp/Github/emsdk_portable1/emscripten/tag-1.34.6/system/include/libcxx/vector,303,__throw_length_error at Error\n    at jsStackTrace (/Users/mbp/Github/node_modules/rdkit/dist/rdkit.js:16:20723)\n    at stackTrace (/Users/mbp/Github/node_modules/rdkit/dist/rdkit.js:16:20906)\n    at ___assert_fail (/Users/mbp/Github/node_modules/rdkit/dist/rdkit.js:16:1317273)\n    at K0 (/Users/mbp/Github/node_modules/rdkit/dist/rdkit.js:34:185130)\n    at fs (/Users/mbp/Github/node_modules/rdkit/dist/rdkit.js:31:212111)\n    at sn (/Users/mbp/Github/node_modules/rdkit/dist/rdkit.js:24:227627)\n    at Array.rn (/Users/mbp/Github/node_modules/rdkit/dist/rdkit.js:24:206488)\n    at Object.Tka [as dynCall_viiiiii] (/Users/mbp/Github/node_modules/rdkit/dist/rdkit.js:45:25029)\n    at invoke_viiiiii (/Users/mbp/Github/node_modules/rdkit/dist/rdkit.js:16:1351459)\n    at WH (/Users/mbp/Github/node_modules/rdkit/dist/rdkit.js:28:161392)"
i=99510
"Assertion failed: !\"vector length_error\", at: /Users/mbp/Github/emsdk_portable1/emscripten/tag-1.34.6/system/include/libcxx/vector,303,__throw_length_error at Error\n    at jsStackTrace (/Users/mbp/Github/node_modules/rdkit/dist/rdkit.js:16:20723)\n    at stackTrace (/Users/mbp/Github/node_modules/rdkit/dist/rdkit.js:16:20906)\n    at ___assert_fail (/Users/mbp/Github/node_modules/rdkit/dist/rdkit.js:16:1317273)\n    at K0 (/Users/mbp/Github/node_modules/rdkit/dist/rdkit.js:34:185130)\n    at fs (/Users/mbp/Github/node_modules/rdkit/dist/rdkit.js:31:212111)\n    at sn (/Users/mbp/Github/node_modules/rdkit/dist/rdkit.js:24:227627)\n    at Array.rn (/Users/mbp/Github/node_modules/rdkit/dist/rdkit.js:24:206488)\n    at Object.Tka [as dynCall_viiiiii] (/Users/mbp/Github/node_modules/rdkit/dist/rdkit.js:45:25029)\n    at invoke_viiiiii (/Users/mbp/Github/node_modules/rdkit/dist/rdkit.js:16:1351459)\n    at WH (/Users/mbp/Github/node_modules/rdkit/dist/rdkit.js:28:161392)"
i=99510
"Assertion failed: !\"vector length_error\", at: /Users/mbp/Github/emsdk_portable1/emscripten/tag-1.34.6/system/include/libcxx/vector,303,__throw_length_error at Error\n    at jsStackTrace (/Users/mbp/Github/node_modules/rdkit/dist/rdkit.js:16:20723)\n    at stackTrace (/Users/mbp/Github/node_modules/rdkit/dist/rdkit.js:16:20906)\n    at ___assert_fail (/Users/mbp/Github/node_modules/rdkit/dist/rdkit.js:16:1317273)\n    at K0 (/Users/mbp/Github/node_modules/rdkit/dist/rdkit.js:34:185130)\n    at fs (/Users/mbp/Github/node_modules/rdkit/dist/rdkit.js:31:212111)\n    at sn (/Users/mbp/Github/node_modules/rdkit/dist/rdkit.js:24:227627)\n    at Array.rn (/Users/mbp/Github/node_modules/rdkit/dist/rdkit.js:24:206488)\n    at Object.Tka [as dynCall_viiiiii] (/Users/mbp/Github/node_modules/rdkit/dist/rdkit.js:45:25029)\n    at invoke_viiiiii (/Users/mbp/Github/node_modules/rdkit/dist/rdkit.js:16:1351459)\n    at WH (/Users/mbp/Github/node_modules/rdkit/dist/rdkit.js:28:161392)"
i=99510
"Assertion failed: !\"vector length_error\", at: /Users/mbp/Github/emsdk_portable1/emscripten/tag-1.34.6/system/include/libcxx/vector,303,__throw_length_error at Error\n    at jsStackTrace (/Users/mbp/Github/node_modules/rdkit/dist/rdkit.js:16:20723)\n    at stackTrace (/Users/mbp/Github/node_modules/rdkit/dist/rdkit.js:16:20906)\n    at ___assert_fail (/Users/mbp/Github/node_modules/rdkit/dist/rdkit.js:16:1317273)\n    at K0 (/Users/mbp/Github/node_modules/rdkit/dist/rdkit.js:34:185130)\n    at fs (/Users/mbp/Github/node_modules/rdkit/dist/rdkit.js:31:212111)\n    at sn (/Users/mbp/Github/node_modules/rdkit/dist/rdkit.js:24:227627)\n    at Array.rn (/Users/mbp/Github/node_modules/rdkit/dist/rdkit.js:24:206488)\n    at Object.Tka [as dynCall_viiiiii] (/Users/mbp/Github/node_modules/rdkit/dist/rdkit.js:45:25029)\n    at invoke_viiiiii (/Users/mbp/Github/node_modules/rdkit/dist/rdkit.js:16:1351459)\n    at WH (/Users/mbp/Github/node_modules/rdkit/dist/rdkit.js:28:161392)"
i=99511
"Assertion failed: !\"vector length_error\", at: /Users/mbp/Github/emsdk_portable1/emscripten/tag-1.34.6/system/include/libcxx/vector,303,__throw_length_error at Error\n    at jsStackTrace (/Users/mbp/Github/node_modules/rdkit/dist/rdkit.js:16:20723)\n    at stackTrace (/Users/mbp/Github/node_modules/rdkit/dist/rdkit.js:16:20906)\n    at ___assert_fail (/Users/mbp/Github/node_modules/rdkit/dist/rdkit.js:16:1317273)\n    at K0 (/Users/mbp/Github/node_modules/rdkit/dist/rdkit.js:34:185130)\n    at fs (/Users/mbp/Github/node_modules/rdkit/dist/rdkit.js:31:212111)\n    at sn (/Users/mbp/Github/node_modules/rdkit/dist/rdkit.js:24:227627)\n    at Array.rn (/Users/mbp/Github/node_modules/rdkit/dist/rdkit.js:24:206488)\n    at Object.Tka [as dynCall_viiiiii] (/Users/mbp/Github/node_modules/rdkit/dist/rdkit.js:45:25029)\n    at invoke_viiiiii (/Users/mbp/Github/node_modules/rdkit/dist/rdkit.js:16:1351459)\n    at WH (/Users/mbp/Github/node_modules/rdkit/dist/rdkit.js:28:161392)"
i=99516
"Assertion failed: !\"vector length_error\", at: /Users/mbp/Github/emsdk_portable1/emscripten/tag-1.34.6/system/include/libcxx/vector,303,__throw_length_error at Error\n    at jsStackTrace (/Users/mbp/Github/node_modules/rdkit/dist/rdkit.js:16:20723)\n    at stackTrace (/Users/mbp/Github/node_modules/rdkit/dist/rdkit.js:16:20906)\n    at ___assert_fail (/Users/mbp/Github/node_modules/rdkit/dist/rdkit.js:16:1317273)\n    at K0 (/Users/mbp/Github/node_modules/rdkit/dist/rdkit.js:34:185130)\n    at fs (/Users/mbp/Github/node_modules/rdkit/dist/rdkit.js:31:212111)\n    at sn (/Users/mbp/Github/node_modules/rdkit/dist/rdkit.js:24:227627)\n    at Array.rn (/Users/mbp/Github/node_modules/rdkit/dist/rdkit.js:24:206488)\n    at Object.Tka [as dynCall_viiiiii] (/Users/mbp/Github/node_modules/rdkit/dist/rdkit.js:45:25029)\n    at invoke_viiiiii (/Users/mbp/Github/node_modules/rdkit/dist/rdkit.js:16:1351459)\n    at WH (/Users/mbp/Github/node_modules/rdkit/dist/rdkit.js:28:161392)"
i=99516
"Assertion failed: !\"vector length_error\", at: /Users/mbp/Github/emsdk_portable1/emscripten/tag-1.34.6/system/include/libcxx/vector,303,__throw_length_error at Error\n    at jsStackTrace (/Users/mbp/Github/node_modules/rdkit/dist/rdkit.js:16:20723)\n    at stackTrace (/Users/mbp/Github/node_modules/rdkit/dist/rdkit.js:16:20906)\n    at ___assert_fail (/Users/mbp/Github/node_modules/rdkit/dist/rdkit.js:16:1317273)\n    at K0 (/Users/mbp/Github/node_modules/rdkit/dist/rdkit.js:34:185130)\n    at fs (/Users/mbp/Github/node_modules/rdkit/dist/rdkit.js:31:212111)\n    at sn (/Users/mbp/Github/node_modules/rdkit/dist/rdkit.js:24:227627)\n    at Array.rn (/Users/mbp/Github/node_modules/rdkit/dist/rdkit.js:24:206488)\n    at Object.Tka [as dynCall_viiiiii] (/Users/mbp/Github/node_modules/rdkit/dist/rdkit.js:45:25029)\n    at invoke_viiiiii (/Users/mbp/Github/node_modules/rdkit/dist/rdkit.js:16:1351459)\n    at WH (/Users/mbp/Github/node_modules/rdkit/dist/rdkit.js:28:161392)"
i=99516
"Assertion failed: !\"vector length_error\", at: /Users/mbp/Github/emsdk_portable1/emscripten/tag-1.34.6/system/include/libcxx/vector,303,__throw_length_error at Error\n    at jsStackTrace (/Users/mbp/Github/node_modules/rdkit/dist/rdkit.js:16:20723)\n    at stackTrace (/Users/mbp/Github/node_modules/rdkit/dist/rdkit.js:16:20906)\n    at ___assert_fail (/Users/mbp/Github/node_modules/rdkit/dist/rdkit.js:16:1317273)\n    at K0 (/Users/mbp/Github/node_modules/rdkit/dist/rdkit.js:34:185130)\n    at fs (/Users/mbp/Github/node_modules/rdkit/dist/rdkit.js:31:212111)\n    at sn (/Users/mbp/Github/node_modules/rdkit/dist/rdkit.js:24:227627)\n    at Array.rn (/Users/mbp/Github/node_modules/rdkit/dist/rdkit.js:24:206488)\n    at Object.Tka [as dynCall_viiiiii] (/Users/mbp/Github/node_modules/rdkit/dist/rdkit.js:45:25029)\n    at invoke_viiiiii (/Users/mbp/Github/node_modules/rdkit/dist/rdkit.js:16:1351459)\n    at WH (/Users/mbp/Github/node_modules/rdkit/dist/rdkit.js:28:161392)"
i=99516
"Assertion failed: !\"vector length_error\", at: /Users/mbp/Github/emsdk_portable1/emscripten/tag-1.34.6/system/include/libcxx/vector,303,__throw_length_error at Error\n    at jsStackTrace (/Users/mbp/Github/node_modules/rdkit/dist/rdkit.js:16:20723)\n    at stackTrace (/Users/mbp/Github/node_modules/rdkit/dist/rdkit.js:16:20906)\n    at ___assert_fail (/Users/mbp/Github/node_modules/rdkit/dist/rdkit.js:16:1317273)\n    at K0 (/Users/mbp/Github/node_modules/rdkit/dist/rdkit.js:34:185130)\n    at fs (/Users/mbp/Github/node_modules/rdkit/dist/rdkit.js:31:212111)\n    at sn (/Users/mbp/Github/node_modules/rdkit/dist/rdkit.js:24:227627)\n    at Array.rn (/Users/mbp/Github/node_modules/rdkit/dist/rdkit.js:24:206488)\n    at Object.Tka [as dynCall_viiiiii] (/Users/mbp/Github/node_modules/rdkit/dist/rdkit.js:45:25029)\n    at invoke_viiiiii (/Users/mbp/Github/node_modules/rdkit/dist/rdkit.js:16:1351459)\n    at WH (/Users/mbp/Github/node_modules/rdkit/dist/rdkit.js:28:161392)"
i=99516
"Assertion failed: !\"vector length_error\", at: /Users/mbp/Github/emsdk_portable1/emscripten/tag-1.34.6/system/include/libcxx/vector,303,__throw_length_error at Error\n    at jsStackTrace (/Users/mbp/Github/node_modules/rdkit/dist/rdkit.js:16:20723)\n    at stackTrace (/Users/mbp/Github/node_modules/rdkit/dist/rdkit.js:16:20906)\n    at ___assert_fail (/Users/mbp/Github/node_modules/rdkit/dist/rdkit.js:16:1317273)\n    at K0 (/Users/mbp/Github/node_modules/rdkit/dist/rdkit.js:34:185130)\n    at fs (/Users/mbp/Github/node_modules/rdkit/dist/rdkit.js:31:212111)\n    at sn (/Users/mbp/Github/node_modules/rdkit/dist/rdkit.js:24:227627)\n    at Array.rn (/Users/mbp/Github/node_modules/rdkit/dist/rdkit.js:24:206488)\n    at Object.Tka [as dynCall_viiiiii] (/Users/mbp/Github/node_modules/rdkit/dist/rdkit.js:45:25029)\n    at invoke_viiiiii (/Users/mbp/Github/node_modules/rdkit/dist/rdkit.js:16:1351459)\n    at WH (/Users/mbp/Github/node_modules/rdkit/dist/rdkit.js:28:161392)"
i=99516
"Assertion failed: !\"vector length_error\", at: /Users/mbp/Github/emsdk_portable1/emscripten/tag-1.34.6/system/include/libcxx/vector,303,__throw_length_error at Error\n    at jsStackTrace (/Users/mbp/Github/node_modules/rdkit/dist/rdkit.js:16:20723)\n    at stackTrace (/Users/mbp/Github/node_modules/rdkit/dist/rdkit.js:16:20906)\n    at ___assert_fail (/Users/mbp/Github/node_modules/rdkit/dist/rdkit.js:16:1317273)\n    at K0 (/Users/mbp/Github/node_modules/rdkit/dist/rdkit.js:34:185130)\n    at fs (/Users/mbp/Github/node_modules/rdkit/dist/rdkit.js:31:212111)\n    at sn (/Users/mbp/Github/node_modules/rdkit/dist/rdkit.js:24:227627)\n    at Array.rn (/Users/mbp/Github/node_modules/rdkit/dist/rdkit.js:24:206488)\n    at Object.Tka [as dynCall_viiiiii] (/Users/mbp/Github/node_modules/rdkit/dist/rdkit.js:45:25029)\n    at invoke_viiiiii (/Users/mbp/Github/node_modules/rdkit/dist/rdkit.js:16:1351459)\n    at WH (/Users/mbp/Github/node_modules/rdkit/dist/rdkit.js:28:161392)"
i=99516
"Assertion failed: !\"vector length_error\", at: /Users/mbp/Github/emsdk_portable1/emscripten/tag-1.34.6/system/include/libcxx/vector,303,__throw_length_error at Error\n    at jsStackTrace (/Users/mbp/Github/node_modules/rdkit/dist/rdkit.js:16:20723)\n    at stackTrace (/Users/mbp/Github/node_modules/rdkit/dist/rdkit.js:16:20906)\n    at ___assert_fail (/Users/mbp/Github/node_modules/rdkit/dist/rdkit.js:16:1317273)\n    at K0 (/Users/mbp/Github/node_modules/rdkit/dist/rdkit.js:34:185130)\n    at fs (/Users/mbp/Github/node_modules/rdkit/dist/rdkit.js:31:212111)\n    at sn (/Users/mbp/Github/node_modules/rdkit/dist/rdkit.js:24:227627)\n    at Array.rn (/Users/mbp/Github/node_modules/rdkit/dist/rdkit.js:24:206488)\n    at Object.Tka [as dynCall_viiiiii] (/Users/mbp/Github/node_modules/rdkit/dist/rdkit.js:45:25029)\n    at invoke_viiiiii (/Users/mbp/Github/node_modules/rdkit/dist/rdkit.js:16:1351459)\n    at WH (/Users/mbp/Github/node_modules/rdkit/dist/rdkit.js:28:161392)"
i=99516
"Assertion failed: !\"vector length_error\", at: /Users/mbp/Github/emsdk_portable1/emscripten/tag-1.34.6/system/include/libcxx/vector,303,__throw_length_error at Error\n    at jsStackTrace (/Users/mbp/Github/node_modules/rdkit/dist/rdkit.js:16:20723)\n    at stackTrace (/Users/mbp/Github/node_modules/rdkit/dist/rdkit.js:16:20906)\n    at ___assert_fail (/Users/mbp/Github/node_modules/rdkit/dist/rdkit.js:16:1317273)\n    at K0 (/Users/mbp/Github/node_modules/rdkit/dist/rdkit.js:34:185130)\n    at fs (/Users/mbp/Github/node_modules/rdkit/dist/rdkit.js:31:212111)\n    at sn (/Users/mbp/Github/node_modules/rdkit/dist/rdkit.js:24:227627)\n    at Array.rn (/Users/mbp/Github/node_modules/rdkit/dist/rdkit.js:24:206488)\n    at Object.Tka [as dynCall_viiiiii] (/Users/mbp/Github/node_modules/rdkit/dist/rdkit.js:45:25029)\n    at invoke_viiiiii (/Users/mbp/Github/node_modules/rdkit/dist/rdkit.js:16:1351459)\n    at WH (/Users/mbp/Github/node_modules/rdkit/dist/rdkit.js:28:161392)"
i=99516
"Assertion failed: !\"vector length_error\", at: /Users/mbp/Github/emsdk_portable1/emscripten/tag-1.34.6/system/include/libcxx/vector,303,__throw_length_error at Error\n    at jsStackTrace (/Users/mbp/Github/node_modules/rdkit/dist/rdkit.js:16:20723)\n    at stackTrace (/Users/mbp/Github/node_modules/rdkit/dist/rdkit.js:16:20906)\n    at ___assert_fail (/Users/mbp/Github/node_modules/rdkit/dist/rdkit.js:16:1317273)\n    at K0 (/Users/mbp/Github/node_modules/rdkit/dist/rdkit.js:34:185130)\n    at fs (/Users/mbp/Github/node_modules/rdkit/dist/rdkit.js:31:212111)\n    at sn (/Users/mbp/Github/node_modules/rdkit/dist/rdkit.js:24:227627)\n    at Array.rn (/Users/mbp/Github/node_modules/rdkit/dist/rdkit.js:24:206488)\n    at Object.Tka [as dynCall_viiiiii] (/Users/mbp/Github/node_modules/rdkit/dist/rdkit.js:45:25029)\n    at invoke_viiiiii (/Users/mbp/Github/node_modules/rdkit/dist/rdkit.js:16:1351459)\n    at WH (/Users/mbp/Github/node_modules/rdkit/dist/rdkit.js:28:161392)"
i=99516
"Assertion failed: !\"vector length_error\", at: /Users/mbp/Github/emsdk_portable1/emscripten/tag-1.34.6/system/include/libcxx/vector,303,__throw_length_error at Error\n    at jsStackTrace (/Users/mbp/Github/node_modules/rdkit/dist/rdkit.js:16:20723)\n    at stackTrace (/Users/mbp/Github/node_modules/rdkit/dist/rdkit.js:16:20906)\n    at ___assert_fail (/Users/mbp/Github/node_modules/rdkit/dist/rdkit.js:16:1317273)\n    at K0 (/Users/mbp/Github/node_modules/rdkit/dist/rdkit.js:34:185130)\n    at fs (/Users/mbp/Github/node_modules/rdkit/dist/rdkit.js:31:212111)\n    at sn (/Users/mbp/Github/node_modules/rdkit/dist/rdkit.js:24:227627)\n    at Array.rn (/Users/mbp/Github/node_modules/rdkit/dist/rdkit.js:24:206488)\n    at Object.Tka [as dynCall_viiiiii] (/Users/mbp/Github/node_modules/rdkit/dist/rdkit.js:45:25029)\n    at invoke_viiiiii (/Users/mbp/Github/node_modules/rdkit/dist/rdkit.js:16:1351459)\n    at WH (/Users/mbp/Github/node_modules/rdkit/dist/rdkit.js:28:161392)"
i=99516
"Assertion failed: !\"vector length_error\", at: /Users/mbp/Github/emsdk_portable1/emscripten/tag-1.34.6/system/include/libcxx/vector,303,__throw_length_error at Error\n    at jsStackTrace (/Users/mbp/Github/node_modules/rdkit/dist/rdkit.js:16:20723)\n    at stackTrace (/Users/mbp/Github/node_modules/rdkit/dist/rdkit.js:16:20906)\n    at ___assert_fail (/Users/mbp/Github/node_modules/rdkit/dist/rdkit.js:16:1317273)\n    at K0 (/Users/mbp/Github/node_modules/rdkit/dist/rdkit.js:34:185130)\n    at fs (/Users/mbp/Github/node_modules/rdkit/dist/rdkit.js:31:212111)\n    at sn (/Users/mbp/Github/node_modules/rdkit/dist/rdkit.js:24:227627)\n    at Array.rn (/Users/mbp/Github/node_modules/rdkit/dist/rdkit.js:24:206488)\n    at Object.Tka [as dynCall_viiiiii] (/Users/mbp/Github/node_modules/rdkit/dist/rdkit.js:45:25029)\n    at invoke_viiiiii (/Users/mbp/Github/node_modules/rdkit/dist/rdkit.js:16:1351459)\n    at WH (/Users/mbp/Github/node_modules/rdkit/dist/rdkit.js:28:161392)"
i=99516
"Assertion failed: !\"vector length_error\", at: /Users/mbp/Github/emsdk_portable1/emscripten/tag-1.34.6/system/include/libcxx/vector,303,__throw_length_error at Error\n    at jsStackTrace (/Users/mbp/Github/node_modules/rdkit/dist/rdkit.js:16:20723)\n    at stackTrace (/Users/mbp/Github/node_modules/rdkit/dist/rdkit.js:16:20906)\n    at ___assert_fail (/Users/mbp/Github/node_modules/rdkit/dist/rdkit.js:16:1317273)\n    at K0 (/Users/mbp/Github/node_modules/rdkit/dist/rdkit.js:34:185130)\n    at fs (/Users/mbp/Github/node_modules/rdkit/dist/rdkit.js:31:212111)\n    at sn (/Users/mbp/Github/node_modules/rdkit/dist/rdkit.js:24:227627)\n    at Array.rn (/Users/mbp/Github/node_modules/rdkit/dist/rdkit.js:24:206488)\n    at Object.Tka [as dynCall_viiiiii] (/Users/mbp/Github/node_modules/rdkit/dist/rdkit.js:45:25029)\n    at invoke_viiiiii (/Users/mbp/Github/node_modules/rdkit/dist/rdkit.js:16:1351459)\n    at WH (/Users/mbp/Github/node_modules/rdkit/dist/rdkit.js:28:161392)"
i=99516
"Assertion failed: !\"vector length_error\", at: /Users/mbp/Github/emsdk_portable1/emscripten/tag-1.34.6/system/include/libcxx/vector,303,__throw_length_error at Error\n    at jsStackTrace (/Users/mbp/Github/node_modules/rdkit/dist/rdkit.js:16:20723)\n    at stackTrace (/Users/mbp/Github/node_modules/rdkit/dist/rdkit.js:16:20906)\n    at ___assert_fail (/Users/mbp/Github/node_modules/rdkit/dist/rdkit.js:16:1317273)\n    at K0 (/Users/mbp/Github/node_modules/rdkit/dist/rdkit.js:34:185130)\n    at fs (/Users/mbp/Github/node_modules/rdkit/dist/rdkit.js:31:212111)\n    at sn (/Users/mbp/Github/node_modules/rdkit/dist/rdkit.js:24:227627)\n    at Array.rn (/Users/mbp/Github/node_modules/rdkit/dist/rdkit.js:24:206488)\n    at Object.Tka [as dynCall_viiiiii] (/Users/mbp/Github/node_modules/rdkit/dist/rdkit.js:45:25029)\n    at invoke_viiiiii (/Users/mbp/Github/node_modules/rdkit/dist/rdkit.js:16:1351459)\n    at WH (/Users/mbp/Github/node_modules/rdkit/dist/rdkit.js:28:161392)"
i=99516
"Assertion failed: !\"vector length_error\", at: /Users/mbp/Github/emsdk_portable1/emscripten/tag-1.34.6/system/include/libcxx/vector,303,__throw_length_error at Error\n    at jsStackTrace (/Users/mbp/Github/node_modules/rdkit/dist/rdkit.js:16:20723)\n    at stackTrace (/Users/mbp/Github/node_modules/rdkit/dist/rdkit.js:16:20906)\n    at ___assert_fail (/Users/mbp/Github/node_modules/rdkit/dist/rdkit.js:16:1317273)\n    at K0 (/Users/mbp/Github/node_modules/rdkit/dist/rdkit.js:34:185130)\n    at fs (/Users/mbp/Github/node_modules/rdkit/dist/rdkit.js:31:212111)\n    at sn (/Users/mbp/Github/node_modules/rdkit/dist/rdkit.js:24:227627)\n    at Array.rn (/Users/mbp/Github/node_modules/rdkit/dist/rdkit.js:24:206488)\n    at Object.Tka [as dynCall_viiiiii] (/Users/mbp/Github/node_modules/rdkit/dist/rdkit.js:45:25029)\n    at invoke_viiiiii (/Users/mbp/Github/node_modules/rdkit/dist/rdkit.js:16:1351459)\n    at WH (/Users/mbp/Github/node_modules/rdkit/dist/rdkit.js:28:161392)"
i=99516
"Assertion failed: !\"vector length_error\", at: /Users/mbp/Github/emsdk_portable1/emscripten/tag-1.34.6/system/include/libcxx/vector,303,__throw_length_error at Error\n    at jsStackTrace (/Users/mbp/Github/node_modules/rdkit/dist/rdkit.js:16:20723)\n    at stackTrace (/Users/mbp/Github/node_modules/rdkit/dist/rdkit.js:16:20906)\n    at ___assert_fail (/Users/mbp/Github/node_modules/rdkit/dist/rdkit.js:16:1317273)\n    at K0 (/Users/mbp/Github/node_modules/rdkit/dist/rdkit.js:34:185130)\n    at fs (/Users/mbp/Github/node_modules/rdkit/dist/rdkit.js:31:212111)\n    at sn (/Users/mbp/Github/node_modules/rdkit/dist/rdkit.js:24:227627)\n    at Array.rn (/Users/mbp/Github/node_modules/rdkit/dist/rdkit.js:24:206488)\n    at Object.Tka [as dynCall_viiiiii] (/Users/mbp/Github/node_modules/rdkit/dist/rdkit.js:45:25029)\n    at invoke_viiiiii (/Users/mbp/Github/node_modules/rdkit/dist/rdkit.js:16:1351459)\n    at WH (/Users/mbp/Github/node_modules/rdkit/dist/rdkit.js:28:161392)"
i=99516
"Assertion failed: !\"vector length_error\", at: /Users/mbp/Github/emsdk_portable1/emscripten/tag-1.34.6/system/include/libcxx/vector,303,__throw_length_error at Error\n    at jsStackTrace (/Users/mbp/Github/node_modules/rdkit/dist/rdkit.js:16:20723)\n    at stackTrace (/Users/mbp/Github/node_modules/rdkit/dist/rdkit.js:16:20906)\n    at ___assert_fail (/Users/mbp/Github/node_modules/rdkit/dist/rdkit.js:16:1317273)\n    at K0 (/Users/mbp/Github/node_modules/rdkit/dist/rdkit.js:34:185130)\n    at fs (/Users/mbp/Github/node_modules/rdkit/dist/rdkit.js:31:212111)\n    at sn (/Users/mbp/Github/node_modules/rdkit/dist/rdkit.js:24:227627)\n    at Array.rn (/Users/mbp/Github/node_modules/rdkit/dist/rdkit.js:24:206488)\n    at Object.Tka [as dynCall_viiiiii] (/Users/mbp/Github/node_modules/rdkit/dist/rdkit.js:45:25029)\n    at invoke_viiiiii (/Users/mbp/Github/node_modules/rdkit/dist/rdkit.js:16:1351459)\n    at WH (/Users/mbp/Github/node_modules/rdkit/dist/rdkit.js:28:161392)"
i=99516
"Assertion failed: !\"vector length_error\", at: /Users/mbp/Github/emsdk_portable1/emscripten/tag-1.34.6/system/include/libcxx/vector,303,__throw_length_error at Error\n    at jsStackTrace (/Users/mbp/Github/node_modules/rdkit/dist/rdkit.js:16:20723)\n    at stackTrace (/Users/mbp/Github/node_modules/rdkit/dist/rdkit.js:16:20906)\n    at ___assert_fail (/Users/mbp/Github/node_modules/rdkit/dist/rdkit.js:16:1317273)\n    at K0 (/Users/mbp/Github/node_modules/rdkit/dist/rdkit.js:34:185130)\n    at fs (/Users/mbp/Github/node_modules/rdkit/dist/rdkit.js:31:212111)\n    at sn (/Users/mbp/Github/node_modules/rdkit/dist/rdkit.js:24:227627)\n    at Array.rn (/Users/mbp/Github/node_modules/rdkit/dist/rdkit.js:24:206488)\n    at Object.Tka [as dynCall_viiiiii] (/Users/mbp/Github/node_modules/rdkit/dist/rdkit.js:45:25029)\n    at invoke_viiiiii (/Users/mbp/Github/node_modules/rdkit/dist/rdkit.js:16:1351459)\n    at WH (/Users/mbp/Github/node_modules/rdkit/dist/rdkit.js:28:161392)"
i=99516
"Assertion failed: !\"vector length_error\", at: /Users/mbp/Github/emsdk_portable1/emscripten/tag-1.34.6/system/include/libcxx/vector,303,__throw_length_error at Error\n    at jsStackTrace (/Users/mbp/Github/node_modules/rdkit/dist/rdkit.js:16:20723)\n    at stackTrace (/Users/mbp/Github/node_modules/rdkit/dist/rdkit.js:16:20906)\n    at ___assert_fail (/Users/mbp/Github/node_modules/rdkit/dist/rdkit.js:16:1317273)\n    at K0 (/Users/mbp/Github/node_modules/rdkit/dist/rdkit.js:34:185130)\n    at fs (/Users/mbp/Github/node_modules/rdkit/dist/rdkit.js:31:212111)\n    at sn (/Users/mbp/Github/node_modules/rdkit/dist/rdkit.js:24:227627)\n    at Array.rn (/Users/mbp/Github/node_modules/rdkit/dist/rdkit.js:24:206488)\n    at Object.Tka [as dynCall_viiiiii] (/Users/mbp/Github/node_modules/rdkit/dist/rdkit.js:45:25029)\n    at invoke_viiiiii (/Users/mbp/Github/node_modules/rdkit/dist/rdkit.js:16:1351459)\n    at WH (/Users/mbp/Github/node_modules/rdkit/dist/rdkit.js:28:161392)"
i=99516
"Assertion failed: !\"vector length_error\", at: /Users/mbp/Github/emsdk_portable1/emscripten/tag-1.34.6/system/include/libcxx/vector,303,__throw_length_error at Error\n    at jsStackTrace (/Users/mbp/Github/node_modules/rdkit/dist/rdkit.js:16:20723)\n    at stackTrace (/Users/mbp/Github/node_modules/rdkit/dist/rdkit.js:16:20906)\n    at ___assert_fail (/Users/mbp/Github/node_modules/rdkit/dist/rdkit.js:16:1317273)\n    at K0 (/Users/mbp/Github/node_modules/rdkit/dist/rdkit.js:34:185130)\n    at fs (/Users/mbp/Github/node_modules/rdkit/dist/rdkit.js:31:212111)\n    at sn (/Users/mbp/Github/node_modules/rdkit/dist/rdkit.js:24:227627)\n    at Array.rn (/Users/mbp/Github/node_modules/rdkit/dist/rdkit.js:24:206488)\n    at Object.Tka [as dynCall_viiiiii] (/Users/mbp/Github/node_modules/rdkit/dist/rdkit.js:45:25029)\n    at invoke_viiiiii (/Users/mbp/Github/node_modules/rdkit/dist/rdkit.js:16:1351459)\n    at WH (/Users/mbp/Github/node_modules/rdkit/dist/rdkit.js:28:161392)"
i=99516
"Assertion failed: !\"vector length_error\", at: /Users/mbp/Github/emsdk_portable1/emscripten/tag-1.34.6/system/include/libcxx/vector,303,__throw_length_error at Error\n    at jsStackTrace (/Users/mbp/Github/node_modules/rdkit/dist/rdkit.js:16:20723)\n    at stackTrace (/Users/mbp/Github/node_modules/rdkit/dist/rdkit.js:16:20906)\n    at ___assert_fail (/Users/mbp/Github/node_modules/rdkit/dist/rdkit.js:16:1317273)\n    at K0 (/Users/mbp/Github/node_modules/rdkit/dist/rdkit.js:34:185130)\n    at fs (/Users/mbp/Github/node_modules/rdkit/dist/rdkit.js:31:212111)\n    at sn (/Users/mbp/Github/node_modules/rdkit/dist/rdkit.js:24:227627)\n    at Array.rn (/Users/mbp/Github/node_modules/rdkit/dist/rdkit.js:24:206488)\n    at Object.Tka [as dynCall_viiiiii] (/Users/mbp/Github/node_modules/rdkit/dist/rdkit.js:45:25029)\n    at invoke_viiiiii (/Users/mbp/Github/node_modules/rdkit/dist/rdkit.js:16:1351459)\n    at WH (/Users/mbp/Github/node_modules/rdkit/dist/rdkit.js:28:161392)"
i=99516
"Assertion failed: !\"vector length_error\", at: /Users/mbp/Github/emsdk_portable1/emscripten/tag-1.34.6/system/include/libcxx/vector,303,__throw_length_error at Error\n    at jsStackTrace (/Users/mbp/Github/node_modules/rdkit/dist/rdkit.js:16:20723)\n    at stackTrace (/Users/mbp/Github/node_modules/rdkit/dist/rdkit.js:16:20906)\n    at ___assert_fail (/Users/mbp/Github/node_modules/rdkit/dist/rdkit.js:16:1317273)\n    at K0 (/Users/mbp/Github/node_modules/rdkit/dist/rdkit.js:34:185130)\n    at fs (/Users/mbp/Github/node_modules/rdkit/dist/rdkit.js:31:212111)\n    at sn (/Users/mbp/Github/node_modules/rdkit/dist/rdkit.js:24:227627)\n    at Array.rn (/Users/mbp/Github/node_modules/rdkit/dist/rdkit.js:24:206488)\n    at Object.Tka [as dynCall_viiiiii] (/Users/mbp/Github/node_modules/rdkit/dist/rdkit.js:45:25029)\n    at invoke_viiiiii (/Users/mbp/Github/node_modules/rdkit/dist/rdkit.js:16:1351459)\n    at WH (/Users/mbp/Github/node_modules/rdkit/dist/rdkit.js:28:161392)"
i=99516
"Assertion failed: !\"vector length_error\", at: /Users/mbp/Github/emsdk_portable1/emscripten/tag-1.34.6/system/include/libcxx/vector,303,__throw_length_error at Error\n    at jsStackTrace (/Users/mbp/Github/node_modules/rdkit/dist/rdkit.js:16:20723)\n    at stackTrace (/Users/mbp/Github/node_modules/rdkit/dist/rdkit.js:16:20906)\n    at ___assert_fail (/Users/mbp/Github/node_modules/rdkit/dist/rdkit.js:16:1317273)\n    at K0 (/Users/mbp/Github/node_modules/rdkit/dist/rdkit.js:34:185130)\n    at fs (/Users/mbp/Github/node_modules/rdkit/dist/rdkit.js:31:212111)\n    at sn (/Users/mbp/Github/node_modules/rdkit/dist/rdkit.js:24:227627)\n    at Array.rn (/Users/mbp/Github/node_modules/rdkit/dist/rdkit.js:24:206488)\n    at Object.Tka [as dynCall_viiiiii] (/Users/mbp/Github/node_modules/rdkit/dist/rdkit.js:45:25029)\n    at invoke_viiiiii (/Users/mbp/Github/node_modules/rdkit/dist/rdkit.js:16:1351459)\n    at WH (/Users/mbp/Github/node_modules/rdkit/dist/rdkit.js:28:161392)"
i=99516
"Assertion failed: !\"vector length_error\", at: /Users/mbp/Github/emsdk_portable1/emscripten/tag-1.34.6/system/include/libcxx/vector,303,__throw_length_error at Error\n    at jsStackTrace (/Users/mbp/Github/node_modules/rdkit/dist/rdkit.js:16:20723)\n    at stackTrace (/Users/mbp/Github/node_modules/rdkit/dist/rdkit.js:16:20906)\n    at ___assert_fail (/Users/mbp/Github/node_modules/rdkit/dist/rdkit.js:16:1317273)\n    at K0 (/Users/mbp/Github/node_modules/rdkit/dist/rdkit.js:34:185130)\n    at fs (/Users/mbp/Github/node_modules/rdkit/dist/rdkit.js:31:212111)\n    at sn (/Users/mbp/Github/node_modules/rdkit/dist/rdkit.js:24:227627)\n    at Array.rn (/Users/mbp/Github/node_modules/rdkit/dist/rdkit.js:24:206488)\n    at Object.Tka [as dynCall_viiiiii] (/Users/mbp/Github/node_modules/rdkit/dist/rdkit.js:45:25029)\n    at invoke_viiiiii (/Users/mbp/Github/node_modules/rdkit/dist/rdkit.js:16:1351459)\n    at WH (/Users/mbp/Github/node_modules/rdkit/dist/rdkit.js:28:161392)"
i=99524
"Assertion failed: !\"vector length_error\", at: /Users/mbp/Github/emsdk_portable1/emscripten/tag-1.34.6/system/include/libcxx/vector,303,__throw_length_error at Error\n    at jsStackTrace (/Users/mbp/Github/node_modules/rdkit/dist/rdkit.js:16:20723)\n    at stackTrace (/Users/mbp/Github/node_modules/rdkit/dist/rdkit.js:16:20906)\n    at ___assert_fail (/Users/mbp/Github/node_modules/rdkit/dist/rdkit.js:16:1317273)\n    at K0 (/Users/mbp/Github/node_modules/rdkit/dist/rdkit.js:34:185130)\n    at fs (/Users/mbp/Github/node_modules/rdkit/dist/rdkit.js:31:212111)\n    at sn (/Users/mbp/Github/node_modules/rdkit/dist/rdkit.js:24:227627)\n    at Array.rn (/Users/mbp/Github/node_modules/rdkit/dist/rdkit.js:24:206488)\n    at Object.Tka [as dynCall_viiiiii] (/Users/mbp/Github/node_modules/rdkit/dist/rdkit.js:45:25029)\n    at invoke_viiiiii (/Users/mbp/Github/node_modules/rdkit/dist/rdkit.js:16:1351459)\n    at WH (/Users/mbp/Github/node_modules/rdkit/dist/rdkit.js:28:161392)"
i=99524
"Assertion failed: !\"vector length_error\", at: /Users/mbp/Github/emsdk_portable1/emscripten/tag-1.34.6/system/include/libcxx/vector,303,__throw_length_error at Error\n    at jsStackTrace (/Users/mbp/Github/node_modules/rdkit/dist/rdkit.js:16:20723)\n    at stackTrace (/Users/mbp/Github/node_modules/rdkit/dist/rdkit.js:16:20906)\n    at ___assert_fail (/Users/mbp/Github/node_modules/rdkit/dist/rdkit.js:16:1317273)\n    at K0 (/Users/mbp/Github/node_modules/rdkit/dist/rdkit.js:34:185130)\n    at fs (/Users/mbp/Github/node_modules/rdkit/dist/rdkit.js:31:212111)\n    at sn (/Users/mbp/Github/node_modules/rdkit/dist/rdkit.js:24:227627)\n    at Array.rn (/Users/mbp/Github/node_modules/rdkit/dist/rdkit.js:24:206488)\n    at Object.Tka [as dynCall_viiiiii] (/Users/mbp/Github/node_modules/rdkit/dist/rdkit.js:45:25029)\n    at invoke_viiiiii (/Users/mbp/Github/node_modules/rdkit/dist/rdkit.js:16:1351459)\n    at WH (/Users/mbp/Github/node_modules/rdkit/dist/rdkit.js:28:161392)"
i=99524
"Assertion failed: !\"vector length_error\", at: /Users/mbp/Github/emsdk_portable1/emscripten/tag-1.34.6/system/include/libcxx/vector,303,__throw_length_error at Error\n    at jsStackTrace (/Users/mbp/Github/node_modules/rdkit/dist/rdkit.js:16:20723)\n    at stackTrace (/Users/mbp/Github/node_modules/rdkit/dist/rdkit.js:16:20906)\n    at ___assert_fail (/Users/mbp/Github/node_modules/rdkit/dist/rdkit.js:16:1317273)\n    at K0 (/Users/mbp/Github/node_modules/rdkit/dist/rdkit.js:34:185130)\n    at fs (/Users/mbp/Github/node_modules/rdkit/dist/rdkit.js:31:212111)\n    at sn (/Users/mbp/Github/node_modules/rdkit/dist/rdkit.js:24:227627)\n    at Array.rn (/Users/mbp/Github/node_modules/rdkit/dist/rdkit.js:24:206488)\n    at Object.Tka [as dynCall_viiiiii] (/Users/mbp/Github/node_modules/rdkit/dist/rdkit.js:45:25029)\n    at invoke_viiiiii (/Users/mbp/Github/node_modules/rdkit/dist/rdkit.js:16:1351459)\n    at WH (/Users/mbp/Github/node_modules/rdkit/dist/rdkit.js:28:161392)"
i=99524
"Assertion failed: !\"vector length_error\", at: /Users/mbp/Github/emsdk_portable1/emscripten/tag-1.34.6/system/include/libcxx/vector,303,__throw_length_error at Error\n    at jsStackTrace (/Users/mbp/Github/node_modules/rdkit/dist/rdkit.js:16:20723)\n    at stackTrace (/Users/mbp/Github/node_modules/rdkit/dist/rdkit.js:16:20906)\n    at ___assert_fail (/Users/mbp/Github/node_modules/rdkit/dist/rdkit.js:16:1317273)\n    at K0 (/Users/mbp/Github/node_modules/rdkit/dist/rdkit.js:34:185130)\n    at fs (/Users/mbp/Github/node_modules/rdkit/dist/rdkit.js:31:212111)\n    at sn (/Users/mbp/Github/node_modules/rdkit/dist/rdkit.js:24:227627)\n    at Array.rn (/Users/mbp/Github/node_modules/rdkit/dist/rdkit.js:24:206488)\n    at Object.Tka [as dynCall_viiiiii] (/Users/mbp/Github/node_modules/rdkit/dist/rdkit.js:45:25029)\n    at invoke_viiiiii (/Users/mbp/Github/node_modules/rdkit/dist/rdkit.js:16:1351459)\n    at WH (/Users/mbp/Github/node_modules/rdkit/dist/rdkit.js:28:161392)"
i=99524
"Assertion failed: !\"vector length_error\", at: /Users/mbp/Github/emsdk_portable1/emscripten/tag-1.34.6/system/include/libcxx/vector,303,__throw_length_error at Error\n    at jsStackTrace (/Users/mbp/Github/node_modules/rdkit/dist/rdkit.js:16:20723)\n    at stackTrace (/Users/mbp/Github/node_modules/rdkit/dist/rdkit.js:16:20906)\n    at ___assert_fail (/Users/mbp/Github/node_modules/rdkit/dist/rdkit.js:16:1317273)\n    at K0 (/Users/mbp/Github/node_modules/rdkit/dist/rdkit.js:34:185130)\n    at fs (/Users/mbp/Github/node_modules/rdkit/dist/rdkit.js:31:212111)\n    at sn (/Users/mbp/Github/node_modules/rdkit/dist/rdkit.js:24:227627)\n    at Array.rn (/Users/mbp/Github/node_modules/rdkit/dist/rdkit.js:24:206488)\n    at Object.Tka [as dynCall_viiiiii] (/Users/mbp/Github/node_modules/rdkit/dist/rdkit.js:45:25029)\n    at invoke_viiiiii (/Users/mbp/Github/node_modules/rdkit/dist/rdkit.js:16:1351459)\n    at WH (/Users/mbp/Github/node_modules/rdkit/dist/rdkit.js:28:161392)"
i=99524
"Assertion failed: !\"vector length_error\", at: /Users/mbp/Github/emsdk_portable1/emscripten/tag-1.34.6/system/include/libcxx/vector,303,__throw_length_error at Error\n    at jsStackTrace (/Users/mbp/Github/node_modules/rdkit/dist/rdkit.js:16:20723)\n    at stackTrace (/Users/mbp/Github/node_modules/rdkit/dist/rdkit.js:16:20906)\n    at ___assert_fail (/Users/mbp/Github/node_modules/rdkit/dist/rdkit.js:16:1317273)\n    at K0 (/Users/mbp/Github/node_modules/rdkit/dist/rdkit.js:34:185130)\n    at fs (/Users/mbp/Github/node_modules/rdkit/dist/rdkit.js:31:212111)\n    at sn (/Users/mbp/Github/node_modules/rdkit/dist/rdkit.js:24:227627)\n    at Array.rn (/Users/mbp/Github/node_modules/rdkit/dist/rdkit.js:24:206488)\n    at Object.Tka [as dynCall_viiiiii] (/Users/mbp/Github/node_modules/rdkit/dist/rdkit.js:45:25029)\n    at invoke_viiiiii (/Users/mbp/Github/node_modules/rdkit/dist/rdkit.js:16:1351459)\n    at WH (/Users/mbp/Github/node_modules/rdkit/dist/rdkit.js:28:161392)"
i=99524
"Assertion failed: !\"vector length_error\", at: /Users/mbp/Github/emsdk_portable1/emscripten/tag-1.34.6/system/include/libcxx/vector,303,__throw_length_error at Error\n    at jsStackTrace (/Users/mbp/Github/node_modules/rdkit/dist/rdkit.js:16:20723)\n    at stackTrace (/Users/mbp/Github/node_modules/rdkit/dist/rdkit.js:16:20906)\n    at ___assert_fail (/Users/mbp/Github/node_modules/rdkit/dist/rdkit.js:16:1317273)\n    at K0 (/Users/mbp/Github/node_modules/rdkit/dist/rdkit.js:34:185130)\n    at fs (/Users/mbp/Github/node_modules/rdkit/dist/rdkit.js:31:212111)\n    at sn (/Users/mbp/Github/node_modules/rdkit/dist/rdkit.js:24:227627)\n    at Array.rn (/Users/mbp/Github/node_modules/rdkit/dist/rdkit.js:24:206488)\n    at Object.Tka [as dynCall_viiiiii] (/Users/mbp/Github/node_modules/rdkit/dist/rdkit.js:45:25029)\n    at invoke_viiiiii (/Users/mbp/Github/node_modules/rdkit/dist/rdkit.js:16:1351459)\n    at WH (/Users/mbp/Github/node_modules/rdkit/dist/rdkit.js:28:161392)"
i=99524
"Assertion failed: !\"vector length_error\", at: /Users/mbp/Github/emsdk_portable1/emscripten/tag-1.34.6/system/include/libcxx/vector,303,__throw_length_error at Error\n    at jsStackTrace (/Users/mbp/Github/node_modules/rdkit/dist/rdkit.js:16:20723)\n    at stackTrace (/Users/mbp/Github/node_modules/rdkit/dist/rdkit.js:16:20906)\n    at ___assert_fail (/Users/mbp/Github/node_modules/rdkit/dist/rdkit.js:16:1317273)\n    at K0 (/Users/mbp/Github/node_modules/rdkit/dist/rdkit.js:34:185130)\n    at fs (/Users/mbp/Github/node_modules/rdkit/dist/rdkit.js:31:212111)\n    at sn (/Users/mbp/Github/node_modules/rdkit/dist/rdkit.js:24:227627)\n    at Array.rn (/Users/mbp/Github/node_modules/rdkit/dist/rdkit.js:24:206488)\n    at Object.Tka [as dynCall_viiiiii] (/Users/mbp/Github/node_modules/rdkit/dist/rdkit.js:45:25029)\n    at invoke_viiiiii (/Users/mbp/Github/node_modules/rdkit/dist/rdkit.js:16:1351459)\n    at WH (/Users/mbp/Github/node_modules/rdkit/dist/rdkit.js:28:161392)"
i=99524
"Assertion failed: !\"vector length_error\", at: /Users/mbp/Github/emsdk_portable1/emscripten/tag-1.34.6/system/include/libcxx/vector,303,__throw_length_error at Error\n    at jsStackTrace (/Users/mbp/Github/node_modules/rdkit/dist/rdkit.js:16:20723)\n    at stackTrace (/Users/mbp/Github/node_modules/rdkit/dist/rdkit.js:16:20906)\n    at ___assert_fail (/Users/mbp/Github/node_modules/rdkit/dist/rdkit.js:16:1317273)\n    at K0 (/Users/mbp/Github/node_modules/rdkit/dist/rdkit.js:34:185130)\n    at fs (/Users/mbp/Github/node_modules/rdkit/dist/rdkit.js:31:212111)\n    at sn (/Users/mbp/Github/node_modules/rdkit/dist/rdkit.js:24:227627)\n    at Array.rn (/Users/mbp/Github/node_modules/rdkit/dist/rdkit.js:24:206488)\n    at Object.Tka [as dynCall_viiiiii] (/Users/mbp/Github/node_modules/rdkit/dist/rdkit.js:45:25029)\n    at invoke_viiiiii (/Users/mbp/Github/node_modules/rdkit/dist/rdkit.js:16:1351459)\n    at WH (/Users/mbp/Github/node_modules/rdkit/dist/rdkit.js:28:161392)"
i=99524
"Assertion failed: !\"vector length_error\", at: /Users/mbp/Github/emsdk_portable1/emscripten/tag-1.34.6/system/include/libcxx/vector,303,__throw_length_error at Error\n    at jsStackTrace (/Users/mbp/Github/node_modules/rdkit/dist/rdkit.js:16:20723)\n    at stackTrace (/Users/mbp/Github/node_modules/rdkit/dist/rdkit.js:16:20906)\n    at ___assert_fail (/Users/mbp/Github/node_modules/rdkit/dist/rdkit.js:16:1317273)\n    at K0 (/Users/mbp/Github/node_modules/rdkit/dist/rdkit.js:34:185130)\n    at fs (/Users/mbp/Github/node_modules/rdkit/dist/rdkit.js:31:212111)\n    at sn (/Users/mbp/Github/node_modules/rdkit/dist/rdkit.js:24:227627)\n    at Array.rn (/Users/mbp/Github/node_modules/rdkit/dist/rdkit.js:24:206488)\n    at Object.Tka [as dynCall_viiiiii] (/Users/mbp/Github/node_modules/rdkit/dist/rdkit.js:45:25029)\n    at invoke_viiiiii (/Users/mbp/Github/node_modules/rdkit/dist/rdkit.js:16:1351459)\n    at WH (/Users/mbp/Github/node_modules/rdkit/dist/rdkit.js:28:161392)"
i=99524
"Assertion failed: !\"vector length_error\", at: /Users/mbp/Github/emsdk_portable1/emscripten/tag-1.34.6/system/include/libcxx/vector,303,__throw_length_error at Error\n    at jsStackTrace (/Users/mbp/Github/node_modules/rdkit/dist/rdkit.js:16:20723)\n    at stackTrace (/Users/mbp/Github/node_modules/rdkit/dist/rdkit.js:16:20906)\n    at ___assert_fail (/Users/mbp/Github/node_modules/rdkit/dist/rdkit.js:16:1317273)\n    at K0 (/Users/mbp/Github/node_modules/rdkit/dist/rdkit.js:34:185130)\n    at fs (/Users/mbp/Github/node_modules/rdkit/dist/rdkit.js:31:212111)\n    at sn (/Users/mbp/Github/node_modules/rdkit/dist/rdkit.js:24:227627)\n    at Array.rn (/Users/mbp/Github/node_modules/rdkit/dist/rdkit.js:24:206488)\n    at Object.Tka [as dynCall_viiiiii] (/Users/mbp/Github/node_modules/rdkit/dist/rdkit.js:45:25029)\n    at invoke_viiiiii (/Users/mbp/Github/node_modules/rdkit/dist/rdkit.js:16:1351459)\n    at WH (/Users/mbp/Github/node_modules/rdkit/dist/rdkit.js:28:161392)"
i=99524
"Assertion failed: !\"vector length_error\", at: /Users/mbp/Github/emsdk_portable1/emscripten/tag-1.34.6/system/include/libcxx/vector,303,__throw_length_error at Error\n    at jsStackTrace (/Users/mbp/Github/node_modules/rdkit/dist/rdkit.js:16:20723)\n    at stackTrace (/Users/mbp/Github/node_modules/rdkit/dist/rdkit.js:16:20906)\n    at ___assert_fail (/Users/mbp/Github/node_modules/rdkit/dist/rdkit.js:16:1317273)\n    at K0 (/Users/mbp/Github/node_modules/rdkit/dist/rdkit.js:34:185130)\n    at fs (/Users/mbp/Github/node_modules/rdkit/dist/rdkit.js:31:212111)\n    at sn (/Users/mbp/Github/node_modules/rdkit/dist/rdkit.js:24:227627)\n    at Array.rn (/Users/mbp/Github/node_modules/rdkit/dist/rdkit.js:24:206488)\n    at Object.Tka [as dynCall_viiiiii] (/Users/mbp/Github/node_modules/rdkit/dist/rdkit.js:45:25029)\n    at invoke_viiiiii (/Users/mbp/Github/node_modules/rdkit/dist/rdkit.js:16:1351459)\n    at WH (/Users/mbp/Github/node_modules/rdkit/dist/rdkit.js:28:161392)"
i=99524
"Assertion failed: !\"vector length_error\", at: /Users/mbp/Github/emsdk_portable1/emscripten/tag-1.34.6/system/include/libcxx/vector,303,__throw_length_error at Error\n    at jsStackTrace (/Users/mbp/Github/node_modules/rdkit/dist/rdkit.js:16:20723)\n    at stackTrace (/Users/mbp/Github/node_modules/rdkit/dist/rdkit.js:16:20906)\n    at ___assert_fail (/Users/mbp/Github/node_modules/rdkit/dist/rdkit.js:16:1317273)\n    at K0 (/Users/mbp/Github/node_modules/rdkit/dist/rdkit.js:34:185130)\n    at fs (/Users/mbp/Github/node_modules/rdkit/dist/rdkit.js:31:212111)\n    at sn (/Users/mbp/Github/node_modules/rdkit/dist/rdkit.js:24:227627)\n    at Array.rn (/Users/mbp/Github/node_modules/rdkit/dist/rdkit.js:24:206488)\n    at Object.Tka [as dynCall_viiiiii] (/Users/mbp/Github/node_modules/rdkit/dist/rdkit.js:45:25029)\n    at invoke_viiiiii (/Users/mbp/Github/node_modules/rdkit/dist/rdkit.js:16:1351459)\n    at WH (/Users/mbp/Github/node_modules/rdkit/dist/rdkit.js:28:161392)"
i=99524
"Assertion failed: !\"vector length_error\", at: /Users/mbp/Github/emsdk_portable1/emscripten/tag-1.34.6/system/include/libcxx/vector,303,__throw_length_error at Error\n    at jsStackTrace (/Users/mbp/Github/node_modules/rdkit/dist/rdkit.js:16:20723)\n    at stackTrace (/Users/mbp/Github/node_modules/rdkit/dist/rdkit.js:16:20906)\n    at ___assert_fail (/Users/mbp/Github/node_modules/rdkit/dist/rdkit.js:16:1317273)\n    at K0 (/Users/mbp/Github/node_modules/rdkit/dist/rdkit.js:34:185130)\n    at fs (/Users/mbp/Github/node_modules/rdkit/dist/rdkit.js:31:212111)\n    at sn (/Users/mbp/Github/node_modules/rdkit/dist/rdkit.js:24:227627)\n    at Array.rn (/Users/mbp/Github/node_modules/rdkit/dist/rdkit.js:24:206488)\n    at Object.Tka [as dynCall_viiiiii] (/Users/mbp/Github/node_modules/rdkit/dist/rdkit.js:45:25029)\n    at invoke_viiiiii (/Users/mbp/Github/node_modules/rdkit/dist/rdkit.js:16:1351459)\n    at WH (/Users/mbp/Github/node_modules/rdkit/dist/rdkit.js:28:161392)"
i=99525
"Assertion failed: !\"vector length_error\", at: /Users/mbp/Github/emsdk_portable1/emscripten/tag-1.34.6/system/include/libcxx/vector,303,__throw_length_error at Error\n    at jsStackTrace (/Users/mbp/Github/node_modules/rdkit/dist/rdkit.js:16:20723)\n    at stackTrace (/Users/mbp/Github/node_modules/rdkit/dist/rdkit.js:16:20906)\n    at ___assert_fail (/Users/mbp/Github/node_modules/rdkit/dist/rdkit.js:16:1317273)\n    at K0 (/Users/mbp/Github/node_modules/rdkit/dist/rdkit.js:34:185130)\n    at fs (/Users/mbp/Github/node_modules/rdkit/dist/rdkit.js:31:212111)\n    at sn (/Users/mbp/Github/node_modules/rdkit/dist/rdkit.js:24:227627)\n    at Array.rn (/Users/mbp/Github/node_modules/rdkit/dist/rdkit.js:24:206488)\n    at Object.Tka [as dynCall_viiiiii] (/Users/mbp/Github/node_modules/rdkit/dist/rdkit.js:45:25029)\n    at invoke_viiiiii (/Users/mbp/Github/node_modules/rdkit/dist/rdkit.js:16:1351459)\n    at WH (/Users/mbp/Github/node_modules/rdkit/dist/rdkit.js:28:161392)"
i=99525
"Assertion failed: !\"vector length_error\", at: /Users/mbp/Github/emsdk_portable1/emscripten/tag-1.34.6/system/include/libcxx/vector,303,__throw_length_error at Error\n    at jsStackTrace (/Users/mbp/Github/node_modules/rdkit/dist/rdkit.js:16:20723)\n    at stackTrace (/Users/mbp/Github/node_modules/rdkit/dist/rdkit.js:16:20906)\n    at ___assert_fail (/Users/mbp/Github/node_modules/rdkit/dist/rdkit.js:16:1317273)\n    at K0 (/Users/mbp/Github/node_modules/rdkit/dist/rdkit.js:34:185130)\n    at fs (/Users/mbp/Github/node_modules/rdkit/dist/rdkit.js:31:212111)\n    at sn (/Users/mbp/Github/node_modules/rdkit/dist/rdkit.js:24:227627)\n    at Array.rn (/Users/mbp/Github/node_modules/rdkit/dist/rdkit.js:24:206488)\n    at Object.Tka [as dynCall_viiiiii] (/Users/mbp/Github/node_modules/rdkit/dist/rdkit.js:45:25029)\n    at invoke_viiiiii (/Users/mbp/Github/node_modules/rdkit/dist/rdkit.js:16:1351459)\n    at WH (/Users/mbp/Github/node_modules/rdkit/dist/rdkit.js:28:161392)"
i=99525
"Assertion failed: !\"vector length_error\", at: /Users/mbp/Github/emsdk_portable1/emscripten/tag-1.34.6/system/include/libcxx/vector,303,__throw_length_error at Error\n    at jsStackTrace (/Users/mbp/Github/node_modules/rdkit/dist/rdkit.js:16:20723)\n    at stackTrace (/Users/mbp/Github/node_modules/rdkit/dist/rdkit.js:16:20906)\n    at ___assert_fail (/Users/mbp/Github/node_modules/rdkit/dist/rdkit.js:16:1317273)\n    at K0 (/Users/mbp/Github/node_modules/rdkit/dist/rdkit.js:34:185130)\n    at fs (/Users/mbp/Github/node_modules/rdkit/dist/rdkit.js:31:212111)\n    at sn (/Users/mbp/Github/node_modules/rdkit/dist/rdkit.js:24:227627)\n    at Array.rn (/Users/mbp/Github/node_modules/rdkit/dist/rdkit.js:24:206488)\n    at Object.Tka [as dynCall_viiiiii] (/Users/mbp/Github/node_modules/rdkit/dist/rdkit.js:45:25029)\n    at invoke_viiiiii (/Users/mbp/Github/node_modules/rdkit/dist/rdkit.js:16:1351459)\n    at WH (/Users/mbp/Github/node_modules/rdkit/dist/rdkit.js:28:161392)"
i=99525
"Assertion failed: !\"vector length_error\", at: /Users/mbp/Github/emsdk_portable1/emscripten/tag-1.34.6/system/include/libcxx/vector,303,__throw_length_error at Error\n    at jsStackTrace (/Users/mbp/Github/node_modules/rdkit/dist/rdkit.js:16:20723)\n    at stackTrace (/Users/mbp/Github/node_modules/rdkit/dist/rdkit.js:16:20906)\n    at ___assert_fail (/Users/mbp/Github/node_modules/rdkit/dist/rdkit.js:16:1317273)\n    at K0 (/Users/mbp/Github/node_modules/rdkit/dist/rdkit.js:34:185130)\n    at fs (/Users/mbp/Github/node_modules/rdkit/dist/rdkit.js:31:212111)\n    at sn (/Users/mbp/Github/node_modules/rdkit/dist/rdkit.js:24:227627)\n    at Array.rn (/Users/mbp/Github/node_modules/rdkit/dist/rdkit.js:24:206488)\n    at Object.Tka [as dynCall_viiiiii] (/Users/mbp/Github/node_modules/rdkit/dist/rdkit.js:45:25029)\n    at invoke_viiiiii (/Users/mbp/Github/node_modules/rdkit/dist/rdkit.js:16:1351459)\n    at WH (/Users/mbp/Github/node_modules/rdkit/dist/rdkit.js:28:161392)"
i=99534
"Assertion failed: !\"vector length_error\", at: /Users/mbp/Github/emsdk_portable1/emscripten/tag-1.34.6/system/include/libcxx/vector,303,__throw_length_error at Error\n    at jsStackTrace (/Users/mbp/Github/node_modules/rdkit/dist/rdkit.js:16:20723)\n    at stackTrace (/Users/mbp/Github/node_modules/rdkit/dist/rdkit.js:16:20906)\n    at ___assert_fail (/Users/mbp/Github/node_modules/rdkit/dist/rdkit.js:16:1317273)\n    at K0 (/Users/mbp/Github/node_modules/rdkit/dist/rdkit.js:34:185130)\n    at fs (/Users/mbp/Github/node_modules/rdkit/dist/rdkit.js:31:212111)\n    at sn (/Users/mbp/Github/node_modules/rdkit/dist/rdkit.js:24:227627)\n    at Array.rn (/Users/mbp/Github/node_modules/rdkit/dist/rdkit.js:24:206488)\n    at Object.Tka [as dynCall_viiiiii] (/Users/mbp/Github/node_modules/rdkit/dist/rdkit.js:45:25029)\n    at invoke_viiiiii (/Users/mbp/Github/node_modules/rdkit/dist/rdkit.js:16:1351459)\n    at WH (/Users/mbp/Github/node_modules/rdkit/dist/rdkit.js:28:161392)"
i=99534
"Assertion failed: !\"vector length_error\", at: /Users/mbp/Github/emsdk_portable1/emscripten/tag-1.34.6/system/include/libcxx/vector,303,__throw_length_error at Error\n    at jsStackTrace (/Users/mbp/Github/node_modules/rdkit/dist/rdkit.js:16:20723)\n    at stackTrace (/Users/mbp/Github/node_modules/rdkit/dist/rdkit.js:16:20906)\n    at ___assert_fail (/Users/mbp/Github/node_modules/rdkit/dist/rdkit.js:16:1317273)\n    at K0 (/Users/mbp/Github/node_modules/rdkit/dist/rdkit.js:34:185130)\n    at fs (/Users/mbp/Github/node_modules/rdkit/dist/rdkit.js:31:212111)\n    at sn (/Users/mbp/Github/node_modules/rdkit/dist/rdkit.js:24:227627)\n    at Array.rn (/Users/mbp/Github/node_modules/rdkit/dist/rdkit.js:24:206488)\n    at Object.Tka [as dynCall_viiiiii] (/Users/mbp/Github/node_modules/rdkit/dist/rdkit.js:45:25029)\n    at invoke_viiiiii (/Users/mbp/Github/node_modules/rdkit/dist/rdkit.js:16:1351459)\n    at WH (/Users/mbp/Github/node_modules/rdkit/dist/rdkit.js:28:161392)"
i=99534
"Assertion failed: !\"vector length_error\", at: /Users/mbp/Github/emsdk_portable1/emscripten/tag-1.34.6/system/include/libcxx/vector,303,__throw_length_error at Error\n    at jsStackTrace (/Users/mbp/Github/node_modules/rdkit/dist/rdkit.js:16:20723)\n    at stackTrace (/Users/mbp/Github/node_modules/rdkit/dist/rdkit.js:16:20906)\n    at ___assert_fail (/Users/mbp/Github/node_modules/rdkit/dist/rdkit.js:16:1317273)\n    at K0 (/Users/mbp/Github/node_modules/rdkit/dist/rdkit.js:34:185130)\n    at fs (/Users/mbp/Github/node_modules/rdkit/dist/rdkit.js:31:212111)\n    at sn (/Users/mbp/Github/node_modules/rdkit/dist/rdkit.js:24:227627)\n    at Array.rn (/Users/mbp/Github/node_modules/rdkit/dist/rdkit.js:24:206488)\n    at Object.Tka [as dynCall_viiiiii] (/Users/mbp/Github/node_modules/rdkit/dist/rdkit.js:45:25029)\n    at invoke_viiiiii (/Users/mbp/Github/node_modules/rdkit/dist/rdkit.js:16:1351459)\n    at WH (/Users/mbp/Github/node_modules/rdkit/dist/rdkit.js:28:161392)"
i=99534
"Assertion failed: !\"vector length_error\", at: /Users/mbp/Github/emsdk_portable1/emscripten/tag-1.34.6/system/include/libcxx/vector,303,__throw_length_error at Error\n    at jsStackTrace (/Users/mbp/Github/node_modules/rdkit/dist/rdkit.js:16:20723)\n    at stackTrace (/Users/mbp/Github/node_modules/rdkit/dist/rdkit.js:16:20906)\n    at ___assert_fail (/Users/mbp/Github/node_modules/rdkit/dist/rdkit.js:16:1317273)\n    at K0 (/Users/mbp/Github/node_modules/rdkit/dist/rdkit.js:34:185130)\n    at fs (/Users/mbp/Github/node_modules/rdkit/dist/rdkit.js:31:212111)\n    at sn (/Users/mbp/Github/node_modules/rdkit/dist/rdkit.js:24:227627)\n    at Array.rn (/Users/mbp/Github/node_modules/rdkit/dist/rdkit.js:24:206488)\n    at Object.Tka [as dynCall_viiiiii] (/Users/mbp/Github/node_modules/rdkit/dist/rdkit.js:45:25029)\n    at invoke_viiiiii (/Users/mbp/Github/node_modules/rdkit/dist/rdkit.js:16:1351459)\n    at WH (/Users/mbp/Github/node_modules/rdkit/dist/rdkit.js:28:161392)"
i=99534
"Assertion failed: !\"vector length_error\", at: /Users/mbp/Github/emsdk_portable1/emscripten/tag-1.34.6/system/include/libcxx/vector,303,__throw_length_error at Error\n    at jsStackTrace (/Users/mbp/Github/node_modules/rdkit/dist/rdkit.js:16:20723)\n    at stackTrace (/Users/mbp/Github/node_modules/rdkit/dist/rdkit.js:16:20906)\n    at ___assert_fail (/Users/mbp/Github/node_modules/rdkit/dist/rdkit.js:16:1317273)\n    at K0 (/Users/mbp/Github/node_modules/rdkit/dist/rdkit.js:34:185130)\n    at fs (/Users/mbp/Github/node_modules/rdkit/dist/rdkit.js:31:212111)\n    at sn (/Users/mbp/Github/node_modules/rdkit/dist/rdkit.js:24:227627)\n    at Array.rn (/Users/mbp/Github/node_modules/rdkit/dist/rdkit.js:24:206488)\n    at Object.Tka [as dynCall_viiiiii] (/Users/mbp/Github/node_modules/rdkit/dist/rdkit.js:45:25029)\n    at invoke_viiiiii (/Users/mbp/Github/node_modules/rdkit/dist/rdkit.js:16:1351459)\n    at WH (/Users/mbp/Github/node_modules/rdkit/dist/rdkit.js:28:161392)"
i=99534
"Assertion failed: !\"vector length_error\", at: /Users/mbp/Github/emsdk_portable1/emscripten/tag-1.34.6/system/include/libcxx/vector,303,__throw_length_error at Error\n    at jsStackTrace (/Users/mbp/Github/node_modules/rdkit/dist/rdkit.js:16:20723)\n    at stackTrace (/Users/mbp/Github/node_modules/rdkit/dist/rdkit.js:16:20906)\n    at ___assert_fail (/Users/mbp/Github/node_modules/rdkit/dist/rdkit.js:16:1317273)\n    at K0 (/Users/mbp/Github/node_modules/rdkit/dist/rdkit.js:34:185130)\n    at fs (/Users/mbp/Github/node_modules/rdkit/dist/rdkit.js:31:212111)\n    at sn (/Users/mbp/Github/node_modules/rdkit/dist/rdkit.js:24:227627)\n    at Array.rn (/Users/mbp/Github/node_modules/rdkit/dist/rdkit.js:24:206488)\n    at Object.Tka [as dynCall_viiiiii] (/Users/mbp/Github/node_modules/rdkit/dist/rdkit.js:45:25029)\n    at invoke_viiiiii (/Users/mbp/Github/node_modules/rdkit/dist/rdkit.js:16:1351459)\n    at WH (/Users/mbp/Github/node_modules/rdkit/dist/rdkit.js:28:161392)"
i=99539
"Assertion failed: !\"vector length_error\", at: /Users/mbp/Github/emsdk_portable1/emscripten/tag-1.34.6/system/include/libcxx/vector,303,__throw_length_error at Error\n    at jsStackTrace (/Users/mbp/Github/node_modules/rdkit/dist/rdkit.js:16:20723)\n    at stackTrace (/Users/mbp/Github/node_modules/rdkit/dist/rdkit.js:16:20906)\n    at ___assert_fail (/Users/mbp/Github/node_modules/rdkit/dist/rdkit.js:16:1317273)\n    at K0 (/Users/mbp/Github/node_modules/rdkit/dist/rdkit.js:34:185130)\n    at fs (/Users/mbp/Github/node_modules/rdkit/dist/rdkit.js:31:212111)\n    at sn (/Users/mbp/Github/node_modules/rdkit/dist/rdkit.js:24:227627)\n    at Array.rn (/Users/mbp/Github/node_modules/rdkit/dist/rdkit.js:24:206488)\n    at Object.Tka [as dynCall_viiiiii] (/Users/mbp/Github/node_modules/rdkit/dist/rdkit.js:45:25029)\n    at invoke_viiiiii (/Users/mbp/Github/node_modules/rdkit/dist/rdkit.js:16:1351459)\n    at WH (/Users/mbp/Github/node_modules/rdkit/dist/rdkit.js:28:161392)"
i=99541
"Assertion failed: !\"vector length_error\", at: /Users/mbp/Github/emsdk_portable1/emscripten/tag-1.34.6/system/include/libcxx/vector,303,__throw_length_error at Error\n    at jsStackTrace (/Users/mbp/Github/node_modules/rdkit/dist/rdkit.js:16:20723)\n    at stackTrace (/Users/mbp/Github/node_modules/rdkit/dist/rdkit.js:16:20906)\n    at ___assert_fail (/Users/mbp/Github/node_modules/rdkit/dist/rdkit.js:16:1317273)\n    at K0 (/Users/mbp/Github/node_modules/rdkit/dist/rdkit.js:34:185130)\n    at fs (/Users/mbp/Github/node_modules/rdkit/dist/rdkit.js:31:212111)\n    at sn (/Users/mbp/Github/node_modules/rdkit/dist/rdkit.js:24:227627)\n    at Array.rn (/Users/mbp/Github/node_modules/rdkit/dist/rdkit.js:24:206488)\n    at Object.Tka [as dynCall_viiiiii] (/Users/mbp/Github/node_modules/rdkit/dist/rdkit.js:45:25029)\n    at invoke_viiiiii (/Users/mbp/Github/node_modules/rdkit/dist/rdkit.js:16:1351459)\n    at WH (/Users/mbp/Github/node_modules/rdkit/dist/rdkit.js:28:161392)"
i=99541
"Assertion failed: !\"vector length_error\", at: /Users/mbp/Github/emsdk_portable1/emscripten/tag-1.34.6/system/include/libcxx/vector,303,__throw_length_error at Error\n    at jsStackTrace (/Users/mbp/Github/node_modules/rdkit/dist/rdkit.js:16:20723)\n    at stackTrace (/Users/mbp/Github/node_modules/rdkit/dist/rdkit.js:16:20906)\n    at ___assert_fail (/Users/mbp/Github/node_modules/rdkit/dist/rdkit.js:16:1317273)\n    at K0 (/Users/mbp/Github/node_modules/rdkit/dist/rdkit.js:34:185130)\n    at fs (/Users/mbp/Github/node_modules/rdkit/dist/rdkit.js:31:212111)\n    at sn (/Users/mbp/Github/node_modules/rdkit/dist/rdkit.js:24:227627)\n    at Array.rn (/Users/mbp/Github/node_modules/rdkit/dist/rdkit.js:24:206488)\n    at Object.Tka [as dynCall_viiiiii] (/Users/mbp/Github/node_modules/rdkit/dist/rdkit.js:45:25029)\n    at invoke_viiiiii (/Users/mbp/Github/node_modules/rdkit/dist/rdkit.js:16:1351459)\n    at WH (/Users/mbp/Github/node_modules/rdkit/dist/rdkit.js:28:161392)"
i=99546
"Assertion failed: !\"vector length_error\", at: /Users/mbp/Github/emsdk_portable1/emscripten/tag-1.34.6/system/include/libcxx/vector,303,__throw_length_error at Error\n    at jsStackTrace (/Users/mbp/Github/node_modules/rdkit/dist/rdkit.js:16:20723)\n    at stackTrace (/Users/mbp/Github/node_modules/rdkit/dist/rdkit.js:16:20906)\n    at ___assert_fail (/Users/mbp/Github/node_modules/rdkit/dist/rdkit.js:16:1317273)\n    at K0 (/Users/mbp/Github/node_modules/rdkit/dist/rdkit.js:34:185130)\n    at fs (/Users/mbp/Github/node_modules/rdkit/dist/rdkit.js:31:212111)\n    at sn (/Users/mbp/Github/node_modules/rdkit/dist/rdkit.js:24:227627)\n    at Array.rn (/Users/mbp/Github/node_modules/rdkit/dist/rdkit.js:24:206488)\n    at Object.Tka [as dynCall_viiiiii] (/Users/mbp/Github/node_modules/rdkit/dist/rdkit.js:45:25029)\n    at invoke_viiiiii (/Users/mbp/Github/node_modules/rdkit/dist/rdkit.js:16:1351459)\n    at WH (/Users/mbp/Github/node_modules/rdkit/dist/rdkit.js:28:161392)"
i=99546
"Assertion failed: !\"vector length_error\", at: /Users/mbp/Github/emsdk_portable1/emscripten/tag-1.34.6/system/include/libcxx/vector,303,__throw_length_error at Error\n    at jsStackTrace (/Users/mbp/Github/node_modules/rdkit/dist/rdkit.js:16:20723)\n    at stackTrace (/Users/mbp/Github/node_modules/rdkit/dist/rdkit.js:16:20906)\n    at ___assert_fail (/Users/mbp/Github/node_modules/rdkit/dist/rdkit.js:16:1317273)\n    at K0 (/Users/mbp/Github/node_modules/rdkit/dist/rdkit.js:34:185130)\n    at fs (/Users/mbp/Github/node_modules/rdkit/dist/rdkit.js:31:212111)\n    at sn (/Users/mbp/Github/node_modules/rdkit/dist/rdkit.js:24:227627)\n    at Array.rn (/Users/mbp/Github/node_modules/rdkit/dist/rdkit.js:24:206488)\n    at Object.Tka [as dynCall_viiiiii] (/Users/mbp/Github/node_modules/rdkit/dist/rdkit.js:45:25029)\n    at invoke_viiiiii (/Users/mbp/Github/node_modules/rdkit/dist/rdkit.js:16:1351459)\n    at WH (/Users/mbp/Github/node_modules/rdkit/dist/rdkit.js:28:161392)"
i=99547
"Assertion failed: !\"vector length_error\", at: /Users/mbp/Github/emsdk_portable1/emscripten/tag-1.34.6/system/include/libcxx/vector,303,__throw_length_error at Error\n    at jsStackTrace (/Users/mbp/Github/node_modules/rdkit/dist/rdkit.js:16:20723)\n    at stackTrace (/Users/mbp/Github/node_modules/rdkit/dist/rdkit.js:16:20906)\n    at ___assert_fail (/Users/mbp/Github/node_modules/rdkit/dist/rdkit.js:16:1317273)\n    at K0 (/Users/mbp/Github/node_modules/rdkit/dist/rdkit.js:34:185130)\n    at fs (/Users/mbp/Github/node_modules/rdkit/dist/rdkit.js:31:212111)\n    at sn (/Users/mbp/Github/node_modules/rdkit/dist/rdkit.js:24:227627)\n    at Array.rn (/Users/mbp/Github/node_modules/rdkit/dist/rdkit.js:24:206488)\n    at Object.Tka [as dynCall_viiiiii] (/Users/mbp/Github/node_modules/rdkit/dist/rdkit.js:45:25029)\n    at invoke_viiiiii (/Users/mbp/Github/node_modules/rdkit/dist/rdkit.js:16:1351459)\n    at WH (/Users/mbp/Github/node_modules/rdkit/dist/rdkit.js:28:161392)"
i=99547
"Assertion failed: !\"vector length_error\", at: /Users/mbp/Github/emsdk_portable1/emscripten/tag-1.34.6/system/include/libcxx/vector,303,__throw_length_error at Error\n    at jsStackTrace (/Users/mbp/Github/node_modules/rdkit/dist/rdkit.js:16:20723)\n    at stackTrace (/Users/mbp/Github/node_modules/rdkit/dist/rdkit.js:16:20906)\n    at ___assert_fail (/Users/mbp/Github/node_modules/rdkit/dist/rdkit.js:16:1317273)\n    at K0 (/Users/mbp/Github/node_modules/rdkit/dist/rdkit.js:34:185130)\n    at fs (/Users/mbp/Github/node_modules/rdkit/dist/rdkit.js:31:212111)\n    at sn (/Users/mbp/Github/node_modules/rdkit/dist/rdkit.js:24:227627)\n    at Array.rn (/Users/mbp/Github/node_modules/rdkit/dist/rdkit.js:24:206488)\n    at Object.Tka [as dynCall_viiiiii] (/Users/mbp/Github/node_modules/rdkit/dist/rdkit.js:45:25029)\n    at invoke_viiiiii (/Users/mbp/Github/node_modules/rdkit/dist/rdkit.js:16:1351459)\n    at WH (/Users/mbp/Github/node_modules/rdkit/dist/rdkit.js:28:161392)"
i=99554
"Assertion failed: !\"vector length_error\", at: /Users/mbp/Github/emsdk_portable1/emscripten/tag-1.34.6/system/include/libcxx/vector,303,__throw_length_error at Error\n    at jsStackTrace (/Users/mbp/Github/node_modules/rdkit/dist/rdkit.js:16:20723)\n    at stackTrace (/Users/mbp/Github/node_modules/rdkit/dist/rdkit.js:16:20906)\n    at ___assert_fail (/Users/mbp/Github/node_modules/rdkit/dist/rdkit.js:16:1317273)\n    at K0 (/Users/mbp/Github/node_modules/rdkit/dist/rdkit.js:34:185130)\n    at fs (/Users/mbp/Github/node_modules/rdkit/dist/rdkit.js:31:212111)\n    at sn (/Users/mbp/Github/node_modules/rdkit/dist/rdkit.js:24:227627)\n    at Array.rn (/Users/mbp/Github/node_modules/rdkit/dist/rdkit.js:24:206488)\n    at Object.Tka [as dynCall_viiiiii] (/Users/mbp/Github/node_modules/rdkit/dist/rdkit.js:45:25029)\n    at invoke_viiiiii (/Users/mbp/Github/node_modules/rdkit/dist/rdkit.js:16:1351459)\n    at WH (/Users/mbp/Github/node_modules/rdkit/dist/rdkit.js:28:161392)"
i=99554
"Assertion failed: !\"vector length_error\", at: /Users/mbp/Github/emsdk_portable1/emscripten/tag-1.34.6/system/include/libcxx/vector,303,__throw_length_error at Error\n    at jsStackTrace (/Users/mbp/Github/node_modules/rdkit/dist/rdkit.js:16:20723)\n    at stackTrace (/Users/mbp/Github/node_modules/rdkit/dist/rdkit.js:16:20906)\n    at ___assert_fail (/Users/mbp/Github/node_modules/rdkit/dist/rdkit.js:16:1317273)\n    at K0 (/Users/mbp/Github/node_modules/rdkit/dist/rdkit.js:34:185130)\n    at fs (/Users/mbp/Github/node_modules/rdkit/dist/rdkit.js:31:212111)\n    at sn (/Users/mbp/Github/node_modules/rdkit/dist/rdkit.js:24:227627)\n    at Array.rn (/Users/mbp/Github/node_modules/rdkit/dist/rdkit.js:24:206488)\n    at Object.Tka [as dynCall_viiiiii] (/Users/mbp/Github/node_modules/rdkit/dist/rdkit.js:45:25029)\n    at invoke_viiiiii (/Users/mbp/Github/node_modules/rdkit/dist/rdkit.js:16:1351459)\n    at WH (/Users/mbp/Github/node_modules/rdkit/dist/rdkit.js:28:161392)"
i=99554
"Assertion failed: !\"vector length_error\", at: /Users/mbp/Github/emsdk_portable1/emscripten/tag-1.34.6/system/include/libcxx/vector,303,__throw_length_error at Error\n    at jsStackTrace (/Users/mbp/Github/node_modules/rdkit/dist/rdkit.js:16:20723)\n    at stackTrace (/Users/mbp/Github/node_modules/rdkit/dist/rdkit.js:16:20906)\n    at ___assert_fail (/Users/mbp/Github/node_modules/rdkit/dist/rdkit.js:16:1317273)\n    at K0 (/Users/mbp/Github/node_modules/rdkit/dist/rdkit.js:34:185130)\n    at fs (/Users/mbp/Github/node_modules/rdkit/dist/rdkit.js:31:212111)\n    at sn (/Users/mbp/Github/node_modules/rdkit/dist/rdkit.js:24:227627)\n    at Array.rn (/Users/mbp/Github/node_modules/rdkit/dist/rdkit.js:24:206488)\n    at Object.Tka [as dynCall_viiiiii] (/Users/mbp/Github/node_modules/rdkit/dist/rdkit.js:45:25029)\n    at invoke_viiiiii (/Users/mbp/Github/node_modules/rdkit/dist/rdkit.js:16:1351459)\n    at WH (/Users/mbp/Github/node_modules/rdkit/dist/rdkit.js:28:161392)"
i=99554
"Assertion failed: !\"vector length_error\", at: /Users/mbp/Github/emsdk_portable1/emscripten/tag-1.34.6/system/include/libcxx/vector,303,__throw_length_error at Error\n    at jsStackTrace (/Users/mbp/Github/node_modules/rdkit/dist/rdkit.js:16:20723)\n    at stackTrace (/Users/mbp/Github/node_modules/rdkit/dist/rdkit.js:16:20906)\n    at ___assert_fail (/Users/mbp/Github/node_modules/rdkit/dist/rdkit.js:16:1317273)\n    at K0 (/Users/mbp/Github/node_modules/rdkit/dist/rdkit.js:34:185130)\n    at fs (/Users/mbp/Github/node_modules/rdkit/dist/rdkit.js:31:212111)\n    at sn (/Users/mbp/Github/node_modules/rdkit/dist/rdkit.js:24:227627)\n    at Array.rn (/Users/mbp/Github/node_modules/rdkit/dist/rdkit.js:24:206488)\n    at Object.Tka [as dynCall_viiiiii] (/Users/mbp/Github/node_modules/rdkit/dist/rdkit.js:45:25029)\n    at invoke_viiiiii (/Users/mbp/Github/node_modules/rdkit/dist/rdkit.js:16:1351459)\n    at WH (/Users/mbp/Github/node_modules/rdkit/dist/rdkit.js:28:161392)"
i=99554
"Assertion failed: !\"vector length_error\", at: /Users/mbp/Github/emsdk_portable1/emscripten/tag-1.34.6/system/include/libcxx/vector,303,__throw_length_error at Error\n    at jsStackTrace (/Users/mbp/Github/node_modules/rdkit/dist/rdkit.js:16:20723)\n    at stackTrace (/Users/mbp/Github/node_modules/rdkit/dist/rdkit.js:16:20906)\n    at ___assert_fail (/Users/mbp/Github/node_modules/rdkit/dist/rdkit.js:16:1317273)\n    at K0 (/Users/mbp/Github/node_modules/rdkit/dist/rdkit.js:34:185130)\n    at fs (/Users/mbp/Github/node_modules/rdkit/dist/rdkit.js:31:212111)\n    at sn (/Users/mbp/Github/node_modules/rdkit/dist/rdkit.js:24:227627)\n    at Array.rn (/Users/mbp/Github/node_modules/rdkit/dist/rdkit.js:24:206488)\n    at Object.Tka [as dynCall_viiiiii] (/Users/mbp/Github/node_modules/rdkit/dist/rdkit.js:45:25029)\n    at invoke_viiiiii (/Users/mbp/Github/node_modules/rdkit/dist/rdkit.js:16:1351459)\n    at WH (/Users/mbp/Github/node_modules/rdkit/dist/rdkit.js:28:161392)"
i=99554
"Assertion failed: !\"vector length_error\", at: /Users/mbp/Github/emsdk_portable1/emscripten/tag-1.34.6/system/include/libcxx/vector,303,__throw_length_error at Error\n    at jsStackTrace (/Users/mbp/Github/node_modules/rdkit/dist/rdkit.js:16:20723)\n    at stackTrace (/Users/mbp/Github/node_modules/rdkit/dist/rdkit.js:16:20906)\n    at ___assert_fail (/Users/mbp/Github/node_modules/rdkit/dist/rdkit.js:16:1317273)\n    at K0 (/Users/mbp/Github/node_modules/rdkit/dist/rdkit.js:34:185130)\n    at fs (/Users/mbp/Github/node_modules/rdkit/dist/rdkit.js:31:212111)\n    at sn (/Users/mbp/Github/node_modules/rdkit/dist/rdkit.js:24:227627)\n    at Array.rn (/Users/mbp/Github/node_modules/rdkit/dist/rdkit.js:24:206488)\n    at Object.Tka [as dynCall_viiiiii] (/Users/mbp/Github/node_modules/rdkit/dist/rdkit.js:45:25029)\n    at invoke_viiiiii (/Users/mbp/Github/node_modules/rdkit/dist/rdkit.js:16:1351459)\n    at WH (/Users/mbp/Github/node_modules/rdkit/dist/rdkit.js:28:161392)"
i=99554
"Assertion failed: !\"vector length_error\", at: /Users/mbp/Github/emsdk_portable1/emscripten/tag-1.34.6/system/include/libcxx/vector,303,__throw_length_error at Error\n    at jsStackTrace (/Users/mbp/Github/node_modules/rdkit/dist/rdkit.js:16:20723)\n    at stackTrace (/Users/mbp/Github/node_modules/rdkit/dist/rdkit.js:16:20906)\n    at ___assert_fail (/Users/mbp/Github/node_modules/rdkit/dist/rdkit.js:16:1317273)\n    at K0 (/Users/mbp/Github/node_modules/rdkit/dist/rdkit.js:34:185130)\n    at fs (/Users/mbp/Github/node_modules/rdkit/dist/rdkit.js:31:212111)\n    at sn (/Users/mbp/Github/node_modules/rdkit/dist/rdkit.js:24:227627)\n    at Array.rn (/Users/mbp/Github/node_modules/rdkit/dist/rdkit.js:24:206488)\n    at Object.Tka [as dynCall_viiiiii] (/Users/mbp/Github/node_modules/rdkit/dist/rdkit.js:45:25029)\n    at invoke_viiiiii (/Users/mbp/Github/node_modules/rdkit/dist/rdkit.js:16:1351459)\n    at WH (/Users/mbp/Github/node_modules/rdkit/dist/rdkit.js:28:161392)"
i=99554
"Assertion failed: !\"vector length_error\", at: /Users/mbp/Github/emsdk_portable1/emscripten/tag-1.34.6/system/include/libcxx/vector,303,__throw_length_error at Error\n    at jsStackTrace (/Users/mbp/Github/node_modules/rdkit/dist/rdkit.js:16:20723)\n    at stackTrace (/Users/mbp/Github/node_modules/rdkit/dist/rdkit.js:16:20906)\n    at ___assert_fail (/Users/mbp/Github/node_modules/rdkit/dist/rdkit.js:16:1317273)\n    at K0 (/Users/mbp/Github/node_modules/rdkit/dist/rdkit.js:34:185130)\n    at fs (/Users/mbp/Github/node_modules/rdkit/dist/rdkit.js:31:212111)\n    at sn (/Users/mbp/Github/node_modules/rdkit/dist/rdkit.js:24:227627)\n    at Array.rn (/Users/mbp/Github/node_modules/rdkit/dist/rdkit.js:24:206488)\n    at Object.Tka [as dynCall_viiiiii] (/Users/mbp/Github/node_modules/rdkit/dist/rdkit.js:45:25029)\n    at invoke_viiiiii (/Users/mbp/Github/node_modules/rdkit/dist/rdkit.js:16:1351459)\n    at WH (/Users/mbp/Github/node_modules/rdkit/dist/rdkit.js:28:161392)"
i=99554
"Assertion failed: !\"vector length_error\", at: /Users/mbp/Github/emsdk_portable1/emscripten/tag-1.34.6/system/include/libcxx/vector,303,__throw_length_error at Error\n    at jsStackTrace (/Users/mbp/Github/node_modules/rdkit/dist/rdkit.js:16:20723)\n    at stackTrace (/Users/mbp/Github/node_modules/rdkit/dist/rdkit.js:16:20906)\n    at ___assert_fail (/Users/mbp/Github/node_modules/rdkit/dist/rdkit.js:16:1317273)\n    at K0 (/Users/mbp/Github/node_modules/rdkit/dist/rdkit.js:34:185130)\n    at fs (/Users/mbp/Github/node_modules/rdkit/dist/rdkit.js:31:212111)\n    at sn (/Users/mbp/Github/node_modules/rdkit/dist/rdkit.js:24:227627)\n    at Array.rn (/Users/mbp/Github/node_modules/rdkit/dist/rdkit.js:24:206488)\n    at Object.Tka [as dynCall_viiiiii] (/Users/mbp/Github/node_modules/rdkit/dist/rdkit.js:45:25029)\n    at invoke_viiiiii (/Users/mbp/Github/node_modules/rdkit/dist/rdkit.js:16:1351459)\n    at WH (/Users/mbp/Github/node_modules/rdkit/dist/rdkit.js:28:161392)"
i=99554
"Assertion failed: !\"vector length_error\", at: /Users/mbp/Github/emsdk_portable1/emscripten/tag-1.34.6/system/include/libcxx/vector,303,__throw_length_error at Error\n    at jsStackTrace (/Users/mbp/Github/node_modules/rdkit/dist/rdkit.js:16:20723)\n    at stackTrace (/Users/mbp/Github/node_modules/rdkit/dist/rdkit.js:16:20906)\n    at ___assert_fail (/Users/mbp/Github/node_modules/rdkit/dist/rdkit.js:16:1317273)\n    at K0 (/Users/mbp/Github/node_modules/rdkit/dist/rdkit.js:34:185130)\n    at fs (/Users/mbp/Github/node_modules/rdkit/dist/rdkit.js:31:212111)\n    at sn (/Users/mbp/Github/node_modules/rdkit/dist/rdkit.js:24:227627)\n    at Array.rn (/Users/mbp/Github/node_modules/rdkit/dist/rdkit.js:24:206488)\n    at Object.Tka [as dynCall_viiiiii] (/Users/mbp/Github/node_modules/rdkit/dist/rdkit.js:45:25029)\n    at invoke_viiiiii (/Users/mbp/Github/node_modules/rdkit/dist/rdkit.js:16:1351459)\n    at WH (/Users/mbp/Github/node_modules/rdkit/dist/rdkit.js:28:161392)"
i=99561
"Assertion failed: !\"vector length_error\", at: /Users/mbp/Github/emsdk_portable1/emscripten/tag-1.34.6/system/include/libcxx/vector,303,__throw_length_error at Error\n    at jsStackTrace (/Users/mbp/Github/node_modules/rdkit/dist/rdkit.js:16:20723)\n    at stackTrace (/Users/mbp/Github/node_modules/rdkit/dist/rdkit.js:16:20906)\n    at ___assert_fail (/Users/mbp/Github/node_modules/rdkit/dist/rdkit.js:16:1317273)\n    at K0 (/Users/mbp/Github/node_modules/rdkit/dist/rdkit.js:34:185130)\n    at fs (/Users/mbp/Github/node_modules/rdkit/dist/rdkit.js:31:212111)\n    at sn (/Users/mbp/Github/node_modules/rdkit/dist/rdkit.js:24:227627)\n    at Array.rn (/Users/mbp/Github/node_modules/rdkit/dist/rdkit.js:24:206488)\n    at Object.Tka [as dynCall_viiiiii] (/Users/mbp/Github/node_modules/rdkit/dist/rdkit.js:45:25029)\n    at invoke_viiiiii (/Users/mbp/Github/node_modules/rdkit/dist/rdkit.js:16:1351459)\n    at WH (/Users/mbp/Github/node_modules/rdkit/dist/rdkit.js:28:161392)"
i=99568
"Assertion failed: !\"vector length_error\", at: /Users/mbp/Github/emsdk_portable1/emscripten/tag-1.34.6/system/include/libcxx/vector,303,__throw_length_error at Error\n    at jsStackTrace (/Users/mbp/Github/node_modules/rdkit/dist/rdkit.js:16:20723)\n    at stackTrace (/Users/mbp/Github/node_modules/rdkit/dist/rdkit.js:16:20906)\n    at ___assert_fail (/Users/mbp/Github/node_modules/rdkit/dist/rdkit.js:16:1317273)\n    at K0 (/Users/mbp/Github/node_modules/rdkit/dist/rdkit.js:34:185130)\n    at fs (/Users/mbp/Github/node_modules/rdkit/dist/rdkit.js:31:212111)\n    at sn (/Users/mbp/Github/node_modules/rdkit/dist/rdkit.js:24:227627)\n    at Array.rn (/Users/mbp/Github/node_modules/rdkit/dist/rdkit.js:24:206488)\n    at Object.Tka [as dynCall_viiiiii] (/Users/mbp/Github/node_modules/rdkit/dist/rdkit.js:45:25029)\n    at invoke_viiiiii (/Users/mbp/Github/node_modules/rdkit/dist/rdkit.js:16:1351459)\n    at WH (/Users/mbp/Github/node_modules/rdkit/dist/rdkit.js:28:161392)"
i=99568
"Assertion failed: !\"vector length_error\", at: /Users/mbp/Github/emsdk_portable1/emscripten/tag-1.34.6/system/include/libcxx/vector,303,__throw_length_error at Error\n    at jsStackTrace (/Users/mbp/Github/node_modules/rdkit/dist/rdkit.js:16:20723)\n    at stackTrace (/Users/mbp/Github/node_modules/rdkit/dist/rdkit.js:16:20906)\n    at ___assert_fail (/Users/mbp/Github/node_modules/rdkit/dist/rdkit.js:16:1317273)\n    at K0 (/Users/mbp/Github/node_modules/rdkit/dist/rdkit.js:34:185130)\n    at fs (/Users/mbp/Github/node_modules/rdkit/dist/rdkit.js:31:212111)\n    at sn (/Users/mbp/Github/node_modules/rdkit/dist/rdkit.js:24:227627)\n    at Array.rn (/Users/mbp/Github/node_modules/rdkit/dist/rdkit.js:24:206488)\n    at Object.Tka [as dynCall_viiiiii] (/Users/mbp/Github/node_modules/rdkit/dist/rdkit.js:45:25029)\n    at invoke_viiiiii (/Users/mbp/Github/node_modules/rdkit/dist/rdkit.js:16:1351459)\n    at WH (/Users/mbp/Github/node_modules/rdkit/dist/rdkit.js:28:161392)"
i=99568
"Assertion failed: !\"vector length_error\", at: /Users/mbp/Github/emsdk_portable1/emscripten/tag-1.34.6/system/include/libcxx/vector,303,__throw_length_error at Error\n    at jsStackTrace (/Users/mbp/Github/node_modules/rdkit/dist/rdkit.js:16:20723)\n    at stackTrace (/Users/mbp/Github/node_modules/rdkit/dist/rdkit.js:16:20906)\n    at ___assert_fail (/Users/mbp/Github/node_modules/rdkit/dist/rdkit.js:16:1317273)\n    at K0 (/Users/mbp/Github/node_modules/rdkit/dist/rdkit.js:34:185130)\n    at fs (/Users/mbp/Github/node_modules/rdkit/dist/rdkit.js:31:212111)\n    at sn (/Users/mbp/Github/node_modules/rdkit/dist/rdkit.js:24:227627)\n    at Array.rn (/Users/mbp/Github/node_modules/rdkit/dist/rdkit.js:24:206488)\n    at Object.Tka [as dynCall_viiiiii] (/Users/mbp/Github/node_modules/rdkit/dist/rdkit.js:45:25029)\n    at invoke_viiiiii (/Users/mbp/Github/node_modules/rdkit/dist/rdkit.js:16:1351459)\n    at WH (/Users/mbp/Github/node_modules/rdkit/dist/rdkit.js:28:161392)"
i=99568
"Assertion failed: !\"vector length_error\", at: /Users/mbp/Github/emsdk_portable1/emscripten/tag-1.34.6/system/include/libcxx/vector,303,__throw_length_error at Error\n    at jsStackTrace (/Users/mbp/Github/node_modules/rdkit/dist/rdkit.js:16:20723)\n    at stackTrace (/Users/mbp/Github/node_modules/rdkit/dist/rdkit.js:16:20906)\n    at ___assert_fail (/Users/mbp/Github/node_modules/rdkit/dist/rdkit.js:16:1317273)\n    at K0 (/Users/mbp/Github/node_modules/rdkit/dist/rdkit.js:34:185130)\n    at fs (/Users/mbp/Github/node_modules/rdkit/dist/rdkit.js:31:212111)\n    at sn (/Users/mbp/Github/node_modules/rdkit/dist/rdkit.js:24:227627)\n    at Array.rn (/Users/mbp/Github/node_modules/rdkit/dist/rdkit.js:24:206488)\n    at Object.Tka [as dynCall_viiiiii] (/Users/mbp/Github/node_modules/rdkit/dist/rdkit.js:45:25029)\n    at invoke_viiiiii (/Users/mbp/Github/node_modules/rdkit/dist/rdkit.js:16:1351459)\n    at WH (/Users/mbp/Github/node_modules/rdkit/dist/rdkit.js:28:161392)"
i=99568
"Assertion failed: !\"vector length_error\", at: /Users/mbp/Github/emsdk_portable1/emscripten/tag-1.34.6/system/include/libcxx/vector,303,__throw_length_error at Error\n    at jsStackTrace (/Users/mbp/Github/node_modules/rdkit/dist/rdkit.js:16:20723)\n    at stackTrace (/Users/mbp/Github/node_modules/rdkit/dist/rdkit.js:16:20906)\n    at ___assert_fail (/Users/mbp/Github/node_modules/rdkit/dist/rdkit.js:16:1317273)\n    at K0 (/Users/mbp/Github/node_modules/rdkit/dist/rdkit.js:34:185130)\n    at fs (/Users/mbp/Github/node_modules/rdkit/dist/rdkit.js:31:212111)\n    at sn (/Users/mbp/Github/node_modules/rdkit/dist/rdkit.js:24:227627)\n    at Array.rn (/Users/mbp/Github/node_modules/rdkit/dist/rdkit.js:24:206488)\n    at Object.Tka [as dynCall_viiiiii] (/Users/mbp/Github/node_modules/rdkit/dist/rdkit.js:45:25029)\n    at invoke_viiiiii (/Users/mbp/Github/node_modules/rdkit/dist/rdkit.js:16:1351459)\n    at WH (/Users/mbp/Github/node_modules/rdkit/dist/rdkit.js:28:161392)"
i=99568
"Assertion failed: !\"vector length_error\", at: /Users/mbp/Github/emsdk_portable1/emscripten/tag-1.34.6/system/include/libcxx/vector,303,__throw_length_error at Error\n    at jsStackTrace (/Users/mbp/Github/node_modules/rdkit/dist/rdkit.js:16:20723)\n    at stackTrace (/Users/mbp/Github/node_modules/rdkit/dist/rdkit.js:16:20906)\n    at ___assert_fail (/Users/mbp/Github/node_modules/rdkit/dist/rdkit.js:16:1317273)\n    at K0 (/Users/mbp/Github/node_modules/rdkit/dist/rdkit.js:34:185130)\n    at fs (/Users/mbp/Github/node_modules/rdkit/dist/rdkit.js:31:212111)\n    at sn (/Users/mbp/Github/node_modules/rdkit/dist/rdkit.js:24:227627)\n    at Array.rn (/Users/mbp/Github/node_modules/rdkit/dist/rdkit.js:24:206488)\n    at Object.Tka [as dynCall_viiiiii] (/Users/mbp/Github/node_modules/rdkit/dist/rdkit.js:45:25029)\n    at invoke_viiiiii (/Users/mbp/Github/node_modules/rdkit/dist/rdkit.js:16:1351459)\n    at WH (/Users/mbp/Github/node_modules/rdkit/dist/rdkit.js:28:161392)"
i=99568
"Assertion failed: !\"vector length_error\", at: /Users/mbp/Github/emsdk_portable1/emscripten/tag-1.34.6/system/include/libcxx/vector,303,__throw_length_error at Error\n    at jsStackTrace (/Users/mbp/Github/node_modules/rdkit/dist/rdkit.js:16:20723)\n    at stackTrace (/Users/mbp/Github/node_modules/rdkit/dist/rdkit.js:16:20906)\n    at ___assert_fail (/Users/mbp/Github/node_modules/rdkit/dist/rdkit.js:16:1317273)\n    at K0 (/Users/mbp/Github/node_modules/rdkit/dist/rdkit.js:34:185130)\n    at fs (/Users/mbp/Github/node_modules/rdkit/dist/rdkit.js:31:212111)\n    at sn (/Users/mbp/Github/node_modules/rdkit/dist/rdkit.js:24:227627)\n    at Array.rn (/Users/mbp/Github/node_modules/rdkit/dist/rdkit.js:24:206488)\n    at Object.Tka [as dynCall_viiiiii] (/Users/mbp/Github/node_modules/rdkit/dist/rdkit.js:45:25029)\n    at invoke_viiiiii (/Users/mbp/Github/node_modules/rdkit/dist/rdkit.js:16:1351459)\n    at WH (/Users/mbp/Github/node_modules/rdkit/dist/rdkit.js:28:161392)"
i=99568
"Assertion failed: !\"vector length_error\", at: /Users/mbp/Github/emsdk_portable1/emscripten/tag-1.34.6/system/include/libcxx/vector,303,__throw_length_error at Error\n    at jsStackTrace (/Users/mbp/Github/node_modules/rdkit/dist/rdkit.js:16:20723)\n    at stackTrace (/Users/mbp/Github/node_modules/rdkit/dist/rdkit.js:16:20906)\n    at ___assert_fail (/Users/mbp/Github/node_modules/rdkit/dist/rdkit.js:16:1317273)\n    at K0 (/Users/mbp/Github/node_modules/rdkit/dist/rdkit.js:34:185130)\n    at fs (/Users/mbp/Github/node_modules/rdkit/dist/rdkit.js:31:212111)\n    at sn (/Users/mbp/Github/node_modules/rdkit/dist/rdkit.js:24:227627)\n    at Array.rn (/Users/mbp/Github/node_modules/rdkit/dist/rdkit.js:24:206488)\n    at Object.Tka [as dynCall_viiiiii] (/Users/mbp/Github/node_modules/rdkit/dist/rdkit.js:45:25029)\n    at invoke_viiiiii (/Users/mbp/Github/node_modules/rdkit/dist/rdkit.js:16:1351459)\n    at WH (/Users/mbp/Github/node_modules/rdkit/dist/rdkit.js:28:161392)"
i=99568
"Assertion failed: !\"vector length_error\", at: /Users/mbp/Github/emsdk_portable1/emscripten/tag-1.34.6/system/include/libcxx/vector,303,__throw_length_error at Error\n    at jsStackTrace (/Users/mbp/Github/node_modules/rdkit/dist/rdkit.js:16:20723)\n    at stackTrace (/Users/mbp/Github/node_modules/rdkit/dist/rdkit.js:16:20906)\n    at ___assert_fail (/Users/mbp/Github/node_modules/rdkit/dist/rdkit.js:16:1317273)\n    at K0 (/Users/mbp/Github/node_modules/rdkit/dist/rdkit.js:34:185130)\n    at fs (/Users/mbp/Github/node_modules/rdkit/dist/rdkit.js:31:212111)\n    at sn (/Users/mbp/Github/node_modules/rdkit/dist/rdkit.js:24:227627)\n    at Array.rn (/Users/mbp/Github/node_modules/rdkit/dist/rdkit.js:24:206488)\n    at Object.Tka [as dynCall_viiiiii] (/Users/mbp/Github/node_modules/rdkit/dist/rdkit.js:45:25029)\n    at invoke_viiiiii (/Users/mbp/Github/node_modules/rdkit/dist/rdkit.js:16:1351459)\n    at WH (/Users/mbp/Github/node_modules/rdkit/dist/rdkit.js:28:161392)"
i=99568
"Assertion failed: !\"vector length_error\", at: /Users/mbp/Github/emsdk_portable1/emscripten/tag-1.34.6/system/include/libcxx/vector,303,__throw_length_error at Error\n    at jsStackTrace (/Users/mbp/Github/node_modules/rdkit/dist/rdkit.js:16:20723)\n    at stackTrace (/Users/mbp/Github/node_modules/rdkit/dist/rdkit.js:16:20906)\n    at ___assert_fail (/Users/mbp/Github/node_modules/rdkit/dist/rdkit.js:16:1317273)\n    at K0 (/Users/mbp/Github/node_modules/rdkit/dist/rdkit.js:34:185130)\n    at fs (/Users/mbp/Github/node_modules/rdkit/dist/rdkit.js:31:212111)\n    at sn (/Users/mbp/Github/node_modules/rdkit/dist/rdkit.js:24:227627)\n    at Array.rn (/Users/mbp/Github/node_modules/rdkit/dist/rdkit.js:24:206488)\n    at Object.Tka [as dynCall_viiiiii] (/Users/mbp/Github/node_modules/rdkit/dist/rdkit.js:45:25029)\n    at invoke_viiiiii (/Users/mbp/Github/node_modules/rdkit/dist/rdkit.js:16:1351459)\n    at WH (/Users/mbp/Github/node_modules/rdkit/dist/rdkit.js:28:161392)"
i=99568
"Assertion failed: !\"vector length_error\", at: /Users/mbp/Github/emsdk_portable1/emscripten/tag-1.34.6/system/include/libcxx/vector,303,__throw_length_error at Error\n    at jsStackTrace (/Users/mbp/Github/node_modules/rdkit/dist/rdkit.js:16:20723)\n    at stackTrace (/Users/mbp/Github/node_modules/rdkit/dist/rdkit.js:16:20906)\n    at ___assert_fail (/Users/mbp/Github/node_modules/rdkit/dist/rdkit.js:16:1317273)\n    at K0 (/Users/mbp/Github/node_modules/rdkit/dist/rdkit.js:34:185130)\n    at fs (/Users/mbp/Github/node_modules/rdkit/dist/rdkit.js:31:212111)\n    at sn (/Users/mbp/Github/node_modules/rdkit/dist/rdkit.js:24:227627)\n    at Array.rn (/Users/mbp/Github/node_modules/rdkit/dist/rdkit.js:24:206488)\n    at Object.Tka [as dynCall_viiiiii] (/Users/mbp/Github/node_modules/rdkit/dist/rdkit.js:45:25029)\n    at invoke_viiiiii (/Users/mbp/Github/node_modules/rdkit/dist/rdkit.js:16:1351459)\n    at WH (/Users/mbp/Github/node_modules/rdkit/dist/rdkit.js:28:161392)"
i=99568
"Assertion failed: !\"vector length_error\", at: /Users/mbp/Github/emsdk_portable1/emscripten/tag-1.34.6/system/include/libcxx/vector,303,__throw_length_error at Error\n    at jsStackTrace (/Users/mbp/Github/node_modules/rdkit/dist/rdkit.js:16:20723)\n    at stackTrace (/Users/mbp/Github/node_modules/rdkit/dist/rdkit.js:16:20906)\n    at ___assert_fail (/Users/mbp/Github/node_modules/rdkit/dist/rdkit.js:16:1317273)\n    at K0 (/Users/mbp/Github/node_modules/rdkit/dist/rdkit.js:34:185130)\n    at fs (/Users/mbp/Github/node_modules/rdkit/dist/rdkit.js:31:212111)\n    at sn (/Users/mbp/Github/node_modules/rdkit/dist/rdkit.js:24:227627)\n    at Array.rn (/Users/mbp/Github/node_modules/rdkit/dist/rdkit.js:24:206488)\n    at Object.Tka [as dynCall_viiiiii] (/Users/mbp/Github/node_modules/rdkit/dist/rdkit.js:45:25029)\n    at invoke_viiiiii (/Users/mbp/Github/node_modules/rdkit/dist/rdkit.js:16:1351459)\n    at WH (/Users/mbp/Github/node_modules/rdkit/dist/rdkit.js:28:161392)"
i=99568
"Assertion failed: !\"vector length_error\", at: /Users/mbp/Github/emsdk_portable1/emscripten/tag-1.34.6/system/include/libcxx/vector,303,__throw_length_error at Error\n    at jsStackTrace (/Users/mbp/Github/node_modules/rdkit/dist/rdkit.js:16:20723)\n    at stackTrace (/Users/mbp/Github/node_modules/rdkit/dist/rdkit.js:16:20906)\n    at ___assert_fail (/Users/mbp/Github/node_modules/rdkit/dist/rdkit.js:16:1317273)\n    at K0 (/Users/mbp/Github/node_modules/rdkit/dist/rdkit.js:34:185130)\n    at fs (/Users/mbp/Github/node_modules/rdkit/dist/rdkit.js:31:212111)\n    at sn (/Users/mbp/Github/node_modules/rdkit/dist/rdkit.js:24:227627)\n    at Array.rn (/Users/mbp/Github/node_modules/rdkit/dist/rdkit.js:24:206488)\n    at Object.Tka [as dynCall_viiiiii] (/Users/mbp/Github/node_modules/rdkit/dist/rdkit.js:45:25029)\n    at invoke_viiiiii (/Users/mbp/Github/node_modules/rdkit/dist/rdkit.js:16:1351459)\n    at WH (/Users/mbp/Github/node_modules/rdkit/dist/rdkit.js:28:161392)"
i=99568
"Assertion failed: !\"vector length_error\", at: /Users/mbp/Github/emsdk_portable1/emscripten/tag-1.34.6/system/include/libcxx/vector,303,__throw_length_error at Error\n    at jsStackTrace (/Users/mbp/Github/node_modules/rdkit/dist/rdkit.js:16:20723)\n    at stackTrace (/Users/mbp/Github/node_modules/rdkit/dist/rdkit.js:16:20906)\n    at ___assert_fail (/Users/mbp/Github/node_modules/rdkit/dist/rdkit.js:16:1317273)\n    at K0 (/Users/mbp/Github/node_modules/rdkit/dist/rdkit.js:34:185130)\n    at fs (/Users/mbp/Github/node_modules/rdkit/dist/rdkit.js:31:212111)\n    at sn (/Users/mbp/Github/node_modules/rdkit/dist/rdkit.js:24:227627)\n    at Array.rn (/Users/mbp/Github/node_modules/rdkit/dist/rdkit.js:24:206488)\n    at Object.Tka [as dynCall_viiiiii] (/Users/mbp/Github/node_modules/rdkit/dist/rdkit.js:45:25029)\n    at invoke_viiiiii (/Users/mbp/Github/node_modules/rdkit/dist/rdkit.js:16:1351459)\n    at WH (/Users/mbp/Github/node_modules/rdkit/dist/rdkit.js:28:161392)"
i=99569
"Assertion failed: !\"vector length_error\", at: /Users/mbp/Github/emsdk_portable1/emscripten/tag-1.34.6/system/include/libcxx/vector,303,__throw_length_error at Error\n    at jsStackTrace (/Users/mbp/Github/node_modules/rdkit/dist/rdkit.js:16:20723)\n    at stackTrace (/Users/mbp/Github/node_modules/rdkit/dist/rdkit.js:16:20906)\n    at ___assert_fail (/Users/mbp/Github/node_modules/rdkit/dist/rdkit.js:16:1317273)\n    at K0 (/Users/mbp/Github/node_modules/rdkit/dist/rdkit.js:34:185130)\n    at fs (/Users/mbp/Github/node_modules/rdkit/dist/rdkit.js:31:212111)\n    at sn (/Users/mbp/Github/node_modules/rdkit/dist/rdkit.js:24:227627)\n    at Array.rn (/Users/mbp/Github/node_modules/rdkit/dist/rdkit.js:24:206488)\n    at Object.Tka [as dynCall_viiiiii] (/Users/mbp/Github/node_modules/rdkit/dist/rdkit.js:45:25029)\n    at invoke_viiiiii (/Users/mbp/Github/node_modules/rdkit/dist/rdkit.js:16:1351459)\n    at WH (/Users/mbp/Github/node_modules/rdkit/dist/rdkit.js:28:161392)"
i=99569
"Assertion failed: !\"vector length_error\", at: /Users/mbp/Github/emsdk_portable1/emscripten/tag-1.34.6/system/include/libcxx/vector,303,__throw_length_error at Error\n    at jsStackTrace (/Users/mbp/Github/node_modules/rdkit/dist/rdkit.js:16:20723)\n    at stackTrace (/Users/mbp/Github/node_modules/rdkit/dist/rdkit.js:16:20906)\n    at ___assert_fail (/Users/mbp/Github/node_modules/rdkit/dist/rdkit.js:16:1317273)\n    at K0 (/Users/mbp/Github/node_modules/rdkit/dist/rdkit.js:34:185130)\n    at fs (/Users/mbp/Github/node_modules/rdkit/dist/rdkit.js:31:212111)\n    at sn (/Users/mbp/Github/node_modules/rdkit/dist/rdkit.js:24:227627)\n    at Array.rn (/Users/mbp/Github/node_modules/rdkit/dist/rdkit.js:24:206488)\n    at Object.Tka [as dynCall_viiiiii] (/Users/mbp/Github/node_modules/rdkit/dist/rdkit.js:45:25029)\n    at invoke_viiiiii (/Users/mbp/Github/node_modules/rdkit/dist/rdkit.js:16:1351459)\n    at WH (/Users/mbp/Github/node_modules/rdkit/dist/rdkit.js:28:161392)"
i=99569
"Assertion failed: !\"vector length_error\", at: /Users/mbp/Github/emsdk_portable1/emscripten/tag-1.34.6/system/include/libcxx/vector,303,__throw_length_error at Error\n    at jsStackTrace (/Users/mbp/Github/node_modules/rdkit/dist/rdkit.js:16:20723)\n    at stackTrace (/Users/mbp/Github/node_modules/rdkit/dist/rdkit.js:16:20906)\n    at ___assert_fail (/Users/mbp/Github/node_modules/rdkit/dist/rdkit.js:16:1317273)\n    at K0 (/Users/mbp/Github/node_modules/rdkit/dist/rdkit.js:34:185130)\n    at fs (/Users/mbp/Github/node_modules/rdkit/dist/rdkit.js:31:212111)\n    at sn (/Users/mbp/Github/node_modules/rdkit/dist/rdkit.js:24:227627)\n    at Array.rn (/Users/mbp/Github/node_modules/rdkit/dist/rdkit.js:24:206488)\n    at Object.Tka [as dynCall_viiiiii] (/Users/mbp/Github/node_modules/rdkit/dist/rdkit.js:45:25029)\n    at invoke_viiiiii (/Users/mbp/Github/node_modules/rdkit/dist/rdkit.js:16:1351459)\n    at WH (/Users/mbp/Github/node_modules/rdkit/dist/rdkit.js:28:161392)"
i=99569
"Assertion failed: !\"vector length_error\", at: /Users/mbp/Github/emsdk_portable1/emscripten/tag-1.34.6/system/include/libcxx/vector,303,__throw_length_error at Error\n    at jsStackTrace (/Users/mbp/Github/node_modules/rdkit/dist/rdkit.js:16:20723)\n    at stackTrace (/Users/mbp/Github/node_modules/rdkit/dist/rdkit.js:16:20906)\n    at ___assert_fail (/Users/mbp/Github/node_modules/rdkit/dist/rdkit.js:16:1317273)\n    at K0 (/Users/mbp/Github/node_modules/rdkit/dist/rdkit.js:34:185130)\n    at fs (/Users/mbp/Github/node_modules/rdkit/dist/rdkit.js:31:212111)\n    at sn (/Users/mbp/Github/node_modules/rdkit/dist/rdkit.js:24:227627)\n    at Array.rn (/Users/mbp/Github/node_modules/rdkit/dist/rdkit.js:24:206488)\n    at Object.Tka [as dynCall_viiiiii] (/Users/mbp/Github/node_modules/rdkit/dist/rdkit.js:45:25029)\n    at invoke_viiiiii (/Users/mbp/Github/node_modules/rdkit/dist/rdkit.js:16:1351459)\n    at WH (/Users/mbp/Github/node_modules/rdkit/dist/rdkit.js:28:161392)"
i=99569
"Assertion failed: !\"vector length_error\", at: /Users/mbp/Github/emsdk_portable1/emscripten/tag-1.34.6/system/include/libcxx/vector,303,__throw_length_error at Error\n    at jsStackTrace (/Users/mbp/Github/node_modules/rdkit/dist/rdkit.js:16:20723)\n    at stackTrace (/Users/mbp/Github/node_modules/rdkit/dist/rdkit.js:16:20906)\n    at ___assert_fail (/Users/mbp/Github/node_modules/rdkit/dist/rdkit.js:16:1317273)\n    at K0 (/Users/mbp/Github/node_modules/rdkit/dist/rdkit.js:34:185130)\n    at fs (/Users/mbp/Github/node_modules/rdkit/dist/rdkit.js:31:212111)\n    at sn (/Users/mbp/Github/node_modules/rdkit/dist/rdkit.js:24:227627)\n    at Array.rn (/Users/mbp/Github/node_modules/rdkit/dist/rdkit.js:24:206488)\n    at Object.Tka [as dynCall_viiiiii] (/Users/mbp/Github/node_modules/rdkit/dist/rdkit.js:45:25029)\n    at invoke_viiiiii (/Users/mbp/Github/node_modules/rdkit/dist/rdkit.js:16:1351459)\n    at WH (/Users/mbp/Github/node_modules/rdkit/dist/rdkit.js:28:161392)"
i=99569
"Assertion failed: !\"vector length_error\", at: /Users/mbp/Github/emsdk_portable1/emscripten/tag-1.34.6/system/include/libcxx/vector,303,__throw_length_error at Error\n    at jsStackTrace (/Users/mbp/Github/node_modules/rdkit/dist/rdkit.js:16:20723)\n    at stackTrace (/Users/mbp/Github/node_modules/rdkit/dist/rdkit.js:16:20906)\n    at ___assert_fail (/Users/mbp/Github/node_modules/rdkit/dist/rdkit.js:16:1317273)\n    at K0 (/Users/mbp/Github/node_modules/rdkit/dist/rdkit.js:34:185130)\n    at fs (/Users/mbp/Github/node_modules/rdkit/dist/rdkit.js:31:212111)\n    at sn (/Users/mbp/Github/node_modules/rdkit/dist/rdkit.js:24:227627)\n    at Array.rn (/Users/mbp/Github/node_modules/rdkit/dist/rdkit.js:24:206488)\n    at Object.Tka [as dynCall_viiiiii] (/Users/mbp/Github/node_modules/rdkit/dist/rdkit.js:45:25029)\n    at invoke_viiiiii (/Users/mbp/Github/node_modules/rdkit/dist/rdkit.js:16:1351459)\n    at WH (/Users/mbp/Github/node_modules/rdkit/dist/rdkit.js:28:161392)"
i=99569
"Assertion failed: !\"vector length_error\", at: /Users/mbp/Github/emsdk_portable1/emscripten/tag-1.34.6/system/include/libcxx/vector,303,__throw_length_error at Error\n    at jsStackTrace (/Users/mbp/Github/node_modules/rdkit/dist/rdkit.js:16:20723)\n    at stackTrace (/Users/mbp/Github/node_modules/rdkit/dist/rdkit.js:16:20906)\n    at ___assert_fail (/Users/mbp/Github/node_modules/rdkit/dist/rdkit.js:16:1317273)\n    at K0 (/Users/mbp/Github/node_modules/rdkit/dist/rdkit.js:34:185130)\n    at fs (/Users/mbp/Github/node_modules/rdkit/dist/rdkit.js:31:212111)\n    at sn (/Users/mbp/Github/node_modules/rdkit/dist/rdkit.js:24:227627)\n    at Array.rn (/Users/mbp/Github/node_modules/rdkit/dist/rdkit.js:24:206488)\n    at Object.Tka [as dynCall_viiiiii] (/Users/mbp/Github/node_modules/rdkit/dist/rdkit.js:45:25029)\n    at invoke_viiiiii (/Users/mbp/Github/node_modules/rdkit/dist/rdkit.js:16:1351459)\n    at WH (/Users/mbp/Github/node_modules/rdkit/dist/rdkit.js:28:161392)"
i=99569
"Assertion failed: !\"vector length_error\", at: /Users/mbp/Github/emsdk_portable1/emscripten/tag-1.34.6/system/include/libcxx/vector,303,__throw_length_error at Error\n    at jsStackTrace (/Users/mbp/Github/node_modules/rdkit/dist/rdkit.js:16:20723)\n    at stackTrace (/Users/mbp/Github/node_modules/rdkit/dist/rdkit.js:16:20906)\n    at ___assert_fail (/Users/mbp/Github/node_modules/rdkit/dist/rdkit.js:16:1317273)\n    at K0 (/Users/mbp/Github/node_modules/rdkit/dist/rdkit.js:34:185130)\n    at fs (/Users/mbp/Github/node_modules/rdkit/dist/rdkit.js:31:212111)\n    at sn (/Users/mbp/Github/node_modules/rdkit/dist/rdkit.js:24:227627)\n    at Array.rn (/Users/mbp/Github/node_modules/rdkit/dist/rdkit.js:24:206488)\n    at Object.Tka [as dynCall_viiiiii] (/Users/mbp/Github/node_modules/rdkit/dist/rdkit.js:45:25029)\n    at invoke_viiiiii (/Users/mbp/Github/node_modules/rdkit/dist/rdkit.js:16:1351459)\n    at WH (/Users/mbp/Github/node_modules/rdkit/dist/rdkit.js:28:161392)"
i=99569
"Assertion failed: !\"vector length_error\", at: /Users/mbp/Github/emsdk_portable1/emscripten/tag-1.34.6/system/include/libcxx/vector,303,__throw_length_error at Error\n    at jsStackTrace (/Users/mbp/Github/node_modules/rdkit/dist/rdkit.js:16:20723)\n    at stackTrace (/Users/mbp/Github/node_modules/rdkit/dist/rdkit.js:16:20906)\n    at ___assert_fail (/Users/mbp/Github/node_modules/rdkit/dist/rdkit.js:16:1317273)\n    at K0 (/Users/mbp/Github/node_modules/rdkit/dist/rdkit.js:34:185130)\n    at fs (/Users/mbp/Github/node_modules/rdkit/dist/rdkit.js:31:212111)\n    at sn (/Users/mbp/Github/node_modules/rdkit/dist/rdkit.js:24:227627)\n    at Array.rn (/Users/mbp/Github/node_modules/rdkit/dist/rdkit.js:24:206488)\n    at Object.Tka [as dynCall_viiiiii] (/Users/mbp/Github/node_modules/rdkit/dist/rdkit.js:45:25029)\n    at invoke_viiiiii (/Users/mbp/Github/node_modules/rdkit/dist/rdkit.js:16:1351459)\n    at WH (/Users/mbp/Github/node_modules/rdkit/dist/rdkit.js:28:161392)"
i=99569
"Assertion failed: !\"vector length_error\", at: /Users/mbp/Github/emsdk_portable1/emscripten/tag-1.34.6/system/include/libcxx/vector,303,__throw_length_error at Error\n    at jsStackTrace (/Users/mbp/Github/node_modules/rdkit/dist/rdkit.js:16:20723)\n    at stackTrace (/Users/mbp/Github/node_modules/rdkit/dist/rdkit.js:16:20906)\n    at ___assert_fail (/Users/mbp/Github/node_modules/rdkit/dist/rdkit.js:16:1317273)\n    at K0 (/Users/mbp/Github/node_modules/rdkit/dist/rdkit.js:34:185130)\n    at fs (/Users/mbp/Github/node_modules/rdkit/dist/rdkit.js:31:212111)\n    at sn (/Users/mbp/Github/node_modules/rdkit/dist/rdkit.js:24:227627)\n    at Array.rn (/Users/mbp/Github/node_modules/rdkit/dist/rdkit.js:24:206488)\n    at Object.Tka [as dynCall_viiiiii] (/Users/mbp/Github/node_modules/rdkit/dist/rdkit.js:45:25029)\n    at invoke_viiiiii (/Users/mbp/Github/node_modules/rdkit/dist/rdkit.js:16:1351459)\n    at WH (/Users/mbp/Github/node_modules/rdkit/dist/rdkit.js:28:161392)"
i=99569
"Assertion failed: !\"vector length_error\", at: /Users/mbp/Github/emsdk_portable1/emscripten/tag-1.34.6/system/include/libcxx/vector,303,__throw_length_error at Error\n    at jsStackTrace (/Users/mbp/Github/node_modules/rdkit/dist/rdkit.js:16:20723)\n    at stackTrace (/Users/mbp/Github/node_modules/rdkit/dist/rdkit.js:16:20906)\n    at ___assert_fail (/Users/mbp/Github/node_modules/rdkit/dist/rdkit.js:16:1317273)\n    at K0 (/Users/mbp/Github/node_modules/rdkit/dist/rdkit.js:34:185130)\n    at fs (/Users/mbp/Github/node_modules/rdkit/dist/rdkit.js:31:212111)\n    at sn (/Users/mbp/Github/node_modules/rdkit/dist/rdkit.js:24:227627)\n    at Array.rn (/Users/mbp/Github/node_modules/rdkit/dist/rdkit.js:24:206488)\n    at Object.Tka [as dynCall_viiiiii] (/Users/mbp/Github/node_modules/rdkit/dist/rdkit.js:45:25029)\n    at invoke_viiiiii (/Users/mbp/Github/node_modules/rdkit/dist/rdkit.js:16:1351459)\n    at WH (/Users/mbp/Github/node_modules/rdkit/dist/rdkit.js:28:161392)"
i=99569
"Assertion failed: !\"vector length_error\", at: /Users/mbp/Github/emsdk_portable1/emscripten/tag-1.34.6/system/include/libcxx/vector,303,__throw_length_error at Error\n    at jsStackTrace (/Users/mbp/Github/node_modules/rdkit/dist/rdkit.js:16:20723)\n    at stackTrace (/Users/mbp/Github/node_modules/rdkit/dist/rdkit.js:16:20906)\n    at ___assert_fail (/Users/mbp/Github/node_modules/rdkit/dist/rdkit.js:16:1317273)\n    at K0 (/Users/mbp/Github/node_modules/rdkit/dist/rdkit.js:34:185130)\n    at fs (/Users/mbp/Github/node_modules/rdkit/dist/rdkit.js:31:212111)\n    at sn (/Users/mbp/Github/node_modules/rdkit/dist/rdkit.js:24:227627)\n    at Array.rn (/Users/mbp/Github/node_modules/rdkit/dist/rdkit.js:24:206488)\n    at Object.Tka [as dynCall_viiiiii] (/Users/mbp/Github/node_modules/rdkit/dist/rdkit.js:45:25029)\n    at invoke_viiiiii (/Users/mbp/Github/node_modules/rdkit/dist/rdkit.js:16:1351459)\n    at WH (/Users/mbp/Github/node_modules/rdkit/dist/rdkit.js:28:161392)"
i=99569
"Assertion failed: !\"vector length_error\", at: /Users/mbp/Github/emsdk_portable1/emscripten/tag-1.34.6/system/include/libcxx/vector,303,__throw_length_error at Error\n    at jsStackTrace (/Users/mbp/Github/node_modules/rdkit/dist/rdkit.js:16:20723)\n    at stackTrace (/Users/mbp/Github/node_modules/rdkit/dist/rdkit.js:16:20906)\n    at ___assert_fail (/Users/mbp/Github/node_modules/rdkit/dist/rdkit.js:16:1317273)\n    at K0 (/Users/mbp/Github/node_modules/rdkit/dist/rdkit.js:34:185130)\n    at fs (/Users/mbp/Github/node_modules/rdkit/dist/rdkit.js:31:212111)\n    at sn (/Users/mbp/Github/node_modules/rdkit/dist/rdkit.js:24:227627)\n    at Array.rn (/Users/mbp/Github/node_modules/rdkit/dist/rdkit.js:24:206488)\n    at Object.Tka [as dynCall_viiiiii] (/Users/mbp/Github/node_modules/rdkit/dist/rdkit.js:45:25029)\n    at invoke_viiiiii (/Users/mbp/Github/node_modules/rdkit/dist/rdkit.js:16:1351459)\n    at WH (/Users/mbp/Github/node_modules/rdkit/dist/rdkit.js:28:161392)"
i=99569
"Assertion failed: !\"vector length_error\", at: /Users/mbp/Github/emsdk_portable1/emscripten/tag-1.34.6/system/include/libcxx/vector,303,__throw_length_error at Error\n    at jsStackTrace (/Users/mbp/Github/node_modules/rdkit/dist/rdkit.js:16:20723)\n    at stackTrace (/Users/mbp/Github/node_modules/rdkit/dist/rdkit.js:16:20906)\n    at ___assert_fail (/Users/mbp/Github/node_modules/rdkit/dist/rdkit.js:16:1317273)\n    at K0 (/Users/mbp/Github/node_modules/rdkit/dist/rdkit.js:34:185130)\n    at fs (/Users/mbp/Github/node_modules/rdkit/dist/rdkit.js:31:212111)\n    at sn (/Users/mbp/Github/node_modules/rdkit/dist/rdkit.js:24:227627)\n    at Array.rn (/Users/mbp/Github/node_modules/rdkit/dist/rdkit.js:24:206488)\n    at Object.Tka [as dynCall_viiiiii] (/Users/mbp/Github/node_modules/rdkit/dist/rdkit.js:45:25029)\n    at invoke_viiiiii (/Users/mbp/Github/node_modules/rdkit/dist/rdkit.js:16:1351459)\n    at WH (/Users/mbp/Github/node_modules/rdkit/dist/rdkit.js:28:161392)"
i=99569
"Assertion failed: !\"vector length_error\", at: /Users/mbp/Github/emsdk_portable1/emscripten/tag-1.34.6/system/include/libcxx/vector,303,__throw_length_error at Error\n    at jsStackTrace (/Users/mbp/Github/node_modules/rdkit/dist/rdkit.js:16:20723)\n    at stackTrace (/Users/mbp/Github/node_modules/rdkit/dist/rdkit.js:16:20906)\n    at ___assert_fail (/Users/mbp/Github/node_modules/rdkit/dist/rdkit.js:16:1317273)\n    at K0 (/Users/mbp/Github/node_modules/rdkit/dist/rdkit.js:34:185130)\n    at fs (/Users/mbp/Github/node_modules/rdkit/dist/rdkit.js:31:212111)\n    at sn (/Users/mbp/Github/node_modules/rdkit/dist/rdkit.js:24:227627)\n    at Array.rn (/Users/mbp/Github/node_modules/rdkit/dist/rdkit.js:24:206488)\n    at Object.Tka [as dynCall_viiiiii] (/Users/mbp/Github/node_modules/rdkit/dist/rdkit.js:45:25029)\n    at invoke_viiiiii (/Users/mbp/Github/node_modules/rdkit/dist/rdkit.js:16:1351459)\n    at WH (/Users/mbp/Github/node_modules/rdkit/dist/rdkit.js:28:161392)"
i=99569
"Assertion failed: !\"vector length_error\", at: /Users/mbp/Github/emsdk_portable1/emscripten/tag-1.34.6/system/include/libcxx/vector,303,__throw_length_error at Error\n    at jsStackTrace (/Users/mbp/Github/node_modules/rdkit/dist/rdkit.js:16:20723)\n    at stackTrace (/Users/mbp/Github/node_modules/rdkit/dist/rdkit.js:16:20906)\n    at ___assert_fail (/Users/mbp/Github/node_modules/rdkit/dist/rdkit.js:16:1317273)\n    at K0 (/Users/mbp/Github/node_modules/rdkit/dist/rdkit.js:34:185130)\n    at fs (/Users/mbp/Github/node_modules/rdkit/dist/rdkit.js:31:212111)\n    at sn (/Users/mbp/Github/node_modules/rdkit/dist/rdkit.js:24:227627)\n    at Array.rn (/Users/mbp/Github/node_modules/rdkit/dist/rdkit.js:24:206488)\n    at Object.Tka [as dynCall_viiiiii] (/Users/mbp/Github/node_modules/rdkit/dist/rdkit.js:45:25029)\n    at invoke_viiiiii (/Users/mbp/Github/node_modules/rdkit/dist/rdkit.js:16:1351459)\n    at WH (/Users/mbp/Github/node_modules/rdkit/dist/rdkit.js:28:161392)"
i=99569
"Assertion failed: !\"vector length_error\", at: /Users/mbp/Github/emsdk_portable1/emscripten/tag-1.34.6/system/include/libcxx/vector,303,__throw_length_error at Error\n    at jsStackTrace (/Users/mbp/Github/node_modules/rdkit/dist/rdkit.js:16:20723)\n    at stackTrace (/Users/mbp/Github/node_modules/rdkit/dist/rdkit.js:16:20906)\n    at ___assert_fail (/Users/mbp/Github/node_modules/rdkit/dist/rdkit.js:16:1317273)\n    at K0 (/Users/mbp/Github/node_modules/rdkit/dist/rdkit.js:34:185130)\n    at fs (/Users/mbp/Github/node_modules/rdkit/dist/rdkit.js:31:212111)\n    at sn (/Users/mbp/Github/node_modules/rdkit/dist/rdkit.js:24:227627)\n    at Array.rn (/Users/mbp/Github/node_modules/rdkit/dist/rdkit.js:24:206488)\n    at Object.Tka [as dynCall_viiiiii] (/Users/mbp/Github/node_modules/rdkit/dist/rdkit.js:45:25029)\n    at invoke_viiiiii (/Users/mbp/Github/node_modules/rdkit/dist/rdkit.js:16:1351459)\n    at WH (/Users/mbp/Github/node_modules/rdkit/dist/rdkit.js:28:161392)"
i=99569
"Assertion failed: !\"vector length_error\", at: /Users/mbp/Github/emsdk_portable1/emscripten/tag-1.34.6/system/include/libcxx/vector,303,__throw_length_error at Error\n    at jsStackTrace (/Users/mbp/Github/node_modules/rdkit/dist/rdkit.js:16:20723)\n    at stackTrace (/Users/mbp/Github/node_modules/rdkit/dist/rdkit.js:16:20906)\n    at ___assert_fail (/Users/mbp/Github/node_modules/rdkit/dist/rdkit.js:16:1317273)\n    at K0 (/Users/mbp/Github/node_modules/rdkit/dist/rdkit.js:34:185130)\n    at fs (/Users/mbp/Github/node_modules/rdkit/dist/rdkit.js:31:212111)\n    at sn (/Users/mbp/Github/node_modules/rdkit/dist/rdkit.js:24:227627)\n    at Array.rn (/Users/mbp/Github/node_modules/rdkit/dist/rdkit.js:24:206488)\n    at Object.Tka [as dynCall_viiiiii] (/Users/mbp/Github/node_modules/rdkit/dist/rdkit.js:45:25029)\n    at invoke_viiiiii (/Users/mbp/Github/node_modules/rdkit/dist/rdkit.js:16:1351459)\n    at WH (/Users/mbp/Github/node_modules/rdkit/dist/rdkit.js:28:161392)"
i=99569
"Assertion failed: !\"vector length_error\", at: /Users/mbp/Github/emsdk_portable1/emscripten/tag-1.34.6/system/include/libcxx/vector,303,__throw_length_error at Error\n    at jsStackTrace (/Users/mbp/Github/node_modules/rdkit/dist/rdkit.js:16:20723)\n    at stackTrace (/Users/mbp/Github/node_modules/rdkit/dist/rdkit.js:16:20906)\n    at ___assert_fail (/Users/mbp/Github/node_modules/rdkit/dist/rdkit.js:16:1317273)\n    at K0 (/Users/mbp/Github/node_modules/rdkit/dist/rdkit.js:34:185130)\n    at fs (/Users/mbp/Github/node_modules/rdkit/dist/rdkit.js:31:212111)\n    at sn (/Users/mbp/Github/node_modules/rdkit/dist/rdkit.js:24:227627)\n    at Array.rn (/Users/mbp/Github/node_modules/rdkit/dist/rdkit.js:24:206488)\n    at Object.Tka [as dynCall_viiiiii] (/Users/mbp/Github/node_modules/rdkit/dist/rdkit.js:45:25029)\n    at invoke_viiiiii (/Users/mbp/Github/node_modules/rdkit/dist/rdkit.js:16:1351459)\n    at WH (/Users/mbp/Github/node_modules/rdkit/dist/rdkit.js:28:161392)"
i=99569
"Assertion failed: !\"vector length_error\", at: /Users/mbp/Github/emsdk_portable1/emscripten/tag-1.34.6/system/include/libcxx/vector,303,__throw_length_error at Error\n    at jsStackTrace (/Users/mbp/Github/node_modules/rdkit/dist/rdkit.js:16:20723)\n    at stackTrace (/Users/mbp/Github/node_modules/rdkit/dist/rdkit.js:16:20906)\n    at ___assert_fail (/Users/mbp/Github/node_modules/rdkit/dist/rdkit.js:16:1317273)\n    at K0 (/Users/mbp/Github/node_modules/rdkit/dist/rdkit.js:34:185130)\n    at fs (/Users/mbp/Github/node_modules/rdkit/dist/rdkit.js:31:212111)\n    at sn (/Users/mbp/Github/node_modules/rdkit/dist/rdkit.js:24:227627)\n    at Array.rn (/Users/mbp/Github/node_modules/rdkit/dist/rdkit.js:24:206488)\n    at Object.Tka [as dynCall_viiiiii] (/Users/mbp/Github/node_modules/rdkit/dist/rdkit.js:45:25029)\n    at invoke_viiiiii (/Users/mbp/Github/node_modules/rdkit/dist/rdkit.js:16:1351459)\n    at WH (/Users/mbp/Github/node_modules/rdkit/dist/rdkit.js:28:161392)"
i=99569
"Assertion failed: !\"vector length_error\", at: /Users/mbp/Github/emsdk_portable1/emscripten/tag-1.34.6/system/include/libcxx/vector,303,__throw_length_error at Error\n    at jsStackTrace (/Users/mbp/Github/node_modules/rdkit/dist/rdkit.js:16:20723)\n    at stackTrace (/Users/mbp/Github/node_modules/rdkit/dist/rdkit.js:16:20906)\n    at ___assert_fail (/Users/mbp/Github/node_modules/rdkit/dist/rdkit.js:16:1317273)\n    at K0 (/Users/mbp/Github/node_modules/rdkit/dist/rdkit.js:34:185130)\n    at fs (/Users/mbp/Github/node_modules/rdkit/dist/rdkit.js:31:212111)\n    at sn (/Users/mbp/Github/node_modules/rdkit/dist/rdkit.js:24:227627)\n    at Array.rn (/Users/mbp/Github/node_modules/rdkit/dist/rdkit.js:24:206488)\n    at Object.Tka [as dynCall_viiiiii] (/Users/mbp/Github/node_modules/rdkit/dist/rdkit.js:45:25029)\n    at invoke_viiiiii (/Users/mbp/Github/node_modules/rdkit/dist/rdkit.js:16:1351459)\n    at WH (/Users/mbp/Github/node_modules/rdkit/dist/rdkit.js:28:161392)"
i=99569
"Assertion failed: !\"vector length_error\", at: /Users/mbp/Github/emsdk_portable1/emscripten/tag-1.34.6/system/include/libcxx/vector,303,__throw_length_error at Error\n    at jsStackTrace (/Users/mbp/Github/node_modules/rdkit/dist/rdkit.js:16:20723)\n    at stackTrace (/Users/mbp/Github/node_modules/rdkit/dist/rdkit.js:16:20906)\n    at ___assert_fail (/Users/mbp/Github/node_modules/rdkit/dist/rdkit.js:16:1317273)\n    at K0 (/Users/mbp/Github/node_modules/rdkit/dist/rdkit.js:34:185130)\n    at fs (/Users/mbp/Github/node_modules/rdkit/dist/rdkit.js:31:212111)\n    at sn (/Users/mbp/Github/node_modules/rdkit/dist/rdkit.js:24:227627)\n    at Array.rn (/Users/mbp/Github/node_modules/rdkit/dist/rdkit.js:24:206488)\n    at Object.Tka [as dynCall_viiiiii] (/Users/mbp/Github/node_modules/rdkit/dist/rdkit.js:45:25029)\n    at invoke_viiiiii (/Users/mbp/Github/node_modules/rdkit/dist/rdkit.js:16:1351459)\n    at WH (/Users/mbp/Github/node_modules/rdkit/dist/rdkit.js:28:161392)"
i=99569
"Assertion failed: !\"vector length_error\", at: /Users/mbp/Github/emsdk_portable1/emscripten/tag-1.34.6/system/include/libcxx/vector,303,__throw_length_error at Error\n    at jsStackTrace (/Users/mbp/Github/node_modules/rdkit/dist/rdkit.js:16:20723)\n    at stackTrace (/Users/mbp/Github/node_modules/rdkit/dist/rdkit.js:16:20906)\n    at ___assert_fail (/Users/mbp/Github/node_modules/rdkit/dist/rdkit.js:16:1317273)\n    at K0 (/Users/mbp/Github/node_modules/rdkit/dist/rdkit.js:34:185130)\n    at fs (/Users/mbp/Github/node_modules/rdkit/dist/rdkit.js:31:212111)\n    at sn (/Users/mbp/Github/node_modules/rdkit/dist/rdkit.js:24:227627)\n    at Array.rn (/Users/mbp/Github/node_modules/rdkit/dist/rdkit.js:24:206488)\n    at Object.Tka [as dynCall_viiiiii] (/Users/mbp/Github/node_modules/rdkit/dist/rdkit.js:45:25029)\n    at invoke_viiiiii (/Users/mbp/Github/node_modules/rdkit/dist/rdkit.js:16:1351459)\n    at WH (/Users/mbp/Github/node_modules/rdkit/dist/rdkit.js:28:161392)"
i=99569
"Assertion failed: !\"vector length_error\", at: /Users/mbp/Github/emsdk_portable1/emscripten/tag-1.34.6/system/include/libcxx/vector,303,__throw_length_error at Error\n    at jsStackTrace (/Users/mbp/Github/node_modules/rdkit/dist/rdkit.js:16:20723)\n    at stackTrace (/Users/mbp/Github/node_modules/rdkit/dist/rdkit.js:16:20906)\n    at ___assert_fail (/Users/mbp/Github/node_modules/rdkit/dist/rdkit.js:16:1317273)\n    at K0 (/Users/mbp/Github/node_modules/rdkit/dist/rdkit.js:34:185130)\n    at fs (/Users/mbp/Github/node_modules/rdkit/dist/rdkit.js:31:212111)\n    at sn (/Users/mbp/Github/node_modules/rdkit/dist/rdkit.js:24:227627)\n    at Array.rn (/Users/mbp/Github/node_modules/rdkit/dist/rdkit.js:24:206488)\n    at Object.Tka [as dynCall_viiiiii] (/Users/mbp/Github/node_modules/rdkit/dist/rdkit.js:45:25029)\n    at invoke_viiiiii (/Users/mbp/Github/node_modules/rdkit/dist/rdkit.js:16:1351459)\n    at WH (/Users/mbp/Github/node_modules/rdkit/dist/rdkit.js:28:161392)"
i=99572
"Assertion failed: !\"vector length_error\", at: /Users/mbp/Github/emsdk_portable1/emscripten/tag-1.34.6/system/include/libcxx/vector,303,__throw_length_error at Error\n    at jsStackTrace (/Users/mbp/Github/node_modules/rdkit/dist/rdkit.js:16:20723)\n    at stackTrace (/Users/mbp/Github/node_modules/rdkit/dist/rdkit.js:16:20906)\n    at ___assert_fail (/Users/mbp/Github/node_modules/rdkit/dist/rdkit.js:16:1317273)\n    at K0 (/Users/mbp/Github/node_modules/rdkit/dist/rdkit.js:34:185130)\n    at fs (/Users/mbp/Github/node_modules/rdkit/dist/rdkit.js:31:212111)\n    at sn (/Users/mbp/Github/node_modules/rdkit/dist/rdkit.js:24:227627)\n    at Array.rn (/Users/mbp/Github/node_modules/rdkit/dist/rdkit.js:24:206488)\n    at Object.Tka [as dynCall_viiiiii] (/Users/mbp/Github/node_modules/rdkit/dist/rdkit.js:45:25029)\n    at invoke_viiiiii (/Users/mbp/Github/node_modules/rdkit/dist/rdkit.js:16:1351459)\n    at WH (/Users/mbp/Github/node_modules/rdkit/dist/rdkit.js:28:161392)"
i=99572
"Assertion failed: !\"vector length_error\", at: /Users/mbp/Github/emsdk_portable1/emscripten/tag-1.34.6/system/include/libcxx/vector,303,__throw_length_error at Error\n    at jsStackTrace (/Users/mbp/Github/node_modules/rdkit/dist/rdkit.js:16:20723)\n    at stackTrace (/Users/mbp/Github/node_modules/rdkit/dist/rdkit.js:16:20906)\n    at ___assert_fail (/Users/mbp/Github/node_modules/rdkit/dist/rdkit.js:16:1317273)\n    at K0 (/Users/mbp/Github/node_modules/rdkit/dist/rdkit.js:34:185130)\n    at fs (/Users/mbp/Github/node_modules/rdkit/dist/rdkit.js:31:212111)\n    at sn (/Users/mbp/Github/node_modules/rdkit/dist/rdkit.js:24:227627)\n    at Array.rn (/Users/mbp/Github/node_modules/rdkit/dist/rdkit.js:24:206488)\n    at Object.Tka [as dynCall_viiiiii] (/Users/mbp/Github/node_modules/rdkit/dist/rdkit.js:45:25029)\n    at invoke_viiiiii (/Users/mbp/Github/node_modules/rdkit/dist/rdkit.js:16:1351459)\n    at WH (/Users/mbp/Github/node_modules/rdkit/dist/rdkit.js:28:161392)"
i=99572
"Assertion failed: !\"vector length_error\", at: /Users/mbp/Github/emsdk_portable1/emscripten/tag-1.34.6/system/include/libcxx/vector,303,__throw_length_error at Error\n    at jsStackTrace (/Users/mbp/Github/node_modules/rdkit/dist/rdkit.js:16:20723)\n    at stackTrace (/Users/mbp/Github/node_modules/rdkit/dist/rdkit.js:16:20906)\n    at ___assert_fail (/Users/mbp/Github/node_modules/rdkit/dist/rdkit.js:16:1317273)\n    at K0 (/Users/mbp/Github/node_modules/rdkit/dist/rdkit.js:34:185130)\n    at fs (/Users/mbp/Github/node_modules/rdkit/dist/rdkit.js:31:212111)\n    at sn (/Users/mbp/Github/node_modules/rdkit/dist/rdkit.js:24:227627)\n    at Array.rn (/Users/mbp/Github/node_modules/rdkit/dist/rdkit.js:24:206488)\n    at Object.Tka [as dynCall_viiiiii] (/Users/mbp/Github/node_modules/rdkit/dist/rdkit.js:45:25029)\n    at invoke_viiiiii (/Users/mbp/Github/node_modules/rdkit/dist/rdkit.js:16:1351459)\n    at WH (/Users/mbp/Github/node_modules/rdkit/dist/rdkit.js:28:161392)"
i=99576
"Assertion failed: !\"vector length_error\", at: /Users/mbp/Github/emsdk_portable1/emscripten/tag-1.34.6/system/include/libcxx/vector,303,__throw_length_error at Error\n    at jsStackTrace (/Users/mbp/Github/node_modules/rdkit/dist/rdkit.js:16:20723)\n    at stackTrace (/Users/mbp/Github/node_modules/rdkit/dist/rdkit.js:16:20906)\n    at ___assert_fail (/Users/mbp/Github/node_modules/rdkit/dist/rdkit.js:16:1317273)\n    at K0 (/Users/mbp/Github/node_modules/rdkit/dist/rdkit.js:34:185130)\n    at fs (/Users/mbp/Github/node_modules/rdkit/dist/rdkit.js:31:212111)\n    at sn (/Users/mbp/Github/node_modules/rdkit/dist/rdkit.js:24:227627)\n    at Array.rn (/Users/mbp/Github/node_modules/rdkit/dist/rdkit.js:24:206488)\n    at Object.Tka [as dynCall_viiiiii] (/Users/mbp/Github/node_modules/rdkit/dist/rdkit.js:45:25029)\n    at invoke_viiiiii (/Users/mbp/Github/node_modules/rdkit/dist/rdkit.js:16:1351459)\n    at WH (/Users/mbp/Github/node_modules/rdkit/dist/rdkit.js:28:161392)"
i=99577
"Assertion failed: !\"vector length_error\", at: /Users/mbp/Github/emsdk_portable1/emscripten/tag-1.34.6/system/include/libcxx/vector,303,__throw_length_error at Error\n    at jsStackTrace (/Users/mbp/Github/node_modules/rdkit/dist/rdkit.js:16:20723)\n    at stackTrace (/Users/mbp/Github/node_modules/rdkit/dist/rdkit.js:16:20906)\n    at ___assert_fail (/Users/mbp/Github/node_modules/rdkit/dist/rdkit.js:16:1317273)\n    at K0 (/Users/mbp/Github/node_modules/rdkit/dist/rdkit.js:34:185130)\n    at fs (/Users/mbp/Github/node_modules/rdkit/dist/rdkit.js:31:212111)\n    at sn (/Users/mbp/Github/node_modules/rdkit/dist/rdkit.js:24:227627)\n    at Array.rn (/Users/mbp/Github/node_modules/rdkit/dist/rdkit.js:24:206488)\n    at Object.Tka [as dynCall_viiiiii] (/Users/mbp/Github/node_modules/rdkit/dist/rdkit.js:45:25029)\n    at invoke_viiiiii (/Users/mbp/Github/node_modules/rdkit/dist/rdkit.js:16:1351459)\n    at WH (/Users/mbp/Github/node_modules/rdkit/dist/rdkit.js:28:161392)"
i=99577
"Assertion failed: !\"vector length_error\", at: /Users/mbp/Github/emsdk_portable1/emscripten/tag-1.34.6/system/include/libcxx/vector,303,__throw_length_error at Error\n    at jsStackTrace (/Users/mbp/Github/node_modules/rdkit/dist/rdkit.js:16:20723)\n    at stackTrace (/Users/mbp/Github/node_modules/rdkit/dist/rdkit.js:16:20906)\n    at ___assert_fail (/Users/mbp/Github/node_modules/rdkit/dist/rdkit.js:16:1317273)\n    at K0 (/Users/mbp/Github/node_modules/rdkit/dist/rdkit.js:34:185130)\n    at fs (/Users/mbp/Github/node_modules/rdkit/dist/rdkit.js:31:212111)\n    at sn (/Users/mbp/Github/node_modules/rdkit/dist/rdkit.js:24:227627)\n    at Array.rn (/Users/mbp/Github/node_modules/rdkit/dist/rdkit.js:24:206488)\n    at Object.Tka [as dynCall_viiiiii] (/Users/mbp/Github/node_modules/rdkit/dist/rdkit.js:45:25029)\n    at invoke_viiiiii (/Users/mbp/Github/node_modules/rdkit/dist/rdkit.js:16:1351459)\n    at WH (/Users/mbp/Github/node_modules/rdkit/dist/rdkit.js:28:161392)"
i=99577
"Assertion failed: !\"vector length_error\", at: /Users/mbp/Github/emsdk_portable1/emscripten/tag-1.34.6/system/include/libcxx/vector,303,__throw_length_error at Error\n    at jsStackTrace (/Users/mbp/Github/node_modules/rdkit/dist/rdkit.js:16:20723)\n    at stackTrace (/Users/mbp/Github/node_modules/rdkit/dist/rdkit.js:16:20906)\n    at ___assert_fail (/Users/mbp/Github/node_modules/rdkit/dist/rdkit.js:16:1317273)\n    at K0 (/Users/mbp/Github/node_modules/rdkit/dist/rdkit.js:34:185130)\n    at fs (/Users/mbp/Github/node_modules/rdkit/dist/rdkit.js:31:212111)\n    at sn (/Users/mbp/Github/node_modules/rdkit/dist/rdkit.js:24:227627)\n    at Array.rn (/Users/mbp/Github/node_modules/rdkit/dist/rdkit.js:24:206488)\n    at Object.Tka [as dynCall_viiiiii] (/Users/mbp/Github/node_modules/rdkit/dist/rdkit.js:45:25029)\n    at invoke_viiiiii (/Users/mbp/Github/node_modules/rdkit/dist/rdkit.js:16:1351459)\n    at WH (/Users/mbp/Github/node_modules/rdkit/dist/rdkit.js:28:161392)"
i=99577
"Assertion failed: !\"vector length_error\", at: /Users/mbp/Github/emsdk_portable1/emscripten/tag-1.34.6/system/include/libcxx/vector,303,__throw_length_error at Error\n    at jsStackTrace (/Users/mbp/Github/node_modules/rdkit/dist/rdkit.js:16:20723)\n    at stackTrace (/Users/mbp/Github/node_modules/rdkit/dist/rdkit.js:16:20906)\n    at ___assert_fail (/Users/mbp/Github/node_modules/rdkit/dist/rdkit.js:16:1317273)\n    at K0 (/Users/mbp/Github/node_modules/rdkit/dist/rdkit.js:34:185130)\n    at fs (/Users/mbp/Github/node_modules/rdkit/dist/rdkit.js:31:212111)\n    at sn (/Users/mbp/Github/node_modules/rdkit/dist/rdkit.js:24:227627)\n    at Array.rn (/Users/mbp/Github/node_modules/rdkit/dist/rdkit.js:24:206488)\n    at Object.Tka [as dynCall_viiiiii] (/Users/mbp/Github/node_modules/rdkit/dist/rdkit.js:45:25029)\n    at invoke_viiiiii (/Users/mbp/Github/node_modules/rdkit/dist/rdkit.js:16:1351459)\n    at WH (/Users/mbp/Github/node_modules/rdkit/dist/rdkit.js:28:161392)"
i=99577
"Assertion failed: !\"vector length_error\", at: /Users/mbp/Github/emsdk_portable1/emscripten/tag-1.34.6/system/include/libcxx/vector,303,__throw_length_error at Error\n    at jsStackTrace (/Users/mbp/Github/node_modules/rdkit/dist/rdkit.js:16:20723)\n    at stackTrace (/Users/mbp/Github/node_modules/rdkit/dist/rdkit.js:16:20906)\n    at ___assert_fail (/Users/mbp/Github/node_modules/rdkit/dist/rdkit.js:16:1317273)\n    at K0 (/Users/mbp/Github/node_modules/rdkit/dist/rdkit.js:34:185130)\n    at fs (/Users/mbp/Github/node_modules/rdkit/dist/rdkit.js:31:212111)\n    at sn (/Users/mbp/Github/node_modules/rdkit/dist/rdkit.js:24:227627)\n    at Array.rn (/Users/mbp/Github/node_modules/rdkit/dist/rdkit.js:24:206488)\n    at Object.Tka [as dynCall_viiiiii] (/Users/mbp/Github/node_modules/rdkit/dist/rdkit.js:45:25029)\n    at invoke_viiiiii (/Users/mbp/Github/node_modules/rdkit/dist/rdkit.js:16:1351459)\n    at WH (/Users/mbp/Github/node_modules/rdkit/dist/rdkit.js:28:161392)"
i=99577
"Assertion failed: !\"vector length_error\", at: /Users/mbp/Github/emsdk_portable1/emscripten/tag-1.34.6/system/include/libcxx/vector,303,__throw_length_error at Error\n    at jsStackTrace (/Users/mbp/Github/node_modules/rdkit/dist/rdkit.js:16:20723)\n    at stackTrace (/Users/mbp/Github/node_modules/rdkit/dist/rdkit.js:16:20906)\n    at ___assert_fail (/Users/mbp/Github/node_modules/rdkit/dist/rdkit.js:16:1317273)\n    at K0 (/Users/mbp/Github/node_modules/rdkit/dist/rdkit.js:34:185130)\n    at fs (/Users/mbp/Github/node_modules/rdkit/dist/rdkit.js:31:212111)\n    at sn (/Users/mbp/Github/node_modules/rdkit/dist/rdkit.js:24:227627)\n    at Array.rn (/Users/mbp/Github/node_modules/rdkit/dist/rdkit.js:24:206488)\n    at Object.Tka [as dynCall_viiiiii] (/Users/mbp/Github/node_modules/rdkit/dist/rdkit.js:45:25029)\n    at invoke_viiiiii (/Users/mbp/Github/node_modules/rdkit/dist/rdkit.js:16:1351459)\n    at WH (/Users/mbp/Github/node_modules/rdkit/dist/rdkit.js:28:161392)"
i=99577
"Assertion failed: !\"vector length_error\", at: /Users/mbp/Github/emsdk_portable1/emscripten/tag-1.34.6/system/include/libcxx/vector,303,__throw_length_error at Error\n    at jsStackTrace (/Users/mbp/Github/node_modules/rdkit/dist/rdkit.js:16:20723)\n    at stackTrace (/Users/mbp/Github/node_modules/rdkit/dist/rdkit.js:16:20906)\n    at ___assert_fail (/Users/mbp/Github/node_modules/rdkit/dist/rdkit.js:16:1317273)\n    at K0 (/Users/mbp/Github/node_modules/rdkit/dist/rdkit.js:34:185130)\n    at fs (/Users/mbp/Github/node_modules/rdkit/dist/rdkit.js:31:212111)\n    at sn (/Users/mbp/Github/node_modules/rdkit/dist/rdkit.js:24:227627)\n    at Array.rn (/Users/mbp/Github/node_modules/rdkit/dist/rdkit.js:24:206488)\n    at Object.Tka [as dynCall_viiiiii] (/Users/mbp/Github/node_modules/rdkit/dist/rdkit.js:45:25029)\n    at invoke_viiiiii (/Users/mbp/Github/node_modules/rdkit/dist/rdkit.js:16:1351459)\n    at WH (/Users/mbp/Github/node_modules/rdkit/dist/rdkit.js:28:161392)"
i=99577
"Assertion failed: !\"vector length_error\", at: /Users/mbp/Github/emsdk_portable1/emscripten/tag-1.34.6/system/include/libcxx/vector,303,__throw_length_error at Error\n    at jsStackTrace (/Users/mbp/Github/node_modules/rdkit/dist/rdkit.js:16:20723)\n    at stackTrace (/Users/mbp/Github/node_modules/rdkit/dist/rdkit.js:16:20906)\n    at ___assert_fail (/Users/mbp/Github/node_modules/rdkit/dist/rdkit.js:16:1317273)\n    at K0 (/Users/mbp/Github/node_modules/rdkit/dist/rdkit.js:34:185130)\n    at fs (/Users/mbp/Github/node_modules/rdkit/dist/rdkit.js:31:212111)\n    at sn (/Users/mbp/Github/node_modules/rdkit/dist/rdkit.js:24:227627)\n    at Array.rn (/Users/mbp/Github/node_modules/rdkit/dist/rdkit.js:24:206488)\n    at Object.Tka [as dynCall_viiiiii] (/Users/mbp/Github/node_modules/rdkit/dist/rdkit.js:45:25029)\n    at invoke_viiiiii (/Users/mbp/Github/node_modules/rdkit/dist/rdkit.js:16:1351459)\n    at WH (/Users/mbp/Github/node_modules/rdkit/dist/rdkit.js:28:161392)"
i=99577
"Assertion failed: !\"vector length_error\", at: /Users/mbp/Github/emsdk_portable1/emscripten/tag-1.34.6/system/include/libcxx/vector,303,__throw_length_error at Error\n    at jsStackTrace (/Users/mbp/Github/node_modules/rdkit/dist/rdkit.js:16:20723)\n    at stackTrace (/Users/mbp/Github/node_modules/rdkit/dist/rdkit.js:16:20906)\n    at ___assert_fail (/Users/mbp/Github/node_modules/rdkit/dist/rdkit.js:16:1317273)\n    at K0 (/Users/mbp/Github/node_modules/rdkit/dist/rdkit.js:34:185130)\n    at fs (/Users/mbp/Github/node_modules/rdkit/dist/rdkit.js:31:212111)\n    at sn (/Users/mbp/Github/node_modules/rdkit/dist/rdkit.js:24:227627)\n    at Array.rn (/Users/mbp/Github/node_modules/rdkit/dist/rdkit.js:24:206488)\n    at Object.Tka [as dynCall_viiiiii] (/Users/mbp/Github/node_modules/rdkit/dist/rdkit.js:45:25029)\n    at invoke_viiiiii (/Users/mbp/Github/node_modules/rdkit/dist/rdkit.js:16:1351459)\n    at WH (/Users/mbp/Github/node_modules/rdkit/dist/rdkit.js:28:161392)"
i=99577
"Assertion failed: !\"vector length_error\", at: /Users/mbp/Github/emsdk_portable1/emscripten/tag-1.34.6/system/include/libcxx/vector,303,__throw_length_error at Error\n    at jsStackTrace (/Users/mbp/Github/node_modules/rdkit/dist/rdkit.js:16:20723)\n    at stackTrace (/Users/mbp/Github/node_modules/rdkit/dist/rdkit.js:16:20906)\n    at ___assert_fail (/Users/mbp/Github/node_modules/rdkit/dist/rdkit.js:16:1317273)\n    at K0 (/Users/mbp/Github/node_modules/rdkit/dist/rdkit.js:34:185130)\n    at fs (/Users/mbp/Github/node_modules/rdkit/dist/rdkit.js:31:212111)\n    at sn (/Users/mbp/Github/node_modules/rdkit/dist/rdkit.js:24:227627)\n    at Array.rn (/Users/mbp/Github/node_modules/rdkit/dist/rdkit.js:24:206488)\n    at Object.Tka [as dynCall_viiiiii] (/Users/mbp/Github/node_modules/rdkit/dist/rdkit.js:45:25029)\n    at invoke_viiiiii (/Users/mbp/Github/node_modules/rdkit/dist/rdkit.js:16:1351459)\n    at WH (/Users/mbp/Github/node_modules/rdkit/dist/rdkit.js:28:161392)"
i=99582
"Assertion failed: !\"vector length_error\", at: /Users/mbp/Github/emsdk_portable1/emscripten/tag-1.34.6/system/include/libcxx/vector,303,__throw_length_error at Error\n    at jsStackTrace (/Users/mbp/Github/node_modules/rdkit/dist/rdkit.js:16:20723)\n    at stackTrace (/Users/mbp/Github/node_modules/rdkit/dist/rdkit.js:16:20906)\n    at ___assert_fail (/Users/mbp/Github/node_modules/rdkit/dist/rdkit.js:16:1317273)\n    at K0 (/Users/mbp/Github/node_modules/rdkit/dist/rdkit.js:34:185130)\n    at fs (/Users/mbp/Github/node_modules/rdkit/dist/rdkit.js:31:212111)\n    at sn (/Users/mbp/Github/node_modules/rdkit/dist/rdkit.js:24:227627)\n    at Array.rn (/Users/mbp/Github/node_modules/rdkit/dist/rdkit.js:24:206488)\n    at Object.Tka [as dynCall_viiiiii] (/Users/mbp/Github/node_modules/rdkit/dist/rdkit.js:45:25029)\n    at invoke_viiiiii (/Users/mbp/Github/node_modules/rdkit/dist/rdkit.js:16:1351459)\n    at WH (/Users/mbp/Github/node_modules/rdkit/dist/rdkit.js:28:161392)"
i=99582
"Assertion failed: !\"vector length_error\", at: /Users/mbp/Github/emsdk_portable1/emscripten/tag-1.34.6/system/include/libcxx/vector,303,__throw_length_error at Error\n    at jsStackTrace (/Users/mbp/Github/node_modules/rdkit/dist/rdkit.js:16:20723)\n    at stackTrace (/Users/mbp/Github/node_modules/rdkit/dist/rdkit.js:16:20906)\n    at ___assert_fail (/Users/mbp/Github/node_modules/rdkit/dist/rdkit.js:16:1317273)\n    at K0 (/Users/mbp/Github/node_modules/rdkit/dist/rdkit.js:34:185130)\n    at fs (/Users/mbp/Github/node_modules/rdkit/dist/rdkit.js:31:212111)\n    at sn (/Users/mbp/Github/node_modules/rdkit/dist/rdkit.js:24:227627)\n    at Array.rn (/Users/mbp/Github/node_modules/rdkit/dist/rdkit.js:24:206488)\n    at Object.Tka [as dynCall_viiiiii] (/Users/mbp/Github/node_modules/rdkit/dist/rdkit.js:45:25029)\n    at invoke_viiiiii (/Users/mbp/Github/node_modules/rdkit/dist/rdkit.js:16:1351459)\n    at WH (/Users/mbp/Github/node_modules/rdkit/dist/rdkit.js:28:161392)"
i=99582
"Assertion failed: !\"vector length_error\", at: /Users/mbp/Github/emsdk_portable1/emscripten/tag-1.34.6/system/include/libcxx/vector,303,__throw_length_error at Error\n    at jsStackTrace (/Users/mbp/Github/node_modules/rdkit/dist/rdkit.js:16:20723)\n    at stackTrace (/Users/mbp/Github/node_modules/rdkit/dist/rdkit.js:16:20906)\n    at ___assert_fail (/Users/mbp/Github/node_modules/rdkit/dist/rdkit.js:16:1317273)\n    at K0 (/Users/mbp/Github/node_modules/rdkit/dist/rdkit.js:34:185130)\n    at fs (/Users/mbp/Github/node_modules/rdkit/dist/rdkit.js:31:212111)\n    at sn (/Users/mbp/Github/node_modules/rdkit/dist/rdkit.js:24:227627)\n    at Array.rn (/Users/mbp/Github/node_modules/rdkit/dist/rdkit.js:24:206488)\n    at Object.Tka [as dynCall_viiiiii] (/Users/mbp/Github/node_modules/rdkit/dist/rdkit.js:45:25029)\n    at invoke_viiiiii (/Users/mbp/Github/node_modules/rdkit/dist/rdkit.js:16:1351459)\n    at WH (/Users/mbp/Github/node_modules/rdkit/dist/rdkit.js:28:161392)"
i=99582
"Assertion failed: !\"vector length_error\", at: /Users/mbp/Github/emsdk_portable1/emscripten/tag-1.34.6/system/include/libcxx/vector,303,__throw_length_error at Error\n    at jsStackTrace (/Users/mbp/Github/node_modules/rdkit/dist/rdkit.js:16:20723)\n    at stackTrace (/Users/mbp/Github/node_modules/rdkit/dist/rdkit.js:16:20906)\n    at ___assert_fail (/Users/mbp/Github/node_modules/rdkit/dist/rdkit.js:16:1317273)\n    at K0 (/Users/mbp/Github/node_modules/rdkit/dist/rdkit.js:34:185130)\n    at fs (/Users/mbp/Github/node_modules/rdkit/dist/rdkit.js:31:212111)\n    at sn (/Users/mbp/Github/node_modules/rdkit/dist/rdkit.js:24:227627)\n    at Array.rn (/Users/mbp/Github/node_modules/rdkit/dist/rdkit.js:24:206488)\n    at Object.Tka [as dynCall_viiiiii] (/Users/mbp/Github/node_modules/rdkit/dist/rdkit.js:45:25029)\n    at invoke_viiiiii (/Users/mbp/Github/node_modules/rdkit/dist/rdkit.js:16:1351459)\n    at WH (/Users/mbp/Github/node_modules/rdkit/dist/rdkit.js:28:161392)"
i=99586
"Assertion failed: !\"vector length_error\", at: /Users/mbp/Github/emsdk_portable1/emscripten/tag-1.34.6/system/include/libcxx/vector,303,__throw_length_error at Error\n    at jsStackTrace (/Users/mbp/Github/node_modules/rdkit/dist/rdkit.js:16:20723)\n    at stackTrace (/Users/mbp/Github/node_modules/rdkit/dist/rdkit.js:16:20906)\n    at ___assert_fail (/Users/mbp/Github/node_modules/rdkit/dist/rdkit.js:16:1317273)\n    at K0 (/Users/mbp/Github/node_modules/rdkit/dist/rdkit.js:34:185130)\n    at fs (/Users/mbp/Github/node_modules/rdkit/dist/rdkit.js:31:212111)\n    at sn (/Users/mbp/Github/node_modules/rdkit/dist/rdkit.js:24:227627)\n    at Array.rn (/Users/mbp/Github/node_modules/rdkit/dist/rdkit.js:24:206488)\n    at Object.Tka [as dynCall_viiiiii] (/Users/mbp/Github/node_modules/rdkit/dist/rdkit.js:45:25029)\n    at invoke_viiiiii (/Users/mbp/Github/node_modules/rdkit/dist/rdkit.js:16:1351459)\n    at WH (/Users/mbp/Github/node_modules/rdkit/dist/rdkit.js:28:161392)"
i=99586
"Assertion failed: !\"vector length_error\", at: /Users/mbp/Github/emsdk_portable1/emscripten/tag-1.34.6/system/include/libcxx/vector,303,__throw_length_error at Error\n    at jsStackTrace (/Users/mbp/Github/node_modules/rdkit/dist/rdkit.js:16:20723)\n    at stackTrace (/Users/mbp/Github/node_modules/rdkit/dist/rdkit.js:16:20906)\n    at ___assert_fail (/Users/mbp/Github/node_modules/rdkit/dist/rdkit.js:16:1317273)\n    at K0 (/Users/mbp/Github/node_modules/rdkit/dist/rdkit.js:34:185130)\n    at fs (/Users/mbp/Github/node_modules/rdkit/dist/rdkit.js:31:212111)\n    at sn (/Users/mbp/Github/node_modules/rdkit/dist/rdkit.js:24:227627)\n    at Array.rn (/Users/mbp/Github/node_modules/rdkit/dist/rdkit.js:24:206488)\n    at Object.Tka [as dynCall_viiiiii] (/Users/mbp/Github/node_modules/rdkit/dist/rdkit.js:45:25029)\n    at invoke_viiiiii (/Users/mbp/Github/node_modules/rdkit/dist/rdkit.js:16:1351459)\n    at WH (/Users/mbp/Github/node_modules/rdkit/dist/rdkit.js:28:161392)"
i=99586
"Assertion failed: !\"vector length_error\", at: /Users/mbp/Github/emsdk_portable1/emscripten/tag-1.34.6/system/include/libcxx/vector,303,__throw_length_error at Error\n    at jsStackTrace (/Users/mbp/Github/node_modules/rdkit/dist/rdkit.js:16:20723)\n    at stackTrace (/Users/mbp/Github/node_modules/rdkit/dist/rdkit.js:16:20906)\n    at ___assert_fail (/Users/mbp/Github/node_modules/rdkit/dist/rdkit.js:16:1317273)\n    at K0 (/Users/mbp/Github/node_modules/rdkit/dist/rdkit.js:34:185130)\n    at fs (/Users/mbp/Github/node_modules/rdkit/dist/rdkit.js:31:212111)\n    at sn (/Users/mbp/Github/node_modules/rdkit/dist/rdkit.js:24:227627)\n    at Array.rn (/Users/mbp/Github/node_modules/rdkit/dist/rdkit.js:24:206488)\n    at Object.Tka [as dynCall_viiiiii] (/Users/mbp/Github/node_modules/rdkit/dist/rdkit.js:45:25029)\n    at invoke_viiiiii (/Users/mbp/Github/node_modules/rdkit/dist/rdkit.js:16:1351459)\n    at WH (/Users/mbp/Github/node_modules/rdkit/dist/rdkit.js:28:161392)"
i=99587
"Assertion failed: !\"vector length_error\", at: /Users/mbp/Github/emsdk_portable1/emscripten/tag-1.34.6/system/include/libcxx/vector,303,__throw_length_error at Error\n    at jsStackTrace (/Users/mbp/Github/node_modules/rdkit/dist/rdkit.js:16:20723)\n    at stackTrace (/Users/mbp/Github/node_modules/rdkit/dist/rdkit.js:16:20906)\n    at ___assert_fail (/Users/mbp/Github/node_modules/rdkit/dist/rdkit.js:16:1317273)\n    at K0 (/Users/mbp/Github/node_modules/rdkit/dist/rdkit.js:34:185130)\n    at fs (/Users/mbp/Github/node_modules/rdkit/dist/rdkit.js:31:212111)\n    at sn (/Users/mbp/Github/node_modules/rdkit/dist/rdkit.js:24:227627)\n    at Array.rn (/Users/mbp/Github/node_modules/rdkit/dist/rdkit.js:24:206488)\n    at Object.Tka [as dynCall_viiiiii] (/Users/mbp/Github/node_modules/rdkit/dist/rdkit.js:45:25029)\n    at invoke_viiiiii (/Users/mbp/Github/node_modules/rdkit/dist/rdkit.js:16:1351459)\n    at WH (/Users/mbp/Github/node_modules/rdkit/dist/rdkit.js:28:161392)"
i=99587
"Assertion failed: !\"vector length_error\", at: /Users/mbp/Github/emsdk_portable1/emscripten/tag-1.34.6/system/include/libcxx/vector,303,__throw_length_error at Error\n    at jsStackTrace (/Users/mbp/Github/node_modules/rdkit/dist/rdkit.js:16:20723)\n    at stackTrace (/Users/mbp/Github/node_modules/rdkit/dist/rdkit.js:16:20906)\n    at ___assert_fail (/Users/mbp/Github/node_modules/rdkit/dist/rdkit.js:16:1317273)\n    at K0 (/Users/mbp/Github/node_modules/rdkit/dist/rdkit.js:34:185130)\n    at fs (/Users/mbp/Github/node_modules/rdkit/dist/rdkit.js:31:212111)\n    at sn (/Users/mbp/Github/node_modules/rdkit/dist/rdkit.js:24:227627)\n    at Array.rn (/Users/mbp/Github/node_modules/rdkit/dist/rdkit.js:24:206488)\n    at Object.Tka [as dynCall_viiiiii] (/Users/mbp/Github/node_modules/rdkit/dist/rdkit.js:45:25029)\n    at invoke_viiiiii (/Users/mbp/Github/node_modules/rdkit/dist/rdkit.js:16:1351459)\n    at WH (/Users/mbp/Github/node_modules/rdkit/dist/rdkit.js:28:161392)"
i=99591
"Assertion failed: !\"vector length_error\", at: /Users/mbp/Github/emsdk_portable1/emscripten/tag-1.34.6/system/include/libcxx/vector,303,__throw_length_error at Error\n    at jsStackTrace (/Users/mbp/Github/node_modules/rdkit/dist/rdkit.js:16:20723)\n    at stackTrace (/Users/mbp/Github/node_modules/rdkit/dist/rdkit.js:16:20906)\n    at ___assert_fail (/Users/mbp/Github/node_modules/rdkit/dist/rdkit.js:16:1317273)\n    at K0 (/Users/mbp/Github/node_modules/rdkit/dist/rdkit.js:34:185130)\n    at fs (/Users/mbp/Github/node_modules/rdkit/dist/rdkit.js:31:212111)\n    at sn (/Users/mbp/Github/node_modules/rdkit/dist/rdkit.js:24:227627)\n    at Array.rn (/Users/mbp/Github/node_modules/rdkit/dist/rdkit.js:24:206488)\n    at Object.Tka [as dynCall_viiiiii] (/Users/mbp/Github/node_modules/rdkit/dist/rdkit.js:45:25029)\n    at invoke_viiiiii (/Users/mbp/Github/node_modules/rdkit/dist/rdkit.js:16:1351459)\n    at WH (/Users/mbp/Github/node_modules/rdkit/dist/rdkit.js:28:161392)"
i=99591
"Assertion failed: !\"vector length_error\", at: /Users/mbp/Github/emsdk_portable1/emscripten/tag-1.34.6/system/include/libcxx/vector,303,__throw_length_error at Error\n    at jsStackTrace (/Users/mbp/Github/node_modules/rdkit/dist/rdkit.js:16:20723)\n    at stackTrace (/Users/mbp/Github/node_modules/rdkit/dist/rdkit.js:16:20906)\n    at ___assert_fail (/Users/mbp/Github/node_modules/rdkit/dist/rdkit.js:16:1317273)\n    at K0 (/Users/mbp/Github/node_modules/rdkit/dist/rdkit.js:34:185130)\n    at fs (/Users/mbp/Github/node_modules/rdkit/dist/rdkit.js:31:212111)\n    at sn (/Users/mbp/Github/node_modules/rdkit/dist/rdkit.js:24:227627)\n    at Array.rn (/Users/mbp/Github/node_modules/rdkit/dist/rdkit.js:24:206488)\n    at Object.Tka [as dynCall_viiiiii] (/Users/mbp/Github/node_modules/rdkit/dist/rdkit.js:45:25029)\n    at invoke_viiiiii (/Users/mbp/Github/node_modules/rdkit/dist/rdkit.js:16:1351459)\n    at WH (/Users/mbp/Github/node_modules/rdkit/dist/rdkit.js:28:161392)"
i=99591
"Assertion failed: !\"vector length_error\", at: /Users/mbp/Github/emsdk_portable1/emscripten/tag-1.34.6/system/include/libcxx/vector,303,__throw_length_error at Error\n    at jsStackTrace (/Users/mbp/Github/node_modules/rdkit/dist/rdkit.js:16:20723)\n    at stackTrace (/Users/mbp/Github/node_modules/rdkit/dist/rdkit.js:16:20906)\n    at ___assert_fail (/Users/mbp/Github/node_modules/rdkit/dist/rdkit.js:16:1317273)\n    at K0 (/Users/mbp/Github/node_modules/rdkit/dist/rdkit.js:34:185130)\n    at fs (/Users/mbp/Github/node_modules/rdkit/dist/rdkit.js:31:212111)\n    at sn (/Users/mbp/Github/node_modules/rdkit/dist/rdkit.js:24:227627)\n    at Array.rn (/Users/mbp/Github/node_modules/rdkit/dist/rdkit.js:24:206488)\n    at Object.Tka [as dynCall_viiiiii] (/Users/mbp/Github/node_modules/rdkit/dist/rdkit.js:45:25029)\n    at invoke_viiiiii (/Users/mbp/Github/node_modules/rdkit/dist/rdkit.js:16:1351459)\n    at WH (/Users/mbp/Github/node_modules/rdkit/dist/rdkit.js:28:161392)"
i=99591
"Assertion failed: !\"vector length_error\", at: /Users/mbp/Github/emsdk_portable1/emscripten/tag-1.34.6/system/include/libcxx/vector,303,__throw_length_error at Error\n    at jsStackTrace (/Users/mbp/Github/node_modules/rdkit/dist/rdkit.js:16:20723)\n    at stackTrace (/Users/mbp/Github/node_modules/rdkit/dist/rdkit.js:16:20906)\n    at ___assert_fail (/Users/mbp/Github/node_modules/rdkit/dist/rdkit.js:16:1317273)\n    at K0 (/Users/mbp/Github/node_modules/rdkit/dist/rdkit.js:34:185130)\n    at fs (/Users/mbp/Github/node_modules/rdkit/dist/rdkit.js:31:212111)\n    at sn (/Users/mbp/Github/node_modules/rdkit/dist/rdkit.js:24:227627)\n    at Array.rn (/Users/mbp/Github/node_modules/rdkit/dist/rdkit.js:24:206488)\n    at Object.Tka [as dynCall_viiiiii] (/Users/mbp/Github/node_modules/rdkit/dist/rdkit.js:45:25029)\n    at invoke_viiiiii (/Users/mbp/Github/node_modules/rdkit/dist/rdkit.js:16:1351459)\n    at WH (/Users/mbp/Github/node_modules/rdkit/dist/rdkit.js:28:161392)"
i=99591
"Assertion failed: !\"vector length_error\", at: /Users/mbp/Github/emsdk_portable1/emscripten/tag-1.34.6/system/include/libcxx/vector,303,__throw_length_error at Error\n    at jsStackTrace (/Users/mbp/Github/node_modules/rdkit/dist/rdkit.js:16:20723)\n    at stackTrace (/Users/mbp/Github/node_modules/rdkit/dist/rdkit.js:16:20906)\n    at ___assert_fail (/Users/mbp/Github/node_modules/rdkit/dist/rdkit.js:16:1317273)\n    at K0 (/Users/mbp/Github/node_modules/rdkit/dist/rdkit.js:34:185130)\n    at fs (/Users/mbp/Github/node_modules/rdkit/dist/rdkit.js:31:212111)\n    at sn (/Users/mbp/Github/node_modules/rdkit/dist/rdkit.js:24:227627)\n    at Array.rn (/Users/mbp/Github/node_modules/rdkit/dist/rdkit.js:24:206488)\n    at Object.Tka [as dynCall_viiiiii] (/Users/mbp/Github/node_modules/rdkit/dist/rdkit.js:45:25029)\n    at invoke_viiiiii (/Users/mbp/Github/node_modules/rdkit/dist/rdkit.js:16:1351459)\n    at WH (/Users/mbp/Github/node_modules/rdkit/dist/rdkit.js:28:161392)"
i=99592
"Assertion failed: !\"vector length_error\", at: /Users/mbp/Github/emsdk_portable1/emscripten/tag-1.34.6/system/include/libcxx/vector,303,__throw_length_error at Error\n    at jsStackTrace (/Users/mbp/Github/node_modules/rdkit/dist/rdkit.js:16:20723)\n    at stackTrace (/Users/mbp/Github/node_modules/rdkit/dist/rdkit.js:16:20906)\n    at ___assert_fail (/Users/mbp/Github/node_modules/rdkit/dist/rdkit.js:16:1317273)\n    at K0 (/Users/mbp/Github/node_modules/rdkit/dist/rdkit.js:34:185130)\n    at fs (/Users/mbp/Github/node_modules/rdkit/dist/rdkit.js:31:212111)\n    at sn (/Users/mbp/Github/node_modules/rdkit/dist/rdkit.js:24:227627)\n    at Array.rn (/Users/mbp/Github/node_modules/rdkit/dist/rdkit.js:24:206488)\n    at Object.Tka [as dynCall_viiiiii] (/Users/mbp/Github/node_modules/rdkit/dist/rdkit.js:45:25029)\n    at invoke_viiiiii (/Users/mbp/Github/node_modules/rdkit/dist/rdkit.js:16:1351459)\n    at WH (/Users/mbp/Github/node_modules/rdkit/dist/rdkit.js:28:161392)"
i=99610
"Assertion failed: !\"vector length_error\", at: /Users/mbp/Github/emsdk_portable1/emscripten/tag-1.34.6/system/include/libcxx/vector,303,__throw_length_error at Error\n    at jsStackTrace (/Users/mbp/Github/node_modules/rdkit/dist/rdkit.js:16:20723)\n    at stackTrace (/Users/mbp/Github/node_modules/rdkit/dist/rdkit.js:16:20906)\n    at ___assert_fail (/Users/mbp/Github/node_modules/rdkit/dist/rdkit.js:16:1317273)\n    at K0 (/Users/mbp/Github/node_modules/rdkit/dist/rdkit.js:34:185130)\n    at fs (/Users/mbp/Github/node_modules/rdkit/dist/rdkit.js:31:212111)\n    at sn (/Users/mbp/Github/node_modules/rdkit/dist/rdkit.js:24:227627)\n    at Array.rn (/Users/mbp/Github/node_modules/rdkit/dist/rdkit.js:24:206488)\n    at Object.Tka [as dynCall_viiiiii] (/Users/mbp/Github/node_modules/rdkit/dist/rdkit.js:45:25029)\n    at invoke_viiiiii (/Users/mbp/Github/node_modules/rdkit/dist/rdkit.js:16:1351459)\n    at WH (/Users/mbp/Github/node_modules/rdkit/dist/rdkit.js:28:161392)"
i=99642
"Assertion failed: !\"vector length_error\", at: /Users/mbp/Github/emsdk_portable1/emscripten/tag-1.34.6/system/include/libcxx/vector,303,__throw_length_error at Error\n    at jsStackTrace (/Users/mbp/Github/node_modules/rdkit/dist/rdkit.js:16:20723)\n    at stackTrace (/Users/mbp/Github/node_modules/rdkit/dist/rdkit.js:16:20906)\n    at ___assert_fail (/Users/mbp/Github/node_modules/rdkit/dist/rdkit.js:16:1317273)\n    at K0 (/Users/mbp/Github/node_modules/rdkit/dist/rdkit.js:34:185130)\n    at fs (/Users/mbp/Github/node_modules/rdkit/dist/rdkit.js:31:212111)\n    at sn (/Users/mbp/Github/node_modules/rdkit/dist/rdkit.js:24:227627)\n    at Array.rn (/Users/mbp/Github/node_modules/rdkit/dist/rdkit.js:24:206488)\n    at Object.Tka [as dynCall_viiiiii] (/Users/mbp/Github/node_modules/rdkit/dist/rdkit.js:45:25029)\n    at invoke_viiiiii (/Users/mbp/Github/node_modules/rdkit/dist/rdkit.js:16:1351459)\n    at WH (/Users/mbp/Github/node_modules/rdkit/dist/rdkit.js:28:161392)"
i=99654
"Assertion failed: !\"vector length_error\", at: /Users/mbp/Github/emsdk_portable1/emscripten/tag-1.34.6/system/include/libcxx/vector,303,__throw_length_error at Error\n    at jsStackTrace (/Users/mbp/Github/node_modules/rdkit/dist/rdkit.js:16:20723)\n    at stackTrace (/Users/mbp/Github/node_modules/rdkit/dist/rdkit.js:16:20906)\n    at ___assert_fail (/Users/mbp/Github/node_modules/rdkit/dist/rdkit.js:16:1317273)\n    at K0 (/Users/mbp/Github/node_modules/rdkit/dist/rdkit.js:34:185130)\n    at fs (/Users/mbp/Github/node_modules/rdkit/dist/rdkit.js:31:212111)\n    at sn (/Users/mbp/Github/node_modules/rdkit/dist/rdkit.js:24:227627)\n    at Array.rn (/Users/mbp/Github/node_modules/rdkit/dist/rdkit.js:24:206488)\n    at Object.Tka [as dynCall_viiiiii] (/Users/mbp/Github/node_modules/rdkit/dist/rdkit.js:45:25029)\n    at invoke_viiiiii (/Users/mbp/Github/node_modules/rdkit/dist/rdkit.js:16:1351459)\n    at WH (/Users/mbp/Github/node_modules/rdkit/dist/rdkit.js:28:161392)"
i=99654
"Assertion failed: !\"vector length_error\", at: /Users/mbp/Github/emsdk_portable1/emscripten/tag-1.34.6/system/include/libcxx/vector,303,__throw_length_error at Error\n    at jsStackTrace (/Users/mbp/Github/node_modules/rdkit/dist/rdkit.js:16:20723)\n    at stackTrace (/Users/mbp/Github/node_modules/rdkit/dist/rdkit.js:16:20906)\n    at ___assert_fail (/Users/mbp/Github/node_modules/rdkit/dist/rdkit.js:16:1317273)\n    at K0 (/Users/mbp/Github/node_modules/rdkit/dist/rdkit.js:34:185130)\n    at fs (/Users/mbp/Github/node_modules/rdkit/dist/rdkit.js:31:212111)\n    at sn (/Users/mbp/Github/node_modules/rdkit/dist/rdkit.js:24:227627)\n    at Array.rn (/Users/mbp/Github/node_modules/rdkit/dist/rdkit.js:24:206488)\n    at Object.Tka [as dynCall_viiiiii] (/Users/mbp/Github/node_modules/rdkit/dist/rdkit.js:45:25029)\n    at invoke_viiiiii (/Users/mbp/Github/node_modules/rdkit/dist/rdkit.js:16:1351459)\n    at WH (/Users/mbp/Github/node_modules/rdkit/dist/rdkit.js:28:161392)"
i=99654
"Assertion failed: !\"vector length_error\", at: /Users/mbp/Github/emsdk_portable1/emscripten/tag-1.34.6/system/include/libcxx/vector,303,__throw_length_error at Error\n    at jsStackTrace (/Users/mbp/Github/node_modules/rdkit/dist/rdkit.js:16:20723)\n    at stackTrace (/Users/mbp/Github/node_modules/rdkit/dist/rdkit.js:16:20906)\n    at ___assert_fail (/Users/mbp/Github/node_modules/rdkit/dist/rdkit.js:16:1317273)\n    at K0 (/Users/mbp/Github/node_modules/rdkit/dist/rdkit.js:34:185130)\n    at fs (/Users/mbp/Github/node_modules/rdkit/dist/rdkit.js:31:212111)\n    at sn (/Users/mbp/Github/node_modules/rdkit/dist/rdkit.js:24:227627)\n    at Array.rn (/Users/mbp/Github/node_modules/rdkit/dist/rdkit.js:24:206488)\n    at Object.Tka [as dynCall_viiiiii] (/Users/mbp/Github/node_modules/rdkit/dist/rdkit.js:45:25029)\n    at invoke_viiiiii (/Users/mbp/Github/node_modules/rdkit/dist/rdkit.js:16:1351459)\n    at WH (/Users/mbp/Github/node_modules/rdkit/dist/rdkit.js:28:161392)"
i=99654
"Assertion failed: !\"vector length_error\", at: /Users/mbp/Github/emsdk_portable1/emscripten/tag-1.34.6/system/include/libcxx/vector,303,__throw_length_error at Error\n    at jsStackTrace (/Users/mbp/Github/node_modules/rdkit/dist/rdkit.js:16:20723)\n    at stackTrace (/Users/mbp/Github/node_modules/rdkit/dist/rdkit.js:16:20906)\n    at ___assert_fail (/Users/mbp/Github/node_modules/rdkit/dist/rdkit.js:16:1317273)\n    at K0 (/Users/mbp/Github/node_modules/rdkit/dist/rdkit.js:34:185130)\n    at fs (/Users/mbp/Github/node_modules/rdkit/dist/rdkit.js:31:212111)\n    at sn (/Users/mbp/Github/node_modules/rdkit/dist/rdkit.js:24:227627)\n    at Array.rn (/Users/mbp/Github/node_modules/rdkit/dist/rdkit.js:24:206488)\n    at Object.Tka [as dynCall_viiiiii] (/Users/mbp/Github/node_modules/rdkit/dist/rdkit.js:45:25029)\n    at invoke_viiiiii (/Users/mbp/Github/node_modules/rdkit/dist/rdkit.js:16:1351459)\n    at WH (/Users/mbp/Github/node_modules/rdkit/dist/rdkit.js:28:161392)"
i=99657
"Assertion failed: !\"vector length_error\", at: /Users/mbp/Github/emsdk_portable1/emscripten/tag-1.34.6/system/include/libcxx/vector,303,__throw_length_error at Error\n    at jsStackTrace (/Users/mbp/Github/node_modules/rdkit/dist/rdkit.js:16:20723)\n    at stackTrace (/Users/mbp/Github/node_modules/rdkit/dist/rdkit.js:16:20906)\n    at ___assert_fail (/Users/mbp/Github/node_modules/rdkit/dist/rdkit.js:16:1317273)\n    at K0 (/Users/mbp/Github/node_modules/rdkit/dist/rdkit.js:34:185130)\n    at fs (/Users/mbp/Github/node_modules/rdkit/dist/rdkit.js:31:212111)\n    at sn (/Users/mbp/Github/node_modules/rdkit/dist/rdkit.js:24:227627)\n    at Array.rn (/Users/mbp/Github/node_modules/rdkit/dist/rdkit.js:24:206488)\n    at Object.Tka [as dynCall_viiiiii] (/Users/mbp/Github/node_modules/rdkit/dist/rdkit.js:45:25029)\n    at invoke_viiiiii (/Users/mbp/Github/node_modules/rdkit/dist/rdkit.js:16:1351459)\n    at WH (/Users/mbp/Github/node_modules/rdkit/dist/rdkit.js:28:161392)"
i=99667
"Assertion failed: !\"vector length_error\", at: /Users/mbp/Github/emsdk_portable1/emscripten/tag-1.34.6/system/include/libcxx/vector,303,__throw_length_error at Error\n    at jsStackTrace (/Users/mbp/Github/node_modules/rdkit/dist/rdkit.js:16:20723)\n    at stackTrace (/Users/mbp/Github/node_modules/rdkit/dist/rdkit.js:16:20906)\n    at ___assert_fail (/Users/mbp/Github/node_modules/rdkit/dist/rdkit.js:16:1317273)\n    at K0 (/Users/mbp/Github/node_modules/rdkit/dist/rdkit.js:34:185130)\n    at fs (/Users/mbp/Github/node_modules/rdkit/dist/rdkit.js:31:212111)\n    at sn (/Users/mbp/Github/node_modules/rdkit/dist/rdkit.js:24:227627)\n    at Array.rn (/Users/mbp/Github/node_modules/rdkit/dist/rdkit.js:24:206488)\n    at Object.Tka [as dynCall_viiiiii] (/Users/mbp/Github/node_modules/rdkit/dist/rdkit.js:45:25029)\n    at invoke_viiiiii (/Users/mbp/Github/node_modules/rdkit/dist/rdkit.js:16:1351459)\n    at WH (/Users/mbp/Github/node_modules/rdkit/dist/rdkit.js:28:161392)"
i=99672
"Assertion failed: !\"vector length_error\", at: /Users/mbp/Github/emsdk_portable1/emscripten/tag-1.34.6/system/include/libcxx/vector,303,__throw_length_error at Error\n    at jsStackTrace (/Users/mbp/Github/node_modules/rdkit/dist/rdkit.js:16:20723)\n    at stackTrace (/Users/mbp/Github/node_modules/rdkit/dist/rdkit.js:16:20906)\n    at ___assert_fail (/Users/mbp/Github/node_modules/rdkit/dist/rdkit.js:16:1317273)\n    at K0 (/Users/mbp/Github/node_modules/rdkit/dist/rdkit.js:34:185130)\n    at fs (/Users/mbp/Github/node_modules/rdkit/dist/rdkit.js:31:212111)\n    at sn (/Users/mbp/Github/node_modules/rdkit/dist/rdkit.js:24:227627)\n    at Array.rn (/Users/mbp/Github/node_modules/rdkit/dist/rdkit.js:24:206488)\n    at Object.Tka [as dynCall_viiiiii] (/Users/mbp/Github/node_modules/rdkit/dist/rdkit.js:45:25029)\n    at invoke_viiiiii (/Users/mbp/Github/node_modules/rdkit/dist/rdkit.js:16:1351459)\n    at WH (/Users/mbp/Github/node_modules/rdkit/dist/rdkit.js:28:161392)"
i=99672
"Assertion failed: !\"vector length_error\", at: /Users/mbp/Github/emsdk_portable1/emscripten/tag-1.34.6/system/include/libcxx/vector,303,__throw_length_error at Error\n    at jsStackTrace (/Users/mbp/Github/node_modules/rdkit/dist/rdkit.js:16:20723)\n    at stackTrace (/Users/mbp/Github/node_modules/rdkit/dist/rdkit.js:16:20906)\n    at ___assert_fail (/Users/mbp/Github/node_modules/rdkit/dist/rdkit.js:16:1317273)\n    at K0 (/Users/mbp/Github/node_modules/rdkit/dist/rdkit.js:34:185130)\n    at fs (/Users/mbp/Github/node_modules/rdkit/dist/rdkit.js:31:212111)\n    at sn (/Users/mbp/Github/node_modules/rdkit/dist/rdkit.js:24:227627)\n    at Array.rn (/Users/mbp/Github/node_modules/rdkit/dist/rdkit.js:24:206488)\n    at Object.Tka [as dynCall_viiiiii] (/Users/mbp/Github/node_modules/rdkit/dist/rdkit.js:45:25029)\n    at invoke_viiiiii (/Users/mbp/Github/node_modules/rdkit/dist/rdkit.js:16:1351459)\n    at WH (/Users/mbp/Github/node_modules/rdkit/dist/rdkit.js:28:161392)"
i=99672
"Assertion failed: !\"vector length_error\", at: /Users/mbp/Github/emsdk_portable1/emscripten/tag-1.34.6/system/include/libcxx/vector,303,__throw_length_error at Error\n    at jsStackTrace (/Users/mbp/Github/node_modules/rdkit/dist/rdkit.js:16:20723)\n    at stackTrace (/Users/mbp/Github/node_modules/rdkit/dist/rdkit.js:16:20906)\n    at ___assert_fail (/Users/mbp/Github/node_modules/rdkit/dist/rdkit.js:16:1317273)\n    at K0 (/Users/mbp/Github/node_modules/rdkit/dist/rdkit.js:34:185130)\n    at fs (/Users/mbp/Github/node_modules/rdkit/dist/rdkit.js:31:212111)\n    at sn (/Users/mbp/Github/node_modules/rdkit/dist/rdkit.js:24:227627)\n    at Array.rn (/Users/mbp/Github/node_modules/rdkit/dist/rdkit.js:24:206488)\n    at Object.Tka [as dynCall_viiiiii] (/Users/mbp/Github/node_modules/rdkit/dist/rdkit.js:45:25029)\n    at invoke_viiiiii (/Users/mbp/Github/node_modules/rdkit/dist/rdkit.js:16:1351459)\n    at WH (/Users/mbp/Github/node_modules/rdkit/dist/rdkit.js:28:161392)"
i=99720
"Assertion failed: !\"vector length_error\", at: /Users/mbp/Github/emsdk_portable1/emscripten/tag-1.34.6/system/include/libcxx/vector,303,__throw_length_error at Error\n    at jsStackTrace (/Users/mbp/Github/node_modules/rdkit/dist/rdkit.js:16:20723)\n    at stackTrace (/Users/mbp/Github/node_modules/rdkit/dist/rdkit.js:16:20906)\n    at ___assert_fail (/Users/mbp/Github/node_modules/rdkit/dist/rdkit.js:16:1317273)\n    at K0 (/Users/mbp/Github/node_modules/rdkit/dist/rdkit.js:34:185130)\n    at fs (/Users/mbp/Github/node_modules/rdkit/dist/rdkit.js:31:212111)\n    at sn (/Users/mbp/Github/node_modules/rdkit/dist/rdkit.js:24:227627)\n    at Array.rn (/Users/mbp/Github/node_modules/rdkit/dist/rdkit.js:24:206488)\n    at Object.Tka [as dynCall_viiiiii] (/Users/mbp/Github/node_modules/rdkit/dist/rdkit.js:45:25029)\n    at invoke_viiiiii (/Users/mbp/Github/node_modules/rdkit/dist/rdkit.js:16:1351459)\n    at WH (/Users/mbp/Github/node_modules/rdkit/dist/rdkit.js:28:161392)"
i=99722
"Assertion failed: !\"vector length_error\", at: /Users/mbp/Github/emsdk_portable1/emscripten/tag-1.34.6/system/include/libcxx/vector,303,__throw_length_error at Error\n    at jsStackTrace (/Users/mbp/Github/node_modules/rdkit/dist/rdkit.js:16:20723)\n    at stackTrace (/Users/mbp/Github/node_modules/rdkit/dist/rdkit.js:16:20906)\n    at ___assert_fail (/Users/mbp/Github/node_modules/rdkit/dist/rdkit.js:16:1317273)\n    at K0 (/Users/mbp/Github/node_modules/rdkit/dist/rdkit.js:34:185130)\n    at fs (/Users/mbp/Github/node_modules/rdkit/dist/rdkit.js:31:212111)\n    at sn (/Users/mbp/Github/node_modules/rdkit/dist/rdkit.js:24:227627)\n    at Array.rn (/Users/mbp/Github/node_modules/rdkit/dist/rdkit.js:24:206488)\n    at Object.Tka [as dynCall_viiiiii] (/Users/mbp/Github/node_modules/rdkit/dist/rdkit.js:45:25029)\n    at invoke_viiiiii (/Users/mbp/Github/node_modules/rdkit/dist/rdkit.js:16:1351459)\n    at WH (/Users/mbp/Github/node_modules/rdkit/dist/rdkit.js:28:161392)"
i=99723
"Assertion failed: !\"vector length_error\", at: /Users/mbp/Github/emsdk_portable1/emscripten/tag-1.34.6/system/include/libcxx/vector,303,__throw_length_error at Error\n    at jsStackTrace (/Users/mbp/Github/node_modules/rdkit/dist/rdkit.js:16:20723)\n    at stackTrace (/Users/mbp/Github/node_modules/rdkit/dist/rdkit.js:16:20906)\n    at ___assert_fail (/Users/mbp/Github/node_modules/rdkit/dist/rdkit.js:16:1317273)\n    at K0 (/Users/mbp/Github/node_modules/rdkit/dist/rdkit.js:34:185130)\n    at fs (/Users/mbp/Github/node_modules/rdkit/dist/rdkit.js:31:212111)\n    at sn (/Users/mbp/Github/node_modules/rdkit/dist/rdkit.js:24:227627)\n    at Array.rn (/Users/mbp/Github/node_modules/rdkit/dist/rdkit.js:24:206488)\n    at Object.Tka [as dynCall_viiiiii] (/Users/mbp/Github/node_modules/rdkit/dist/rdkit.js:45:25029)\n    at invoke_viiiiii (/Users/mbp/Github/node_modules/rdkit/dist/rdkit.js:16:1351459)\n    at WH (/Users/mbp/Github/node_modules/rdkit/dist/rdkit.js:28:161392)"
i=99727
"Assertion failed: !\"vector length_error\", at: /Users/mbp/Github/emsdk_portable1/emscripten/tag-1.34.6/system/include/libcxx/vector,303,__throw_length_error at Error\n    at jsStackTrace (/Users/mbp/Github/node_modules/rdkit/dist/rdkit.js:16:20723)\n    at stackTrace (/Users/mbp/Github/node_modules/rdkit/dist/rdkit.js:16:20906)\n    at ___assert_fail (/Users/mbp/Github/node_modules/rdkit/dist/rdkit.js:16:1317273)\n    at K0 (/Users/mbp/Github/node_modules/rdkit/dist/rdkit.js:34:185130)\n    at fs (/Users/mbp/Github/node_modules/rdkit/dist/rdkit.js:31:212111)\n    at sn (/Users/mbp/Github/node_modules/rdkit/dist/rdkit.js:24:227627)\n    at Array.rn (/Users/mbp/Github/node_modules/rdkit/dist/rdkit.js:24:206488)\n    at Object.Tka [as dynCall_viiiiii] (/Users/mbp/Github/node_modules/rdkit/dist/rdkit.js:45:25029)\n    at invoke_viiiiii (/Users/mbp/Github/node_modules/rdkit/dist/rdkit.js:16:1351459)\n    at WH (/Users/mbp/Github/node_modules/rdkit/dist/rdkit.js:28:161392)"
i=99733
"Assertion failed: !\"vector length_error\", at: /Users/mbp/Github/emsdk_portable1/emscripten/tag-1.34.6/system/include/libcxx/vector,303,__throw_length_error at Error\n    at jsStackTrace (/Users/mbp/Github/node_modules/rdkit/dist/rdkit.js:16:20723)\n    at stackTrace (/Users/mbp/Github/node_modules/rdkit/dist/rdkit.js:16:20906)\n    at ___assert_fail (/Users/mbp/Github/node_modules/rdkit/dist/rdkit.js:16:1317273)\n    at K0 (/Users/mbp/Github/node_modules/rdkit/dist/rdkit.js:34:185130)\n    at fs (/Users/mbp/Github/node_modules/rdkit/dist/rdkit.js:31:212111)\n    at sn (/Users/mbp/Github/node_modules/rdkit/dist/rdkit.js:24:227627)\n    at Array.rn (/Users/mbp/Github/node_modules/rdkit/dist/rdkit.js:24:206488)\n    at Object.Tka [as dynCall_viiiiii] (/Users/mbp/Github/node_modules/rdkit/dist/rdkit.js:45:25029)\n    at invoke_viiiiii (/Users/mbp/Github/node_modules/rdkit/dist/rdkit.js:16:1351459)\n    at WH (/Users/mbp/Github/node_modules/rdkit/dist/rdkit.js:28:161392)"
i=99733
"Assertion failed: !\"vector length_error\", at: /Users/mbp/Github/emsdk_portable1/emscripten/tag-1.34.6/system/include/libcxx/vector,303,__throw_length_error at Error\n    at jsStackTrace (/Users/mbp/Github/node_modules/rdkit/dist/rdkit.js:16:20723)\n    at stackTrace (/Users/mbp/Github/node_modules/rdkit/dist/rdkit.js:16:20906)\n    at ___assert_fail (/Users/mbp/Github/node_modules/rdkit/dist/rdkit.js:16:1317273)\n    at K0 (/Users/mbp/Github/node_modules/rdkit/dist/rdkit.js:34:185130)\n    at fs (/Users/mbp/Github/node_modules/rdkit/dist/rdkit.js:31:212111)\n    at sn (/Users/mbp/Github/node_modules/rdkit/dist/rdkit.js:24:227627)\n    at Array.rn (/Users/mbp/Github/node_modules/rdkit/dist/rdkit.js:24:206488)\n    at Object.Tka [as dynCall_viiiiii] (/Users/mbp/Github/node_modules/rdkit/dist/rdkit.js:45:25029)\n    at invoke_viiiiii (/Users/mbp/Github/node_modules/rdkit/dist/rdkit.js:16:1351459)\n    at WH (/Users/mbp/Github/node_modules/rdkit/dist/rdkit.js:28:161392)"
i=99733
"Assertion failed: !\"vector length_error\", at: /Users/mbp/Github/emsdk_portable1/emscripten/tag-1.34.6/system/include/libcxx/vector,303,__throw_length_error at Error\n    at jsStackTrace (/Users/mbp/Github/node_modules/rdkit/dist/rdkit.js:16:20723)\n    at stackTrace (/Users/mbp/Github/node_modules/rdkit/dist/rdkit.js:16:20906)\n    at ___assert_fail (/Users/mbp/Github/node_modules/rdkit/dist/rdkit.js:16:1317273)\n    at K0 (/Users/mbp/Github/node_modules/rdkit/dist/rdkit.js:34:185130)\n    at fs (/Users/mbp/Github/node_modules/rdkit/dist/rdkit.js:31:212111)\n    at sn (/Users/mbp/Github/node_modules/rdkit/dist/rdkit.js:24:227627)\n    at Array.rn (/Users/mbp/Github/node_modules/rdkit/dist/rdkit.js:24:206488)\n    at Object.Tka [as dynCall_viiiiii] (/Users/mbp/Github/node_modules/rdkit/dist/rdkit.js:45:25029)\n    at invoke_viiiiii (/Users/mbp/Github/node_modules/rdkit/dist/rdkit.js:16:1351459)\n    at WH (/Users/mbp/Github/node_modules/rdkit/dist/rdkit.js:28:161392)"
i=99733
"Assertion failed: !\"vector length_error\", at: /Users/mbp/Github/emsdk_portable1/emscripten/tag-1.34.6/system/include/libcxx/vector,303,__throw_length_error at Error\n    at jsStackTrace (/Users/mbp/Github/node_modules/rdkit/dist/rdkit.js:16:20723)\n    at stackTrace (/Users/mbp/Github/node_modules/rdkit/dist/rdkit.js:16:20906)\n    at ___assert_fail (/Users/mbp/Github/node_modules/rdkit/dist/rdkit.js:16:1317273)\n    at K0 (/Users/mbp/Github/node_modules/rdkit/dist/rdkit.js:34:185130)\n    at fs (/Users/mbp/Github/node_modules/rdkit/dist/rdkit.js:31:212111)\n    at sn (/Users/mbp/Github/node_modules/rdkit/dist/rdkit.js:24:227627)\n    at Array.rn (/Users/mbp/Github/node_modules/rdkit/dist/rdkit.js:24:206488)\n    at Object.Tka [as dynCall_viiiiii] (/Users/mbp/Github/node_modules/rdkit/dist/rdkit.js:45:25029)\n    at invoke_viiiiii (/Users/mbp/Github/node_modules/rdkit/dist/rdkit.js:16:1351459)\n    at WH (/Users/mbp/Github/node_modules/rdkit/dist/rdkit.js:28:161392)"
i=99736
"Assertion failed: !\"vector length_error\", at: /Users/mbp/Github/emsdk_portable1/emscripten/tag-1.34.6/system/include/libcxx/vector,303,__throw_length_error at Error\n    at jsStackTrace (/Users/mbp/Github/node_modules/rdkit/dist/rdkit.js:16:20723)\n    at stackTrace (/Users/mbp/Github/node_modules/rdkit/dist/rdkit.js:16:20906)\n    at ___assert_fail (/Users/mbp/Github/node_modules/rdkit/dist/rdkit.js:16:1317273)\n    at K0 (/Users/mbp/Github/node_modules/rdkit/dist/rdkit.js:34:185130)\n    at fs (/Users/mbp/Github/node_modules/rdkit/dist/rdkit.js:31:212111)\n    at sn (/Users/mbp/Github/node_modules/rdkit/dist/rdkit.js:24:227627)\n    at Array.rn (/Users/mbp/Github/node_modules/rdkit/dist/rdkit.js:24:206488)\n    at Object.Tka [as dynCall_viiiiii] (/Users/mbp/Github/node_modules/rdkit/dist/rdkit.js:45:25029)\n    at invoke_viiiiii (/Users/mbp/Github/node_modules/rdkit/dist/rdkit.js:16:1351459)\n    at WH (/Users/mbp/Github/node_modules/rdkit/dist/rdkit.js:28:161392)"
i=99736
"Assertion failed: !\"vector length_error\", at: /Users/mbp/Github/emsdk_portable1/emscripten/tag-1.34.6/system/include/libcxx/vector,303,__throw_length_error at Error\n    at jsStackTrace (/Users/mbp/Github/node_modules/rdkit/dist/rdkit.js:16:20723)\n    at stackTrace (/Users/mbp/Github/node_modules/rdkit/dist/rdkit.js:16:20906)\n    at ___assert_fail (/Users/mbp/Github/node_modules/rdkit/dist/rdkit.js:16:1317273)\n    at K0 (/Users/mbp/Github/node_modules/rdkit/dist/rdkit.js:34:185130)\n    at fs (/Users/mbp/Github/node_modules/rdkit/dist/rdkit.js:31:212111)\n    at sn (/Users/mbp/Github/node_modules/rdkit/dist/rdkit.js:24:227627)\n    at Array.rn (/Users/mbp/Github/node_modules/rdkit/dist/rdkit.js:24:206488)\n    at Object.Tka [as dynCall_viiiiii] (/Users/mbp/Github/node_modules/rdkit/dist/rdkit.js:45:25029)\n    at invoke_viiiiii (/Users/mbp/Github/node_modules/rdkit/dist/rdkit.js:16:1351459)\n    at WH (/Users/mbp/Github/node_modules/rdkit/dist/rdkit.js:28:161392)"
i=99736
"Assertion failed: !\"vector length_error\", at: /Users/mbp/Github/emsdk_portable1/emscripten/tag-1.34.6/system/include/libcxx/vector,303,__throw_length_error at Error\n    at jsStackTrace (/Users/mbp/Github/node_modules/rdkit/dist/rdkit.js:16:20723)\n    at stackTrace (/Users/mbp/Github/node_modules/rdkit/dist/rdkit.js:16:20906)\n    at ___assert_fail (/Users/mbp/Github/node_modules/rdkit/dist/rdkit.js:16:1317273)\n    at K0 (/Users/mbp/Github/node_modules/rdkit/dist/rdkit.js:34:185130)\n    at fs (/Users/mbp/Github/node_modules/rdkit/dist/rdkit.js:31:212111)\n    at sn (/Users/mbp/Github/node_modules/rdkit/dist/rdkit.js:24:227627)\n    at Array.rn (/Users/mbp/Github/node_modules/rdkit/dist/rdkit.js:24:206488)\n    at Object.Tka [as dynCall_viiiiii] (/Users/mbp/Github/node_modules/rdkit/dist/rdkit.js:45:25029)\n    at invoke_viiiiii (/Users/mbp/Github/node_modules/rdkit/dist/rdkit.js:16:1351459)\n    at WH (/Users/mbp/Github/node_modules/rdkit/dist/rdkit.js:28:161392)"
i=99736
"Assertion failed: !\"vector length_error\", at: /Users/mbp/Github/emsdk_portable1/emscripten/tag-1.34.6/system/include/libcxx/vector,303,__throw_length_error at Error\n    at jsStackTrace (/Users/mbp/Github/node_modules/rdkit/dist/rdkit.js:16:20723)\n    at stackTrace (/Users/mbp/Github/node_modules/rdkit/dist/rdkit.js:16:20906)\n    at ___assert_fail (/Users/mbp/Github/node_modules/rdkit/dist/rdkit.js:16:1317273)\n    at K0 (/Users/mbp/Github/node_modules/rdkit/dist/rdkit.js:34:185130)\n    at fs (/Users/mbp/Github/node_modules/rdkit/dist/rdkit.js:31:212111)\n    at sn (/Users/mbp/Github/node_modules/rdkit/dist/rdkit.js:24:227627)\n    at Array.rn (/Users/mbp/Github/node_modules/rdkit/dist/rdkit.js:24:206488)\n    at Object.Tka [as dynCall_viiiiii] (/Users/mbp/Github/node_modules/rdkit/dist/rdkit.js:45:25029)\n    at invoke_viiiiii (/Users/mbp/Github/node_modules/rdkit/dist/rdkit.js:16:1351459)\n    at WH (/Users/mbp/Github/node_modules/rdkit/dist/rdkit.js:28:161392)"
i=99736
"Assertion failed: !\"vector length_error\", at: /Users/mbp/Github/emsdk_portable1/emscripten/tag-1.34.6/system/include/libcxx/vector,303,__throw_length_error at Error\n    at jsStackTrace (/Users/mbp/Github/node_modules/rdkit/dist/rdkit.js:16:20723)\n    at stackTrace (/Users/mbp/Github/node_modules/rdkit/dist/rdkit.js:16:20906)\n    at ___assert_fail (/Users/mbp/Github/node_modules/rdkit/dist/rdkit.js:16:1317273)\n    at K0 (/Users/mbp/Github/node_modules/rdkit/dist/rdkit.js:34:185130)\n    at fs (/Users/mbp/Github/node_modules/rdkit/dist/rdkit.js:31:212111)\n    at sn (/Users/mbp/Github/node_modules/rdkit/dist/rdkit.js:24:227627)\n    at Array.rn (/Users/mbp/Github/node_modules/rdkit/dist/rdkit.js:24:206488)\n    at Object.Tka [as dynCall_viiiiii] (/Users/mbp/Github/node_modules/rdkit/dist/rdkit.js:45:25029)\n    at invoke_viiiiii (/Users/mbp/Github/node_modules/rdkit/dist/rdkit.js:16:1351459)\n    at WH (/Users/mbp/Github/node_modules/rdkit/dist/rdkit.js:28:161392)"
i=99736
"Assertion failed: !\"vector length_error\", at: /Users/mbp/Github/emsdk_portable1/emscripten/tag-1.34.6/system/include/libcxx/vector,303,__throw_length_error at Error\n    at jsStackTrace (/Users/mbp/Github/node_modules/rdkit/dist/rdkit.js:16:20723)\n    at stackTrace (/Users/mbp/Github/node_modules/rdkit/dist/rdkit.js:16:20906)\n    at ___assert_fail (/Users/mbp/Github/node_modules/rdkit/dist/rdkit.js:16:1317273)\n    at K0 (/Users/mbp/Github/node_modules/rdkit/dist/rdkit.js:34:185130)\n    at fs (/Users/mbp/Github/node_modules/rdkit/dist/rdkit.js:31:212111)\n    at sn (/Users/mbp/Github/node_modules/rdkit/dist/rdkit.js:24:227627)\n    at Array.rn (/Users/mbp/Github/node_modules/rdkit/dist/rdkit.js:24:206488)\n    at Object.Tka [as dynCall_viiiiii] (/Users/mbp/Github/node_modules/rdkit/dist/rdkit.js:45:25029)\n    at invoke_viiiiii (/Users/mbp/Github/node_modules/rdkit/dist/rdkit.js:16:1351459)\n    at WH (/Users/mbp/Github/node_modules/rdkit/dist/rdkit.js:28:161392)"
i=99736
"Assertion failed: !\"vector length_error\", at: /Users/mbp/Github/emsdk_portable1/emscripten/tag-1.34.6/system/include/libcxx/vector,303,__throw_length_error at Error\n    at jsStackTrace (/Users/mbp/Github/node_modules/rdkit/dist/rdkit.js:16:20723)\n    at stackTrace (/Users/mbp/Github/node_modules/rdkit/dist/rdkit.js:16:20906)\n    at ___assert_fail (/Users/mbp/Github/node_modules/rdkit/dist/rdkit.js:16:1317273)\n    at K0 (/Users/mbp/Github/node_modules/rdkit/dist/rdkit.js:34:185130)\n    at fs (/Users/mbp/Github/node_modules/rdkit/dist/rdkit.js:31:212111)\n    at sn (/Users/mbp/Github/node_modules/rdkit/dist/rdkit.js:24:227627)\n    at Array.rn (/Users/mbp/Github/node_modules/rdkit/dist/rdkit.js:24:206488)\n    at Object.Tka [as dynCall_viiiiii] (/Users/mbp/Github/node_modules/rdkit/dist/rdkit.js:45:25029)\n    at invoke_viiiiii (/Users/mbp/Github/node_modules/rdkit/dist/rdkit.js:16:1351459)\n    at WH (/Users/mbp/Github/node_modules/rdkit/dist/rdkit.js:28:161392)"
i=99736
"Assertion failed: !\"vector length_error\", at: /Users/mbp/Github/emsdk_portable1/emscripten/tag-1.34.6/system/include/libcxx/vector,303,__throw_length_error at Error\n    at jsStackTrace (/Users/mbp/Github/node_modules/rdkit/dist/rdkit.js:16:20723)\n    at stackTrace (/Users/mbp/Github/node_modules/rdkit/dist/rdkit.js:16:20906)\n    at ___assert_fail (/Users/mbp/Github/node_modules/rdkit/dist/rdkit.js:16:1317273)\n    at K0 (/Users/mbp/Github/node_modules/rdkit/dist/rdkit.js:34:185130)\n    at fs (/Users/mbp/Github/node_modules/rdkit/dist/rdkit.js:31:212111)\n    at sn (/Users/mbp/Github/node_modules/rdkit/dist/rdkit.js:24:227627)\n    at Array.rn (/Users/mbp/Github/node_modules/rdkit/dist/rdkit.js:24:206488)\n    at Object.Tka [as dynCall_viiiiii] (/Users/mbp/Github/node_modules/rdkit/dist/rdkit.js:45:25029)\n    at invoke_viiiiii (/Users/mbp/Github/node_modules/rdkit/dist/rdkit.js:16:1351459)\n    at WH (/Users/mbp/Github/node_modules/rdkit/dist/rdkit.js:28:161392)"
i=99736
"Assertion failed: !\"vector length_error\", at: /Users/mbp/Github/emsdk_portable1/emscripten/tag-1.34.6/system/include/libcxx/vector,303,__throw_length_error at Error\n    at jsStackTrace (/Users/mbp/Github/node_modules/rdkit/dist/rdkit.js:16:20723)\n    at stackTrace (/Users/mbp/Github/node_modules/rdkit/dist/rdkit.js:16:20906)\n    at ___assert_fail (/Users/mbp/Github/node_modules/rdkit/dist/rdkit.js:16:1317273)\n    at K0 (/Users/mbp/Github/node_modules/rdkit/dist/rdkit.js:34:185130)\n    at fs (/Users/mbp/Github/node_modules/rdkit/dist/rdkit.js:31:212111)\n    at sn (/Users/mbp/Github/node_modules/rdkit/dist/rdkit.js:24:227627)\n    at Array.rn (/Users/mbp/Github/node_modules/rdkit/dist/rdkit.js:24:206488)\n    at Object.Tka [as dynCall_viiiiii] (/Users/mbp/Github/node_modules/rdkit/dist/rdkit.js:45:25029)\n    at invoke_viiiiii (/Users/mbp/Github/node_modules/rdkit/dist/rdkit.js:16:1351459)\n    at WH (/Users/mbp/Github/node_modules/rdkit/dist/rdkit.js:28:161392)"
i=99736
"Assertion failed: !\"vector length_error\", at: /Users/mbp/Github/emsdk_portable1/emscripten/tag-1.34.6/system/include/libcxx/vector,303,__throw_length_error at Error\n    at jsStackTrace (/Users/mbp/Github/node_modules/rdkit/dist/rdkit.js:16:20723)\n    at stackTrace (/Users/mbp/Github/node_modules/rdkit/dist/rdkit.js:16:20906)\n    at ___assert_fail (/Users/mbp/Github/node_modules/rdkit/dist/rdkit.js:16:1317273)\n    at K0 (/Users/mbp/Github/node_modules/rdkit/dist/rdkit.js:34:185130)\n    at fs (/Users/mbp/Github/node_modules/rdkit/dist/rdkit.js:31:212111)\n    at sn (/Users/mbp/Github/node_modules/rdkit/dist/rdkit.js:24:227627)\n    at Array.rn (/Users/mbp/Github/node_modules/rdkit/dist/rdkit.js:24:206488)\n    at Object.Tka [as dynCall_viiiiii] (/Users/mbp/Github/node_modules/rdkit/dist/rdkit.js:45:25029)\n    at invoke_viiiiii (/Users/mbp/Github/node_modules/rdkit/dist/rdkit.js:16:1351459)\n    at WH (/Users/mbp/Github/node_modules/rdkit/dist/rdkit.js:28:161392)"
i=99736
"Assertion failed: !\"vector length_error\", at: /Users/mbp/Github/emsdk_portable1/emscripten/tag-1.34.6/system/include/libcxx/vector,303,__throw_length_error at Error\n    at jsStackTrace (/Users/mbp/Github/node_modules/rdkit/dist/rdkit.js:16:20723)\n    at stackTrace (/Users/mbp/Github/node_modules/rdkit/dist/rdkit.js:16:20906)\n    at ___assert_fail (/Users/mbp/Github/node_modules/rdkit/dist/rdkit.js:16:1317273)\n    at K0 (/Users/mbp/Github/node_modules/rdkit/dist/rdkit.js:34:185130)\n    at fs (/Users/mbp/Github/node_modules/rdkit/dist/rdkit.js:31:212111)\n    at sn (/Users/mbp/Github/node_modules/rdkit/dist/rdkit.js:24:227627)\n    at Array.rn (/Users/mbp/Github/node_modules/rdkit/dist/rdkit.js:24:206488)\n    at Object.Tka [as dynCall_viiiiii] (/Users/mbp/Github/node_modules/rdkit/dist/rdkit.js:45:25029)\n    at invoke_viiiiii (/Users/mbp/Github/node_modules/rdkit/dist/rdkit.js:16:1351459)\n    at WH (/Users/mbp/Github/node_modules/rdkit/dist/rdkit.js:28:161392)"
i=99736
"Assertion failed: !\"vector length_error\", at: /Users/mbp/Github/emsdk_portable1/emscripten/tag-1.34.6/system/include/libcxx/vector,303,__throw_length_error at Error\n    at jsStackTrace (/Users/mbp/Github/node_modules/rdkit/dist/rdkit.js:16:20723)\n    at stackTrace (/Users/mbp/Github/node_modules/rdkit/dist/rdkit.js:16:20906)\n    at ___assert_fail (/Users/mbp/Github/node_modules/rdkit/dist/rdkit.js:16:1317273)\n    at K0 (/Users/mbp/Github/node_modules/rdkit/dist/rdkit.js:34:185130)\n    at fs (/Users/mbp/Github/node_modules/rdkit/dist/rdkit.js:31:212111)\n    at sn (/Users/mbp/Github/node_modules/rdkit/dist/rdkit.js:24:227627)\n    at Array.rn (/Users/mbp/Github/node_modules/rdkit/dist/rdkit.js:24:206488)\n    at Object.Tka [as dynCall_viiiiii] (/Users/mbp/Github/node_modules/rdkit/dist/rdkit.js:45:25029)\n    at invoke_viiiiii (/Users/mbp/Github/node_modules/rdkit/dist/rdkit.js:16:1351459)\n    at WH (/Users/mbp/Github/node_modules/rdkit/dist/rdkit.js:28:161392)"
i=99736
"Assertion failed: !\"vector length_error\", at: /Users/mbp/Github/emsdk_portable1/emscripten/tag-1.34.6/system/include/libcxx/vector,303,__throw_length_error at Error\n    at jsStackTrace (/Users/mbp/Github/node_modules/rdkit/dist/rdkit.js:16:20723)\n    at stackTrace (/Users/mbp/Github/node_modules/rdkit/dist/rdkit.js:16:20906)\n    at ___assert_fail (/Users/mbp/Github/node_modules/rdkit/dist/rdkit.js:16:1317273)\n    at K0 (/Users/mbp/Github/node_modules/rdkit/dist/rdkit.js:34:185130)\n    at fs (/Users/mbp/Github/node_modules/rdkit/dist/rdkit.js:31:212111)\n    at sn (/Users/mbp/Github/node_modules/rdkit/dist/rdkit.js:24:227627)\n    at Array.rn (/Users/mbp/Github/node_modules/rdkit/dist/rdkit.js:24:206488)\n    at Object.Tka [as dynCall_viiiiii] (/Users/mbp/Github/node_modules/rdkit/dist/rdkit.js:45:25029)\n    at invoke_viiiiii (/Users/mbp/Github/node_modules/rdkit/dist/rdkit.js:16:1351459)\n    at WH (/Users/mbp/Github/node_modules/rdkit/dist/rdkit.js:28:161392)"
i=99736
"Assertion failed: !\"vector length_error\", at: /Users/mbp/Github/emsdk_portable1/emscripten/tag-1.34.6/system/include/libcxx/vector,303,__throw_length_error at Error\n    at jsStackTrace (/Users/mbp/Github/node_modules/rdkit/dist/rdkit.js:16:20723)\n    at stackTrace (/Users/mbp/Github/node_modules/rdkit/dist/rdkit.js:16:20906)\n    at ___assert_fail (/Users/mbp/Github/node_modules/rdkit/dist/rdkit.js:16:1317273)\n    at K0 (/Users/mbp/Github/node_modules/rdkit/dist/rdkit.js:34:185130)\n    at fs (/Users/mbp/Github/node_modules/rdkit/dist/rdkit.js:31:212111)\n    at sn (/Users/mbp/Github/node_modules/rdkit/dist/rdkit.js:24:227627)\n    at Array.rn (/Users/mbp/Github/node_modules/rdkit/dist/rdkit.js:24:206488)\n    at Object.Tka [as dynCall_viiiiii] (/Users/mbp/Github/node_modules/rdkit/dist/rdkit.js:45:25029)\n    at invoke_viiiiii (/Users/mbp/Github/node_modules/rdkit/dist/rdkit.js:16:1351459)\n    at WH (/Users/mbp/Github/node_modules/rdkit/dist/rdkit.js:28:161392)"
i=99736
"Assertion failed: !\"vector length_error\", at: /Users/mbp/Github/emsdk_portable1/emscripten/tag-1.34.6/system/include/libcxx/vector,303,__throw_length_error at Error\n    at jsStackTrace (/Users/mbp/Github/node_modules/rdkit/dist/rdkit.js:16:20723)\n    at stackTrace (/Users/mbp/Github/node_modules/rdkit/dist/rdkit.js:16:20906)\n    at ___assert_fail (/Users/mbp/Github/node_modules/rdkit/dist/rdkit.js:16:1317273)\n    at K0 (/Users/mbp/Github/node_modules/rdkit/dist/rdkit.js:34:185130)\n    at fs (/Users/mbp/Github/node_modules/rdkit/dist/rdkit.js:31:212111)\n    at sn (/Users/mbp/Github/node_modules/rdkit/dist/rdkit.js:24:227627)\n    at Array.rn (/Users/mbp/Github/node_modules/rdkit/dist/rdkit.js:24:206488)\n    at Object.Tka [as dynCall_viiiiii] (/Users/mbp/Github/node_modules/rdkit/dist/rdkit.js:45:25029)\n    at invoke_viiiiii (/Users/mbp/Github/node_modules/rdkit/dist/rdkit.js:16:1351459)\n    at WH (/Users/mbp/Github/node_modules/rdkit/dist/rdkit.js:28:161392)"
i=99736
"Assertion failed: !\"vector length_error\", at: /Users/mbp/Github/emsdk_portable1/emscripten/tag-1.34.6/system/include/libcxx/vector,303,__throw_length_error at Error\n    at jsStackTrace (/Users/mbp/Github/node_modules/rdkit/dist/rdkit.js:16:20723)\n    at stackTrace (/Users/mbp/Github/node_modules/rdkit/dist/rdkit.js:16:20906)\n    at ___assert_fail (/Users/mbp/Github/node_modules/rdkit/dist/rdkit.js:16:1317273)\n    at K0 (/Users/mbp/Github/node_modules/rdkit/dist/rdkit.js:34:185130)\n    at fs (/Users/mbp/Github/node_modules/rdkit/dist/rdkit.js:31:212111)\n    at sn (/Users/mbp/Github/node_modules/rdkit/dist/rdkit.js:24:227627)\n    at Array.rn (/Users/mbp/Github/node_modules/rdkit/dist/rdkit.js:24:206488)\n    at Object.Tka [as dynCall_viiiiii] (/Users/mbp/Github/node_modules/rdkit/dist/rdkit.js:45:25029)\n    at invoke_viiiiii (/Users/mbp/Github/node_modules/rdkit/dist/rdkit.js:16:1351459)\n    at WH (/Users/mbp/Github/node_modules/rdkit/dist/rdkit.js:28:161392)"
i=99736
"Assertion failed: !\"vector length_error\", at: /Users/mbp/Github/emsdk_portable1/emscripten/tag-1.34.6/system/include/libcxx/vector,303,__throw_length_error at Error\n    at jsStackTrace (/Users/mbp/Github/node_modules/rdkit/dist/rdkit.js:16:20723)\n    at stackTrace (/Users/mbp/Github/node_modules/rdkit/dist/rdkit.js:16:20906)\n    at ___assert_fail (/Users/mbp/Github/node_modules/rdkit/dist/rdkit.js:16:1317273)\n    at K0 (/Users/mbp/Github/node_modules/rdkit/dist/rdkit.js:34:185130)\n    at fs (/Users/mbp/Github/node_modules/rdkit/dist/rdkit.js:31:212111)\n    at sn (/Users/mbp/Github/node_modules/rdkit/dist/rdkit.js:24:227627)\n    at Array.rn (/Users/mbp/Github/node_modules/rdkit/dist/rdkit.js:24:206488)\n    at Object.Tka [as dynCall_viiiiii] (/Users/mbp/Github/node_modules/rdkit/dist/rdkit.js:45:25029)\n    at invoke_viiiiii (/Users/mbp/Github/node_modules/rdkit/dist/rdkit.js:16:1351459)\n    at WH (/Users/mbp/Github/node_modules/rdkit/dist/rdkit.js:28:161392)"
i=99738
"Assertion failed: !\"vector length_error\", at: /Users/mbp/Github/emsdk_portable1/emscripten/tag-1.34.6/system/include/libcxx/vector,303,__throw_length_error at Error\n    at jsStackTrace (/Users/mbp/Github/node_modules/rdkit/dist/rdkit.js:16:20723)\n    at stackTrace (/Users/mbp/Github/node_modules/rdkit/dist/rdkit.js:16:20906)\n    at ___assert_fail (/Users/mbp/Github/node_modules/rdkit/dist/rdkit.js:16:1317273)\n    at K0 (/Users/mbp/Github/node_modules/rdkit/dist/rdkit.js:34:185130)\n    at fs (/Users/mbp/Github/node_modules/rdkit/dist/rdkit.js:31:212111)\n    at sn (/Users/mbp/Github/node_modules/rdkit/dist/rdkit.js:24:227627)\n    at Array.rn (/Users/mbp/Github/node_modules/rdkit/dist/rdkit.js:24:206488)\n    at Object.Tka [as dynCall_viiiiii] (/Users/mbp/Github/node_modules/rdkit/dist/rdkit.js:45:25029)\n    at invoke_viiiiii (/Users/mbp/Github/node_modules/rdkit/dist/rdkit.js:16:1351459)\n    at WH (/Users/mbp/Github/node_modules/rdkit/dist/rdkit.js:28:161392)"
i=99930
116679424
i=100106
116555216
i=100109
116119600
i=100225
117086872
i=100225
117087728
i=100524
117422760
i=100712
117653840
i=100819
"Assertion failed: !\"vector length_error\", at: /Users/mbp/Github/emsdk_portable1/emscripten/tag-1.34.6/system/include/libcxx/vector,303,__throw_length_error at Error\n    at jsStackTrace (/Users/mbp/Github/node_modules/rdkit/dist/rdkit.js:16:20723)\n    at stackTrace (/Users/mbp/Github/node_modules/rdkit/dist/rdkit.js:16:20906)\n    at ___assert_fail (/Users/mbp/Github/node_modules/rdkit/dist/rdkit.js:16:1317273)\n    at K0 (/Users/mbp/Github/node_modules/rdkit/dist/rdkit.js:34:185130)\n    at fs (/Users/mbp/Github/node_modules/rdkit/dist/rdkit.js:31:212111)\n    at sn (/Users/mbp/Github/node_modules/rdkit/dist/rdkit.js:24:227627)\n    at Array.rn (/Users/mbp/Github/node_modules/rdkit/dist/rdkit.js:24:206488)\n    at Object.Tka [as dynCall_viiiiii] (/Users/mbp/Github/node_modules/rdkit/dist/rdkit.js:45:25029)\n    at invoke_viiiiii (/Users/mbp/Github/node_modules/rdkit/dist/rdkit.js:16:1351459)\n    at WH (/Users/mbp/Github/node_modules/rdkit/dist/rdkit.js:28:161392)"
i=100819
"Assertion failed: !\"vector length_error\", at: /Users/mbp/Github/emsdk_portable1/emscripten/tag-1.34.6/system/include/libcxx/vector,303,__throw_length_error at Error\n    at jsStackTrace (/Users/mbp/Github/node_modules/rdkit/dist/rdkit.js:16:20723)\n    at stackTrace (/Users/mbp/Github/node_modules/rdkit/dist/rdkit.js:16:20906)\n    at ___assert_fail (/Users/mbp/Github/node_modules/rdkit/dist/rdkit.js:16:1317273)\n    at K0 (/Users/mbp/Github/node_modules/rdkit/dist/rdkit.js:34:185130)\n    at fs (/Users/mbp/Github/node_modules/rdkit/dist/rdkit.js:31:212111)\n    at sn (/Users/mbp/Github/node_modules/rdkit/dist/rdkit.js:24:227627)\n    at Array.rn (/Users/mbp/Github/node_modules/rdkit/dist/rdkit.js:24:206488)\n    at Object.Tka [as dynCall_viiiiii] (/Users/mbp/Github/node_modules/rdkit/dist/rdkit.js:45:25029)\n    at invoke_viiiiii (/Users/mbp/Github/node_modules/rdkit/dist/rdkit.js:16:1351459)\n    at WH (/Users/mbp/Github/node_modules/rdkit/dist/rdkit.js:28:161392)"
i=100819
"Assertion failed: !\"vector length_error\", at: /Users/mbp/Github/emsdk_portable1/emscripten/tag-1.34.6/system/include/libcxx/vector,303,__throw_length_error at Error\n    at jsStackTrace (/Users/mbp/Github/node_modules/rdkit/dist/rdkit.js:16:20723)\n    at stackTrace (/Users/mbp/Github/node_modules/rdkit/dist/rdkit.js:16:20906)\n    at ___assert_fail (/Users/mbp/Github/node_modules/rdkit/dist/rdkit.js:16:1317273)\n    at K0 (/Users/mbp/Github/node_modules/rdkit/dist/rdkit.js:34:185130)\n    at fs (/Users/mbp/Github/node_modules/rdkit/dist/rdkit.js:31:212111)\n    at sn (/Users/mbp/Github/node_modules/rdkit/dist/rdkit.js:24:227627)\n    at Array.rn (/Users/mbp/Github/node_modules/rdkit/dist/rdkit.js:24:206488)\n    at Object.Tka [as dynCall_viiiiii] (/Users/mbp/Github/node_modules/rdkit/dist/rdkit.js:45:25029)\n    at invoke_viiiiii (/Users/mbp/Github/node_modules/rdkit/dist/rdkit.js:16:1351459)\n    at WH (/Users/mbp/Github/node_modules/rdkit/dist/rdkit.js:28:161392)"
i=100820
"Assertion failed: !\"vector length_error\", at: /Users/mbp/Github/emsdk_portable1/emscripten/tag-1.34.6/system/include/libcxx/vector,303,__throw_length_error at Error\n    at jsStackTrace (/Users/mbp/Github/node_modules/rdkit/dist/rdkit.js:16:20723)\n    at stackTrace (/Users/mbp/Github/node_modules/rdkit/dist/rdkit.js:16:20906)\n    at ___assert_fail (/Users/mbp/Github/node_modules/rdkit/dist/rdkit.js:16:1317273)\n    at K0 (/Users/mbp/Github/node_modules/rdkit/dist/rdkit.js:34:185130)\n    at fs (/Users/mbp/Github/node_modules/rdkit/dist/rdkit.js:31:212111)\n    at sn (/Users/mbp/Github/node_modules/rdkit/dist/rdkit.js:24:227627)\n    at Array.rn (/Users/mbp/Github/node_modules/rdkit/dist/rdkit.js:24:206488)\n    at Object.Tka [as dynCall_viiiiii] (/Users/mbp/Github/node_modules/rdkit/dist/rdkit.js:45:25029)\n    at invoke_viiiiii (/Users/mbp/Github/node_modules/rdkit/dist/rdkit.js:16:1351459)\n    at WH (/Users/mbp/Github/node_modules/rdkit/dist/rdkit.js:28:161392)"
i=100820
"Assertion failed: !\"vector length_error\", at: /Users/mbp/Github/emsdk_portable1/emscripten/tag-1.34.6/system/include/libcxx/vector,303,__throw_length_error at Error\n    at jsStackTrace (/Users/mbp/Github/node_modules/rdkit/dist/rdkit.js:16:20723)\n    at stackTrace (/Users/mbp/Github/node_modules/rdkit/dist/rdkit.js:16:20906)\n    at ___assert_fail (/Users/mbp/Github/node_modules/rdkit/dist/rdkit.js:16:1317273)\n    at K0 (/Users/mbp/Github/node_modules/rdkit/dist/rdkit.js:34:185130)\n    at fs (/Users/mbp/Github/node_modules/rdkit/dist/rdkit.js:31:212111)\n    at sn (/Users/mbp/Github/node_modules/rdkit/dist/rdkit.js:24:227627)\n    at Array.rn (/Users/mbp/Github/node_modules/rdkit/dist/rdkit.js:24:206488)\n    at Object.Tka [as dynCall_viiiiii] (/Users/mbp/Github/node_modules/rdkit/dist/rdkit.js:45:25029)\n    at invoke_viiiiii (/Users/mbp/Github/node_modules/rdkit/dist/rdkit.js:16:1351459)\n    at WH (/Users/mbp/Github/node_modules/rdkit/dist/rdkit.js:28:161392)"
i=100822
"Assertion failed: !\"vector length_error\", at: /Users/mbp/Github/emsdk_portable1/emscripten/tag-1.34.6/system/include/libcxx/vector,303,__throw_length_error at Error\n    at jsStackTrace (/Users/mbp/Github/node_modules/rdkit/dist/rdkit.js:16:20723)\n    at stackTrace (/Users/mbp/Github/node_modules/rdkit/dist/rdkit.js:16:20906)\n    at ___assert_fail (/Users/mbp/Github/node_modules/rdkit/dist/rdkit.js:16:1317273)\n    at K0 (/Users/mbp/Github/node_modules/rdkit/dist/rdkit.js:34:185130)\n    at fs (/Users/mbp/Github/node_modules/rdkit/dist/rdkit.js:31:212111)\n    at sn (/Users/mbp/Github/node_modules/rdkit/dist/rdkit.js:24:227627)\n    at Array.rn (/Users/mbp/Github/node_modules/rdkit/dist/rdkit.js:24:206488)\n    at Object.Tka [as dynCall_viiiiii] (/Users/mbp/Github/node_modules/rdkit/dist/rdkit.js:45:25029)\n    at invoke_viiiiii (/Users/mbp/Github/node_modules/rdkit/dist/rdkit.js:16:1351459)\n    at WH (/Users/mbp/Github/node_modules/rdkit/dist/rdkit.js:28:161392)"
i=100837
"Assertion failed: !\"vector length_error\", at: /Users/mbp/Github/emsdk_portable1/emscripten/tag-1.34.6/system/include/libcxx/vector,303,__throw_length_error at Error\n    at jsStackTrace (/Users/mbp/Github/node_modules/rdkit/dist/rdkit.js:16:20723)\n    at stackTrace (/Users/mbp/Github/node_modules/rdkit/dist/rdkit.js:16:20906)\n    at ___assert_fail (/Users/mbp/Github/node_modules/rdkit/dist/rdkit.js:16:1317273)\n    at K0 (/Users/mbp/Github/node_modules/rdkit/dist/rdkit.js:34:185130)\n    at fs (/Users/mbp/Github/node_modules/rdkit/dist/rdkit.js:31:212111)\n    at sn (/Users/mbp/Github/node_modules/rdkit/dist/rdkit.js:24:227627)\n    at Array.rn (/Users/mbp/Github/node_modules/rdkit/dist/rdkit.js:24:206488)\n    at Object.Tka [as dynCall_viiiiii] (/Users/mbp/Github/node_modules/rdkit/dist/rdkit.js:45:25029)\n    at invoke_viiiiii (/Users/mbp/Github/node_modules/rdkit/dist/rdkit.js:16:1351459)\n    at WH (/Users/mbp/Github/node_modules/rdkit/dist/rdkit.js:28:161392)"
i=100837
"Assertion failed: !\"vector length_error\", at: /Users/mbp/Github/emsdk_portable1/emscripten/tag-1.34.6/system/include/libcxx/vector,303,__throw_length_error at Error\n    at jsStackTrace (/Users/mbp/Github/node_modules/rdkit/dist/rdkit.js:16:20723)\n    at stackTrace (/Users/mbp/Github/node_modules/rdkit/dist/rdkit.js:16:20906)\n    at ___assert_fail (/Users/mbp/Github/node_modules/rdkit/dist/rdkit.js:16:1317273)\n    at K0 (/Users/mbp/Github/node_modules/rdkit/dist/rdkit.js:34:185130)\n    at fs (/Users/mbp/Github/node_modules/rdkit/dist/rdkit.js:31:212111)\n    at sn (/Users/mbp/Github/node_modules/rdkit/dist/rdkit.js:24:227627)\n    at Array.rn (/Users/mbp/Github/node_modules/rdkit/dist/rdkit.js:24:206488)\n    at Object.Tka [as dynCall_viiiiii] (/Users/mbp/Github/node_modules/rdkit/dist/rdkit.js:45:25029)\n    at invoke_viiiiii (/Users/mbp/Github/node_modules/rdkit/dist/rdkit.js:16:1351459)\n    at WH (/Users/mbp/Github/node_modules/rdkit/dist/rdkit.js:28:161392)"
i=100837
"Assertion failed: !\"vector length_error\", at: /Users/mbp/Github/emsdk_portable1/emscripten/tag-1.34.6/system/include/libcxx/vector,303,__throw_length_error at Error\n    at jsStackTrace (/Users/mbp/Github/node_modules/rdkit/dist/rdkit.js:16:20723)\n    at stackTrace (/Users/mbp/Github/node_modules/rdkit/dist/rdkit.js:16:20906)\n    at ___assert_fail (/Users/mbp/Github/node_modules/rdkit/dist/rdkit.js:16:1317273)\n    at K0 (/Users/mbp/Github/node_modules/rdkit/dist/rdkit.js:34:185130)\n    at fs (/Users/mbp/Github/node_modules/rdkit/dist/rdkit.js:31:212111)\n    at sn (/Users/mbp/Github/node_modules/rdkit/dist/rdkit.js:24:227627)\n    at Array.rn (/Users/mbp/Github/node_modules/rdkit/dist/rdkit.js:24:206488)\n    at Object.Tka [as dynCall_viiiiii] (/Users/mbp/Github/node_modules/rdkit/dist/rdkit.js:45:25029)\n    at invoke_viiiiii (/Users/mbp/Github/node_modules/rdkit/dist/rdkit.js:16:1351459)\n    at WH (/Users/mbp/Github/node_modules/rdkit/dist/rdkit.js:28:161392)"
i=100837
"Assertion failed: !\"vector length_error\", at: /Users/mbp/Github/emsdk_portable1/emscripten/tag-1.34.6/system/include/libcxx/vector,303,__throw_length_error at Error\n    at jsStackTrace (/Users/mbp/Github/node_modules/rdkit/dist/rdkit.js:16:20723)\n    at stackTrace (/Users/mbp/Github/node_modules/rdkit/dist/rdkit.js:16:20906)\n    at ___assert_fail (/Users/mbp/Github/node_modules/rdkit/dist/rdkit.js:16:1317273)\n    at K0 (/Users/mbp/Github/node_modules/rdkit/dist/rdkit.js:34:185130)\n    at fs (/Users/mbp/Github/node_modules/rdkit/dist/rdkit.js:31:212111)\n    at sn (/Users/mbp/Github/node_modules/rdkit/dist/rdkit.js:24:227627)\n    at Array.rn (/Users/mbp/Github/node_modules/rdkit/dist/rdkit.js:24:206488)\n    at Object.Tka [as dynCall_viiiiii] (/Users/mbp/Github/node_modules/rdkit/dist/rdkit.js:45:25029)\n    at invoke_viiiiii (/Users/mbp/Github/node_modules/rdkit/dist/rdkit.js:16:1351459)\n    at WH (/Users/mbp/Github/node_modules/rdkit/dist/rdkit.js:28:161392)"
i=100837
"Assertion failed: !\"vector length_error\", at: /Users/mbp/Github/emsdk_portable1/emscripten/tag-1.34.6/system/include/libcxx/vector,303,__throw_length_error at Error\n    at jsStackTrace (/Users/mbp/Github/node_modules/rdkit/dist/rdkit.js:16:20723)\n    at stackTrace (/Users/mbp/Github/node_modules/rdkit/dist/rdkit.js:16:20906)\n    at ___assert_fail (/Users/mbp/Github/node_modules/rdkit/dist/rdkit.js:16:1317273)\n    at K0 (/Users/mbp/Github/node_modules/rdkit/dist/rdkit.js:34:185130)\n    at fs (/Users/mbp/Github/node_modules/rdkit/dist/rdkit.js:31:212111)\n    at sn (/Users/mbp/Github/node_modules/rdkit/dist/rdkit.js:24:227627)\n    at Array.rn (/Users/mbp/Github/node_modules/rdkit/dist/rdkit.js:24:206488)\n    at Object.Tka [as dynCall_viiiiii] (/Users/mbp/Github/node_modules/rdkit/dist/rdkit.js:45:25029)\n    at invoke_viiiiii (/Users/mbp/Github/node_modules/rdkit/dist/rdkit.js:16:1351459)\n    at WH (/Users/mbp/Github/node_modules/rdkit/dist/rdkit.js:28:161392)"
i=100837
"Assertion failed: !\"vector length_error\", at: /Users/mbp/Github/emsdk_portable1/emscripten/tag-1.34.6/system/include/libcxx/vector,303,__throw_length_error at Error\n    at jsStackTrace (/Users/mbp/Github/node_modules/rdkit/dist/rdkit.js:16:20723)\n    at stackTrace (/Users/mbp/Github/node_modules/rdkit/dist/rdkit.js:16:20906)\n    at ___assert_fail (/Users/mbp/Github/node_modules/rdkit/dist/rdkit.js:16:1317273)\n    at K0 (/Users/mbp/Github/node_modules/rdkit/dist/rdkit.js:34:185130)\n    at fs (/Users/mbp/Github/node_modules/rdkit/dist/rdkit.js:31:212111)\n    at sn (/Users/mbp/Github/node_modules/rdkit/dist/rdkit.js:24:227627)\n    at Array.rn (/Users/mbp/Github/node_modules/rdkit/dist/rdkit.js:24:206488)\n    at Object.Tka [as dynCall_viiiiii] (/Users/mbp/Github/node_modules/rdkit/dist/rdkit.js:45:25029)\n    at invoke_viiiiii (/Users/mbp/Github/node_modules/rdkit/dist/rdkit.js:16:1351459)\n    at WH (/Users/mbp/Github/node_modules/rdkit/dist/rdkit.js:28:161392)"
i=100837
"Assertion failed: !\"vector length_error\", at: /Users/mbp/Github/emsdk_portable1/emscripten/tag-1.34.6/system/include/libcxx/vector,303,__throw_length_error at Error\n    at jsStackTrace (/Users/mbp/Github/node_modules/rdkit/dist/rdkit.js:16:20723)\n    at stackTrace (/Users/mbp/Github/node_modules/rdkit/dist/rdkit.js:16:20906)\n    at ___assert_fail (/Users/mbp/Github/node_modules/rdkit/dist/rdkit.js:16:1317273)\n    at K0 (/Users/mbp/Github/node_modules/rdkit/dist/rdkit.js:34:185130)\n    at fs (/Users/mbp/Github/node_modules/rdkit/dist/rdkit.js:31:212111)\n    at sn (/Users/mbp/Github/node_modules/rdkit/dist/rdkit.js:24:227627)\n    at Array.rn (/Users/mbp/Github/node_modules/rdkit/dist/rdkit.js:24:206488)\n    at Object.Tka [as dynCall_viiiiii] (/Users/mbp/Github/node_modules/rdkit/dist/rdkit.js:45:25029)\n    at invoke_viiiiii (/Users/mbp/Github/node_modules/rdkit/dist/rdkit.js:16:1351459)\n    at WH (/Users/mbp/Github/node_modules/rdkit/dist/rdkit.js:28:161392)"
i=100837
"Assertion failed: !\"vector length_error\", at: /Users/mbp/Github/emsdk_portable1/emscripten/tag-1.34.6/system/include/libcxx/vector,303,__throw_length_error at Error\n    at jsStackTrace (/Users/mbp/Github/node_modules/rdkit/dist/rdkit.js:16:20723)\n    at stackTrace (/Users/mbp/Github/node_modules/rdkit/dist/rdkit.js:16:20906)\n    at ___assert_fail (/Users/mbp/Github/node_modules/rdkit/dist/rdkit.js:16:1317273)\n    at K0 (/Users/mbp/Github/node_modules/rdkit/dist/rdkit.js:34:185130)\n    at fs (/Users/mbp/Github/node_modules/rdkit/dist/rdkit.js:31:212111)\n    at sn (/Users/mbp/Github/node_modules/rdkit/dist/rdkit.js:24:227627)\n    at Array.rn (/Users/mbp/Github/node_modules/rdkit/dist/rdkit.js:24:206488)\n    at Object.Tka [as dynCall_viiiiii] (/Users/mbp/Github/node_modules/rdkit/dist/rdkit.js:45:25029)\n    at invoke_viiiiii (/Users/mbp/Github/node_modules/rdkit/dist/rdkit.js:16:1351459)\n    at WH (/Users/mbp/Github/node_modules/rdkit/dist/rdkit.js:28:161392)"
i=100837
"Assertion failed: !\"vector length_error\", at: /Users/mbp/Github/emsdk_portable1/emscripten/tag-1.34.6/system/include/libcxx/vector,303,__throw_length_error at Error\n    at jsStackTrace (/Users/mbp/Github/node_modules/rdkit/dist/rdkit.js:16:20723)\n    at stackTrace (/Users/mbp/Github/node_modules/rdkit/dist/rdkit.js:16:20906)\n    at ___assert_fail (/Users/mbp/Github/node_modules/rdkit/dist/rdkit.js:16:1317273)\n    at K0 (/Users/mbp/Github/node_modules/rdkit/dist/rdkit.js:34:185130)\n    at fs (/Users/mbp/Github/node_modules/rdkit/dist/rdkit.js:31:212111)\n    at sn (/Users/mbp/Github/node_modules/rdkit/dist/rdkit.js:24:227627)\n    at Array.rn (/Users/mbp/Github/node_modules/rdkit/dist/rdkit.js:24:206488)\n    at Object.Tka [as dynCall_viiiiii] (/Users/mbp/Github/node_modules/rdkit/dist/rdkit.js:45:25029)\n    at invoke_viiiiii (/Users/mbp/Github/node_modules/rdkit/dist/rdkit.js:16:1351459)\n    at WH (/Users/mbp/Github/node_modules/rdkit/dist/rdkit.js:28:161392)"
i=100837
"Assertion failed: !\"vector length_error\", at: /Users/mbp/Github/emsdk_portable1/emscripten/tag-1.34.6/system/include/libcxx/vector,303,__throw_length_error at Error\n    at jsStackTrace (/Users/mbp/Github/node_modules/rdkit/dist/rdkit.js:16:20723)\n    at stackTrace (/Users/mbp/Github/node_modules/rdkit/dist/rdkit.js:16:20906)\n    at ___assert_fail (/Users/mbp/Github/node_modules/rdkit/dist/rdkit.js:16:1317273)\n    at K0 (/Users/mbp/Github/node_modules/rdkit/dist/rdkit.js:34:185130)\n    at fs (/Users/mbp/Github/node_modules/rdkit/dist/rdkit.js:31:212111)\n    at sn (/Users/mbp/Github/node_modules/rdkit/dist/rdkit.js:24:227627)\n    at Array.rn (/Users/mbp/Github/node_modules/rdkit/dist/rdkit.js:24:206488)\n    at Object.Tka [as dynCall_viiiiii] (/Users/mbp/Github/node_modules/rdkit/dist/rdkit.js:45:25029)\n    at invoke_viiiiii (/Users/mbp/Github/node_modules/rdkit/dist/rdkit.js:16:1351459)\n    at WH (/Users/mbp/Github/node_modules/rdkit/dist/rdkit.js:28:161392)"
i=100837
"Assertion failed: !\"vector length_error\", at: /Users/mbp/Github/emsdk_portable1/emscripten/tag-1.34.6/system/include/libcxx/vector,303,__throw_length_error at Error\n    at jsStackTrace (/Users/mbp/Github/node_modules/rdkit/dist/rdkit.js:16:20723)\n    at stackTrace (/Users/mbp/Github/node_modules/rdkit/dist/rdkit.js:16:20906)\n    at ___assert_fail (/Users/mbp/Github/node_modules/rdkit/dist/rdkit.js:16:1317273)\n    at K0 (/Users/mbp/Github/node_modules/rdkit/dist/rdkit.js:34:185130)\n    at fs (/Users/mbp/Github/node_modules/rdkit/dist/rdkit.js:31:212111)\n    at sn (/Users/mbp/Github/node_modules/rdkit/dist/rdkit.js:24:227627)\n    at Array.rn (/Users/mbp/Github/node_modules/rdkit/dist/rdkit.js:24:206488)\n    at Object.Tka [as dynCall_viiiiii] (/Users/mbp/Github/node_modules/rdkit/dist/rdkit.js:45:25029)\n    at invoke_viiiiii (/Users/mbp/Github/node_modules/rdkit/dist/rdkit.js:16:1351459)\n    at WH (/Users/mbp/Github/node_modules/rdkit/dist/rdkit.js:28:161392)"
i=100837
"Assertion failed: !\"vector length_error\", at: /Users/mbp/Github/emsdk_portable1/emscripten/tag-1.34.6/system/include/libcxx/vector,303,__throw_length_error at Error\n    at jsStackTrace (/Users/mbp/Github/node_modules/rdkit/dist/rdkit.js:16:20723)\n    at stackTrace (/Users/mbp/Github/node_modules/rdkit/dist/rdkit.js:16:20906)\n    at ___assert_fail (/Users/mbp/Github/node_modules/rdkit/dist/rdkit.js:16:1317273)\n    at K0 (/Users/mbp/Github/node_modules/rdkit/dist/rdkit.js:34:185130)\n    at fs (/Users/mbp/Github/node_modules/rdkit/dist/rdkit.js:31:212111)\n    at sn (/Users/mbp/Github/node_modules/rdkit/dist/rdkit.js:24:227627)\n    at Array.rn (/Users/mbp/Github/node_modules/rdkit/dist/rdkit.js:24:206488)\n    at Object.Tka [as dynCall_viiiiii] (/Users/mbp/Github/node_modules/rdkit/dist/rdkit.js:45:25029)\n    at invoke_viiiiii (/Users/mbp/Github/node_modules/rdkit/dist/rdkit.js:16:1351459)\n    at WH (/Users/mbp/Github/node_modules/rdkit/dist/rdkit.js:28:161392)"
i=100837
"Assertion failed: !\"vector length_error\", at: /Users/mbp/Github/emsdk_portable1/emscripten/tag-1.34.6/system/include/libcxx/vector,303,__throw_length_error at Error\n    at jsStackTrace (/Users/mbp/Github/node_modules/rdkit/dist/rdkit.js:16:20723)\n    at stackTrace (/Users/mbp/Github/node_modules/rdkit/dist/rdkit.js:16:20906)\n    at ___assert_fail (/Users/mbp/Github/node_modules/rdkit/dist/rdkit.js:16:1317273)\n    at K0 (/Users/mbp/Github/node_modules/rdkit/dist/rdkit.js:34:185130)\n    at fs (/Users/mbp/Github/node_modules/rdkit/dist/rdkit.js:31:212111)\n    at sn (/Users/mbp/Github/node_modules/rdkit/dist/rdkit.js:24:227627)\n    at Array.rn (/Users/mbp/Github/node_modules/rdkit/dist/rdkit.js:24:206488)\n    at Object.Tka [as dynCall_viiiiii] (/Users/mbp/Github/node_modules/rdkit/dist/rdkit.js:45:25029)\n    at invoke_viiiiii (/Users/mbp/Github/node_modules/rdkit/dist/rdkit.js:16:1351459)\n    at WH (/Users/mbp/Github/node_modules/rdkit/dist/rdkit.js:28:161392)"
i=100837
"Assertion failed: !\"vector length_error\", at: /Users/mbp/Github/emsdk_portable1/emscripten/tag-1.34.6/system/include/libcxx/vector,303,__throw_length_error at Error\n    at jsStackTrace (/Users/mbp/Github/node_modules/rdkit/dist/rdkit.js:16:20723)\n    at stackTrace (/Users/mbp/Github/node_modules/rdkit/dist/rdkit.js:16:20906)\n    at ___assert_fail (/Users/mbp/Github/node_modules/rdkit/dist/rdkit.js:16:1317273)\n    at K0 (/Users/mbp/Github/node_modules/rdkit/dist/rdkit.js:34:185130)\n    at fs (/Users/mbp/Github/node_modules/rdkit/dist/rdkit.js:31:212111)\n    at sn (/Users/mbp/Github/node_modules/rdkit/dist/rdkit.js:24:227627)\n    at Array.rn (/Users/mbp/Github/node_modules/rdkit/dist/rdkit.js:24:206488)\n    at Object.Tka [as dynCall_viiiiii] (/Users/mbp/Github/node_modules/rdkit/dist/rdkit.js:45:25029)\n    at invoke_viiiiii (/Users/mbp/Github/node_modules/rdkit/dist/rdkit.js:16:1351459)\n    at WH (/Users/mbp/Github/node_modules/rdkit/dist/rdkit.js:28:161392)"
i=100837
"Assertion failed: !\"vector length_error\", at: /Users/mbp/Github/emsdk_portable1/emscripten/tag-1.34.6/system/include/libcxx/vector,303,__throw_length_error at Error\n    at jsStackTrace (/Users/mbp/Github/node_modules/rdkit/dist/rdkit.js:16:20723)\n    at stackTrace (/Users/mbp/Github/node_modules/rdkit/dist/rdkit.js:16:20906)\n    at ___assert_fail (/Users/mbp/Github/node_modules/rdkit/dist/rdkit.js:16:1317273)\n    at K0 (/Users/mbp/Github/node_modules/rdkit/dist/rdkit.js:34:185130)\n    at fs (/Users/mbp/Github/node_modules/rdkit/dist/rdkit.js:31:212111)\n    at sn (/Users/mbp/Github/node_modules/rdkit/dist/rdkit.js:24:227627)\n    at Array.rn (/Users/mbp/Github/node_modules/rdkit/dist/rdkit.js:24:206488)\n    at Object.Tka [as dynCall_viiiiii] (/Users/mbp/Github/node_modules/rdkit/dist/rdkit.js:45:25029)\n    at invoke_viiiiii (/Users/mbp/Github/node_modules/rdkit/dist/rdkit.js:16:1351459)\n    at WH (/Users/mbp/Github/node_modules/rdkit/dist/rdkit.js:28:161392)"
i=100837
"Assertion failed: !\"vector length_error\", at: /Users/mbp/Github/emsdk_portable1/emscripten/tag-1.34.6/system/include/libcxx/vector,303,__throw_length_error at Error\n    at jsStackTrace (/Users/mbp/Github/node_modules/rdkit/dist/rdkit.js:16:20723)\n    at stackTrace (/Users/mbp/Github/node_modules/rdkit/dist/rdkit.js:16:20906)\n    at ___assert_fail (/Users/mbp/Github/node_modules/rdkit/dist/rdkit.js:16:1317273)\n    at K0 (/Users/mbp/Github/node_modules/rdkit/dist/rdkit.js:34:185130)\n    at fs (/Users/mbp/Github/node_modules/rdkit/dist/rdkit.js:31:212111)\n    at sn (/Users/mbp/Github/node_modules/rdkit/dist/rdkit.js:24:227627)\n    at Array.rn (/Users/mbp/Github/node_modules/rdkit/dist/rdkit.js:24:206488)\n    at Object.Tka [as dynCall_viiiiii] (/Users/mbp/Github/node_modules/rdkit/dist/rdkit.js:45:25029)\n    at invoke_viiiiii (/Users/mbp/Github/node_modules/rdkit/dist/rdkit.js:16:1351459)\n    at WH (/Users/mbp/Github/node_modules/rdkit/dist/rdkit.js:28:161392)"
i=100837
"Assertion failed: !\"vector length_error\", at: /Users/mbp/Github/emsdk_portable1/emscripten/tag-1.34.6/system/include/libcxx/vector,303,__throw_length_error at Error\n    at jsStackTrace (/Users/mbp/Github/node_modules/rdkit/dist/rdkit.js:16:20723)\n    at stackTrace (/Users/mbp/Github/node_modules/rdkit/dist/rdkit.js:16:20906)\n    at ___assert_fail (/Users/mbp/Github/node_modules/rdkit/dist/rdkit.js:16:1317273)\n    at K0 (/Users/mbp/Github/node_modules/rdkit/dist/rdkit.js:34:185130)\n    at fs (/Users/mbp/Github/node_modules/rdkit/dist/rdkit.js:31:212111)\n    at sn (/Users/mbp/Github/node_modules/rdkit/dist/rdkit.js:24:227627)\n    at Array.rn (/Users/mbp/Github/node_modules/rdkit/dist/rdkit.js:24:206488)\n    at Object.Tka [as dynCall_viiiiii] (/Users/mbp/Github/node_modules/rdkit/dist/rdkit.js:45:25029)\n    at invoke_viiiiii (/Users/mbp/Github/node_modules/rdkit/dist/rdkit.js:16:1351459)\n    at WH (/Users/mbp/Github/node_modules/rdkit/dist/rdkit.js:28:161392)"
i=100837
"Assertion failed: !\"vector length_error\", at: /Users/mbp/Github/emsdk_portable1/emscripten/tag-1.34.6/system/include/libcxx/vector,303,__throw_length_error at Error\n    at jsStackTrace (/Users/mbp/Github/node_modules/rdkit/dist/rdkit.js:16:20723)\n    at stackTrace (/Users/mbp/Github/node_modules/rdkit/dist/rdkit.js:16:20906)\n    at ___assert_fail (/Users/mbp/Github/node_modules/rdkit/dist/rdkit.js:16:1317273)\n    at K0 (/Users/mbp/Github/node_modules/rdkit/dist/rdkit.js:34:185130)\n    at fs (/Users/mbp/Github/node_modules/rdkit/dist/rdkit.js:31:212111)\n    at sn (/Users/mbp/Github/node_modules/rdkit/dist/rdkit.js:24:227627)\n    at Array.rn (/Users/mbp/Github/node_modules/rdkit/dist/rdkit.js:24:206488)\n    at Object.Tka [as dynCall_viiiiii] (/Users/mbp/Github/node_modules/rdkit/dist/rdkit.js:45:25029)\n    at invoke_viiiiii (/Users/mbp/Github/node_modules/rdkit/dist/rdkit.js:16:1351459)\n    at WH (/Users/mbp/Github/node_modules/rdkit/dist/rdkit.js:28:161392)"
i=100837
"Assertion failed: !\"vector length_error\", at: /Users/mbp/Github/emsdk_portable1/emscripten/tag-1.34.6/system/include/libcxx/vector,303,__throw_length_error at Error\n    at jsStackTrace (/Users/mbp/Github/node_modules/rdkit/dist/rdkit.js:16:20723)\n    at stackTrace (/Users/mbp/Github/node_modules/rdkit/dist/rdkit.js:16:20906)\n    at ___assert_fail (/Users/mbp/Github/node_modules/rdkit/dist/rdkit.js:16:1317273)\n    at K0 (/Users/mbp/Github/node_modules/rdkit/dist/rdkit.js:34:185130)\n    at fs (/Users/mbp/Github/node_modules/rdkit/dist/rdkit.js:31:212111)\n    at sn (/Users/mbp/Github/node_modules/rdkit/dist/rdkit.js:24:227627)\n    at Array.rn (/Users/mbp/Github/node_modules/rdkit/dist/rdkit.js:24:206488)\n    at Object.Tka [as dynCall_viiiiii] (/Users/mbp/Github/node_modules/rdkit/dist/rdkit.js:45:25029)\n    at invoke_viiiiii (/Users/mbp/Github/node_modules/rdkit/dist/rdkit.js:16:1351459)\n    at WH (/Users/mbp/Github/node_modules/rdkit/dist/rdkit.js:28:161392)"
i=100837
"Assertion failed: !\"vector length_error\", at: /Users/mbp/Github/emsdk_portable1/emscripten/tag-1.34.6/system/include/libcxx/vector,303,__throw_length_error at Error\n    at jsStackTrace (/Users/mbp/Github/node_modules/rdkit/dist/rdkit.js:16:20723)\n    at stackTrace (/Users/mbp/Github/node_modules/rdkit/dist/rdkit.js:16:20906)\n    at ___assert_fail (/Users/mbp/Github/node_modules/rdkit/dist/rdkit.js:16:1317273)\n    at K0 (/Users/mbp/Github/node_modules/rdkit/dist/rdkit.js:34:185130)\n    at fs (/Users/mbp/Github/node_modules/rdkit/dist/rdkit.js:31:212111)\n    at sn (/Users/mbp/Github/node_modules/rdkit/dist/rdkit.js:24:227627)\n    at Array.rn (/Users/mbp/Github/node_modules/rdkit/dist/rdkit.js:24:206488)\n    at Object.Tka [as dynCall_viiiiii] (/Users/mbp/Github/node_modules/rdkit/dist/rdkit.js:45:25029)\n    at invoke_viiiiii (/Users/mbp/Github/node_modules/rdkit/dist/rdkit.js:16:1351459)\n    at WH (/Users/mbp/Github/node_modules/rdkit/dist/rdkit.js:28:161392)"
i=100837
"Assertion failed: !\"vector length_error\", at: /Users/mbp/Github/emsdk_portable1/emscripten/tag-1.34.6/system/include/libcxx/vector,303,__throw_length_error at Error\n    at jsStackTrace (/Users/mbp/Github/node_modules/rdkit/dist/rdkit.js:16:20723)\n    at stackTrace (/Users/mbp/Github/node_modules/rdkit/dist/rdkit.js:16:20906)\n    at ___assert_fail (/Users/mbp/Github/node_modules/rdkit/dist/rdkit.js:16:1317273)\n    at K0 (/Users/mbp/Github/node_modules/rdkit/dist/rdkit.js:34:185130)\n    at fs (/Users/mbp/Github/node_modules/rdkit/dist/rdkit.js:31:212111)\n    at sn (/Users/mbp/Github/node_modules/rdkit/dist/rdkit.js:24:227627)\n    at Array.rn (/Users/mbp/Github/node_modules/rdkit/dist/rdkit.js:24:206488)\n    at Object.Tka [as dynCall_viiiiii] (/Users/mbp/Github/node_modules/rdkit/dist/rdkit.js:45:25029)\n    at invoke_viiiiii (/Users/mbp/Github/node_modules/rdkit/dist/rdkit.js:16:1351459)\n    at WH (/Users/mbp/Github/node_modules/rdkit/dist/rdkit.js:28:161392)"
i=100837
"Assertion failed: !\"vector length_error\", at: /Users/mbp/Github/emsdk_portable1/emscripten/tag-1.34.6/system/include/libcxx/vector,303,__throw_length_error at Error\n    at jsStackTrace (/Users/mbp/Github/node_modules/rdkit/dist/rdkit.js:16:20723)\n    at stackTrace (/Users/mbp/Github/node_modules/rdkit/dist/rdkit.js:16:20906)\n    at ___assert_fail (/Users/mbp/Github/node_modules/rdkit/dist/rdkit.js:16:1317273)\n    at K0 (/Users/mbp/Github/node_modules/rdkit/dist/rdkit.js:34:185130)\n    at fs (/Users/mbp/Github/node_modules/rdkit/dist/rdkit.js:31:212111)\n    at sn (/Users/mbp/Github/node_modules/rdkit/dist/rdkit.js:24:227627)\n    at Array.rn (/Users/mbp/Github/node_modules/rdkit/dist/rdkit.js:24:206488)\n    at Object.Tka [as dynCall_viiiiii] (/Users/mbp/Github/node_modules/rdkit/dist/rdkit.js:45:25029)\n    at invoke_viiiiii (/Users/mbp/Github/node_modules/rdkit/dist/rdkit.js:16:1351459)\n    at WH (/Users/mbp/Github/node_modules/rdkit/dist/rdkit.js:28:161392)"
i=100837
"Assertion failed: !\"vector length_error\", at: /Users/mbp/Github/emsdk_portable1/emscripten/tag-1.34.6/system/include/libcxx/vector,303,__throw_length_error at Error\n    at jsStackTrace (/Users/mbp/Github/node_modules/rdkit/dist/rdkit.js:16:20723)\n    at stackTrace (/Users/mbp/Github/node_modules/rdkit/dist/rdkit.js:16:20906)\n    at ___assert_fail (/Users/mbp/Github/node_modules/rdkit/dist/rdkit.js:16:1317273)\n    at K0 (/Users/mbp/Github/node_modules/rdkit/dist/rdkit.js:34:185130)\n    at fs (/Users/mbp/Github/node_modules/rdkit/dist/rdkit.js:31:212111)\n    at sn (/Users/mbp/Github/node_modules/rdkit/dist/rdkit.js:24:227627)\n    at Array.rn (/Users/mbp/Github/node_modules/rdkit/dist/rdkit.js:24:206488)\n    at Object.Tka [as dynCall_viiiiii] (/Users/mbp/Github/node_modules/rdkit/dist/rdkit.js:45:25029)\n    at invoke_viiiiii (/Users/mbp/Github/node_modules/rdkit/dist/rdkit.js:16:1351459)\n    at WH (/Users/mbp/Github/node_modules/rdkit/dist/rdkit.js:28:161392)"
i=100850
"Assertion failed: !\"vector length_error\", at: /Users/mbp/Github/emsdk_portable1/emscripten/tag-1.34.6/system/include/libcxx/vector,303,__throw_length_error at Error\n    at jsStackTrace (/Users/mbp/Github/node_modules/rdkit/dist/rdkit.js:16:20723)\n    at stackTrace (/Users/mbp/Github/node_modules/rdkit/dist/rdkit.js:16:20906)\n    at ___assert_fail (/Users/mbp/Github/node_modules/rdkit/dist/rdkit.js:16:1317273)\n    at K0 (/Users/mbp/Github/node_modules/rdkit/dist/rdkit.js:34:185130)\n    at fs (/Users/mbp/Github/node_modules/rdkit/dist/rdkit.js:31:212111)\n    at sn (/Users/mbp/Github/node_modules/rdkit/dist/rdkit.js:24:227627)\n    at Array.rn (/Users/mbp/Github/node_modules/rdkit/dist/rdkit.js:24:206488)\n    at Object.Tka [as dynCall_viiiiii] (/Users/mbp/Github/node_modules/rdkit/dist/rdkit.js:45:25029)\n    at invoke_viiiiii (/Users/mbp/Github/node_modules/rdkit/dist/rdkit.js:16:1351459)\n    at WH (/Users/mbp/Github/node_modules/rdkit/dist/rdkit.js:28:161392)"
i=100850
"Assertion failed: !\"vector length_error\", at: /Users/mbp/Github/emsdk_portable1/emscripten/tag-1.34.6/system/include/libcxx/vector,303,__throw_length_error at Error\n    at jsStackTrace (/Users/mbp/Github/node_modules/rdkit/dist/rdkit.js:16:20723)\n    at stackTrace (/Users/mbp/Github/node_modules/rdkit/dist/rdkit.js:16:20906)\n    at ___assert_fail (/Users/mbp/Github/node_modules/rdkit/dist/rdkit.js:16:1317273)\n    at K0 (/Users/mbp/Github/node_modules/rdkit/dist/rdkit.js:34:185130)\n    at fs (/Users/mbp/Github/node_modules/rdkit/dist/rdkit.js:31:212111)\n    at sn (/Users/mbp/Github/node_modules/rdkit/dist/rdkit.js:24:227627)\n    at Array.rn (/Users/mbp/Github/node_modules/rdkit/dist/rdkit.js:24:206488)\n    at Object.Tka [as dynCall_viiiiii] (/Users/mbp/Github/node_modules/rdkit/dist/rdkit.js:45:25029)\n    at invoke_viiiiii (/Users/mbp/Github/node_modules/rdkit/dist/rdkit.js:16:1351459)\n    at WH (/Users/mbp/Github/node_modules/rdkit/dist/rdkit.js:28:161392)"
i=100850
"Assertion failed: !\"vector length_error\", at: /Users/mbp/Github/emsdk_portable1/emscripten/tag-1.34.6/system/include/libcxx/vector,303,__throw_length_error at Error\n    at jsStackTrace (/Users/mbp/Github/node_modules/rdkit/dist/rdkit.js:16:20723)\n    at stackTrace (/Users/mbp/Github/node_modules/rdkit/dist/rdkit.js:16:20906)\n    at ___assert_fail (/Users/mbp/Github/node_modules/rdkit/dist/rdkit.js:16:1317273)\n    at K0 (/Users/mbp/Github/node_modules/rdkit/dist/rdkit.js:34:185130)\n    at fs (/Users/mbp/Github/node_modules/rdkit/dist/rdkit.js:31:212111)\n    at sn (/Users/mbp/Github/node_modules/rdkit/dist/rdkit.js:24:227627)\n    at Array.rn (/Users/mbp/Github/node_modules/rdkit/dist/rdkit.js:24:206488)\n    at Object.Tka [as dynCall_viiiiii] (/Users/mbp/Github/node_modules/rdkit/dist/rdkit.js:45:25029)\n    at invoke_viiiiii (/Users/mbp/Github/node_modules/rdkit/dist/rdkit.js:16:1351459)\n    at WH (/Users/mbp/Github/node_modules/rdkit/dist/rdkit.js:28:161392)"
i=100850
"Assertion failed: !\"vector length_error\", at: /Users/mbp/Github/emsdk_portable1/emscripten/tag-1.34.6/system/include/libcxx/vector,303,__throw_length_error at Error\n    at jsStackTrace (/Users/mbp/Github/node_modules/rdkit/dist/rdkit.js:16:20723)\n    at stackTrace (/Users/mbp/Github/node_modules/rdkit/dist/rdkit.js:16:20906)\n    at ___assert_fail (/Users/mbp/Github/node_modules/rdkit/dist/rdkit.js:16:1317273)\n    at K0 (/Users/mbp/Github/node_modules/rdkit/dist/rdkit.js:34:185130)\n    at fs (/Users/mbp/Github/node_modules/rdkit/dist/rdkit.js:31:212111)\n    at sn (/Users/mbp/Github/node_modules/rdkit/dist/rdkit.js:24:227627)\n    at Array.rn (/Users/mbp/Github/node_modules/rdkit/dist/rdkit.js:24:206488)\n    at Object.Tka [as dynCall_viiiiii] (/Users/mbp/Github/node_modules/rdkit/dist/rdkit.js:45:25029)\n    at invoke_viiiiii (/Users/mbp/Github/node_modules/rdkit/dist/rdkit.js:16:1351459)\n    at WH (/Users/mbp/Github/node_modules/rdkit/dist/rdkit.js:28:161392)"
i=100850
"Assertion failed: !\"vector length_error\", at: /Users/mbp/Github/emsdk_portable1/emscripten/tag-1.34.6/system/include/libcxx/vector,303,__throw_length_error at Error\n    at jsStackTrace (/Users/mbp/Github/node_modules/rdkit/dist/rdkit.js:16:20723)\n    at stackTrace (/Users/mbp/Github/node_modules/rdkit/dist/rdkit.js:16:20906)\n    at ___assert_fail (/Users/mbp/Github/node_modules/rdkit/dist/rdkit.js:16:1317273)\n    at K0 (/Users/mbp/Github/node_modules/rdkit/dist/rdkit.js:34:185130)\n    at fs (/Users/mbp/Github/node_modules/rdkit/dist/rdkit.js:31:212111)\n    at sn (/Users/mbp/Github/node_modules/rdkit/dist/rdkit.js:24:227627)\n    at Array.rn (/Users/mbp/Github/node_modules/rdkit/dist/rdkit.js:24:206488)\n    at Object.Tka [as dynCall_viiiiii] (/Users/mbp/Github/node_modules/rdkit/dist/rdkit.js:45:25029)\n    at invoke_viiiiii (/Users/mbp/Github/node_modules/rdkit/dist/rdkit.js:16:1351459)\n    at WH (/Users/mbp/Github/node_modules/rdkit/dist/rdkit.js:28:161392)"
i=100850
"Assertion failed: !\"vector length_error\", at: /Users/mbp/Github/emsdk_portable1/emscripten/tag-1.34.6/system/include/libcxx/vector,303,__throw_length_error at Error\n    at jsStackTrace (/Users/mbp/Github/node_modules/rdkit/dist/rdkit.js:16:20723)\n    at stackTrace (/Users/mbp/Github/node_modules/rdkit/dist/rdkit.js:16:20906)\n    at ___assert_fail (/Users/mbp/Github/node_modules/rdkit/dist/rdkit.js:16:1317273)\n    at K0 (/Users/mbp/Github/node_modules/rdkit/dist/rdkit.js:34:185130)\n    at fs (/Users/mbp/Github/node_modules/rdkit/dist/rdkit.js:31:212111)\n    at sn (/Users/mbp/Github/node_modules/rdkit/dist/rdkit.js:24:227627)\n    at Array.rn (/Users/mbp/Github/node_modules/rdkit/dist/rdkit.js:24:206488)\n    at Object.Tka [as dynCall_viiiiii] (/Users/mbp/Github/node_modules/rdkit/dist/rdkit.js:45:25029)\n    at invoke_viiiiii (/Users/mbp/Github/node_modules/rdkit/dist/rdkit.js:16:1351459)\n    at WH (/Users/mbp/Github/node_modules/rdkit/dist/rdkit.js:28:161392)"
i=100850
"Assertion failed: !\"vector length_error\", at: /Users/mbp/Github/emsdk_portable1/emscripten/tag-1.34.6/system/include/libcxx/vector,303,__throw_length_error at Error\n    at jsStackTrace (/Users/mbp/Github/node_modules/rdkit/dist/rdkit.js:16:20723)\n    at stackTrace (/Users/mbp/Github/node_modules/rdkit/dist/rdkit.js:16:20906)\n    at ___assert_fail (/Users/mbp/Github/node_modules/rdkit/dist/rdkit.js:16:1317273)\n    at K0 (/Users/mbp/Github/node_modules/rdkit/dist/rdkit.js:34:185130)\n    at fs (/Users/mbp/Github/node_modules/rdkit/dist/rdkit.js:31:212111)\n    at sn (/Users/mbp/Github/node_modules/rdkit/dist/rdkit.js:24:227627)\n    at Array.rn (/Users/mbp/Github/node_modules/rdkit/dist/rdkit.js:24:206488)\n    at Object.Tka [as dynCall_viiiiii] (/Users/mbp/Github/node_modules/rdkit/dist/rdkit.js:45:25029)\n    at invoke_viiiiii (/Users/mbp/Github/node_modules/rdkit/dist/rdkit.js:16:1351459)\n    at WH (/Users/mbp/Github/node_modules/rdkit/dist/rdkit.js:28:161392)"
i=100850
"Assertion failed: !\"vector length_error\", at: /Users/mbp/Github/emsdk_portable1/emscripten/tag-1.34.6/system/include/libcxx/vector,303,__throw_length_error at Error\n    at jsStackTrace (/Users/mbp/Github/node_modules/rdkit/dist/rdkit.js:16:20723)\n    at stackTrace (/Users/mbp/Github/node_modules/rdkit/dist/rdkit.js:16:20906)\n    at ___assert_fail (/Users/mbp/Github/node_modules/rdkit/dist/rdkit.js:16:1317273)\n    at K0 (/Users/mbp/Github/node_modules/rdkit/dist/rdkit.js:34:185130)\n    at fs (/Users/mbp/Github/node_modules/rdkit/dist/rdkit.js:31:212111)\n    at sn (/Users/mbp/Github/node_modules/rdkit/dist/rdkit.js:24:227627)\n    at Array.rn (/Users/mbp/Github/node_modules/rdkit/dist/rdkit.js:24:206488)\n    at Object.Tka [as dynCall_viiiiii] (/Users/mbp/Github/node_modules/rdkit/dist/rdkit.js:45:25029)\n    at invoke_viiiiii (/Users/mbp/Github/node_modules/rdkit/dist/rdkit.js:16:1351459)\n    at WH (/Users/mbp/Github/node_modules/rdkit/dist/rdkit.js:28:161392)"
i=100852
"Assertion failed: !\"vector length_error\", at: /Users/mbp/Github/emsdk_portable1/emscripten/tag-1.34.6/system/include/libcxx/vector,303,__throw_length_error at Error\n    at jsStackTrace (/Users/mbp/Github/node_modules/rdkit/dist/rdkit.js:16:20723)\n    at stackTrace (/Users/mbp/Github/node_modules/rdkit/dist/rdkit.js:16:20906)\n    at ___assert_fail (/Users/mbp/Github/node_modules/rdkit/dist/rdkit.js:16:1317273)\n    at K0 (/Users/mbp/Github/node_modules/rdkit/dist/rdkit.js:34:185130)\n    at fs (/Users/mbp/Github/node_modules/rdkit/dist/rdkit.js:31:212111)\n    at sn (/Users/mbp/Github/node_modules/rdkit/dist/rdkit.js:24:227627)\n    at Array.rn (/Users/mbp/Github/node_modules/rdkit/dist/rdkit.js:24:206488)\n    at Object.Tka [as dynCall_viiiiii] (/Users/mbp/Github/node_modules/rdkit/dist/rdkit.js:45:25029)\n    at invoke_viiiiii (/Users/mbp/Github/node_modules/rdkit/dist/rdkit.js:16:1351459)\n    at WH (/Users/mbp/Github/node_modules/rdkit/dist/rdkit.js:28:161392)"
i=100852
"Assertion failed: !\"vector length_error\", at: /Users/mbp/Github/emsdk_portable1/emscripten/tag-1.34.6/system/include/libcxx/vector,303,__throw_length_error at Error\n    at jsStackTrace (/Users/mbp/Github/node_modules/rdkit/dist/rdkit.js:16:20723)\n    at stackTrace (/Users/mbp/Github/node_modules/rdkit/dist/rdkit.js:16:20906)\n    at ___assert_fail (/Users/mbp/Github/node_modules/rdkit/dist/rdkit.js:16:1317273)\n    at K0 (/Users/mbp/Github/node_modules/rdkit/dist/rdkit.js:34:185130)\n    at fs (/Users/mbp/Github/node_modules/rdkit/dist/rdkit.js:31:212111)\n    at sn (/Users/mbp/Github/node_modules/rdkit/dist/rdkit.js:24:227627)\n    at Array.rn (/Users/mbp/Github/node_modules/rdkit/dist/rdkit.js:24:206488)\n    at Object.Tka [as dynCall_viiiiii] (/Users/mbp/Github/node_modules/rdkit/dist/rdkit.js:45:25029)\n    at invoke_viiiiii (/Users/mbp/Github/node_modules/rdkit/dist/rdkit.js:16:1351459)\n    at WH (/Users/mbp/Github/node_modules/rdkit/dist/rdkit.js:28:161392)"
i=100853
"Assertion failed: !\"vector length_error\", at: /Users/mbp/Github/emsdk_portable1/emscripten/tag-1.34.6/system/include/libcxx/vector,303,__throw_length_error at Error\n    at jsStackTrace (/Users/mbp/Github/node_modules/rdkit/dist/rdkit.js:16:20723)\n    at stackTrace (/Users/mbp/Github/node_modules/rdkit/dist/rdkit.js:16:20906)\n    at ___assert_fail (/Users/mbp/Github/node_modules/rdkit/dist/rdkit.js:16:1317273)\n    at K0 (/Users/mbp/Github/node_modules/rdkit/dist/rdkit.js:34:185130)\n    at fs (/Users/mbp/Github/node_modules/rdkit/dist/rdkit.js:31:212111)\n    at sn (/Users/mbp/Github/node_modules/rdkit/dist/rdkit.js:24:227627)\n    at Array.rn (/Users/mbp/Github/node_modules/rdkit/dist/rdkit.js:24:206488)\n    at Object.Tka [as dynCall_viiiiii] (/Users/mbp/Github/node_modules/rdkit/dist/rdkit.js:45:25029)\n    at invoke_viiiiii (/Users/mbp/Github/node_modules/rdkit/dist/rdkit.js:16:1351459)\n    at WH (/Users/mbp/Github/node_modules/rdkit/dist/rdkit.js:28:161392)"
i=100853
"Assertion failed: !\"vector length_error\", at: /Users/mbp/Github/emsdk_portable1/emscripten/tag-1.34.6/system/include/libcxx/vector,303,__throw_length_error at Error\n    at jsStackTrace (/Users/mbp/Github/node_modules/rdkit/dist/rdkit.js:16:20723)\n    at stackTrace (/Users/mbp/Github/node_modules/rdkit/dist/rdkit.js:16:20906)\n    at ___assert_fail (/Users/mbp/Github/node_modules/rdkit/dist/rdkit.js:16:1317273)\n    at K0 (/Users/mbp/Github/node_modules/rdkit/dist/rdkit.js:34:185130)\n    at fs (/Users/mbp/Github/node_modules/rdkit/dist/rdkit.js:31:212111)\n    at sn (/Users/mbp/Github/node_modules/rdkit/dist/rdkit.js:24:227627)\n    at Array.rn (/Users/mbp/Github/node_modules/rdkit/dist/rdkit.js:24:206488)\n    at Object.Tka [as dynCall_viiiiii] (/Users/mbp/Github/node_modules/rdkit/dist/rdkit.js:45:25029)\n    at invoke_viiiiii (/Users/mbp/Github/node_modules/rdkit/dist/rdkit.js:16:1351459)\n    at WH (/Users/mbp/Github/node_modules/rdkit/dist/rdkit.js:28:161392)"
i=100853
"Assertion failed: !\"vector length_error\", at: /Users/mbp/Github/emsdk_portable1/emscripten/tag-1.34.6/system/include/libcxx/vector,303,__throw_length_error at Error\n    at jsStackTrace (/Users/mbp/Github/node_modules/rdkit/dist/rdkit.js:16:20723)\n    at stackTrace (/Users/mbp/Github/node_modules/rdkit/dist/rdkit.js:16:20906)\n    at ___assert_fail (/Users/mbp/Github/node_modules/rdkit/dist/rdkit.js:16:1317273)\n    at K0 (/Users/mbp/Github/node_modules/rdkit/dist/rdkit.js:34:185130)\n    at fs (/Users/mbp/Github/node_modules/rdkit/dist/rdkit.js:31:212111)\n    at sn (/Users/mbp/Github/node_modules/rdkit/dist/rdkit.js:24:227627)\n    at Array.rn (/Users/mbp/Github/node_modules/rdkit/dist/rdkit.js:24:206488)\n    at Object.Tka [as dynCall_viiiiii] (/Users/mbp/Github/node_modules/rdkit/dist/rdkit.js:45:25029)\n    at invoke_viiiiii (/Users/mbp/Github/node_modules/rdkit/dist/rdkit.js:16:1351459)\n    at WH (/Users/mbp/Github/node_modules/rdkit/dist/rdkit.js:28:161392)"
i=100853
"Assertion failed: !\"vector length_error\", at: /Users/mbp/Github/emsdk_portable1/emscripten/tag-1.34.6/system/include/libcxx/vector,303,__throw_length_error at Error\n    at jsStackTrace (/Users/mbp/Github/node_modules/rdkit/dist/rdkit.js:16:20723)\n    at stackTrace (/Users/mbp/Github/node_modules/rdkit/dist/rdkit.js:16:20906)\n    at ___assert_fail (/Users/mbp/Github/node_modules/rdkit/dist/rdkit.js:16:1317273)\n    at K0 (/Users/mbp/Github/node_modules/rdkit/dist/rdkit.js:34:185130)\n    at fs (/Users/mbp/Github/node_modules/rdkit/dist/rdkit.js:31:212111)\n    at sn (/Users/mbp/Github/node_modules/rdkit/dist/rdkit.js:24:227627)\n    at Array.rn (/Users/mbp/Github/node_modules/rdkit/dist/rdkit.js:24:206488)\n    at Object.Tka [as dynCall_viiiiii] (/Users/mbp/Github/node_modules/rdkit/dist/rdkit.js:45:25029)\n    at invoke_viiiiii (/Users/mbp/Github/node_modules/rdkit/dist/rdkit.js:16:1351459)\n    at WH (/Users/mbp/Github/node_modules/rdkit/dist/rdkit.js:28:161392)"
i=100853
"Assertion failed: !\"vector length_error\", at: /Users/mbp/Github/emsdk_portable1/emscripten/tag-1.34.6/system/include/libcxx/vector,303,__throw_length_error at Error\n    at jsStackTrace (/Users/mbp/Github/node_modules/rdkit/dist/rdkit.js:16:20723)\n    at stackTrace (/Users/mbp/Github/node_modules/rdkit/dist/rdkit.js:16:20906)\n    at ___assert_fail (/Users/mbp/Github/node_modules/rdkit/dist/rdkit.js:16:1317273)\n    at K0 (/Users/mbp/Github/node_modules/rdkit/dist/rdkit.js:34:185130)\n    at fs (/Users/mbp/Github/node_modules/rdkit/dist/rdkit.js:31:212111)\n    at sn (/Users/mbp/Github/node_modules/rdkit/dist/rdkit.js:24:227627)\n    at Array.rn (/Users/mbp/Github/node_modules/rdkit/dist/rdkit.js:24:206488)\n    at Object.Tka [as dynCall_viiiiii] (/Users/mbp/Github/node_modules/rdkit/dist/rdkit.js:45:25029)\n    at invoke_viiiiii (/Users/mbp/Github/node_modules/rdkit/dist/rdkit.js:16:1351459)\n    at WH (/Users/mbp/Github/node_modules/rdkit/dist/rdkit.js:28:161392)"
i=100853
"Assertion failed: !\"vector length_error\", at: /Users/mbp/Github/emsdk_portable1/emscripten/tag-1.34.6/system/include/libcxx/vector,303,__throw_length_error at Error\n    at jsStackTrace (/Users/mbp/Github/node_modules/rdkit/dist/rdkit.js:16:20723)\n    at stackTrace (/Users/mbp/Github/node_modules/rdkit/dist/rdkit.js:16:20906)\n    at ___assert_fail (/Users/mbp/Github/node_modules/rdkit/dist/rdkit.js:16:1317273)\n    at K0 (/Users/mbp/Github/node_modules/rdkit/dist/rdkit.js:34:185130)\n    at fs (/Users/mbp/Github/node_modules/rdkit/dist/rdkit.js:31:212111)\n    at sn (/Users/mbp/Github/node_modules/rdkit/dist/rdkit.js:24:227627)\n    at Array.rn (/Users/mbp/Github/node_modules/rdkit/dist/rdkit.js:24:206488)\n    at Object.Tka [as dynCall_viiiiii] (/Users/mbp/Github/node_modules/rdkit/dist/rdkit.js:45:25029)\n    at invoke_viiiiii (/Users/mbp/Github/node_modules/rdkit/dist/rdkit.js:16:1351459)\n    at WH (/Users/mbp/Github/node_modules/rdkit/dist/rdkit.js:28:161392)"
i=100853
"Assertion failed: !\"vector length_error\", at: /Users/mbp/Github/emsdk_portable1/emscripten/tag-1.34.6/system/include/libcxx/vector,303,__throw_length_error at Error\n    at jsStackTrace (/Users/mbp/Github/node_modules/rdkit/dist/rdkit.js:16:20723)\n    at stackTrace (/Users/mbp/Github/node_modules/rdkit/dist/rdkit.js:16:20906)\n    at ___assert_fail (/Users/mbp/Github/node_modules/rdkit/dist/rdkit.js:16:1317273)\n    at K0 (/Users/mbp/Github/node_modules/rdkit/dist/rdkit.js:34:185130)\n    at fs (/Users/mbp/Github/node_modules/rdkit/dist/rdkit.js:31:212111)\n    at sn (/Users/mbp/Github/node_modules/rdkit/dist/rdkit.js:24:227627)\n    at Array.rn (/Users/mbp/Github/node_modules/rdkit/dist/rdkit.js:24:206488)\n    at Object.Tka [as dynCall_viiiiii] (/Users/mbp/Github/node_modules/rdkit/dist/rdkit.js:45:25029)\n    at invoke_viiiiii (/Users/mbp/Github/node_modules/rdkit/dist/rdkit.js:16:1351459)\n    at WH (/Users/mbp/Github/node_modules/rdkit/dist/rdkit.js:28:161392)"
i=100853
"Assertion failed: !\"vector length_error\", at: /Users/mbp/Github/emsdk_portable1/emscripten/tag-1.34.6/system/include/libcxx/vector,303,__throw_length_error at Error\n    at jsStackTrace (/Users/mbp/Github/node_modules/rdkit/dist/rdkit.js:16:20723)\n    at stackTrace (/Users/mbp/Github/node_modules/rdkit/dist/rdkit.js:16:20906)\n    at ___assert_fail (/Users/mbp/Github/node_modules/rdkit/dist/rdkit.js:16:1317273)\n    at K0 (/Users/mbp/Github/node_modules/rdkit/dist/rdkit.js:34:185130)\n    at fs (/Users/mbp/Github/node_modules/rdkit/dist/rdkit.js:31:212111)\n    at sn (/Users/mbp/Github/node_modules/rdkit/dist/rdkit.js:24:227627)\n    at Array.rn (/Users/mbp/Github/node_modules/rdkit/dist/rdkit.js:24:206488)\n    at Object.Tka [as dynCall_viiiiii] (/Users/mbp/Github/node_modules/rdkit/dist/rdkit.js:45:25029)\n    at invoke_viiiiii (/Users/mbp/Github/node_modules/rdkit/dist/rdkit.js:16:1351459)\n    at WH (/Users/mbp/Github/node_modules/rdkit/dist/rdkit.js:28:161392)"
i=100853
"Assertion failed: !\"vector length_error\", at: /Users/mbp/Github/emsdk_portable1/emscripten/tag-1.34.6/system/include/libcxx/vector,303,__throw_length_error at Error\n    at jsStackTrace (/Users/mbp/Github/node_modules/rdkit/dist/rdkit.js:16:20723)\n    at stackTrace (/Users/mbp/Github/node_modules/rdkit/dist/rdkit.js:16:20906)\n    at ___assert_fail (/Users/mbp/Github/node_modules/rdkit/dist/rdkit.js:16:1317273)\n    at K0 (/Users/mbp/Github/node_modules/rdkit/dist/rdkit.js:34:185130)\n    at fs (/Users/mbp/Github/node_modules/rdkit/dist/rdkit.js:31:212111)\n    at sn (/Users/mbp/Github/node_modules/rdkit/dist/rdkit.js:24:227627)\n    at Array.rn (/Users/mbp/Github/node_modules/rdkit/dist/rdkit.js:24:206488)\n    at Object.Tka [as dynCall_viiiiii] (/Users/mbp/Github/node_modules/rdkit/dist/rdkit.js:45:25029)\n    at invoke_viiiiii (/Users/mbp/Github/node_modules/rdkit/dist/rdkit.js:16:1351459)\n    at WH (/Users/mbp/Github/node_modules/rdkit/dist/rdkit.js:28:161392)"
i=100853
"Assertion failed: !\"vector length_error\", at: /Users/mbp/Github/emsdk_portable1/emscripten/tag-1.34.6/system/include/libcxx/vector,303,__throw_length_error at Error\n    at jsStackTrace (/Users/mbp/Github/node_modules/rdkit/dist/rdkit.js:16:20723)\n    at stackTrace (/Users/mbp/Github/node_modules/rdkit/dist/rdkit.js:16:20906)\n    at ___assert_fail (/Users/mbp/Github/node_modules/rdkit/dist/rdkit.js:16:1317273)\n    at K0 (/Users/mbp/Github/node_modules/rdkit/dist/rdkit.js:34:185130)\n    at fs (/Users/mbp/Github/node_modules/rdkit/dist/rdkit.js:31:212111)\n    at sn (/Users/mbp/Github/node_modules/rdkit/dist/rdkit.js:24:227627)\n    at Array.rn (/Users/mbp/Github/node_modules/rdkit/dist/rdkit.js:24:206488)\n    at Object.Tka [as dynCall_viiiiii] (/Users/mbp/Github/node_modules/rdkit/dist/rdkit.js:45:25029)\n    at invoke_viiiiii (/Users/mbp/Github/node_modules/rdkit/dist/rdkit.js:16:1351459)\n    at WH (/Users/mbp/Github/node_modules/rdkit/dist/rdkit.js:28:161392)"
i=100891
"Assertion failed: !\"vector length_error\", at: /Users/mbp/Github/emsdk_portable1/emscripten/tag-1.34.6/system/include/libcxx/vector,303,__throw_length_error at Error\n    at jsStackTrace (/Users/mbp/Github/node_modules/rdkit/dist/rdkit.js:16:20723)\n    at stackTrace (/Users/mbp/Github/node_modules/rdkit/dist/rdkit.js:16:20906)\n    at ___assert_fail (/Users/mbp/Github/node_modules/rdkit/dist/rdkit.js:16:1317273)\n    at K0 (/Users/mbp/Github/node_modules/rdkit/dist/rdkit.js:34:185130)\n    at fs (/Users/mbp/Github/node_modules/rdkit/dist/rdkit.js:31:212111)\n    at sn (/Users/mbp/Github/node_modules/rdkit/dist/rdkit.js:24:227627)\n    at Array.rn (/Users/mbp/Github/node_modules/rdkit/dist/rdkit.js:24:206488)\n    at Object.Tka [as dynCall_viiiiii] (/Users/mbp/Github/node_modules/rdkit/dist/rdkit.js:45:25029)\n    at invoke_viiiiii (/Users/mbp/Github/node_modules/rdkit/dist/rdkit.js:16:1351459)\n    at WH (/Users/mbp/Github/node_modules/rdkit/dist/rdkit.js:28:161392)"
i=100891
"Assertion failed: !\"vector length_error\", at: /Users/mbp/Github/emsdk_portable1/emscripten/tag-1.34.6/system/include/libcxx/vector,303,__throw_length_error at Error\n    at jsStackTrace (/Users/mbp/Github/node_modules/rdkit/dist/rdkit.js:16:20723)\n    at stackTrace (/Users/mbp/Github/node_modules/rdkit/dist/rdkit.js:16:20906)\n    at ___assert_fail (/Users/mbp/Github/node_modules/rdkit/dist/rdkit.js:16:1317273)\n    at K0 (/Users/mbp/Github/node_modules/rdkit/dist/rdkit.js:34:185130)\n    at fs (/Users/mbp/Github/node_modules/rdkit/dist/rdkit.js:31:212111)\n    at sn (/Users/mbp/Github/node_modules/rdkit/dist/rdkit.js:24:227627)\n    at Array.rn (/Users/mbp/Github/node_modules/rdkit/dist/rdkit.js:24:206488)\n    at Object.Tka [as dynCall_viiiiii] (/Users/mbp/Github/node_modules/rdkit/dist/rdkit.js:45:25029)\n    at invoke_viiiiii (/Users/mbp/Github/node_modules/rdkit/dist/rdkit.js:16:1351459)\n    at WH (/Users/mbp/Github/node_modules/rdkit/dist/rdkit.js:28:161392)"
i=100891
"Assertion failed: !\"vector length_error\", at: /Users/mbp/Github/emsdk_portable1/emscripten/tag-1.34.6/system/include/libcxx/vector,303,__throw_length_error at Error\n    at jsStackTrace (/Users/mbp/Github/node_modules/rdkit/dist/rdkit.js:16:20723)\n    at stackTrace (/Users/mbp/Github/node_modules/rdkit/dist/rdkit.js:16:20906)\n    at ___assert_fail (/Users/mbp/Github/node_modules/rdkit/dist/rdkit.js:16:1317273)\n    at K0 (/Users/mbp/Github/node_modules/rdkit/dist/rdkit.js:34:185130)\n    at fs (/Users/mbp/Github/node_modules/rdkit/dist/rdkit.js:31:212111)\n    at sn (/Users/mbp/Github/node_modules/rdkit/dist/rdkit.js:24:227627)\n    at Array.rn (/Users/mbp/Github/node_modules/rdkit/dist/rdkit.js:24:206488)\n    at Object.Tka [as dynCall_viiiiii] (/Users/mbp/Github/node_modules/rdkit/dist/rdkit.js:45:25029)\n    at invoke_viiiiii (/Users/mbp/Github/node_modules/rdkit/dist/rdkit.js:16:1351459)\n    at WH (/Users/mbp/Github/node_modules/rdkit/dist/rdkit.js:28:161392)"
i=100891
"Assertion failed: !\"vector length_error\", at: /Users/mbp/Github/emsdk_portable1/emscripten/tag-1.34.6/system/include/libcxx/vector,303,__throw_length_error at Error\n    at jsStackTrace (/Users/mbp/Github/node_modules/rdkit/dist/rdkit.js:16:20723)\n    at stackTrace (/Users/mbp/Github/node_modules/rdkit/dist/rdkit.js:16:20906)\n    at ___assert_fail (/Users/mbp/Github/node_modules/rdkit/dist/rdkit.js:16:1317273)\n    at K0 (/Users/mbp/Github/node_modules/rdkit/dist/rdkit.js:34:185130)\n    at fs (/Users/mbp/Github/node_modules/rdkit/dist/rdkit.js:31:212111)\n    at sn (/Users/mbp/Github/node_modules/rdkit/dist/rdkit.js:24:227627)\n    at Array.rn (/Users/mbp/Github/node_modules/rdkit/dist/rdkit.js:24:206488)\n    at Object.Tka [as dynCall_viiiiii] (/Users/mbp/Github/node_modules/rdkit/dist/rdkit.js:45:25029)\n    at invoke_viiiiii (/Users/mbp/Github/node_modules/rdkit/dist/rdkit.js:16:1351459)\n    at WH (/Users/mbp/Github/node_modules/rdkit/dist/rdkit.js:28:161392)"
i=100891
"Assertion failed: !\"vector length_error\", at: /Users/mbp/Github/emsdk_portable1/emscripten/tag-1.34.6/system/include/libcxx/vector,303,__throw_length_error at Error\n    at jsStackTrace (/Users/mbp/Github/node_modules/rdkit/dist/rdkit.js:16:20723)\n    at stackTrace (/Users/mbp/Github/node_modules/rdkit/dist/rdkit.js:16:20906)\n    at ___assert_fail (/Users/mbp/Github/node_modules/rdkit/dist/rdkit.js:16:1317273)\n    at K0 (/Users/mbp/Github/node_modules/rdkit/dist/rdkit.js:34:185130)\n    at fs (/Users/mbp/Github/node_modules/rdkit/dist/rdkit.js:31:212111)\n    at sn (/Users/mbp/Github/node_modules/rdkit/dist/rdkit.js:24:227627)\n    at Array.rn (/Users/mbp/Github/node_modules/rdkit/dist/rdkit.js:24:206488)\n    at Object.Tka [as dynCall_viiiiii] (/Users/mbp/Github/node_modules/rdkit/dist/rdkit.js:45:25029)\n    at invoke_viiiiii (/Users/mbp/Github/node_modules/rdkit/dist/rdkit.js:16:1351459)\n    at WH (/Users/mbp/Github/node_modules/rdkit/dist/rdkit.js:28:161392)"
i=100891
"Assertion failed: !\"vector length_error\", at: /Users/mbp/Github/emsdk_portable1/emscripten/tag-1.34.6/system/include/libcxx/vector,303,__throw_length_error at Error\n    at jsStackTrace (/Users/mbp/Github/node_modules/rdkit/dist/rdkit.js:16:20723)\n    at stackTrace (/Users/mbp/Github/node_modules/rdkit/dist/rdkit.js:16:20906)\n    at ___assert_fail (/Users/mbp/Github/node_modules/rdkit/dist/rdkit.js:16:1317273)\n    at K0 (/Users/mbp/Github/node_modules/rdkit/dist/rdkit.js:34:185130)\n    at fs (/Users/mbp/Github/node_modules/rdkit/dist/rdkit.js:31:212111)\n    at sn (/Users/mbp/Github/node_modules/rdkit/dist/rdkit.js:24:227627)\n    at Array.rn (/Users/mbp/Github/node_modules/rdkit/dist/rdkit.js:24:206488)\n    at Object.Tka [as dynCall_viiiiii] (/Users/mbp/Github/node_modules/rdkit/dist/rdkit.js:45:25029)\n    at invoke_viiiiii (/Users/mbp/Github/node_modules/rdkit/dist/rdkit.js:16:1351459)\n    at WH (/Users/mbp/Github/node_modules/rdkit/dist/rdkit.js:28:161392)"
i=100891
"Assertion failed: !\"vector length_error\", at: /Users/mbp/Github/emsdk_portable1/emscripten/tag-1.34.6/system/include/libcxx/vector,303,__throw_length_error at Error\n    at jsStackTrace (/Users/mbp/Github/node_modules/rdkit/dist/rdkit.js:16:20723)\n    at stackTrace (/Users/mbp/Github/node_modules/rdkit/dist/rdkit.js:16:20906)\n    at ___assert_fail (/Users/mbp/Github/node_modules/rdkit/dist/rdkit.js:16:1317273)\n    at K0 (/Users/mbp/Github/node_modules/rdkit/dist/rdkit.js:34:185130)\n    at fs (/Users/mbp/Github/node_modules/rdkit/dist/rdkit.js:31:212111)\n    at sn (/Users/mbp/Github/node_modules/rdkit/dist/rdkit.js:24:227627)\n    at Array.rn (/Users/mbp/Github/node_modules/rdkit/dist/rdkit.js:24:206488)\n    at Object.Tka [as dynCall_viiiiii] (/Users/mbp/Github/node_modules/rdkit/dist/rdkit.js:45:25029)\n    at invoke_viiiiii (/Users/mbp/Github/node_modules/rdkit/dist/rdkit.js:16:1351459)\n    at WH (/Users/mbp/Github/node_modules/rdkit/dist/rdkit.js:28:161392)"
i=100891
"Assertion failed: !\"vector length_error\", at: /Users/mbp/Github/emsdk_portable1/emscripten/tag-1.34.6/system/include/libcxx/vector,303,__throw_length_error at Error\n    at jsStackTrace (/Users/mbp/Github/node_modules/rdkit/dist/rdkit.js:16:20723)\n    at stackTrace (/Users/mbp/Github/node_modules/rdkit/dist/rdkit.js:16:20906)\n    at ___assert_fail (/Users/mbp/Github/node_modules/rdkit/dist/rdkit.js:16:1317273)\n    at K0 (/Users/mbp/Github/node_modules/rdkit/dist/rdkit.js:34:185130)\n    at fs (/Users/mbp/Github/node_modules/rdkit/dist/rdkit.js:31:212111)\n    at sn (/Users/mbp/Github/node_modules/rdkit/dist/rdkit.js:24:227627)\n    at Array.rn (/Users/mbp/Github/node_modules/rdkit/dist/rdkit.js:24:206488)\n    at Object.Tka [as dynCall_viiiiii] (/Users/mbp/Github/node_modules/rdkit/dist/rdkit.js:45:25029)\n    at invoke_viiiiii (/Users/mbp/Github/node_modules/rdkit/dist/rdkit.js:16:1351459)\n    at WH (/Users/mbp/Github/node_modules/rdkit/dist/rdkit.js:28:161392)"
i=100891
"Assertion failed: !\"vector length_error\", at: /Users/mbp/Github/emsdk_portable1/emscripten/tag-1.34.6/system/include/libcxx/vector,303,__throw_length_error at Error\n    at jsStackTrace (/Users/mbp/Github/node_modules/rdkit/dist/rdkit.js:16:20723)\n    at stackTrace (/Users/mbp/Github/node_modules/rdkit/dist/rdkit.js:16:20906)\n    at ___assert_fail (/Users/mbp/Github/node_modules/rdkit/dist/rdkit.js:16:1317273)\n    at K0 (/Users/mbp/Github/node_modules/rdkit/dist/rdkit.js:34:185130)\n    at fs (/Users/mbp/Github/node_modules/rdkit/dist/rdkit.js:31:212111)\n    at sn (/Users/mbp/Github/node_modules/rdkit/dist/rdkit.js:24:227627)\n    at Array.rn (/Users/mbp/Github/node_modules/rdkit/dist/rdkit.js:24:206488)\n    at Object.Tka [as dynCall_viiiiii] (/Users/mbp/Github/node_modules/rdkit/dist/rdkit.js:45:25029)\n    at invoke_viiiiii (/Users/mbp/Github/node_modules/rdkit/dist/rdkit.js:16:1351459)\n    at WH (/Users/mbp/Github/node_modules/rdkit/dist/rdkit.js:28:161392)"
i=100891
"Assertion failed: !\"vector length_error\", at: /Users/mbp/Github/emsdk_portable1/emscripten/tag-1.34.6/system/include/libcxx/vector,303,__throw_length_error at Error\n    at jsStackTrace (/Users/mbp/Github/node_modules/rdkit/dist/rdkit.js:16:20723)\n    at stackTrace (/Users/mbp/Github/node_modules/rdkit/dist/rdkit.js:16:20906)\n    at ___assert_fail (/Users/mbp/Github/node_modules/rdkit/dist/rdkit.js:16:1317273)\n    at K0 (/Users/mbp/Github/node_modules/rdkit/dist/rdkit.js:34:185130)\n    at fs (/Users/mbp/Github/node_modules/rdkit/dist/rdkit.js:31:212111)\n    at sn (/Users/mbp/Github/node_modules/rdkit/dist/rdkit.js:24:227627)\n    at Array.rn (/Users/mbp/Github/node_modules/rdkit/dist/rdkit.js:24:206488)\n    at Object.Tka [as dynCall_viiiiii] (/Users/mbp/Github/node_modules/rdkit/dist/rdkit.js:45:25029)\n    at invoke_viiiiii (/Users/mbp/Github/node_modules/rdkit/dist/rdkit.js:16:1351459)\n    at WH (/Users/mbp/Github/node_modules/rdkit/dist/rdkit.js:28:161392)"
i=100891
"Assertion failed: !\"vector length_error\", at: /Users/mbp/Github/emsdk_portable1/emscripten/tag-1.34.6/system/include/libcxx/vector,303,__throw_length_error at Error\n    at jsStackTrace (/Users/mbp/Github/node_modules/rdkit/dist/rdkit.js:16:20723)\n    at stackTrace (/Users/mbp/Github/node_modules/rdkit/dist/rdkit.js:16:20906)\n    at ___assert_fail (/Users/mbp/Github/node_modules/rdkit/dist/rdkit.js:16:1317273)\n    at K0 (/Users/mbp/Github/node_modules/rdkit/dist/rdkit.js:34:185130)\n    at fs (/Users/mbp/Github/node_modules/rdkit/dist/rdkit.js:31:212111)\n    at sn (/Users/mbp/Github/node_modules/rdkit/dist/rdkit.js:24:227627)\n    at Array.rn (/Users/mbp/Github/node_modules/rdkit/dist/rdkit.js:24:206488)\n    at Object.Tka [as dynCall_viiiiii] (/Users/mbp/Github/node_modules/rdkit/dist/rdkit.js:45:25029)\n    at invoke_viiiiii (/Users/mbp/Github/node_modules/rdkit/dist/rdkit.js:16:1351459)\n    at WH (/Users/mbp/Github/node_modules/rdkit/dist/rdkit.js:28:161392)"
i=100891
"Assertion failed: !\"vector length_error\", at: /Users/mbp/Github/emsdk_portable1/emscripten/tag-1.34.6/system/include/libcxx/vector,303,__throw_length_error at Error\n    at jsStackTrace (/Users/mbp/Github/node_modules/rdkit/dist/rdkit.js:16:20723)\n    at stackTrace (/Users/mbp/Github/node_modules/rdkit/dist/rdkit.js:16:20906)\n    at ___assert_fail (/Users/mbp/Github/node_modules/rdkit/dist/rdkit.js:16:1317273)\n    at K0 (/Users/mbp/Github/node_modules/rdkit/dist/rdkit.js:34:185130)\n    at fs (/Users/mbp/Github/node_modules/rdkit/dist/rdkit.js:31:212111)\n    at sn (/Users/mbp/Github/node_modules/rdkit/dist/rdkit.js:24:227627)\n    at Array.rn (/Users/mbp/Github/node_modules/rdkit/dist/rdkit.js:24:206488)\n    at Object.Tka [as dynCall_viiiiii] (/Users/mbp/Github/node_modules/rdkit/dist/rdkit.js:45:25029)\n    at invoke_viiiiii (/Users/mbp/Github/node_modules/rdkit/dist/rdkit.js:16:1351459)\n    at WH (/Users/mbp/Github/node_modules/rdkit/dist/rdkit.js:28:161392)"
i=100891
"Assertion failed: !\"vector length_error\", at: /Users/mbp/Github/emsdk_portable1/emscripten/tag-1.34.6/system/include/libcxx/vector,303,__throw_length_error at Error\n    at jsStackTrace (/Users/mbp/Github/node_modules/rdkit/dist/rdkit.js:16:20723)\n    at stackTrace (/Users/mbp/Github/node_modules/rdkit/dist/rdkit.js:16:20906)\n    at ___assert_fail (/Users/mbp/Github/node_modules/rdkit/dist/rdkit.js:16:1317273)\n    at K0 (/Users/mbp/Github/node_modules/rdkit/dist/rdkit.js:34:185130)\n    at fs (/Users/mbp/Github/node_modules/rdkit/dist/rdkit.js:31:212111)\n    at sn (/Users/mbp/Github/node_modules/rdkit/dist/rdkit.js:24:227627)\n    at Array.rn (/Users/mbp/Github/node_modules/rdkit/dist/rdkit.js:24:206488)\n    at Object.Tka [as dynCall_viiiiii] (/Users/mbp/Github/node_modules/rdkit/dist/rdkit.js:45:25029)\n    at invoke_viiiiii (/Users/mbp/Github/node_modules/rdkit/dist/rdkit.js:16:1351459)\n    at WH (/Users/mbp/Github/node_modules/rdkit/dist/rdkit.js:28:161392)"
i=100891
"Assertion failed: !\"vector length_error\", at: /Users/mbp/Github/emsdk_portable1/emscripten/tag-1.34.6/system/include/libcxx/vector,303,__throw_length_error at Error\n    at jsStackTrace (/Users/mbp/Github/node_modules/rdkit/dist/rdkit.js:16:20723)\n    at stackTrace (/Users/mbp/Github/node_modules/rdkit/dist/rdkit.js:16:20906)\n    at ___assert_fail (/Users/mbp/Github/node_modules/rdkit/dist/rdkit.js:16:1317273)\n    at K0 (/Users/mbp/Github/node_modules/rdkit/dist/rdkit.js:34:185130)\n    at fs (/Users/mbp/Github/node_modules/rdkit/dist/rdkit.js:31:212111)\n    at sn (/Users/mbp/Github/node_modules/rdkit/dist/rdkit.js:24:227627)\n    at Array.rn (/Users/mbp/Github/node_modules/rdkit/dist/rdkit.js:24:206488)\n    at Object.Tka [as dynCall_viiiiii] (/Users/mbp/Github/node_modules/rdkit/dist/rdkit.js:45:25029)\n    at invoke_viiiiii (/Users/mbp/Github/node_modules/rdkit/dist/rdkit.js:16:1351459)\n    at WH (/Users/mbp/Github/node_modules/rdkit/dist/rdkit.js:28:161392)"
i=100894
"Assertion failed: !\"vector length_error\", at: /Users/mbp/Github/emsdk_portable1/emscripten/tag-1.34.6/system/include/libcxx/vector,303,__throw_length_error at Error\n    at jsStackTrace (/Users/mbp/Github/node_modules/rdkit/dist/rdkit.js:16:20723)\n    at stackTrace (/Users/mbp/Github/node_modules/rdkit/dist/rdkit.js:16:20906)\n    at ___assert_fail (/Users/mbp/Github/node_modules/rdkit/dist/rdkit.js:16:1317273)\n    at K0 (/Users/mbp/Github/node_modules/rdkit/dist/rdkit.js:34:185130)\n    at fs (/Users/mbp/Github/node_modules/rdkit/dist/rdkit.js:31:212111)\n    at sn (/Users/mbp/Github/node_modules/rdkit/dist/rdkit.js:24:227627)\n    at Array.rn (/Users/mbp/Github/node_modules/rdkit/dist/rdkit.js:24:206488)\n    at Object.Tka [as dynCall_viiiiii] (/Users/mbp/Github/node_modules/rdkit/dist/rdkit.js:45:25029)\n    at invoke_viiiiii (/Users/mbp/Github/node_modules/rdkit/dist/rdkit.js:16:1351459)\n    at WH (/Users/mbp/Github/node_modules/rdkit/dist/rdkit.js:28:161392)"
i=100895
117883752
i=100895
"Assertion failed: !\"vector length_error\", at: /Users/mbp/Github/emsdk_portable1/emscripten/tag-1.34.6/system/include/libcxx/vector,303,__throw_length_error at Error\n    at jsStackTrace (/Users/mbp/Github/node_modules/rdkit/dist/rdkit.js:16:20723)\n    at stackTrace (/Users/mbp/Github/node_modules/rdkit/dist/rdkit.js:16:20906)\n    at ___assert_fail (/Users/mbp/Github/node_modules/rdkit/dist/rdkit.js:16:1317273)\n    at K0 (/Users/mbp/Github/node_modules/rdkit/dist/rdkit.js:34:185130)\n    at fs (/Users/mbp/Github/node_modules/rdkit/dist/rdkit.js:31:212111)\n    at sn (/Users/mbp/Github/node_modules/rdkit/dist/rdkit.js:24:227627)\n    at Array.rn (/Users/mbp/Github/node_modules/rdkit/dist/rdkit.js:24:206488)\n    at Object.Tka [as dynCall_viiiiii] (/Users/mbp/Github/node_modules/rdkit/dist/rdkit.js:45:25029)\n    at invoke_viiiiii (/Users/mbp/Github/node_modules/rdkit/dist/rdkit.js:16:1351459)\n    at WH (/Users/mbp/Github/node_modules/rdkit/dist/rdkit.js:28:161392)"
i=100901
117936040
i=100902
117967080
i=100906
"Assertion failed: !\"vector length_error\", at: /Users/mbp/Github/emsdk_portable1/emscripten/tag-1.34.6/system/include/libcxx/vector,303,__throw_length_error at Error\n    at jsStackTrace (/Users/mbp/Github/node_modules/rdkit/dist/rdkit.js:16:20723)\n    at stackTrace (/Users/mbp/Github/node_modules/rdkit/dist/rdkit.js:16:20906)\n    at ___assert_fail (/Users/mbp/Github/node_modules/rdkit/dist/rdkit.js:16:1317273)\n    at K0 (/Users/mbp/Github/node_modules/rdkit/dist/rdkit.js:34:185130)\n    at fs (/Users/mbp/Github/node_modules/rdkit/dist/rdkit.js:31:212111)\n    at sn (/Users/mbp/Github/node_modules/rdkit/dist/rdkit.js:24:227627)\n    at Array.rn (/Users/mbp/Github/node_modules/rdkit/dist/rdkit.js:24:206488)\n    at Object.Tka [as dynCall_viiiiii] (/Users/mbp/Github/node_modules/rdkit/dist/rdkit.js:45:25029)\n    at invoke_viiiiii (/Users/mbp/Github/node_modules/rdkit/dist/rdkit.js:16:1351459)\n    at WH (/Users/mbp/Github/node_modules/rdkit/dist/rdkit.js:28:161392)"
i=100907
117950696
i=100907
117894240
i=100907
117903592
i=100907
117908360
i=100910
"Assertion failed: !\"vector length_error\", at: /Users/mbp/Github/emsdk_portable1/emscripten/tag-1.34.6/system/include/libcxx/vector,303,__throw_length_error at Error\n    at jsStackTrace (/Users/mbp/Github/node_modules/rdkit/dist/rdkit.js:16:20723)\n    at stackTrace (/Users/mbp/Github/node_modules/rdkit/dist/rdkit.js:16:20906)\n    at ___assert_fail (/Users/mbp/Github/node_modules/rdkit/dist/rdkit.js:16:1317273)\n    at K0 (/Users/mbp/Github/node_modules/rdkit/dist/rdkit.js:34:185130)\n    at fs (/Users/mbp/Github/node_modules/rdkit/dist/rdkit.js:31:212111)\n    at sn (/Users/mbp/Github/node_modules/rdkit/dist/rdkit.js:24:227627)\n    at Array.rn (/Users/mbp/Github/node_modules/rdkit/dist/rdkit.js:24:206488)\n    at Object.Tka [as dynCall_viiiiii] (/Users/mbp/Github/node_modules/rdkit/dist/rdkit.js:45:25029)\n    at invoke_viiiiii (/Users/mbp/Github/node_modules/rdkit/dist/rdkit.js:16:1351459)\n    at WH (/Users/mbp/Github/node_modules/rdkit/dist/rdkit.js:28:161392)"
i=100910
"Assertion failed: !\"vector length_error\", at: /Users/mbp/Github/emsdk_portable1/emscripten/tag-1.34.6/system/include/libcxx/vector,303,__throw_length_error at Error\n    at jsStackTrace (/Users/mbp/Github/node_modules/rdkit/dist/rdkit.js:16:20723)\n    at stackTrace (/Users/mbp/Github/node_modules/rdkit/dist/rdkit.js:16:20906)\n    at ___assert_fail (/Users/mbp/Github/node_modules/rdkit/dist/rdkit.js:16:1317273)\n    at K0 (/Users/mbp/Github/node_modules/rdkit/dist/rdkit.js:34:185130)\n    at fs (/Users/mbp/Github/node_modules/rdkit/dist/rdkit.js:31:212111)\n    at sn (/Users/mbp/Github/node_modules/rdkit/dist/rdkit.js:24:227627)\n    at Array.rn (/Users/mbp/Github/node_modules/rdkit/dist/rdkit.js:24:206488)\n    at Object.Tka [as dynCall_viiiiii] (/Users/mbp/Github/node_modules/rdkit/dist/rdkit.js:45:25029)\n    at invoke_viiiiii (/Users/mbp/Github/node_modules/rdkit/dist/rdkit.js:16:1351459)\n    at WH (/Users/mbp/Github/node_modules/rdkit/dist/rdkit.js:28:161392)"
i=100910
"Assertion failed: !\"vector length_error\", at: /Users/mbp/Github/emsdk_portable1/emscripten/tag-1.34.6/system/include/libcxx/vector,303,__throw_length_error at Error\n    at jsStackTrace (/Users/mbp/Github/node_modules/rdkit/dist/rdkit.js:16:20723)\n    at stackTrace (/Users/mbp/Github/node_modules/rdkit/dist/rdkit.js:16:20906)\n    at ___assert_fail (/Users/mbp/Github/node_modules/rdkit/dist/rdkit.js:16:1317273)\n    at K0 (/Users/mbp/Github/node_modules/rdkit/dist/rdkit.js:34:185130)\n    at fs (/Users/mbp/Github/node_modules/rdkit/dist/rdkit.js:31:212111)\n    at sn (/Users/mbp/Github/node_modules/rdkit/dist/rdkit.js:24:227627)\n    at Array.rn (/Users/mbp/Github/node_modules/rdkit/dist/rdkit.js:24:206488)\n    at Object.Tka [as dynCall_viiiiii] (/Users/mbp/Github/node_modules/rdkit/dist/rdkit.js:45:25029)\n    at invoke_viiiiii (/Users/mbp/Github/node_modules/rdkit/dist/rdkit.js:16:1351459)\n    at WH (/Users/mbp/Github/node_modules/rdkit/dist/rdkit.js:28:161392)"
i=100910
"Assertion failed: !\"vector length_error\", at: /Users/mbp/Github/emsdk_portable1/emscripten/tag-1.34.6/system/include/libcxx/vector,303,__throw_length_error at Error\n    at jsStackTrace (/Users/mbp/Github/node_modules/rdkit/dist/rdkit.js:16:20723)\n    at stackTrace (/Users/mbp/Github/node_modules/rdkit/dist/rdkit.js:16:20906)\n    at ___assert_fail (/Users/mbp/Github/node_modules/rdkit/dist/rdkit.js:16:1317273)\n    at K0 (/Users/mbp/Github/node_modules/rdkit/dist/rdkit.js:34:185130)\n    at fs (/Users/mbp/Github/node_modules/rdkit/dist/rdkit.js:31:212111)\n    at sn (/Users/mbp/Github/node_modules/rdkit/dist/rdkit.js:24:227627)\n    at Array.rn (/Users/mbp/Github/node_modules/rdkit/dist/rdkit.js:24:206488)\n    at Object.Tka [as dynCall_viiiiii] (/Users/mbp/Github/node_modules/rdkit/dist/rdkit.js:45:25029)\n    at invoke_viiiiii (/Users/mbp/Github/node_modules/rdkit/dist/rdkit.js:16:1351459)\n    at WH (/Users/mbp/Github/node_modules/rdkit/dist/rdkit.js:28:161392)"
i=100910
"Assertion failed: !\"vector length_error\", at: /Users/mbp/Github/emsdk_portable1/emscripten/tag-1.34.6/system/include/libcxx/vector,303,__throw_length_error at Error\n    at jsStackTrace (/Users/mbp/Github/node_modules/rdkit/dist/rdkit.js:16:20723)\n    at stackTrace (/Users/mbp/Github/node_modules/rdkit/dist/rdkit.js:16:20906)\n    at ___assert_fail (/Users/mbp/Github/node_modules/rdkit/dist/rdkit.js:16:1317273)\n    at K0 (/Users/mbp/Github/node_modules/rdkit/dist/rdkit.js:34:185130)\n    at fs (/Users/mbp/Github/node_modules/rdkit/dist/rdkit.js:31:212111)\n    at sn (/Users/mbp/Github/node_modules/rdkit/dist/rdkit.js:24:227627)\n    at Array.rn (/Users/mbp/Github/node_modules/rdkit/dist/rdkit.js:24:206488)\n    at Object.Tka [as dynCall_viiiiii] (/Users/mbp/Github/node_modules/rdkit/dist/rdkit.js:45:25029)\n    at invoke_viiiiii (/Users/mbp/Github/node_modules/rdkit/dist/rdkit.js:16:1351459)\n    at WH (/Users/mbp/Github/node_modules/rdkit/dist/rdkit.js:28:161392)"
i=100910
"Assertion failed: !\"vector length_error\", at: /Users/mbp/Github/emsdk_portable1/emscripten/tag-1.34.6/system/include/libcxx/vector,303,__throw_length_error at Error\n    at jsStackTrace (/Users/mbp/Github/node_modules/rdkit/dist/rdkit.js:16:20723)\n    at stackTrace (/Users/mbp/Github/node_modules/rdkit/dist/rdkit.js:16:20906)\n    at ___assert_fail (/Users/mbp/Github/node_modules/rdkit/dist/rdkit.js:16:1317273)\n    at K0 (/Users/mbp/Github/node_modules/rdkit/dist/rdkit.js:34:185130)\n    at fs (/Users/mbp/Github/node_modules/rdkit/dist/rdkit.js:31:212111)\n    at sn (/Users/mbp/Github/node_modules/rdkit/dist/rdkit.js:24:227627)\n    at Array.rn (/Users/mbp/Github/node_modules/rdkit/dist/rdkit.js:24:206488)\n    at Object.Tka [as dynCall_viiiiii] (/Users/mbp/Github/node_modules/rdkit/dist/rdkit.js:45:25029)\n    at invoke_viiiiii (/Users/mbp/Github/node_modules/rdkit/dist/rdkit.js:16:1351459)\n    at WH (/Users/mbp/Github/node_modules/rdkit/dist/rdkit.js:28:161392)"
i=100910
"Assertion failed: !\"vector length_error\", at: /Users/mbp/Github/emsdk_portable1/emscripten/tag-1.34.6/system/include/libcxx/vector,303,__throw_length_error at Error\n    at jsStackTrace (/Users/mbp/Github/node_modules/rdkit/dist/rdkit.js:16:20723)\n    at stackTrace (/Users/mbp/Github/node_modules/rdkit/dist/rdkit.js:16:20906)\n    at ___assert_fail (/Users/mbp/Github/node_modules/rdkit/dist/rdkit.js:16:1317273)\n    at K0 (/Users/mbp/Github/node_modules/rdkit/dist/rdkit.js:34:185130)\n    at fs (/Users/mbp/Github/node_modules/rdkit/dist/rdkit.js:31:212111)\n    at sn (/Users/mbp/Github/node_modules/rdkit/dist/rdkit.js:24:227627)\n    at Array.rn (/Users/mbp/Github/node_modules/rdkit/dist/rdkit.js:24:206488)\n    at Object.Tka [as dynCall_viiiiii] (/Users/mbp/Github/node_modules/rdkit/dist/rdkit.js:45:25029)\n    at invoke_viiiiii (/Users/mbp/Github/node_modules/rdkit/dist/rdkit.js:16:1351459)\n    at WH (/Users/mbp/Github/node_modules/rdkit/dist/rdkit.js:28:161392)"
i=100911
"Assertion failed: !\"vector length_error\", at: /Users/mbp/Github/emsdk_portable1/emscripten/tag-1.34.6/system/include/libcxx/vector,303,__throw_length_error at Error\n    at jsStackTrace (/Users/mbp/Github/node_modules/rdkit/dist/rdkit.js:16:20723)\n    at stackTrace (/Users/mbp/Github/node_modules/rdkit/dist/rdkit.js:16:20906)\n    at ___assert_fail (/Users/mbp/Github/node_modules/rdkit/dist/rdkit.js:16:1317273)\n    at K0 (/Users/mbp/Github/node_modules/rdkit/dist/rdkit.js:34:185130)\n    at fs (/Users/mbp/Github/node_modules/rdkit/dist/rdkit.js:31:212111)\n    at sn (/Users/mbp/Github/node_modules/rdkit/dist/rdkit.js:24:227627)\n    at Array.rn (/Users/mbp/Github/node_modules/rdkit/dist/rdkit.js:24:206488)\n    at Object.Tka [as dynCall_viiiiii] (/Users/mbp/Github/node_modules/rdkit/dist/rdkit.js:45:25029)\n    at invoke_viiiiii (/Users/mbp/Github/node_modules/rdkit/dist/rdkit.js:16:1351459)\n    at WH (/Users/mbp/Github/node_modules/rdkit/dist/rdkit.js:28:161392)"
i=100911
"Assertion failed: !\"vector length_error\", at: /Users/mbp/Github/emsdk_portable1/emscripten/tag-1.34.6/system/include/libcxx/vector,303,__throw_length_error at Error\n    at jsStackTrace (/Users/mbp/Github/node_modules/rdkit/dist/rdkit.js:16:20723)\n    at stackTrace (/Users/mbp/Github/node_modules/rdkit/dist/rdkit.js:16:20906)\n    at ___assert_fail (/Users/mbp/Github/node_modules/rdkit/dist/rdkit.js:16:1317273)\n    at K0 (/Users/mbp/Github/node_modules/rdkit/dist/rdkit.js:34:185130)\n    at fs (/Users/mbp/Github/node_modules/rdkit/dist/rdkit.js:31:212111)\n    at sn (/Users/mbp/Github/node_modules/rdkit/dist/rdkit.js:24:227627)\n    at Array.rn (/Users/mbp/Github/node_modules/rdkit/dist/rdkit.js:24:206488)\n    at Object.Tka [as dynCall_viiiiii] (/Users/mbp/Github/node_modules/rdkit/dist/rdkit.js:45:25029)\n    at invoke_viiiiii (/Users/mbp/Github/node_modules/rdkit/dist/rdkit.js:16:1351459)\n    at WH (/Users/mbp/Github/node_modules/rdkit/dist/rdkit.js:28:161392)"
i=100911
"Assertion failed: !\"vector length_error\", at: /Users/mbp/Github/emsdk_portable1/emscripten/tag-1.34.6/system/include/libcxx/vector,303,__throw_length_error at Error\n    at jsStackTrace (/Users/mbp/Github/node_modules/rdkit/dist/rdkit.js:16:20723)\n    at stackTrace (/Users/mbp/Github/node_modules/rdkit/dist/rdkit.js:16:20906)\n    at ___assert_fail (/Users/mbp/Github/node_modules/rdkit/dist/rdkit.js:16:1317273)\n    at K0 (/Users/mbp/Github/node_modules/rdkit/dist/rdkit.js:34:185130)\n    at fs (/Users/mbp/Github/node_modules/rdkit/dist/rdkit.js:31:212111)\n    at sn (/Users/mbp/Github/node_modules/rdkit/dist/rdkit.js:24:227627)\n    at Array.rn (/Users/mbp/Github/node_modules/rdkit/dist/rdkit.js:24:206488)\n    at Object.Tka [as dynCall_viiiiii] (/Users/mbp/Github/node_modules/rdkit/dist/rdkit.js:45:25029)\n    at invoke_viiiiii (/Users/mbp/Github/node_modules/rdkit/dist/rdkit.js:16:1351459)\n    at WH (/Users/mbp/Github/node_modules/rdkit/dist/rdkit.js:28:161392)"
i=100911
"Assertion failed: !\"vector length_error\", at: /Users/mbp/Github/emsdk_portable1/emscripten/tag-1.34.6/system/include/libcxx/vector,303,__throw_length_error at Error\n    at jsStackTrace (/Users/mbp/Github/node_modules/rdkit/dist/rdkit.js:16:20723)\n    at stackTrace (/Users/mbp/Github/node_modules/rdkit/dist/rdkit.js:16:20906)\n    at ___assert_fail (/Users/mbp/Github/node_modules/rdkit/dist/rdkit.js:16:1317273)\n    at K0 (/Users/mbp/Github/node_modules/rdkit/dist/rdkit.js:34:185130)\n    at fs (/Users/mbp/Github/node_modules/rdkit/dist/rdkit.js:31:212111)\n    at sn (/Users/mbp/Github/node_modules/rdkit/dist/rdkit.js:24:227627)\n    at Array.rn (/Users/mbp/Github/node_modules/rdkit/dist/rdkit.js:24:206488)\n    at Object.Tka [as dynCall_viiiiii] (/Users/mbp/Github/node_modules/rdkit/dist/rdkit.js:45:25029)\n    at invoke_viiiiii (/Users/mbp/Github/node_modules/rdkit/dist/rdkit.js:16:1351459)\n    at WH (/Users/mbp/Github/node_modules/rdkit/dist/rdkit.js:28:161392)"
i=100911
"Assertion failed: !\"vector length_error\", at: /Users/mbp/Github/emsdk_portable1/emscripten/tag-1.34.6/system/include/libcxx/vector,303,__throw_length_error at Error\n    at jsStackTrace (/Users/mbp/Github/node_modules/rdkit/dist/rdkit.js:16:20723)\n    at stackTrace (/Users/mbp/Github/node_modules/rdkit/dist/rdkit.js:16:20906)\n    at ___assert_fail (/Users/mbp/Github/node_modules/rdkit/dist/rdkit.js:16:1317273)\n    at K0 (/Users/mbp/Github/node_modules/rdkit/dist/rdkit.js:34:185130)\n    at fs (/Users/mbp/Github/node_modules/rdkit/dist/rdkit.js:31:212111)\n    at sn (/Users/mbp/Github/node_modules/rdkit/dist/rdkit.js:24:227627)\n    at Array.rn (/Users/mbp/Github/node_modules/rdkit/dist/rdkit.js:24:206488)\n    at Object.Tka [as dynCall_viiiiii] (/Users/mbp/Github/node_modules/rdkit/dist/rdkit.js:45:25029)\n    at invoke_viiiiii (/Users/mbp/Github/node_modules/rdkit/dist/rdkit.js:16:1351459)\n    at WH (/Users/mbp/Github/node_modules/rdkit/dist/rdkit.js:28:161392)"
i=100989
118061928
i=101128
118156632
i=101244
"Assertion failed: !\"vector length_error\", at: /Users/mbp/Github/emsdk_portable1/emscripten/tag-1.34.6/system/include/libcxx/vector,303,__throw_length_error at Error\n    at jsStackTrace (/Users/mbp/Github/node_modules/rdkit/dist/rdkit.js:16:20723)\n    at stackTrace (/Users/mbp/Github/node_modules/rdkit/dist/rdkit.js:16:20906)\n    at ___assert_fail (/Users/mbp/Github/node_modules/rdkit/dist/rdkit.js:16:1317273)\n    at K0 (/Users/mbp/Github/node_modules/rdkit/dist/rdkit.js:34:185130)\n    at fs (/Users/mbp/Github/node_modules/rdkit/dist/rdkit.js:31:212111)\n    at sn (/Users/mbp/Github/node_modules/rdkit/dist/rdkit.js:24:227627)\n    at Array.rn (/Users/mbp/Github/node_modules/rdkit/dist/rdkit.js:24:206488)\n    at Object.Tka [as dynCall_viiiiii] (/Users/mbp/Github/node_modules/rdkit/dist/rdkit.js:45:25029)\n    at invoke_viiiiii (/Users/mbp/Github/node_modules/rdkit/dist/rdkit.js:16:1351459)\n    at WH (/Users/mbp/Github/node_modules/rdkit/dist/rdkit.js:28:161392)"
i=101247
"Assertion failed: !\"vector length_error\", at: /Users/mbp/Github/emsdk_portable1/emscripten/tag-1.34.6/system/include/libcxx/vector,303,__throw_length_error at Error\n    at jsStackTrace (/Users/mbp/Github/node_modules/rdkit/dist/rdkit.js:16:20723)\n    at stackTrace (/Users/mbp/Github/node_modules/rdkit/dist/rdkit.js:16:20906)\n    at ___assert_fail (/Users/mbp/Github/node_modules/rdkit/dist/rdkit.js:16:1317273)\n    at K0 (/Users/mbp/Github/node_modules/rdkit/dist/rdkit.js:34:185130)\n    at fs (/Users/mbp/Github/node_modules/rdkit/dist/rdkit.js:31:212111)\n    at sn (/Users/mbp/Github/node_modules/rdkit/dist/rdkit.js:24:227627)\n    at Array.rn (/Users/mbp/Github/node_modules/rdkit/dist/rdkit.js:24:206488)\n    at Object.Tka [as dynCall_viiiiii] (/Users/mbp/Github/node_modules/rdkit/dist/rdkit.js:45:25029)\n    at invoke_viiiiii (/Users/mbp/Github/node_modules/rdkit/dist/rdkit.js:16:1351459)\n    at WH (/Users/mbp/Github/node_modules/rdkit/dist/rdkit.js:28:161392)"
i=101319
"Assertion failed: !\"vector length_error\", at: /Users/mbp/Github/emsdk_portable1/emscripten/tag-1.34.6/system/include/libcxx/vector,303,__throw_length_error at Error\n    at jsStackTrace (/Users/mbp/Github/node_modules/rdkit/dist/rdkit.js:16:20723)\n    at stackTrace (/Users/mbp/Github/node_modules/rdkit/dist/rdkit.js:16:20906)\n    at ___assert_fail (/Users/mbp/Github/node_modules/rdkit/dist/rdkit.js:16:1317273)\n    at K0 (/Users/mbp/Github/node_modules/rdkit/dist/rdkit.js:34:185130)\n    at fs (/Users/mbp/Github/node_modules/rdkit/dist/rdkit.js:31:212111)\n    at sn (/Users/mbp/Github/node_modules/rdkit/dist/rdkit.js:24:227627)\n    at Array.rn (/Users/mbp/Github/node_modules/rdkit/dist/rdkit.js:24:206488)\n    at Object.Tka [as dynCall_viiiiii] (/Users/mbp/Github/node_modules/rdkit/dist/rdkit.js:45:25029)\n    at invoke_viiiiii (/Users/mbp/Github/node_modules/rdkit/dist/rdkit.js:16:1351459)\n    at WH (/Users/mbp/Github/node_modules/rdkit/dist/rdkit.js:28:161392)"
i=101319
"Assertion failed: !\"vector length_error\", at: /Users/mbp/Github/emsdk_portable1/emscripten/tag-1.34.6/system/include/libcxx/vector,303,__throw_length_error at Error\n    at jsStackTrace (/Users/mbp/Github/node_modules/rdkit/dist/rdkit.js:16:20723)\n    at stackTrace (/Users/mbp/Github/node_modules/rdkit/dist/rdkit.js:16:20906)\n    at ___assert_fail (/Users/mbp/Github/node_modules/rdkit/dist/rdkit.js:16:1317273)\n    at K0 (/Users/mbp/Github/node_modules/rdkit/dist/rdkit.js:34:185130)\n    at fs (/Users/mbp/Github/node_modules/rdkit/dist/rdkit.js:31:212111)\n    at sn (/Users/mbp/Github/node_modules/rdkit/dist/rdkit.js:24:227627)\n    at Array.rn (/Users/mbp/Github/node_modules/rdkit/dist/rdkit.js:24:206488)\n    at Object.Tka [as dynCall_viiiiii] (/Users/mbp/Github/node_modules/rdkit/dist/rdkit.js:45:25029)\n    at invoke_viiiiii (/Users/mbp/Github/node_modules/rdkit/dist/rdkit.js:16:1351459)\n    at WH (/Users/mbp/Github/node_modules/rdkit/dist/rdkit.js:28:161392)"
i=101320
"Assertion failed: !\"vector length_error\", at: /Users/mbp/Github/emsdk_portable1/emscripten/tag-1.34.6/system/include/libcxx/vector,303,__throw_length_error at Error\n    at jsStackTrace (/Users/mbp/Github/node_modules/rdkit/dist/rdkit.js:16:20723)\n    at stackTrace (/Users/mbp/Github/node_modules/rdkit/dist/rdkit.js:16:20906)\n    at ___assert_fail (/Users/mbp/Github/node_modules/rdkit/dist/rdkit.js:16:1317273)\n    at K0 (/Users/mbp/Github/node_modules/rdkit/dist/rdkit.js:34:185130)\n    at fs (/Users/mbp/Github/node_modules/rdkit/dist/rdkit.js:31:212111)\n    at sn (/Users/mbp/Github/node_modules/rdkit/dist/rdkit.js:24:227627)\n    at Array.rn (/Users/mbp/Github/node_modules/rdkit/dist/rdkit.js:24:206488)\n    at Object.Tka [as dynCall_viiiiii] (/Users/mbp/Github/node_modules/rdkit/dist/rdkit.js:45:25029)\n    at invoke_viiiiii (/Users/mbp/Github/node_modules/rdkit/dist/rdkit.js:16:1351459)\n    at WH (/Users/mbp/Github/node_modules/rdkit/dist/rdkit.js:28:161392)"
i=101420
"Assertion failed: !\"vector length_error\", at: /Users/mbp/Github/emsdk_portable1/emscripten/tag-1.34.6/system/include/libcxx/vector,303,__throw_length_error at Error\n    at jsStackTrace (/Users/mbp/Github/node_modules/rdkit/dist/rdkit.js:16:20723)\n    at stackTrace (/Users/mbp/Github/node_modules/rdkit/dist/rdkit.js:16:20906)\n    at ___assert_fail (/Users/mbp/Github/node_modules/rdkit/dist/rdkit.js:16:1317273)\n    at K0 (/Users/mbp/Github/node_modules/rdkit/dist/rdkit.js:34:185130)\n    at fs (/Users/mbp/Github/node_modules/rdkit/dist/rdkit.js:31:212111)\n    at sn (/Users/mbp/Github/node_modules/rdkit/dist/rdkit.js:24:227627)\n    at Array.rn (/Users/mbp/Github/node_modules/rdkit/dist/rdkit.js:24:206488)\n    at Object.Tka [as dynCall_viiiiii] (/Users/mbp/Github/node_modules/rdkit/dist/rdkit.js:45:25029)\n    at invoke_viiiiii (/Users/mbp/Github/node_modules/rdkit/dist/rdkit.js:16:1351459)\n    at WH (/Users/mbp/Github/node_modules/rdkit/dist/rdkit.js:28:161392)"
i=101420
"Assertion failed: !\"vector length_error\", at: /Users/mbp/Github/emsdk_portable1/emscripten/tag-1.34.6/system/include/libcxx/vector,303,__throw_length_error at Error\n    at jsStackTrace (/Users/mbp/Github/node_modules/rdkit/dist/rdkit.js:16:20723)\n    at stackTrace (/Users/mbp/Github/node_modules/rdkit/dist/rdkit.js:16:20906)\n    at ___assert_fail (/Users/mbp/Github/node_modules/rdkit/dist/rdkit.js:16:1317273)\n    at K0 (/Users/mbp/Github/node_modules/rdkit/dist/rdkit.js:34:185130)\n    at fs (/Users/mbp/Github/node_modules/rdkit/dist/rdkit.js:31:212111)\n    at sn (/Users/mbp/Github/node_modules/rdkit/dist/rdkit.js:24:227627)\n    at Array.rn (/Users/mbp/Github/node_modules/rdkit/dist/rdkit.js:24:206488)\n    at Object.Tka [as dynCall_viiiiii] (/Users/mbp/Github/node_modules/rdkit/dist/rdkit.js:45:25029)\n    at invoke_viiiiii (/Users/mbp/Github/node_modules/rdkit/dist/rdkit.js:16:1351459)\n    at WH (/Users/mbp/Github/node_modules/rdkit/dist/rdkit.js:28:161392)"
i=101420
"Assertion failed: !\"vector length_error\", at: /Users/mbp/Github/emsdk_portable1/emscripten/tag-1.34.6/system/include/libcxx/vector,303,__throw_length_error at Error\n    at jsStackTrace (/Users/mbp/Github/node_modules/rdkit/dist/rdkit.js:16:20723)\n    at stackTrace (/Users/mbp/Github/node_modules/rdkit/dist/rdkit.js:16:20906)\n    at ___assert_fail (/Users/mbp/Github/node_modules/rdkit/dist/rdkit.js:16:1317273)\n    at K0 (/Users/mbp/Github/node_modules/rdkit/dist/rdkit.js:34:185130)\n    at fs (/Users/mbp/Github/node_modules/rdkit/dist/rdkit.js:31:212111)\n    at sn (/Users/mbp/Github/node_modules/rdkit/dist/rdkit.js:24:227627)\n    at Array.rn (/Users/mbp/Github/node_modules/rdkit/dist/rdkit.js:24:206488)\n    at Object.Tka [as dynCall_viiiiii] (/Users/mbp/Github/node_modules/rdkit/dist/rdkit.js:45:25029)\n    at invoke_viiiiii (/Users/mbp/Github/node_modules/rdkit/dist/rdkit.js:16:1351459)\n    at WH (/Users/mbp/Github/node_modules/rdkit/dist/rdkit.js:28:161392)"
i=101441
"Assertion failed: !\"vector length_error\", at: /Users/mbp/Github/emsdk_portable1/emscripten/tag-1.34.6/system/include/libcxx/vector,303,__throw_length_error at Error\n    at jsStackTrace (/Users/mbp/Github/node_modules/rdkit/dist/rdkit.js:16:20723)\n    at stackTrace (/Users/mbp/Github/node_modules/rdkit/dist/rdkit.js:16:20906)\n    at ___assert_fail (/Users/mbp/Github/node_modules/rdkit/dist/rdkit.js:16:1317273)\n    at K0 (/Users/mbp/Github/node_modules/rdkit/dist/rdkit.js:34:185130)\n    at fs (/Users/mbp/Github/node_modules/rdkit/dist/rdkit.js:31:212111)\n    at sn (/Users/mbp/Github/node_modules/rdkit/dist/rdkit.js:24:227627)\n    at Array.rn (/Users/mbp/Github/node_modules/rdkit/dist/rdkit.js:24:206488)\n    at Object.Tka [as dynCall_viiiiii] (/Users/mbp/Github/node_modules/rdkit/dist/rdkit.js:45:25029)\n    at invoke_viiiiii (/Users/mbp/Github/node_modules/rdkit/dist/rdkit.js:16:1351459)\n    at WH (/Users/mbp/Github/node_modules/rdkit/dist/rdkit.js:28:161392)"
i=101441
"Assertion failed: !\"vector length_error\", at: /Users/mbp/Github/emsdk_portable1/emscripten/tag-1.34.6/system/include/libcxx/vector,303,__throw_length_error at Error\n    at jsStackTrace (/Users/mbp/Github/node_modules/rdkit/dist/rdkit.js:16:20723)\n    at stackTrace (/Users/mbp/Github/node_modules/rdkit/dist/rdkit.js:16:20906)\n    at ___assert_fail (/Users/mbp/Github/node_modules/rdkit/dist/rdkit.js:16:1317273)\n    at K0 (/Users/mbp/Github/node_modules/rdkit/dist/rdkit.js:34:185130)\n    at fs (/Users/mbp/Github/node_modules/rdkit/dist/rdkit.js:31:212111)\n    at sn (/Users/mbp/Github/node_modules/rdkit/dist/rdkit.js:24:227627)\n    at Array.rn (/Users/mbp/Github/node_modules/rdkit/dist/rdkit.js:24:206488)\n    at Object.Tka [as dynCall_viiiiii] (/Users/mbp/Github/node_modules/rdkit/dist/rdkit.js:45:25029)\n    at invoke_viiiiii (/Users/mbp/Github/node_modules/rdkit/dist/rdkit.js:16:1351459)\n    at WH (/Users/mbp/Github/node_modules/rdkit/dist/rdkit.js:28:161392)"
i=101447
"Assertion failed: !\"vector length_error\", at: /Users/mbp/Github/emsdk_portable1/emscripten/tag-1.34.6/system/include/libcxx/vector,303,__throw_length_error at Error\n    at jsStackTrace (/Users/mbp/Github/node_modules/rdkit/dist/rdkit.js:16:20723)\n    at stackTrace (/Users/mbp/Github/node_modules/rdkit/dist/rdkit.js:16:20906)\n    at ___assert_fail (/Users/mbp/Github/node_modules/rdkit/dist/rdkit.js:16:1317273)\n    at K0 (/Users/mbp/Github/node_modules/rdkit/dist/rdkit.js:34:185130)\n    at fs (/Users/mbp/Github/node_modules/rdkit/dist/rdkit.js:31:212111)\n    at sn (/Users/mbp/Github/node_modules/rdkit/dist/rdkit.js:24:227627)\n    at Array.rn (/Users/mbp/Github/node_modules/rdkit/dist/rdkit.js:24:206488)\n    at Object.Tka [as dynCall_viiiiii] (/Users/mbp/Github/node_modules/rdkit/dist/rdkit.js:45:25029)\n    at invoke_viiiiii (/Users/mbp/Github/node_modules/rdkit/dist/rdkit.js:16:1351459)\n    at WH (/Users/mbp/Github/node_modules/rdkit/dist/rdkit.js:28:161392)"
i=101448
"Assertion failed: !\"vector length_error\", at: /Users/mbp/Github/emsdk_portable1/emscripten/tag-1.34.6/system/include/libcxx/vector,303,__throw_length_error at Error\n    at jsStackTrace (/Users/mbp/Github/node_modules/rdkit/dist/rdkit.js:16:20723)\n    at stackTrace (/Users/mbp/Github/node_modules/rdkit/dist/rdkit.js:16:20906)\n    at ___assert_fail (/Users/mbp/Github/node_modules/rdkit/dist/rdkit.js:16:1317273)\n    at K0 (/Users/mbp/Github/node_modules/rdkit/dist/rdkit.js:34:185130)\n    at fs (/Users/mbp/Github/node_modules/rdkit/dist/rdkit.js:31:212111)\n    at sn (/Users/mbp/Github/node_modules/rdkit/dist/rdkit.js:24:227627)\n    at Array.rn (/Users/mbp/Github/node_modules/rdkit/dist/rdkit.js:24:206488)\n    at Object.Tka [as dynCall_viiiiii] (/Users/mbp/Github/node_modules/rdkit/dist/rdkit.js:45:25029)\n    at invoke_viiiiii (/Users/mbp/Github/node_modules/rdkit/dist/rdkit.js:16:1351459)\n    at WH (/Users/mbp/Github/node_modules/rdkit/dist/rdkit.js:28:161392)"
i=101450
"Assertion failed: !\"vector length_error\", at: /Users/mbp/Github/emsdk_portable1/emscripten/tag-1.34.6/system/include/libcxx/vector,303,__throw_length_error at Error\n    at jsStackTrace (/Users/mbp/Github/node_modules/rdkit/dist/rdkit.js:16:20723)\n    at stackTrace (/Users/mbp/Github/node_modules/rdkit/dist/rdkit.js:16:20906)\n    at ___assert_fail (/Users/mbp/Github/node_modules/rdkit/dist/rdkit.js:16:1317273)\n    at K0 (/Users/mbp/Github/node_modules/rdkit/dist/rdkit.js:34:185130)\n    at fs (/Users/mbp/Github/node_modules/rdkit/dist/rdkit.js:31:212111)\n    at sn (/Users/mbp/Github/node_modules/rdkit/dist/rdkit.js:24:227627)\n    at Array.rn (/Users/mbp/Github/node_modules/rdkit/dist/rdkit.js:24:206488)\n    at Object.Tka [as dynCall_viiiiii] (/Users/mbp/Github/node_modules/rdkit/dist/rdkit.js:45:25029)\n    at invoke_viiiiii (/Users/mbp/Github/node_modules/rdkit/dist/rdkit.js:16:1351459)\n    at WH (/Users/mbp/Github/node_modules/rdkit/dist/rdkit.js:28:161392)"
i=101872
119078792
i=102089
119341016
i=102089
119356864
i=102091
119349808
i=102091
119364088
i=102091
119397752
i=102091
119395344
i=102091
119492496
i=102091
119390072
i=102091
119498328
i=102091
119522488
i=102091
119521976
i=102091
119534040
i=102091
119556456
i=102091
119554744
i=102091
119586264
i=102191
"Assertion failed: !\"vector length_error\", at: /Users/mbp/Github/emsdk_portable1/emscripten/tag-1.34.6/system/include/libcxx/vector,303,__throw_length_error at Error\n    at jsStackTrace (/Users/mbp/Github/node_modules/rdkit/dist/rdkit.js:16:20723)\n    at stackTrace (/Users/mbp/Github/node_modules/rdkit/dist/rdkit.js:16:20906)\n    at ___assert_fail (/Users/mbp/Github/node_modules/rdkit/dist/rdkit.js:16:1317273)\n    at K0 (/Users/mbp/Github/node_modules/rdkit/dist/rdkit.js:34:185130)\n    at fs (/Users/mbp/Github/node_modules/rdkit/dist/rdkit.js:31:212111)\n    at sn (/Users/mbp/Github/node_modules/rdkit/dist/rdkit.js:24:227627)\n    at Array.rn (/Users/mbp/Github/node_modules/rdkit/dist/rdkit.js:24:206488)\n    at Object.Tka [as dynCall_viiiiii] (/Users/mbp/Github/node_modules/rdkit/dist/rdkit.js:45:25029)\n    at invoke_viiiiii (/Users/mbp/Github/node_modules/rdkit/dist/rdkit.js:16:1351459)\n    at WH (/Users/mbp/Github/node_modules/rdkit/dist/rdkit.js:28:161392)"
i=102191
"Assertion failed: !\"vector length_error\", at: /Users/mbp/Github/emsdk_portable1/emscripten/tag-1.34.6/system/include/libcxx/vector,303,__throw_length_error at Error\n    at jsStackTrace (/Users/mbp/Github/node_modules/rdkit/dist/rdkit.js:16:20723)\n    at stackTrace (/Users/mbp/Github/node_modules/rdkit/dist/rdkit.js:16:20906)\n    at ___assert_fail (/Users/mbp/Github/node_modules/rdkit/dist/rdkit.js:16:1317273)\n    at K0 (/Users/mbp/Github/node_modules/rdkit/dist/rdkit.js:34:185130)\n    at fs (/Users/mbp/Github/node_modules/rdkit/dist/rdkit.js:31:212111)\n    at sn (/Users/mbp/Github/node_modules/rdkit/dist/rdkit.js:24:227627)\n    at Array.rn (/Users/mbp/Github/node_modules/rdkit/dist/rdkit.js:24:206488)\n    at Object.Tka [as dynCall_viiiiii] (/Users/mbp/Github/node_modules/rdkit/dist/rdkit.js:45:25029)\n    at invoke_viiiiii (/Users/mbp/Github/node_modules/rdkit/dist/rdkit.js:16:1351459)\n    at WH (/Users/mbp/Github/node_modules/rdkit/dist/rdkit.js:28:161392)"
i=102191
"Assertion failed: !\"vector length_error\", at: /Users/mbp/Github/emsdk_portable1/emscripten/tag-1.34.6/system/include/libcxx/vector,303,__throw_length_error at Error\n    at jsStackTrace (/Users/mbp/Github/node_modules/rdkit/dist/rdkit.js:16:20723)\n    at stackTrace (/Users/mbp/Github/node_modules/rdkit/dist/rdkit.js:16:20906)\n    at ___assert_fail (/Users/mbp/Github/node_modules/rdkit/dist/rdkit.js:16:1317273)\n    at K0 (/Users/mbp/Github/node_modules/rdkit/dist/rdkit.js:34:185130)\n    at fs (/Users/mbp/Github/node_modules/rdkit/dist/rdkit.js:31:212111)\n    at sn (/Users/mbp/Github/node_modules/rdkit/dist/rdkit.js:24:227627)\n    at Array.rn (/Users/mbp/Github/node_modules/rdkit/dist/rdkit.js:24:206488)\n    at Object.Tka [as dynCall_viiiiii] (/Users/mbp/Github/node_modules/rdkit/dist/rdkit.js:45:25029)\n    at invoke_viiiiii (/Users/mbp/Github/node_modules/rdkit/dist/rdkit.js:16:1351459)\n    at WH (/Users/mbp/Github/node_modules/rdkit/dist/rdkit.js:28:161392)"
i=102191
"Assertion failed: !\"vector length_error\", at: /Users/mbp/Github/emsdk_portable1/emscripten/tag-1.34.6/system/include/libcxx/vector,303,__throw_length_error at Error\n    at jsStackTrace (/Users/mbp/Github/node_modules/rdkit/dist/rdkit.js:16:20723)\n    at stackTrace (/Users/mbp/Github/node_modules/rdkit/dist/rdkit.js:16:20906)\n    at ___assert_fail (/Users/mbp/Github/node_modules/rdkit/dist/rdkit.js:16:1317273)\n    at K0 (/Users/mbp/Github/node_modules/rdkit/dist/rdkit.js:34:185130)\n    at fs (/Users/mbp/Github/node_modules/rdkit/dist/rdkit.js:31:212111)\n    at sn (/Users/mbp/Github/node_modules/rdkit/dist/rdkit.js:24:227627)\n    at Array.rn (/Users/mbp/Github/node_modules/rdkit/dist/rdkit.js:24:206488)\n    at Object.Tka [as dynCall_viiiiii] (/Users/mbp/Github/node_modules/rdkit/dist/rdkit.js:45:25029)\n    at invoke_viiiiii (/Users/mbp/Github/node_modules/rdkit/dist/rdkit.js:16:1351459)\n    at WH (/Users/mbp/Github/node_modules/rdkit/dist/rdkit.js:28:161392)"
i=102191
"Assertion failed: !\"vector length_error\", at: /Users/mbp/Github/emsdk_portable1/emscripten/tag-1.34.6/system/include/libcxx/vector,303,__throw_length_error at Error\n    at jsStackTrace (/Users/mbp/Github/node_modules/rdkit/dist/rdkit.js:16:20723)\n    at stackTrace (/Users/mbp/Github/node_modules/rdkit/dist/rdkit.js:16:20906)\n    at ___assert_fail (/Users/mbp/Github/node_modules/rdkit/dist/rdkit.js:16:1317273)\n    at K0 (/Users/mbp/Github/node_modules/rdkit/dist/rdkit.js:34:185130)\n    at fs (/Users/mbp/Github/node_modules/rdkit/dist/rdkit.js:31:212111)\n    at sn (/Users/mbp/Github/node_modules/rdkit/dist/rdkit.js:24:227627)\n    at Array.rn (/Users/mbp/Github/node_modules/rdkit/dist/rdkit.js:24:206488)\n    at Object.Tka [as dynCall_viiiiii] (/Users/mbp/Github/node_modules/rdkit/dist/rdkit.js:45:25029)\n    at invoke_viiiiii (/Users/mbp/Github/node_modules/rdkit/dist/rdkit.js:16:1351459)\n    at WH (/Users/mbp/Github/node_modules/rdkit/dist/rdkit.js:28:161392)"
i=102191
"Assertion failed: !\"vector length_error\", at: /Users/mbp/Github/emsdk_portable1/emscripten/tag-1.34.6/system/include/libcxx/vector,303,__throw_length_error at Error\n    at jsStackTrace (/Users/mbp/Github/node_modules/rdkit/dist/rdkit.js:16:20723)\n    at stackTrace (/Users/mbp/Github/node_modules/rdkit/dist/rdkit.js:16:20906)\n    at ___assert_fail (/Users/mbp/Github/node_modules/rdkit/dist/rdkit.js:16:1317273)\n    at K0 (/Users/mbp/Github/node_modules/rdkit/dist/rdkit.js:34:185130)\n    at fs (/Users/mbp/Github/node_modules/rdkit/dist/rdkit.js:31:212111)\n    at sn (/Users/mbp/Github/node_modules/rdkit/dist/rdkit.js:24:227627)\n    at Array.rn (/Users/mbp/Github/node_modules/rdkit/dist/rdkit.js:24:206488)\n    at Object.Tka [as dynCall_viiiiii] (/Users/mbp/Github/node_modules/rdkit/dist/rdkit.js:45:25029)\n    at invoke_viiiiii (/Users/mbp/Github/node_modules/rdkit/dist/rdkit.js:16:1351459)\n    at WH (/Users/mbp/Github/node_modules/rdkit/dist/rdkit.js:28:161392)"
i=102313
119746576
i=102385
119937928
i=102388
119942960
i=102646
120242376
i=102647
120255384
i=102743
120385512
i=102928
"Assertion failed: !\"vector length_error\", at: /Users/mbp/Github/emsdk_portable1/emscripten/tag-1.34.6/system/include/libcxx/vector,303,__throw_length_error at Error\n    at jsStackTrace (/Users/mbp/Github/node_modules/rdkit/dist/rdkit.js:16:20723)\n    at stackTrace (/Users/mbp/Github/node_modules/rdkit/dist/rdkit.js:16:20906)\n    at ___assert_fail (/Users/mbp/Github/node_modules/rdkit/dist/rdkit.js:16:1317273)\n    at K0 (/Users/mbp/Github/node_modules/rdkit/dist/rdkit.js:34:185130)\n    at fs (/Users/mbp/Github/node_modules/rdkit/dist/rdkit.js:31:212111)\n    at sn (/Users/mbp/Github/node_modules/rdkit/dist/rdkit.js:24:227627)\n    at Array.rn (/Users/mbp/Github/node_modules/rdkit/dist/rdkit.js:24:206488)\n    at Object.Tka [as dynCall_viiiiii] (/Users/mbp/Github/node_modules/rdkit/dist/rdkit.js:45:25029)\n    at invoke_viiiiii (/Users/mbp/Github/node_modules/rdkit/dist/rdkit.js:16:1351459)\n    at WH (/Users/mbp/Github/node_modules/rdkit/dist/rdkit.js:28:161392)"
i=102928
"Assertion failed: !\"vector length_error\", at: /Users/mbp/Github/emsdk_portable1/emscripten/tag-1.34.6/system/include/libcxx/vector,303,__throw_length_error at Error\n    at jsStackTrace (/Users/mbp/Github/node_modules/rdkit/dist/rdkit.js:16:20723)\n    at stackTrace (/Users/mbp/Github/node_modules/rdkit/dist/rdkit.js:16:20906)\n    at ___assert_fail (/Users/mbp/Github/node_modules/rdkit/dist/rdkit.js:16:1317273)\n    at K0 (/Users/mbp/Github/node_modules/rdkit/dist/rdkit.js:34:185130)\n    at fs (/Users/mbp/Github/node_modules/rdkit/dist/rdkit.js:31:212111)\n    at sn (/Users/mbp/Github/node_modules/rdkit/dist/rdkit.js:24:227627)\n    at Array.rn (/Users/mbp/Github/node_modules/rdkit/dist/rdkit.js:24:206488)\n    at Object.Tka [as dynCall_viiiiii] (/Users/mbp/Github/node_modules/rdkit/dist/rdkit.js:45:25029)\n    at invoke_viiiiii (/Users/mbp/Github/node_modules/rdkit/dist/rdkit.js:16:1351459)\n    at WH (/Users/mbp/Github/node_modules/rdkit/dist/rdkit.js:28:161392)"
i=102928
"Assertion failed: !\"vector length_error\", at: /Users/mbp/Github/emsdk_portable1/emscripten/tag-1.34.6/system/include/libcxx/vector,303,__throw_length_error at Error\n    at jsStackTrace (/Users/mbp/Github/node_modules/rdkit/dist/rdkit.js:16:20723)\n    at stackTrace (/Users/mbp/Github/node_modules/rdkit/dist/rdkit.js:16:20906)\n    at ___assert_fail (/Users/mbp/Github/node_modules/rdkit/dist/rdkit.js:16:1317273)\n    at K0 (/Users/mbp/Github/node_modules/rdkit/dist/rdkit.js:34:185130)\n    at fs (/Users/mbp/Github/node_modules/rdkit/dist/rdkit.js:31:212111)\n    at sn (/Users/mbp/Github/node_modules/rdkit/dist/rdkit.js:24:227627)\n    at Array.rn (/Users/mbp/Github/node_modules/rdkit/dist/rdkit.js:24:206488)\n    at Object.Tka [as dynCall_viiiiii] (/Users/mbp/Github/node_modules/rdkit/dist/rdkit.js:45:25029)\n    at invoke_viiiiii (/Users/mbp/Github/node_modules/rdkit/dist/rdkit.js:16:1351459)\n    at WH (/Users/mbp/Github/node_modules/rdkit/dist/rdkit.js:28:161392)"
i=102928
"Assertion failed: !\"vector length_error\", at: /Users/mbp/Github/emsdk_portable1/emscripten/tag-1.34.6/system/include/libcxx/vector,303,__throw_length_error at Error\n    at jsStackTrace (/Users/mbp/Github/node_modules/rdkit/dist/rdkit.js:16:20723)\n    at stackTrace (/Users/mbp/Github/node_modules/rdkit/dist/rdkit.js:16:20906)\n    at ___assert_fail (/Users/mbp/Github/node_modules/rdkit/dist/rdkit.js:16:1317273)\n    at K0 (/Users/mbp/Github/node_modules/rdkit/dist/rdkit.js:34:185130)\n    at fs (/Users/mbp/Github/node_modules/rdkit/dist/rdkit.js:31:212111)\n    at sn (/Users/mbp/Github/node_modules/rdkit/dist/rdkit.js:24:227627)\n    at Array.rn (/Users/mbp/Github/node_modules/rdkit/dist/rdkit.js:24:206488)\n    at Object.Tka [as dynCall_viiiiii] (/Users/mbp/Github/node_modules/rdkit/dist/rdkit.js:45:25029)\n    at invoke_viiiiii (/Users/mbp/Github/node_modules/rdkit/dist/rdkit.js:16:1351459)\n    at WH (/Users/mbp/Github/node_modules/rdkit/dist/rdkit.js:28:161392)"
i=102928
"Assertion failed: !\"vector length_error\", at: /Users/mbp/Github/emsdk_portable1/emscripten/tag-1.34.6/system/include/libcxx/vector,303,__throw_length_error at Error\n    at jsStackTrace (/Users/mbp/Github/node_modules/rdkit/dist/rdkit.js:16:20723)\n    at stackTrace (/Users/mbp/Github/node_modules/rdkit/dist/rdkit.js:16:20906)\n    at ___assert_fail (/Users/mbp/Github/node_modules/rdkit/dist/rdkit.js:16:1317273)\n    at K0 (/Users/mbp/Github/node_modules/rdkit/dist/rdkit.js:34:185130)\n    at fs (/Users/mbp/Github/node_modules/rdkit/dist/rdkit.js:31:212111)\n    at sn (/Users/mbp/Github/node_modules/rdkit/dist/rdkit.js:24:227627)\n    at Array.rn (/Users/mbp/Github/node_modules/rdkit/dist/rdkit.js:24:206488)\n    at Object.Tka [as dynCall_viiiiii] (/Users/mbp/Github/node_modules/rdkit/dist/rdkit.js:45:25029)\n    at invoke_viiiiii (/Users/mbp/Github/node_modules/rdkit/dist/rdkit.js:16:1351459)\n    at WH (/Users/mbp/Github/node_modules/rdkit/dist/rdkit.js:28:161392)"
i=102928
"Assertion failed: !\"vector length_error\", at: /Users/mbp/Github/emsdk_portable1/emscripten/tag-1.34.6/system/include/libcxx/vector,303,__throw_length_error at Error\n    at jsStackTrace (/Users/mbp/Github/node_modules/rdkit/dist/rdkit.js:16:20723)\n    at stackTrace (/Users/mbp/Github/node_modules/rdkit/dist/rdkit.js:16:20906)\n    at ___assert_fail (/Users/mbp/Github/node_modules/rdkit/dist/rdkit.js:16:1317273)\n    at K0 (/Users/mbp/Github/node_modules/rdkit/dist/rdkit.js:34:185130)\n    at fs (/Users/mbp/Github/node_modules/rdkit/dist/rdkit.js:31:212111)\n    at sn (/Users/mbp/Github/node_modules/rdkit/dist/rdkit.js:24:227627)\n    at Array.rn (/Users/mbp/Github/node_modules/rdkit/dist/rdkit.js:24:206488)\n    at Object.Tka [as dynCall_viiiiii] (/Users/mbp/Github/node_modules/rdkit/dist/rdkit.js:45:25029)\n    at invoke_viiiiii (/Users/mbp/Github/node_modules/rdkit/dist/rdkit.js:16:1351459)\n    at WH (/Users/mbp/Github/node_modules/rdkit/dist/rdkit.js:28:161392)"
i=102928
"Assertion failed: !\"vector length_error\", at: /Users/mbp/Github/emsdk_portable1/emscripten/tag-1.34.6/system/include/libcxx/vector,303,__throw_length_error at Error\n    at jsStackTrace (/Users/mbp/Github/node_modules/rdkit/dist/rdkit.js:16:20723)\n    at stackTrace (/Users/mbp/Github/node_modules/rdkit/dist/rdkit.js:16:20906)\n    at ___assert_fail (/Users/mbp/Github/node_modules/rdkit/dist/rdkit.js:16:1317273)\n    at K0 (/Users/mbp/Github/node_modules/rdkit/dist/rdkit.js:34:185130)\n    at fs (/Users/mbp/Github/node_modules/rdkit/dist/rdkit.js:31:212111)\n    at sn (/Users/mbp/Github/node_modules/rdkit/dist/rdkit.js:24:227627)\n    at Array.rn (/Users/mbp/Github/node_modules/rdkit/dist/rdkit.js:24:206488)\n    at Object.Tka [as dynCall_viiiiii] (/Users/mbp/Github/node_modules/rdkit/dist/rdkit.js:45:25029)\n    at invoke_viiiiii (/Users/mbp/Github/node_modules/rdkit/dist/rdkit.js:16:1351459)\n    at WH (/Users/mbp/Github/node_modules/rdkit/dist/rdkit.js:28:161392)"
i=102928
120622880
i=102928
120624904
i=102944
"Assertion failed: !\"vector length_error\", at: /Users/mbp/Github/emsdk_portable1/emscripten/tag-1.34.6/system/include/libcxx/vector,303,__throw_length_error at Error\n    at jsStackTrace (/Users/mbp/Github/node_modules/rdkit/dist/rdkit.js:16:20723)\n    at stackTrace (/Users/mbp/Github/node_modules/rdkit/dist/rdkit.js:16:20906)\n    at ___assert_fail (/Users/mbp/Github/node_modules/rdkit/dist/rdkit.js:16:1317273)\n    at K0 (/Users/mbp/Github/node_modules/rdkit/dist/rdkit.js:34:185130)\n    at fs (/Users/mbp/Github/node_modules/rdkit/dist/rdkit.js:31:212111)\n    at sn (/Users/mbp/Github/node_modules/rdkit/dist/rdkit.js:24:227627)\n    at Array.rn (/Users/mbp/Github/node_modules/rdkit/dist/rdkit.js:24:206488)\n    at Object.Tka [as dynCall_viiiiii] (/Users/mbp/Github/node_modules/rdkit/dist/rdkit.js:45:25029)\n    at invoke_viiiiii (/Users/mbp/Github/node_modules/rdkit/dist/rdkit.js:16:1351459)\n    at WH (/Users/mbp/Github/node_modules/rdkit/dist/rdkit.js:28:161392)"
i=102988
120756688
i=103061
120819168
i=103095
120867072
i=103095
120902488
i=103095
120908056
i=103098
120930936
i=103245
"Assertion failed: !\"vector length_error\", at: /Users/mbp/Github/emsdk_portable1/emscripten/tag-1.34.6/system/include/libcxx/vector,303,__throw_length_error at Error\n    at jsStackTrace (/Users/mbp/Github/node_modules/rdkit/dist/rdkit.js:16:20723)\n    at stackTrace (/Users/mbp/Github/node_modules/rdkit/dist/rdkit.js:16:20906)\n    at ___assert_fail (/Users/mbp/Github/node_modules/rdkit/dist/rdkit.js:16:1317273)\n    at K0 (/Users/mbp/Github/node_modules/rdkit/dist/rdkit.js:34:185130)\n    at fs (/Users/mbp/Github/node_modules/rdkit/dist/rdkit.js:31:212111)\n    at sn (/Users/mbp/Github/node_modules/rdkit/dist/rdkit.js:24:227627)\n    at Array.rn (/Users/mbp/Github/node_modules/rdkit/dist/rdkit.js:24:206488)\n    at Object.Tka [as dynCall_viiiiii] (/Users/mbp/Github/node_modules/rdkit/dist/rdkit.js:45:25029)\n    at invoke_viiiiii (/Users/mbp/Github/node_modules/rdkit/dist/rdkit.js:16:1351459)\n    at WH (/Users/mbp/Github/node_modules/rdkit/dist/rdkit.js:28:161392)"
i=103302
121171704
i=103618
"Assertion failed: !\"vector length_error\", at: /Users/mbp/Github/emsdk_portable1/emscripten/tag-1.34.6/system/include/libcxx/vector,303,__throw_length_error at Error\n    at jsStackTrace (/Users/mbp/Github/node_modules/rdkit/dist/rdkit.js:16:20723)\n    at stackTrace (/Users/mbp/Github/node_modules/rdkit/dist/rdkit.js:16:20906)\n    at ___assert_fail (/Users/mbp/Github/node_modules/rdkit/dist/rdkit.js:16:1317273)\n    at K0 (/Users/mbp/Github/node_modules/rdkit/dist/rdkit.js:34:185130)\n    at fs (/Users/mbp/Github/node_modules/rdkit/dist/rdkit.js:31:212111)\n    at sn (/Users/mbp/Github/node_modules/rdkit/dist/rdkit.js:24:227627)\n    at Array.rn (/Users/mbp/Github/node_modules/rdkit/dist/rdkit.js:24:206488)\n    at Object.Tka [as dynCall_viiiiii] (/Users/mbp/Github/node_modules/rdkit/dist/rdkit.js:45:25029)\n    at invoke_viiiiii (/Users/mbp/Github/node_modules/rdkit/dist/rdkit.js:16:1351459)\n    at WH (/Users/mbp/Github/node_modules/rdkit/dist/rdkit.js:28:161392)"
i=103641
"Assertion failed: !\"vector length_error\", at: /Users/mbp/Github/emsdk_portable1/emscripten/tag-1.34.6/system/include/libcxx/vector,303,__throw_length_error at Error\n    at jsStackTrace (/Users/mbp/Github/node_modules/rdkit/dist/rdkit.js:16:20723)\n    at stackTrace (/Users/mbp/Github/node_modules/rdkit/dist/rdkit.js:16:20906)\n    at ___assert_fail (/Users/mbp/Github/node_modules/rdkit/dist/rdkit.js:16:1317273)\n    at K0 (/Users/mbp/Github/node_modules/rdkit/dist/rdkit.js:34:185130)\n    at fs (/Users/mbp/Github/node_modules/rdkit/dist/rdkit.js:31:212111)\n    at sn (/Users/mbp/Github/node_modules/rdkit/dist/rdkit.js:24:227627)\n    at Array.rn (/Users/mbp/Github/node_modules/rdkit/dist/rdkit.js:24:206488)\n    at Object.Tka [as dynCall_viiiiii] (/Users/mbp/Github/node_modules/rdkit/dist/rdkit.js:45:25029)\n    at invoke_viiiiii (/Users/mbp/Github/node_modules/rdkit/dist/rdkit.js:16:1351459)\n    at WH (/Users/mbp/Github/node_modules/rdkit/dist/rdkit.js:28:161392)"
i=103641
"Assertion failed: !\"vector length_error\", at: /Users/mbp/Github/emsdk_portable1/emscripten/tag-1.34.6/system/include/libcxx/vector,303,__throw_length_error at Error\n    at jsStackTrace (/Users/mbp/Github/node_modules/rdkit/dist/rdkit.js:16:20723)\n    at stackTrace (/Users/mbp/Github/node_modules/rdkit/dist/rdkit.js:16:20906)\n    at ___assert_fail (/Users/mbp/Github/node_modules/rdkit/dist/rdkit.js:16:1317273)\n    at K0 (/Users/mbp/Github/node_modules/rdkit/dist/rdkit.js:34:185130)\n    at fs (/Users/mbp/Github/node_modules/rdkit/dist/rdkit.js:31:212111)\n    at sn (/Users/mbp/Github/node_modules/rdkit/dist/rdkit.js:24:227627)\n    at Array.rn (/Users/mbp/Github/node_modules/rdkit/dist/rdkit.js:24:206488)\n    at Object.Tka [as dynCall_viiiiii] (/Users/mbp/Github/node_modules/rdkit/dist/rdkit.js:45:25029)\n    at invoke_viiiiii (/Users/mbp/Github/node_modules/rdkit/dist/rdkit.js:16:1351459)\n    at WH (/Users/mbp/Github/node_modules/rdkit/dist/rdkit.js:28:161392)"
i=103768
121616296
i=103823
121777688
i=103823
121708984
i=103831
121832024
i=104008
121995328
i=104040
122054552
i=104092
122116024
i=104103
122143360
i=104272
122340688
i=104278
122370608
i=104278
122440464
i=104291
122463568
i=104291
122506880
i=104293
122517168
i=104293
122558496
i=104305
122523824
i=104352
122630648
i=104374
"Assertion failed: !\"vector length_error\", at: /Users/mbp/Github/emsdk_portable1/emscripten/tag-1.34.6/system/include/libcxx/vector,303,__throw_length_error at Error\n    at jsStackTrace (/Users/mbp/Github/node_modules/rdkit/dist/rdkit.js:16:20723)\n    at stackTrace (/Users/mbp/Github/node_modules/rdkit/dist/rdkit.js:16:20906)\n    at ___assert_fail (/Users/mbp/Github/node_modules/rdkit/dist/rdkit.js:16:1317273)\n    at K0 (/Users/mbp/Github/node_modules/rdkit/dist/rdkit.js:34:185130)\n    at fs (/Users/mbp/Github/node_modules/rdkit/dist/rdkit.js:31:212111)\n    at sn (/Users/mbp/Github/node_modules/rdkit/dist/rdkit.js:24:227627)\n    at Array.rn (/Users/mbp/Github/node_modules/rdkit/dist/rdkit.js:24:206488)\n    at Object.Tka [as dynCall_viiiiii] (/Users/mbp/Github/node_modules/rdkit/dist/rdkit.js:45:25029)\n    at invoke_viiiiii (/Users/mbp/Github/node_modules/rdkit/dist/rdkit.js:16:1351459)\n    at WH (/Users/mbp/Github/node_modules/rdkit/dist/rdkit.js:28:161392)"
i=104417
"Assertion failed: !\"vector length_error\", at: /Users/mbp/Github/emsdk_portable1/emscripten/tag-1.34.6/system/include/libcxx/vector,303,__throw_length_error at Error\n    at jsStackTrace (/Users/mbp/Github/node_modules/rdkit/dist/rdkit.js:16:20723)\n    at stackTrace (/Users/mbp/Github/node_modules/rdkit/dist/rdkit.js:16:20906)\n    at ___assert_fail (/Users/mbp/Github/node_modules/rdkit/dist/rdkit.js:16:1317273)\n    at K0 (/Users/mbp/Github/node_modules/rdkit/dist/rdkit.js:34:185130)\n    at fs (/Users/mbp/Github/node_modules/rdkit/dist/rdkit.js:31:212111)\n    at sn (/Users/mbp/Github/node_modules/rdkit/dist/rdkit.js:24:227627)\n    at Array.rn (/Users/mbp/Github/node_modules/rdkit/dist/rdkit.js:24:206488)\n    at Object.Tka [as dynCall_viiiiii] (/Users/mbp/Github/node_modules/rdkit/dist/rdkit.js:45:25029)\n    at invoke_viiiiii (/Users/mbp/Github/node_modules/rdkit/dist/rdkit.js:16:1351459)\n    at WH (/Users/mbp/Github/node_modules/rdkit/dist/rdkit.js:28:161392)"
i=104417
"Assertion failed: !\"vector length_error\", at: /Users/mbp/Github/emsdk_portable1/emscripten/tag-1.34.6/system/include/libcxx/vector,303,__throw_length_error at Error\n    at jsStackTrace (/Users/mbp/Github/node_modules/rdkit/dist/rdkit.js:16:20723)\n    at stackTrace (/Users/mbp/Github/node_modules/rdkit/dist/rdkit.js:16:20906)\n    at ___assert_fail (/Users/mbp/Github/node_modules/rdkit/dist/rdkit.js:16:1317273)\n    at K0 (/Users/mbp/Github/node_modules/rdkit/dist/rdkit.js:34:185130)\n    at fs (/Users/mbp/Github/node_modules/rdkit/dist/rdkit.js:31:212111)\n    at sn (/Users/mbp/Github/node_modules/rdkit/dist/rdkit.js:24:227627)\n    at Array.rn (/Users/mbp/Github/node_modules/rdkit/dist/rdkit.js:24:206488)\n    at Object.Tka [as dynCall_viiiiii] (/Users/mbp/Github/node_modules/rdkit/dist/rdkit.js:45:25029)\n    at invoke_viiiiii (/Users/mbp/Github/node_modules/rdkit/dist/rdkit.js:16:1351459)\n    at WH (/Users/mbp/Github/node_modules/rdkit/dist/rdkit.js:28:161392)"
i=104502
122783416
i=104599
122901368
i=104599
122941560
i=104603
"Assertion failed: !\"vector length_error\", at: /Users/mbp/Github/emsdk_portable1/emscripten/tag-1.34.6/system/include/libcxx/vector,303,__throw_length_error at Error\n    at jsStackTrace (/Users/mbp/Github/node_modules/rdkit/dist/rdkit.js:16:20723)\n    at stackTrace (/Users/mbp/Github/node_modules/rdkit/dist/rdkit.js:16:20906)\n    at ___assert_fail (/Users/mbp/Github/node_modules/rdkit/dist/rdkit.js:16:1317273)\n    at K0 (/Users/mbp/Github/node_modules/rdkit/dist/rdkit.js:34:185130)\n    at fs (/Users/mbp/Github/node_modules/rdkit/dist/rdkit.js:31:212111)\n    at sn (/Users/mbp/Github/node_modules/rdkit/dist/rdkit.js:24:227627)\n    at Array.rn (/Users/mbp/Github/node_modules/rdkit/dist/rdkit.js:24:206488)\n    at Object.Tka [as dynCall_viiiiii] (/Users/mbp/Github/node_modules/rdkit/dist/rdkit.js:45:25029)\n    at invoke_viiiiii (/Users/mbp/Github/node_modules/rdkit/dist/rdkit.js:16:1351459)\n    at WH (/Users/mbp/Github/node_modules/rdkit/dist/rdkit.js:28:161392)"
i=104603
"Assertion failed: !\"vector length_error\", at: /Users/mbp/Github/emsdk_portable1/emscripten/tag-1.34.6/system/include/libcxx/vector,303,__throw_length_error at Error\n    at jsStackTrace (/Users/mbp/Github/node_modules/rdkit/dist/rdkit.js:16:20723)\n    at stackTrace (/Users/mbp/Github/node_modules/rdkit/dist/rdkit.js:16:20906)\n    at ___assert_fail (/Users/mbp/Github/node_modules/rdkit/dist/rdkit.js:16:1317273)\n    at K0 (/Users/mbp/Github/node_modules/rdkit/dist/rdkit.js:34:185130)\n    at fs (/Users/mbp/Github/node_modules/rdkit/dist/rdkit.js:31:212111)\n    at sn (/Users/mbp/Github/node_modules/rdkit/dist/rdkit.js:24:227627)\n    at Array.rn (/Users/mbp/Github/node_modules/rdkit/dist/rdkit.js:24:206488)\n    at Object.Tka [as dynCall_viiiiii] (/Users/mbp/Github/node_modules/rdkit/dist/rdkit.js:45:25029)\n    at invoke_viiiiii (/Users/mbp/Github/node_modules/rdkit/dist/rdkit.js:16:1351459)\n    at WH (/Users/mbp/Github/node_modules/rdkit/dist/rdkit.js:28:161392)"
i=104603
"Assertion failed: !\"vector length_error\", at: /Users/mbp/Github/emsdk_portable1/emscripten/tag-1.34.6/system/include/libcxx/vector,303,__throw_length_error at Error\n    at jsStackTrace (/Users/mbp/Github/node_modules/rdkit/dist/rdkit.js:16:20723)\n    at stackTrace (/Users/mbp/Github/node_modules/rdkit/dist/rdkit.js:16:20906)\n    at ___assert_fail (/Users/mbp/Github/node_modules/rdkit/dist/rdkit.js:16:1317273)\n    at K0 (/Users/mbp/Github/node_modules/rdkit/dist/rdkit.js:34:185130)\n    at fs (/Users/mbp/Github/node_modules/rdkit/dist/rdkit.js:31:212111)\n    at sn (/Users/mbp/Github/node_modules/rdkit/dist/rdkit.js:24:227627)\n    at Array.rn (/Users/mbp/Github/node_modules/rdkit/dist/rdkit.js:24:206488)\n    at Object.Tka [as dynCall_viiiiii] (/Users/mbp/Github/node_modules/rdkit/dist/rdkit.js:45:25029)\n    at invoke_viiiiii (/Users/mbp/Github/node_modules/rdkit/dist/rdkit.js:16:1351459)\n    at WH (/Users/mbp/Github/node_modules/rdkit/dist/rdkit.js:28:161392)"
i=104603
"Assertion failed: !\"vector length_error\", at: /Users/mbp/Github/emsdk_portable1/emscripten/tag-1.34.6/system/include/libcxx/vector,303,__throw_length_error at Error\n    at jsStackTrace (/Users/mbp/Github/node_modules/rdkit/dist/rdkit.js:16:20723)\n    at stackTrace (/Users/mbp/Github/node_modules/rdkit/dist/rdkit.js:16:20906)\n    at ___assert_fail (/Users/mbp/Github/node_modules/rdkit/dist/rdkit.js:16:1317273)\n    at K0 (/Users/mbp/Github/node_modules/rdkit/dist/rdkit.js:34:185130)\n    at fs (/Users/mbp/Github/node_modules/rdkit/dist/rdkit.js:31:212111)\n    at sn (/Users/mbp/Github/node_modules/rdkit/dist/rdkit.js:24:227627)\n    at Array.rn (/Users/mbp/Github/node_modules/rdkit/dist/rdkit.js:24:206488)\n    at Object.Tka [as dynCall_viiiiii] (/Users/mbp/Github/node_modules/rdkit/dist/rdkit.js:45:25029)\n    at invoke_viiiiii (/Users/mbp/Github/node_modules/rdkit/dist/rdkit.js:16:1351459)\n    at WH (/Users/mbp/Github/node_modules/rdkit/dist/rdkit.js:28:161392)"
i=104603
"Assertion failed: !\"vector length_error\", at: /Users/mbp/Github/emsdk_portable1/emscripten/tag-1.34.6/system/include/libcxx/vector,303,__throw_length_error at Error\n    at jsStackTrace (/Users/mbp/Github/node_modules/rdkit/dist/rdkit.js:16:20723)\n    at stackTrace (/Users/mbp/Github/node_modules/rdkit/dist/rdkit.js:16:20906)\n    at ___assert_fail (/Users/mbp/Github/node_modules/rdkit/dist/rdkit.js:16:1317273)\n    at K0 (/Users/mbp/Github/node_modules/rdkit/dist/rdkit.js:34:185130)\n    at fs (/Users/mbp/Github/node_modules/rdkit/dist/rdkit.js:31:212111)\n    at sn (/Users/mbp/Github/node_modules/rdkit/dist/rdkit.js:24:227627)\n    at Array.rn (/Users/mbp/Github/node_modules/rdkit/dist/rdkit.js:24:206488)\n    at Object.Tka [as dynCall_viiiiii] (/Users/mbp/Github/node_modules/rdkit/dist/rdkit.js:45:25029)\n    at invoke_viiiiii (/Users/mbp/Github/node_modules/rdkit/dist/rdkit.js:16:1351459)\n    at WH (/Users/mbp/Github/node_modules/rdkit/dist/rdkit.js:28:161392)"
i=104603
"Assertion failed: !\"vector length_error\", at: /Users/mbp/Github/emsdk_portable1/emscripten/tag-1.34.6/system/include/libcxx/vector,303,__throw_length_error at Error\n    at jsStackTrace (/Users/mbp/Github/node_modules/rdkit/dist/rdkit.js:16:20723)\n    at stackTrace (/Users/mbp/Github/node_modules/rdkit/dist/rdkit.js:16:20906)\n    at ___assert_fail (/Users/mbp/Github/node_modules/rdkit/dist/rdkit.js:16:1317273)\n    at K0 (/Users/mbp/Github/node_modules/rdkit/dist/rdkit.js:34:185130)\n    at fs (/Users/mbp/Github/node_modules/rdkit/dist/rdkit.js:31:212111)\n    at sn (/Users/mbp/Github/node_modules/rdkit/dist/rdkit.js:24:227627)\n    at Array.rn (/Users/mbp/Github/node_modules/rdkit/dist/rdkit.js:24:206488)\n    at Object.Tka [as dynCall_viiiiii] (/Users/mbp/Github/node_modules/rdkit/dist/rdkit.js:45:25029)\n    at invoke_viiiiii (/Users/mbp/Github/node_modules/rdkit/dist/rdkit.js:16:1351459)\n    at WH (/Users/mbp/Github/node_modules/rdkit/dist/rdkit.js:28:161392)"
i=104603
"Assertion failed: !\"vector length_error\", at: /Users/mbp/Github/emsdk_portable1/emscripten/tag-1.34.6/system/include/libcxx/vector,303,__throw_length_error at Error\n    at jsStackTrace (/Users/mbp/Github/node_modules/rdkit/dist/rdkit.js:16:20723)\n    at stackTrace (/Users/mbp/Github/node_modules/rdkit/dist/rdkit.js:16:20906)\n    at ___assert_fail (/Users/mbp/Github/node_modules/rdkit/dist/rdkit.js:16:1317273)\n    at K0 (/Users/mbp/Github/node_modules/rdkit/dist/rdkit.js:34:185130)\n    at fs (/Users/mbp/Github/node_modules/rdkit/dist/rdkit.js:31:212111)\n    at sn (/Users/mbp/Github/node_modules/rdkit/dist/rdkit.js:24:227627)\n    at Array.rn (/Users/mbp/Github/node_modules/rdkit/dist/rdkit.js:24:206488)\n    at Object.Tka [as dynCall_viiiiii] (/Users/mbp/Github/node_modules/rdkit/dist/rdkit.js:45:25029)\n    at invoke_viiiiii (/Users/mbp/Github/node_modules/rdkit/dist/rdkit.js:16:1351459)\n    at WH (/Users/mbp/Github/node_modules/rdkit/dist/rdkit.js:28:161392)"
i=104603
"Assertion failed: !\"vector length_error\", at: /Users/mbp/Github/emsdk_portable1/emscripten/tag-1.34.6/system/include/libcxx/vector,303,__throw_length_error at Error\n    at jsStackTrace (/Users/mbp/Github/node_modules/rdkit/dist/rdkit.js:16:20723)\n    at stackTrace (/Users/mbp/Github/node_modules/rdkit/dist/rdkit.js:16:20906)\n    at ___assert_fail (/Users/mbp/Github/node_modules/rdkit/dist/rdkit.js:16:1317273)\n    at K0 (/Users/mbp/Github/node_modules/rdkit/dist/rdkit.js:34:185130)\n    at fs (/Users/mbp/Github/node_modules/rdkit/dist/rdkit.js:31:212111)\n    at sn (/Users/mbp/Github/node_modules/rdkit/dist/rdkit.js:24:227627)\n    at Array.rn (/Users/mbp/Github/node_modules/rdkit/dist/rdkit.js:24:206488)\n    at Object.Tka [as dynCall_viiiiii] (/Users/mbp/Github/node_modules/rdkit/dist/rdkit.js:45:25029)\n    at invoke_viiiiii (/Users/mbp/Github/node_modules/rdkit/dist/rdkit.js:16:1351459)\n    at WH (/Users/mbp/Github/node_modules/rdkit/dist/rdkit.js:28:161392)"
i=104608
122950984
i=104619
"Assertion failed: !\"vector length_error\", at: /Users/mbp/Github/emsdk_portable1/emscripten/tag-1.34.6/system/include/libcxx/vector,303,__throw_length_error at Error\n    at jsStackTrace (/Users/mbp/Github/node_modules/rdkit/dist/rdkit.js:16:20723)\n    at stackTrace (/Users/mbp/Github/node_modules/rdkit/dist/rdkit.js:16:20906)\n    at ___assert_fail (/Users/mbp/Github/node_modules/rdkit/dist/rdkit.js:16:1317273)\n    at K0 (/Users/mbp/Github/node_modules/rdkit/dist/rdkit.js:34:185130)\n    at fs (/Users/mbp/Github/node_modules/rdkit/dist/rdkit.js:31:212111)\n    at sn (/Users/mbp/Github/node_modules/rdkit/dist/rdkit.js:24:227627)\n    at Array.rn (/Users/mbp/Github/node_modules/rdkit/dist/rdkit.js:24:206488)\n    at Object.Tka [as dynCall_viiiiii] (/Users/mbp/Github/node_modules/rdkit/dist/rdkit.js:45:25029)\n    at invoke_viiiiii (/Users/mbp/Github/node_modules/rdkit/dist/rdkit.js:16:1351459)\n    at WH (/Users/mbp/Github/node_modules/rdkit/dist/rdkit.js:28:161392)"
i=104619
"Assertion failed: !\"vector length_error\", at: /Users/mbp/Github/emsdk_portable1/emscripten/tag-1.34.6/system/include/libcxx/vector,303,__throw_length_error at Error\n    at jsStackTrace (/Users/mbp/Github/node_modules/rdkit/dist/rdkit.js:16:20723)\n    at stackTrace (/Users/mbp/Github/node_modules/rdkit/dist/rdkit.js:16:20906)\n    at ___assert_fail (/Users/mbp/Github/node_modules/rdkit/dist/rdkit.js:16:1317273)\n    at K0 (/Users/mbp/Github/node_modules/rdkit/dist/rdkit.js:34:185130)\n    at fs (/Users/mbp/Github/node_modules/rdkit/dist/rdkit.js:31:212111)\n    at sn (/Users/mbp/Github/node_modules/rdkit/dist/rdkit.js:24:227627)\n    at Array.rn (/Users/mbp/Github/node_modules/rdkit/dist/rdkit.js:24:206488)\n    at Object.Tka [as dynCall_viiiiii] (/Users/mbp/Github/node_modules/rdkit/dist/rdkit.js:45:25029)\n    at invoke_viiiiii (/Users/mbp/Github/node_modules/rdkit/dist/rdkit.js:16:1351459)\n    at WH (/Users/mbp/Github/node_modules/rdkit/dist/rdkit.js:28:161392)"
i=104800
123147112
i=105185
123546160
i=105200
123590552
i=105491
123856760
i=105930
124222480
i=105930
124450552
i=105930
124487624
i=105930
124472664
i=105930
124534272
i=105930
124527752
i=105930
124541872
i=105930
124598352
i=105930
124645488
i=105930
124641728
i=106119
124754592
i=106137
124884176
i=106361
125185864
i=106856
125731672
i=106961
125863912
i=106975
125885272
i=106975
125885784
i=107055
126004056
i=107060
"Assertion failed: !\"vector length_error\", at: /Users/mbp/Github/emsdk_portable1/emscripten/tag-1.34.6/system/include/libcxx/vector,303,__throw_length_error at Error\n    at jsStackTrace (/Users/mbp/Github/node_modules/rdkit/dist/rdkit.js:16:20723)\n    at stackTrace (/Users/mbp/Github/node_modules/rdkit/dist/rdkit.js:16:20906)\n    at ___assert_fail (/Users/mbp/Github/node_modules/rdkit/dist/rdkit.js:16:1317273)\n    at K0 (/Users/mbp/Github/node_modules/rdkit/dist/rdkit.js:34:185130)\n    at fs (/Users/mbp/Github/node_modules/rdkit/dist/rdkit.js:31:212111)\n    at sn (/Users/mbp/Github/node_modules/rdkit/dist/rdkit.js:24:227627)\n    at Array.rn (/Users/mbp/Github/node_modules/rdkit/dist/rdkit.js:24:206488)\n    at Object.Tka [as dynCall_viiiiii] (/Users/mbp/Github/node_modules/rdkit/dist/rdkit.js:45:25029)\n    at invoke_viiiiii (/Users/mbp/Github/node_modules/rdkit/dist/rdkit.js:16:1351459)\n    at WH (/Users/mbp/Github/node_modules/rdkit/dist/rdkit.js:28:161392)"
i=107060
"Assertion failed: !\"vector length_error\", at: /Users/mbp/Github/emsdk_portable1/emscripten/tag-1.34.6/system/include/libcxx/vector,303,__throw_length_error at Error\n    at jsStackTrace (/Users/mbp/Github/node_modules/rdkit/dist/rdkit.js:16:20723)\n    at stackTrace (/Users/mbp/Github/node_modules/rdkit/dist/rdkit.js:16:20906)\n    at ___assert_fail (/Users/mbp/Github/node_modules/rdkit/dist/rdkit.js:16:1317273)\n    at K0 (/Users/mbp/Github/node_modules/rdkit/dist/rdkit.js:34:185130)\n    at fs (/Users/mbp/Github/node_modules/rdkit/dist/rdkit.js:31:212111)\n    at sn (/Users/mbp/Github/node_modules/rdkit/dist/rdkit.js:24:227627)\n    at Array.rn (/Users/mbp/Github/node_modules/rdkit/dist/rdkit.js:24:206488)\n    at Object.Tka [as dynCall_viiiiii] (/Users/mbp/Github/node_modules/rdkit/dist/rdkit.js:45:25029)\n    at invoke_viiiiii (/Users/mbp/Github/node_modules/rdkit/dist/rdkit.js:16:1351459)\n    at WH (/Users/mbp/Github/node_modules/rdkit/dist/rdkit.js:28:161392)"
i=107060
"Assertion failed: !\"vector length_error\", at: /Users/mbp/Github/emsdk_portable1/emscripten/tag-1.34.6/system/include/libcxx/vector,303,__throw_length_error at Error\n    at jsStackTrace (/Users/mbp/Github/node_modules/rdkit/dist/rdkit.js:16:20723)\n    at stackTrace (/Users/mbp/Github/node_modules/rdkit/dist/rdkit.js:16:20906)\n    at ___assert_fail (/Users/mbp/Github/node_modules/rdkit/dist/rdkit.js:16:1317273)\n    at K0 (/Users/mbp/Github/node_modules/rdkit/dist/rdkit.js:34:185130)\n    at fs (/Users/mbp/Github/node_modules/rdkit/dist/rdkit.js:31:212111)\n    at sn (/Users/mbp/Github/node_modules/rdkit/dist/rdkit.js:24:227627)\n    at Array.rn (/Users/mbp/Github/node_modules/rdkit/dist/rdkit.js:24:206488)\n    at Object.Tka [as dynCall_viiiiii] (/Users/mbp/Github/node_modules/rdkit/dist/rdkit.js:45:25029)\n    at invoke_viiiiii (/Users/mbp/Github/node_modules/rdkit/dist/rdkit.js:16:1351459)\n    at WH (/Users/mbp/Github/node_modules/rdkit/dist/rdkit.js:28:161392)"
i=107060
"Assertion failed: !\"vector length_error\", at: /Users/mbp/Github/emsdk_portable1/emscripten/tag-1.34.6/system/include/libcxx/vector,303,__throw_length_error at Error\n    at jsStackTrace (/Users/mbp/Github/node_modules/rdkit/dist/rdkit.js:16:20723)\n    at stackTrace (/Users/mbp/Github/node_modules/rdkit/dist/rdkit.js:16:20906)\n    at ___assert_fail (/Users/mbp/Github/node_modules/rdkit/dist/rdkit.js:16:1317273)\n    at K0 (/Users/mbp/Github/node_modules/rdkit/dist/rdkit.js:34:185130)\n    at fs (/Users/mbp/Github/node_modules/rdkit/dist/rdkit.js:31:212111)\n    at sn (/Users/mbp/Github/node_modules/rdkit/dist/rdkit.js:24:227627)\n    at Array.rn (/Users/mbp/Github/node_modules/rdkit/dist/rdkit.js:24:206488)\n    at Object.Tka [as dynCall_viiiiii] (/Users/mbp/Github/node_modules/rdkit/dist/rdkit.js:45:25029)\n    at invoke_viiiiii (/Users/mbp/Github/node_modules/rdkit/dist/rdkit.js:16:1351459)\n    at WH (/Users/mbp/Github/node_modules/rdkit/dist/rdkit.js:28:161392)"
i=107060
"Assertion failed: !\"vector length_error\", at: /Users/mbp/Github/emsdk_portable1/emscripten/tag-1.34.6/system/include/libcxx/vector,303,__throw_length_error at Error\n    at jsStackTrace (/Users/mbp/Github/node_modules/rdkit/dist/rdkit.js:16:20723)\n    at stackTrace (/Users/mbp/Github/node_modules/rdkit/dist/rdkit.js:16:20906)\n    at ___assert_fail (/Users/mbp/Github/node_modules/rdkit/dist/rdkit.js:16:1317273)\n    at K0 (/Users/mbp/Github/node_modules/rdkit/dist/rdkit.js:34:185130)\n    at fs (/Users/mbp/Github/node_modules/rdkit/dist/rdkit.js:31:212111)\n    at sn (/Users/mbp/Github/node_modules/rdkit/dist/rdkit.js:24:227627)\n    at Array.rn (/Users/mbp/Github/node_modules/rdkit/dist/rdkit.js:24:206488)\n    at Object.Tka [as dynCall_viiiiii] (/Users/mbp/Github/node_modules/rdkit/dist/rdkit.js:45:25029)\n    at invoke_viiiiii (/Users/mbp/Github/node_modules/rdkit/dist/rdkit.js:16:1351459)\n    at WH (/Users/mbp/Github/node_modules/rdkit/dist/rdkit.js:28:161392)"
i=107060
"Assertion failed: !\"vector length_error\", at: /Users/mbp/Github/emsdk_portable1/emscripten/tag-1.34.6/system/include/libcxx/vector,303,__throw_length_error at Error\n    at jsStackTrace (/Users/mbp/Github/node_modules/rdkit/dist/rdkit.js:16:20723)\n    at stackTrace (/Users/mbp/Github/node_modules/rdkit/dist/rdkit.js:16:20906)\n    at ___assert_fail (/Users/mbp/Github/node_modules/rdkit/dist/rdkit.js:16:1317273)\n    at K0 (/Users/mbp/Github/node_modules/rdkit/dist/rdkit.js:34:185130)\n    at fs (/Users/mbp/Github/node_modules/rdkit/dist/rdkit.js:31:212111)\n    at sn (/Users/mbp/Github/node_modules/rdkit/dist/rdkit.js:24:227627)\n    at Array.rn (/Users/mbp/Github/node_modules/rdkit/dist/rdkit.js:24:206488)\n    at Object.Tka [as dynCall_viiiiii] (/Users/mbp/Github/node_modules/rdkit/dist/rdkit.js:45:25029)\n    at invoke_viiiiii (/Users/mbp/Github/node_modules/rdkit/dist/rdkit.js:16:1351459)\n    at WH (/Users/mbp/Github/node_modules/rdkit/dist/rdkit.js:28:161392)"
i=107060
"Assertion failed: !\"vector length_error\", at: /Users/mbp/Github/emsdk_portable1/emscripten/tag-1.34.6/system/include/libcxx/vector,303,__throw_length_error at Error\n    at jsStackTrace (/Users/mbp/Github/node_modules/rdkit/dist/rdkit.js:16:20723)\n    at stackTrace (/Users/mbp/Github/node_modules/rdkit/dist/rdkit.js:16:20906)\n    at ___assert_fail (/Users/mbp/Github/node_modules/rdkit/dist/rdkit.js:16:1317273)\n    at K0 (/Users/mbp/Github/node_modules/rdkit/dist/rdkit.js:34:185130)\n    at fs (/Users/mbp/Github/node_modules/rdkit/dist/rdkit.js:31:212111)\n    at sn (/Users/mbp/Github/node_modules/rdkit/dist/rdkit.js:24:227627)\n    at Array.rn (/Users/mbp/Github/node_modules/rdkit/dist/rdkit.js:24:206488)\n    at Object.Tka [as dynCall_viiiiii] (/Users/mbp/Github/node_modules/rdkit/dist/rdkit.js:45:25029)\n    at invoke_viiiiii (/Users/mbp/Github/node_modules/rdkit/dist/rdkit.js:16:1351459)\n    at WH (/Users/mbp/Github/node_modules/rdkit/dist/rdkit.js:28:161392)"
i=107060
"Assertion failed: !\"vector length_error\", at: /Users/mbp/Github/emsdk_portable1/emscripten/tag-1.34.6/system/include/libcxx/vector,303,__throw_length_error at Error\n    at jsStackTrace (/Users/mbp/Github/node_modules/rdkit/dist/rdkit.js:16:20723)\n    at stackTrace (/Users/mbp/Github/node_modules/rdkit/dist/rdkit.js:16:20906)\n    at ___assert_fail (/Users/mbp/Github/node_modules/rdkit/dist/rdkit.js:16:1317273)\n    at K0 (/Users/mbp/Github/node_modules/rdkit/dist/rdkit.js:34:185130)\n    at fs (/Users/mbp/Github/node_modules/rdkit/dist/rdkit.js:31:212111)\n    at sn (/Users/mbp/Github/node_modules/rdkit/dist/rdkit.js:24:227627)\n    at Array.rn (/Users/mbp/Github/node_modules/rdkit/dist/rdkit.js:24:206488)\n    at Object.Tka [as dynCall_viiiiii] (/Users/mbp/Github/node_modules/rdkit/dist/rdkit.js:45:25029)\n    at invoke_viiiiii (/Users/mbp/Github/node_modules/rdkit/dist/rdkit.js:16:1351459)\n    at WH (/Users/mbp/Github/node_modules/rdkit/dist/rdkit.js:28:161392)"
i=107060
"Assertion failed: !\"vector length_error\", at: /Users/mbp/Github/emsdk_portable1/emscripten/tag-1.34.6/system/include/libcxx/vector,303,__throw_length_error at Error\n    at jsStackTrace (/Users/mbp/Github/node_modules/rdkit/dist/rdkit.js:16:20723)\n    at stackTrace (/Users/mbp/Github/node_modules/rdkit/dist/rdkit.js:16:20906)\n    at ___assert_fail (/Users/mbp/Github/node_modules/rdkit/dist/rdkit.js:16:1317273)\n    at K0 (/Users/mbp/Github/node_modules/rdkit/dist/rdkit.js:34:185130)\n    at fs (/Users/mbp/Github/node_modules/rdkit/dist/rdkit.js:31:212111)\n    at sn (/Users/mbp/Github/node_modules/rdkit/dist/rdkit.js:24:227627)\n    at Array.rn (/Users/mbp/Github/node_modules/rdkit/dist/rdkit.js:24:206488)\n    at Object.Tka [as dynCall_viiiiii] (/Users/mbp/Github/node_modules/rdkit/dist/rdkit.js:45:25029)\n    at invoke_viiiiii (/Users/mbp/Github/node_modules/rdkit/dist/rdkit.js:16:1351459)\n    at WH (/Users/mbp/Github/node_modules/rdkit/dist/rdkit.js:28:161392)"
i=107060
"Assertion failed: !\"vector length_error\", at: /Users/mbp/Github/emsdk_portable1/emscripten/tag-1.34.6/system/include/libcxx/vector,303,__throw_length_error at Error\n    at jsStackTrace (/Users/mbp/Github/node_modules/rdkit/dist/rdkit.js:16:20723)\n    at stackTrace (/Users/mbp/Github/node_modules/rdkit/dist/rdkit.js:16:20906)\n    at ___assert_fail (/Users/mbp/Github/node_modules/rdkit/dist/rdkit.js:16:1317273)\n    at K0 (/Users/mbp/Github/node_modules/rdkit/dist/rdkit.js:34:185130)\n    at fs (/Users/mbp/Github/node_modules/rdkit/dist/rdkit.js:31:212111)\n    at sn (/Users/mbp/Github/node_modules/rdkit/dist/rdkit.js:24:227627)\n    at Array.rn (/Users/mbp/Github/node_modules/rdkit/dist/rdkit.js:24:206488)\n    at Object.Tka [as dynCall_viiiiii] (/Users/mbp/Github/node_modules/rdkit/dist/rdkit.js:45:25029)\n    at invoke_viiiiii (/Users/mbp/Github/node_modules/rdkit/dist/rdkit.js:16:1351459)\n    at WH (/Users/mbp/Github/node_modules/rdkit/dist/rdkit.js:28:161392)"
i=107060
"Assertion failed: !\"vector length_error\", at: /Users/mbp/Github/emsdk_portable1/emscripten/tag-1.34.6/system/include/libcxx/vector,303,__throw_length_error at Error\n    at jsStackTrace (/Users/mbp/Github/node_modules/rdkit/dist/rdkit.js:16:20723)\n    at stackTrace (/Users/mbp/Github/node_modules/rdkit/dist/rdkit.js:16:20906)\n    at ___assert_fail (/Users/mbp/Github/node_modules/rdkit/dist/rdkit.js:16:1317273)\n    at K0 (/Users/mbp/Github/node_modules/rdkit/dist/rdkit.js:34:185130)\n    at fs (/Users/mbp/Github/node_modules/rdkit/dist/rdkit.js:31:212111)\n    at sn (/Users/mbp/Github/node_modules/rdkit/dist/rdkit.js:24:227627)\n    at Array.rn (/Users/mbp/Github/node_modules/rdkit/dist/rdkit.js:24:206488)\n    at Object.Tka [as dynCall_viiiiii] (/Users/mbp/Github/node_modules/rdkit/dist/rdkit.js:45:25029)\n    at invoke_viiiiii (/Users/mbp/Github/node_modules/rdkit/dist/rdkit.js:16:1351459)\n    at WH (/Users/mbp/Github/node_modules/rdkit/dist/rdkit.js:28:161392)"
i=107060
"Assertion failed: !\"vector length_error\", at: /Users/mbp/Github/emsdk_portable1/emscripten/tag-1.34.6/system/include/libcxx/vector,303,__throw_length_error at Error\n    at jsStackTrace (/Users/mbp/Github/node_modules/rdkit/dist/rdkit.js:16:20723)\n    at stackTrace (/Users/mbp/Github/node_modules/rdkit/dist/rdkit.js:16:20906)\n    at ___assert_fail (/Users/mbp/Github/node_modules/rdkit/dist/rdkit.js:16:1317273)\n    at K0 (/Users/mbp/Github/node_modules/rdkit/dist/rdkit.js:34:185130)\n    at fs (/Users/mbp/Github/node_modules/rdkit/dist/rdkit.js:31:212111)\n    at sn (/Users/mbp/Github/node_modules/rdkit/dist/rdkit.js:24:227627)\n    at Array.rn (/Users/mbp/Github/node_modules/rdkit/dist/rdkit.js:24:206488)\n    at Object.Tka [as dynCall_viiiiii] (/Users/mbp/Github/node_modules/rdkit/dist/rdkit.js:45:25029)\n    at invoke_viiiiii (/Users/mbp/Github/node_modules/rdkit/dist/rdkit.js:16:1351459)\n    at WH (/Users/mbp/Github/node_modules/rdkit/dist/rdkit.js:28:161392)"
i=107060
"Assertion failed: !\"vector length_error\", at: /Users/mbp/Github/emsdk_portable1/emscripten/tag-1.34.6/system/include/libcxx/vector,303,__throw_length_error at Error\n    at jsStackTrace (/Users/mbp/Github/node_modules/rdkit/dist/rdkit.js:16:20723)\n    at stackTrace (/Users/mbp/Github/node_modules/rdkit/dist/rdkit.js:16:20906)\n    at ___assert_fail (/Users/mbp/Github/node_modules/rdkit/dist/rdkit.js:16:1317273)\n    at K0 (/Users/mbp/Github/node_modules/rdkit/dist/rdkit.js:34:185130)\n    at fs (/Users/mbp/Github/node_modules/rdkit/dist/rdkit.js:31:212111)\n    at sn (/Users/mbp/Github/node_modules/rdkit/dist/rdkit.js:24:227627)\n    at Array.rn (/Users/mbp/Github/node_modules/rdkit/dist/rdkit.js:24:206488)\n    at Object.Tka [as dynCall_viiiiii] (/Users/mbp/Github/node_modules/rdkit/dist/rdkit.js:45:25029)\n    at invoke_viiiiii (/Users/mbp/Github/node_modules/rdkit/dist/rdkit.js:16:1351459)\n    at WH (/Users/mbp/Github/node_modules/rdkit/dist/rdkit.js:28:161392)"
i=107060
"Assertion failed: !\"vector length_error\", at: /Users/mbp/Github/emsdk_portable1/emscripten/tag-1.34.6/system/include/libcxx/vector,303,__throw_length_error at Error\n    at jsStackTrace (/Users/mbp/Github/node_modules/rdkit/dist/rdkit.js:16:20723)\n    at stackTrace (/Users/mbp/Github/node_modules/rdkit/dist/rdkit.js:16:20906)\n    at ___assert_fail (/Users/mbp/Github/node_modules/rdkit/dist/rdkit.js:16:1317273)\n    at K0 (/Users/mbp/Github/node_modules/rdkit/dist/rdkit.js:34:185130)\n    at fs (/Users/mbp/Github/node_modules/rdkit/dist/rdkit.js:31:212111)\n    at sn (/Users/mbp/Github/node_modules/rdkit/dist/rdkit.js:24:227627)\n    at Array.rn (/Users/mbp/Github/node_modules/rdkit/dist/rdkit.js:24:206488)\n    at Object.Tka [as dynCall_viiiiii] (/Users/mbp/Github/node_modules/rdkit/dist/rdkit.js:45:25029)\n    at invoke_viiiiii (/Users/mbp/Github/node_modules/rdkit/dist/rdkit.js:16:1351459)\n    at WH (/Users/mbp/Github/node_modules/rdkit/dist/rdkit.js:28:161392)"
i=107060
"Assertion failed: !\"vector length_error\", at: /Users/mbp/Github/emsdk_portable1/emscripten/tag-1.34.6/system/include/libcxx/vector,303,__throw_length_error at Error\n    at jsStackTrace (/Users/mbp/Github/node_modules/rdkit/dist/rdkit.js:16:20723)\n    at stackTrace (/Users/mbp/Github/node_modules/rdkit/dist/rdkit.js:16:20906)\n    at ___assert_fail (/Users/mbp/Github/node_modules/rdkit/dist/rdkit.js:16:1317273)\n    at K0 (/Users/mbp/Github/node_modules/rdkit/dist/rdkit.js:34:185130)\n    at fs (/Users/mbp/Github/node_modules/rdkit/dist/rdkit.js:31:212111)\n    at sn (/Users/mbp/Github/node_modules/rdkit/dist/rdkit.js:24:227627)\n    at Array.rn (/Users/mbp/Github/node_modules/rdkit/dist/rdkit.js:24:206488)\n    at Object.Tka [as dynCall_viiiiii] (/Users/mbp/Github/node_modules/rdkit/dist/rdkit.js:45:25029)\n    at invoke_viiiiii (/Users/mbp/Github/node_modules/rdkit/dist/rdkit.js:16:1351459)\n    at WH (/Users/mbp/Github/node_modules/rdkit/dist/rdkit.js:28:161392)"
i=107060
"Assertion failed: !\"vector length_error\", at: /Users/mbp/Github/emsdk_portable1/emscripten/tag-1.34.6/system/include/libcxx/vector,303,__throw_length_error at Error\n    at jsStackTrace (/Users/mbp/Github/node_modules/rdkit/dist/rdkit.js:16:20723)\n    at stackTrace (/Users/mbp/Github/node_modules/rdkit/dist/rdkit.js:16:20906)\n    at ___assert_fail (/Users/mbp/Github/node_modules/rdkit/dist/rdkit.js:16:1317273)\n    at K0 (/Users/mbp/Github/node_modules/rdkit/dist/rdkit.js:34:185130)\n    at fs (/Users/mbp/Github/node_modules/rdkit/dist/rdkit.js:31:212111)\n    at sn (/Users/mbp/Github/node_modules/rdkit/dist/rdkit.js:24:227627)\n    at Array.rn (/Users/mbp/Github/node_modules/rdkit/dist/rdkit.js:24:206488)\n    at Object.Tka [as dynCall_viiiiii] (/Users/mbp/Github/node_modules/rdkit/dist/rdkit.js:45:25029)\n    at invoke_viiiiii (/Users/mbp/Github/node_modules/rdkit/dist/rdkit.js:16:1351459)\n    at WH (/Users/mbp/Github/node_modules/rdkit/dist/rdkit.js:28:161392)"
i=107060
"Assertion failed: !\"vector length_error\", at: /Users/mbp/Github/emsdk_portable1/emscripten/tag-1.34.6/system/include/libcxx/vector,303,__throw_length_error at Error\n    at jsStackTrace (/Users/mbp/Github/node_modules/rdkit/dist/rdkit.js:16:20723)\n    at stackTrace (/Users/mbp/Github/node_modules/rdkit/dist/rdkit.js:16:20906)\n    at ___assert_fail (/Users/mbp/Github/node_modules/rdkit/dist/rdkit.js:16:1317273)\n    at K0 (/Users/mbp/Github/node_modules/rdkit/dist/rdkit.js:34:185130)\n    at fs (/Users/mbp/Github/node_modules/rdkit/dist/rdkit.js:31:212111)\n    at sn (/Users/mbp/Github/node_modules/rdkit/dist/rdkit.js:24:227627)\n    at Array.rn (/Users/mbp/Github/node_modules/rdkit/dist/rdkit.js:24:206488)\n    at Object.Tka [as dynCall_viiiiii] (/Users/mbp/Github/node_modules/rdkit/dist/rdkit.js:45:25029)\n    at invoke_viiiiii (/Users/mbp/Github/node_modules/rdkit/dist/rdkit.js:16:1351459)\n    at WH (/Users/mbp/Github/node_modules/rdkit/dist/rdkit.js:28:161392)"
i=107060
"Assertion failed: !\"vector length_error\", at: /Users/mbp/Github/emsdk_portable1/emscripten/tag-1.34.6/system/include/libcxx/vector,303,__throw_length_error at Error\n    at jsStackTrace (/Users/mbp/Github/node_modules/rdkit/dist/rdkit.js:16:20723)\n    at stackTrace (/Users/mbp/Github/node_modules/rdkit/dist/rdkit.js:16:20906)\n    at ___assert_fail (/Users/mbp/Github/node_modules/rdkit/dist/rdkit.js:16:1317273)\n    at K0 (/Users/mbp/Github/node_modules/rdkit/dist/rdkit.js:34:185130)\n    at fs (/Users/mbp/Github/node_modules/rdkit/dist/rdkit.js:31:212111)\n    at sn (/Users/mbp/Github/node_modules/rdkit/dist/rdkit.js:24:227627)\n    at Array.rn (/Users/mbp/Github/node_modules/rdkit/dist/rdkit.js:24:206488)\n    at Object.Tka [as dynCall_viiiiii] (/Users/mbp/Github/node_modules/rdkit/dist/rdkit.js:45:25029)\n    at invoke_viiiiii (/Users/mbp/Github/node_modules/rdkit/dist/rdkit.js:16:1351459)\n    at WH (/Users/mbp/Github/node_modules/rdkit/dist/rdkit.js:28:161392)"
i=107060
"Assertion failed: !\"vector length_error\", at: /Users/mbp/Github/emsdk_portable1/emscripten/tag-1.34.6/system/include/libcxx/vector,303,__throw_length_error at Error\n    at jsStackTrace (/Users/mbp/Github/node_modules/rdkit/dist/rdkit.js:16:20723)\n    at stackTrace (/Users/mbp/Github/node_modules/rdkit/dist/rdkit.js:16:20906)\n    at ___assert_fail (/Users/mbp/Github/node_modules/rdkit/dist/rdkit.js:16:1317273)\n    at K0 (/Users/mbp/Github/node_modules/rdkit/dist/rdkit.js:34:185130)\n    at fs (/Users/mbp/Github/node_modules/rdkit/dist/rdkit.js:31:212111)\n    at sn (/Users/mbp/Github/node_modules/rdkit/dist/rdkit.js:24:227627)\n    at Array.rn (/Users/mbp/Github/node_modules/rdkit/dist/rdkit.js:24:206488)\n    at Object.Tka [as dynCall_viiiiii] (/Users/mbp/Github/node_modules/rdkit/dist/rdkit.js:45:25029)\n    at invoke_viiiiii (/Users/mbp/Github/node_modules/rdkit/dist/rdkit.js:16:1351459)\n    at WH (/Users/mbp/Github/node_modules/rdkit/dist/rdkit.js:28:161392)"
i=107060
"Assertion failed: !\"vector length_error\", at: /Users/mbp/Github/emsdk_portable1/emscripten/tag-1.34.6/system/include/libcxx/vector,303,__throw_length_error at Error\n    at jsStackTrace (/Users/mbp/Github/node_modules/rdkit/dist/rdkit.js:16:20723)\n    at stackTrace (/Users/mbp/Github/node_modules/rdkit/dist/rdkit.js:16:20906)\n    at ___assert_fail (/Users/mbp/Github/node_modules/rdkit/dist/rdkit.js:16:1317273)\n    at K0 (/Users/mbp/Github/node_modules/rdkit/dist/rdkit.js:34:185130)\n    at fs (/Users/mbp/Github/node_modules/rdkit/dist/rdkit.js:31:212111)\n    at sn (/Users/mbp/Github/node_modules/rdkit/dist/rdkit.js:24:227627)\n    at Array.rn (/Users/mbp/Github/node_modules/rdkit/dist/rdkit.js:24:206488)\n    at Object.Tka [as dynCall_viiiiii] (/Users/mbp/Github/node_modules/rdkit/dist/rdkit.js:45:25029)\n    at invoke_viiiiii (/Users/mbp/Github/node_modules/rdkit/dist/rdkit.js:16:1351459)\n    at WH (/Users/mbp/Github/node_modules/rdkit/dist/rdkit.js:28:161392)"
i=107060
"Assertion failed: !\"vector length_error\", at: /Users/mbp/Github/emsdk_portable1/emscripten/tag-1.34.6/system/include/libcxx/vector,303,__throw_length_error at Error\n    at jsStackTrace (/Users/mbp/Github/node_modules/rdkit/dist/rdkit.js:16:20723)\n    at stackTrace (/Users/mbp/Github/node_modules/rdkit/dist/rdkit.js:16:20906)\n    at ___assert_fail (/Users/mbp/Github/node_modules/rdkit/dist/rdkit.js:16:1317273)\n    at K0 (/Users/mbp/Github/node_modules/rdkit/dist/rdkit.js:34:185130)\n    at fs (/Users/mbp/Github/node_modules/rdkit/dist/rdkit.js:31:212111)\n    at sn (/Users/mbp/Github/node_modules/rdkit/dist/rdkit.js:24:227627)\n    at Array.rn (/Users/mbp/Github/node_modules/rdkit/dist/rdkit.js:24:206488)\n    at Object.Tka [as dynCall_viiiiii] (/Users/mbp/Github/node_modules/rdkit/dist/rdkit.js:45:25029)\n    at invoke_viiiiii (/Users/mbp/Github/node_modules/rdkit/dist/rdkit.js:16:1351459)\n    at WH (/Users/mbp/Github/node_modules/rdkit/dist/rdkit.js:28:161392)"
i=107067
"Assertion failed: !\"vector length_error\", at: /Users/mbp/Github/emsdk_portable1/emscripten/tag-1.34.6/system/include/libcxx/vector,303,__throw_length_error at Error\n    at jsStackTrace (/Users/mbp/Github/node_modules/rdkit/dist/rdkit.js:16:20723)\n    at stackTrace (/Users/mbp/Github/node_modules/rdkit/dist/rdkit.js:16:20906)\n    at ___assert_fail (/Users/mbp/Github/node_modules/rdkit/dist/rdkit.js:16:1317273)\n    at K0 (/Users/mbp/Github/node_modules/rdkit/dist/rdkit.js:34:185130)\n    at fs (/Users/mbp/Github/node_modules/rdkit/dist/rdkit.js:31:212111)\n    at sn (/Users/mbp/Github/node_modules/rdkit/dist/rdkit.js:24:227627)\n    at Array.rn (/Users/mbp/Github/node_modules/rdkit/dist/rdkit.js:24:206488)\n    at Object.Tka [as dynCall_viiiiii] (/Users/mbp/Github/node_modules/rdkit/dist/rdkit.js:45:25029)\n    at invoke_viiiiii (/Users/mbp/Github/node_modules/rdkit/dist/rdkit.js:16:1351459)\n    at WH (/Users/mbp/Github/node_modules/rdkit/dist/rdkit.js:28:161392)"
i=107067
"Assertion failed: !\"vector length_error\", at: /Users/mbp/Github/emsdk_portable1/emscripten/tag-1.34.6/system/include/libcxx/vector,303,__throw_length_error at Error\n    at jsStackTrace (/Users/mbp/Github/node_modules/rdkit/dist/rdkit.js:16:20723)\n    at stackTrace (/Users/mbp/Github/node_modules/rdkit/dist/rdkit.js:16:20906)\n    at ___assert_fail (/Users/mbp/Github/node_modules/rdkit/dist/rdkit.js:16:1317273)\n    at K0 (/Users/mbp/Github/node_modules/rdkit/dist/rdkit.js:34:185130)\n    at fs (/Users/mbp/Github/node_modules/rdkit/dist/rdkit.js:31:212111)\n    at sn (/Users/mbp/Github/node_modules/rdkit/dist/rdkit.js:24:227627)\n    at Array.rn (/Users/mbp/Github/node_modules/rdkit/dist/rdkit.js:24:206488)\n    at Object.Tka [as dynCall_viiiiii] (/Users/mbp/Github/node_modules/rdkit/dist/rdkit.js:45:25029)\n    at invoke_viiiiii (/Users/mbp/Github/node_modules/rdkit/dist/rdkit.js:16:1351459)\n    at WH (/Users/mbp/Github/node_modules/rdkit/dist/rdkit.js:28:161392)"
i=107139
126134976
i=107179
"Assertion failed: !\"vector length_error\", at: /Users/mbp/Github/emsdk_portable1/emscripten/tag-1.34.6/system/include/libcxx/vector,303,__throw_length_error at Error\n    at jsStackTrace (/Users/mbp/Github/node_modules/rdkit/dist/rdkit.js:16:20723)\n    at stackTrace (/Users/mbp/Github/node_modules/rdkit/dist/rdkit.js:16:20906)\n    at ___assert_fail (/Users/mbp/Github/node_modules/rdkit/dist/rdkit.js:16:1317273)\n    at K0 (/Users/mbp/Github/node_modules/rdkit/dist/rdkit.js:34:185130)\n    at fs (/Users/mbp/Github/node_modules/rdkit/dist/rdkit.js:31:212111)\n    at sn (/Users/mbp/Github/node_modules/rdkit/dist/rdkit.js:24:227627)\n    at Array.rn (/Users/mbp/Github/node_modules/rdkit/dist/rdkit.js:24:206488)\n    at Object.Tka [as dynCall_viiiiii] (/Users/mbp/Github/node_modules/rdkit/dist/rdkit.js:45:25029)\n    at invoke_viiiiii (/Users/mbp/Github/node_modules/rdkit/dist/rdkit.js:16:1351459)\n    at WH (/Users/mbp/Github/node_modules/rdkit/dist/rdkit.js:28:161392)"
i=107243
126248712
i=107300
126327888
i=107896
126943920
i=107896
126963808
i=107896
126977200
i=107896
127013720
i=107901
127003384
i=108012
127144784
i=108056
127239600
i=108081
127248952
i=108569
127413400
i=108586
"Assertion failed: !\"vector length_error\", at: /Users/mbp/Github/emsdk_portable1/emscripten/tag-1.34.6/system/include/libcxx/vector,303,__throw_length_error at Error\n    at jsStackTrace (/Users/mbp/Github/node_modules/rdkit/dist/rdkit.js:16:20723)\n    at stackTrace (/Users/mbp/Github/node_modules/rdkit/dist/rdkit.js:16:20906)\n    at ___assert_fail (/Users/mbp/Github/node_modules/rdkit/dist/rdkit.js:16:1317273)\n    at K0 (/Users/mbp/Github/node_modules/rdkit/dist/rdkit.js:34:185130)\n    at fs (/Users/mbp/Github/node_modules/rdkit/dist/rdkit.js:31:212111)\n    at sn (/Users/mbp/Github/node_modules/rdkit/dist/rdkit.js:24:227627)\n    at Array.rn (/Users/mbp/Github/node_modules/rdkit/dist/rdkit.js:24:206488)\n    at Object.Tka [as dynCall_viiiiii] (/Users/mbp/Github/node_modules/rdkit/dist/rdkit.js:45:25029)\n    at invoke_viiiiii (/Users/mbp/Github/node_modules/rdkit/dist/rdkit.js:16:1351459)\n    at WH (/Users/mbp/Github/node_modules/rdkit/dist/rdkit.js:28:161392)"
i=108586
"Assertion failed: !\"vector length_error\", at: /Users/mbp/Github/emsdk_portable1/emscripten/tag-1.34.6/system/include/libcxx/vector,303,__throw_length_error at Error\n    at jsStackTrace (/Users/mbp/Github/node_modules/rdkit/dist/rdkit.js:16:20723)\n    at stackTrace (/Users/mbp/Github/node_modules/rdkit/dist/rdkit.js:16:20906)\n    at ___assert_fail (/Users/mbp/Github/node_modules/rdkit/dist/rdkit.js:16:1317273)\n    at K0 (/Users/mbp/Github/node_modules/rdkit/dist/rdkit.js:34:185130)\n    at fs (/Users/mbp/Github/node_modules/rdkit/dist/rdkit.js:31:212111)\n    at sn (/Users/mbp/Github/node_modules/rdkit/dist/rdkit.js:24:227627)\n    at Array.rn (/Users/mbp/Github/node_modules/rdkit/dist/rdkit.js:24:206488)\n    at Object.Tka [as dynCall_viiiiii] (/Users/mbp/Github/node_modules/rdkit/dist/rdkit.js:45:25029)\n    at invoke_viiiiii (/Users/mbp/Github/node_modules/rdkit/dist/rdkit.js:16:1351459)\n    at WH (/Users/mbp/Github/node_modules/rdkit/dist/rdkit.js:28:161392)"
i=108588
127786320
i=108591
127803736
i=108597
"Assertion failed: !\"vector length_error\", at: /Users/mbp/Github/emsdk_portable1/emscripten/tag-1.34.6/system/include/libcxx/vector,303,__throw_length_error at Error\n    at jsStackTrace (/Users/mbp/Github/node_modules/rdkit/dist/rdkit.js:16:20723)\n    at stackTrace (/Users/mbp/Github/node_modules/rdkit/dist/rdkit.js:16:20906)\n    at ___assert_fail (/Users/mbp/Github/node_modules/rdkit/dist/rdkit.js:16:1317273)\n    at K0 (/Users/mbp/Github/node_modules/rdkit/dist/rdkit.js:34:185130)\n    at fs (/Users/mbp/Github/node_modules/rdkit/dist/rdkit.js:31:212111)\n    at sn (/Users/mbp/Github/node_modules/rdkit/dist/rdkit.js:24:227627)\n    at Array.rn (/Users/mbp/Github/node_modules/rdkit/dist/rdkit.js:24:206488)\n    at Object.Tka [as dynCall_viiiiii] (/Users/mbp/Github/node_modules/rdkit/dist/rdkit.js:45:25029)\n    at invoke_viiiiii (/Users/mbp/Github/node_modules/rdkit/dist/rdkit.js:16:1351459)\n    at WH (/Users/mbp/Github/node_modules/rdkit/dist/rdkit.js:28:161392)"
i=108597
"Assertion failed: !\"vector length_error\", at: /Users/mbp/Github/emsdk_portable1/emscripten/tag-1.34.6/system/include/libcxx/vector,303,__throw_length_error at Error\n    at jsStackTrace (/Users/mbp/Github/node_modules/rdkit/dist/rdkit.js:16:20723)\n    at stackTrace (/Users/mbp/Github/node_modules/rdkit/dist/rdkit.js:16:20906)\n    at ___assert_fail (/Users/mbp/Github/node_modules/rdkit/dist/rdkit.js:16:1317273)\n    at K0 (/Users/mbp/Github/node_modules/rdkit/dist/rdkit.js:34:185130)\n    at fs (/Users/mbp/Github/node_modules/rdkit/dist/rdkit.js:31:212111)\n    at sn (/Users/mbp/Github/node_modules/rdkit/dist/rdkit.js:24:227627)\n    at Array.rn (/Users/mbp/Github/node_modules/rdkit/dist/rdkit.js:24:206488)\n    at Object.Tka [as dynCall_viiiiii] (/Users/mbp/Github/node_modules/rdkit/dist/rdkit.js:45:25029)\n    at invoke_viiiiii (/Users/mbp/Github/node_modules/rdkit/dist/rdkit.js:16:1351459)\n    at WH (/Users/mbp/Github/node_modules/rdkit/dist/rdkit.js:28:161392)"
i=109177
"Assertion failed: !\"vector length_error\", at: /Users/mbp/Github/emsdk_portable1/emscripten/tag-1.34.6/system/include/libcxx/vector,303,__throw_length_error at Error\n    at jsStackTrace (/Users/mbp/Github/node_modules/rdkit/dist/rdkit.js:16:20723)\n    at stackTrace (/Users/mbp/Github/node_modules/rdkit/dist/rdkit.js:16:20906)\n    at ___assert_fail (/Users/mbp/Github/node_modules/rdkit/dist/rdkit.js:16:1317273)\n    at K0 (/Users/mbp/Github/node_modules/rdkit/dist/rdkit.js:34:185130)\n    at fs (/Users/mbp/Github/node_modules/rdkit/dist/rdkit.js:31:212111)\n    at sn (/Users/mbp/Github/node_modules/rdkit/dist/rdkit.js:24:227627)\n    at Array.rn (/Users/mbp/Github/node_modules/rdkit/dist/rdkit.js:24:206488)\n    at Object.Tka [as dynCall_viiiiii] (/Users/mbp/Github/node_modules/rdkit/dist/rdkit.js:45:25029)\n    at invoke_viiiiii (/Users/mbp/Github/node_modules/rdkit/dist/rdkit.js:16:1351459)\n    at WH (/Users/mbp/Github/node_modules/rdkit/dist/rdkit.js:28:161392)"
i=109299
"Assertion failed: !\"vector length_error\", at: /Users/mbp/Github/emsdk_portable1/emscripten/tag-1.34.6/system/include/libcxx/vector,303,__throw_length_error at Error\n    at jsStackTrace (/Users/mbp/Github/node_modules/rdkit/dist/rdkit.js:16:20723)\n    at stackTrace (/Users/mbp/Github/node_modules/rdkit/dist/rdkit.js:16:20906)\n    at ___assert_fail (/Users/mbp/Github/node_modules/rdkit/dist/rdkit.js:16:1317273)\n    at K0 (/Users/mbp/Github/node_modules/rdkit/dist/rdkit.js:34:185130)\n    at fs (/Users/mbp/Github/node_modules/rdkit/dist/rdkit.js:31:212111)\n    at sn (/Users/mbp/Github/node_modules/rdkit/dist/rdkit.js:24:227627)\n    at Array.rn (/Users/mbp/Github/node_modules/rdkit/dist/rdkit.js:24:206488)\n    at Object.Tka [as dynCall_viiiiii] (/Users/mbp/Github/node_modules/rdkit/dist/rdkit.js:45:25029)\n    at invoke_viiiiii (/Users/mbp/Github/node_modules/rdkit/dist/rdkit.js:16:1351459)\n    at WH (/Users/mbp/Github/node_modules/rdkit/dist/rdkit.js:28:161392)"
i=109299
"Assertion failed: !\"vector length_error\", at: /Users/mbp/Github/emsdk_portable1/emscripten/tag-1.34.6/system/include/libcxx/vector,303,__throw_length_error at Error\n    at jsStackTrace (/Users/mbp/Github/node_modules/rdkit/dist/rdkit.js:16:20723)\n    at stackTrace (/Users/mbp/Github/node_modules/rdkit/dist/rdkit.js:16:20906)\n    at ___assert_fail (/Users/mbp/Github/node_modules/rdkit/dist/rdkit.js:16:1317273)\n    at K0 (/Users/mbp/Github/node_modules/rdkit/dist/rdkit.js:34:185130)\n    at fs (/Users/mbp/Github/node_modules/rdkit/dist/rdkit.js:31:212111)\n    at sn (/Users/mbp/Github/node_modules/rdkit/dist/rdkit.js:24:227627)\n    at Array.rn (/Users/mbp/Github/node_modules/rdkit/dist/rdkit.js:24:206488)\n    at Object.Tka [as dynCall_viiiiii] (/Users/mbp/Github/node_modules/rdkit/dist/rdkit.js:45:25029)\n    at invoke_viiiiii (/Users/mbp/Github/node_modules/rdkit/dist/rdkit.js:16:1351459)\n    at WH (/Users/mbp/Github/node_modules/rdkit/dist/rdkit.js:28:161392)"
i=109687
128666544
i=109756
"Assertion failed: !\"vector length_error\", at: /Users/mbp/Github/emsdk_portable1/emscripten/tag-1.34.6/system/include/libcxx/vector,303,__throw_length_error at Error\n    at jsStackTrace (/Users/mbp/Github/node_modules/rdkit/dist/rdkit.js:16:20723)\n    at stackTrace (/Users/mbp/Github/node_modules/rdkit/dist/rdkit.js:16:20906)\n    at ___assert_fail (/Users/mbp/Github/node_modules/rdkit/dist/rdkit.js:16:1317273)\n    at K0 (/Users/mbp/Github/node_modules/rdkit/dist/rdkit.js:34:185130)\n    at fs (/Users/mbp/Github/node_modules/rdkit/dist/rdkit.js:31:212111)\n    at sn (/Users/mbp/Github/node_modules/rdkit/dist/rdkit.js:24:227627)\n    at Array.rn (/Users/mbp/Github/node_modules/rdkit/dist/rdkit.js:24:206488)\n    at Object.Tka [as dynCall_viiiiii] (/Users/mbp/Github/node_modules/rdkit/dist/rdkit.js:45:25029)\n    at invoke_viiiiii (/Users/mbp/Github/node_modules/rdkit/dist/rdkit.js:16:1351459)\n    at WH (/Users/mbp/Github/node_modules/rdkit/dist/rdkit.js:28:161392)"
i=109856
"Assertion failed: !\"vector length_error\", at: /Users/mbp/Github/emsdk_portable1/emscripten/tag-1.34.6/system/include/libcxx/vector,303,__throw_length_error at Error\n    at jsStackTrace (/Users/mbp/Github/node_modules/rdkit/dist/rdkit.js:16:20723)\n    at stackTrace (/Users/mbp/Github/node_modules/rdkit/dist/rdkit.js:16:20906)\n    at ___assert_fail (/Users/mbp/Github/node_modules/rdkit/dist/rdkit.js:16:1317273)\n    at K0 (/Users/mbp/Github/node_modules/rdkit/dist/rdkit.js:34:185130)\n    at fs (/Users/mbp/Github/node_modules/rdkit/dist/rdkit.js:31:212111)\n    at sn (/Users/mbp/Github/node_modules/rdkit/dist/rdkit.js:24:227627)\n    at Array.rn (/Users/mbp/Github/node_modules/rdkit/dist/rdkit.js:24:206488)\n    at Object.Tka [as dynCall_viiiiii] (/Users/mbp/Github/node_modules/rdkit/dist/rdkit.js:45:25029)\n    at invoke_viiiiii (/Users/mbp/Github/node_modules/rdkit/dist/rdkit.js:16:1351459)\n    at WH (/Users/mbp/Github/node_modules/rdkit/dist/rdkit.js:28:161392)"
i=109856
"Assertion failed: !\"vector length_error\", at: /Users/mbp/Github/emsdk_portable1/emscripten/tag-1.34.6/system/include/libcxx/vector,303,__throw_length_error at Error\n    at jsStackTrace (/Users/mbp/Github/node_modules/rdkit/dist/rdkit.js:16:20723)\n    at stackTrace (/Users/mbp/Github/node_modules/rdkit/dist/rdkit.js:16:20906)\n    at ___assert_fail (/Users/mbp/Github/node_modules/rdkit/dist/rdkit.js:16:1317273)\n    at K0 (/Users/mbp/Github/node_modules/rdkit/dist/rdkit.js:34:185130)\n    at fs (/Users/mbp/Github/node_modules/rdkit/dist/rdkit.js:31:212111)\n    at sn (/Users/mbp/Github/node_modules/rdkit/dist/rdkit.js:24:227627)\n    at Array.rn (/Users/mbp/Github/node_modules/rdkit/dist/rdkit.js:24:206488)\n    at Object.Tka [as dynCall_viiiiii] (/Users/mbp/Github/node_modules/rdkit/dist/rdkit.js:45:25029)\n    at invoke_viiiiii (/Users/mbp/Github/node_modules/rdkit/dist/rdkit.js:16:1351459)\n    at WH (/Users/mbp/Github/node_modules/rdkit/dist/rdkit.js:28:161392)"
i=109856
"Assertion failed: !\"vector length_error\", at: /Users/mbp/Github/emsdk_portable1/emscripten/tag-1.34.6/system/include/libcxx/vector,303,__throw_length_error at Error\n    at jsStackTrace (/Users/mbp/Github/node_modules/rdkit/dist/rdkit.js:16:20723)\n    at stackTrace (/Users/mbp/Github/node_modules/rdkit/dist/rdkit.js:16:20906)\n    at ___assert_fail (/Users/mbp/Github/node_modules/rdkit/dist/rdkit.js:16:1317273)\n    at K0 (/Users/mbp/Github/node_modules/rdkit/dist/rdkit.js:34:185130)\n    at fs (/Users/mbp/Github/node_modules/rdkit/dist/rdkit.js:31:212111)\n    at sn (/Users/mbp/Github/node_modules/rdkit/dist/rdkit.js:24:227627)\n    at Array.rn (/Users/mbp/Github/node_modules/rdkit/dist/rdkit.js:24:206488)\n    at Object.Tka [as dynCall_viiiiii] (/Users/mbp/Github/node_modules/rdkit/dist/rdkit.js:45:25029)\n    at invoke_viiiiii (/Users/mbp/Github/node_modules/rdkit/dist/rdkit.js:16:1351459)\n    at WH (/Users/mbp/Github/node_modules/rdkit/dist/rdkit.js:28:161392)"
i=109856
"Assertion failed: !\"vector length_error\", at: /Users/mbp/Github/emsdk_portable1/emscripten/tag-1.34.6/system/include/libcxx/vector,303,__throw_length_error at Error\n    at jsStackTrace (/Users/mbp/Github/node_modules/rdkit/dist/rdkit.js:16:20723)\n    at stackTrace (/Users/mbp/Github/node_modules/rdkit/dist/rdkit.js:16:20906)\n    at ___assert_fail (/Users/mbp/Github/node_modules/rdkit/dist/rdkit.js:16:1317273)\n    at K0 (/Users/mbp/Github/node_modules/rdkit/dist/rdkit.js:34:185130)\n    at fs (/Users/mbp/Github/node_modules/rdkit/dist/rdkit.js:31:212111)\n    at sn (/Users/mbp/Github/node_modules/rdkit/dist/rdkit.js:24:227627)\n    at Array.rn (/Users/mbp/Github/node_modules/rdkit/dist/rdkit.js:24:206488)\n    at Object.Tka [as dynCall_viiiiii] (/Users/mbp/Github/node_modules/rdkit/dist/rdkit.js:45:25029)\n    at invoke_viiiiii (/Users/mbp/Github/node_modules/rdkit/dist/rdkit.js:16:1351459)\n    at WH (/Users/mbp/Github/node_modules/rdkit/dist/rdkit.js:28:161392)"
i=109912
128934888
i=109945
"Assertion failed: !\"vector length_error\", at: /Users/mbp/Github/emsdk_portable1/emscripten/tag-1.34.6/system/include/libcxx/vector,303,__throw_length_error at Error\n    at jsStackTrace (/Users/mbp/Github/node_modules/rdkit/dist/rdkit.js:16:20723)\n    at stackTrace (/Users/mbp/Github/node_modules/rdkit/dist/rdkit.js:16:20906)\n    at ___assert_fail (/Users/mbp/Github/node_modules/rdkit/dist/rdkit.js:16:1317273)\n    at K0 (/Users/mbp/Github/node_modules/rdkit/dist/rdkit.js:34:185130)\n    at fs (/Users/mbp/Github/node_modules/rdkit/dist/rdkit.js:31:212111)\n    at sn (/Users/mbp/Github/node_modules/rdkit/dist/rdkit.js:24:227627)\n    at Array.rn (/Users/mbp/Github/node_modules/rdkit/dist/rdkit.js:24:206488)\n    at Object.Tka [as dynCall_viiiiii] (/Users/mbp/Github/node_modules/rdkit/dist/rdkit.js:45:25029)\n    at invoke_viiiiii (/Users/mbp/Github/node_modules/rdkit/dist/rdkit.js:16:1351459)\n    at WH (/Users/mbp/Github/node_modules/rdkit/dist/rdkit.js:28:161392)"
i=110892
130000416
i=111065
130245488
i=111065
130254064
i=111386
130602608
i=111490
"Assertion failed: !\"vector length_error\", at: /Users/mbp/Github/emsdk_portable1/emscripten/tag-1.34.6/system/include/libcxx/vector,303,__throw_length_error at Error\n    at jsStackTrace (/Users/mbp/Github/node_modules/rdkit/dist/rdkit.js:16:20723)\n    at stackTrace (/Users/mbp/Github/node_modules/rdkit/dist/rdkit.js:16:20906)\n    at ___assert_fail (/Users/mbp/Github/node_modules/rdkit/dist/rdkit.js:16:1317273)\n    at K0 (/Users/mbp/Github/node_modules/rdkit/dist/rdkit.js:34:185130)\n    at fs (/Users/mbp/Github/node_modules/rdkit/dist/rdkit.js:31:212111)\n    at sn (/Users/mbp/Github/node_modules/rdkit/dist/rdkit.js:24:227627)\n    at Array.rn (/Users/mbp/Github/node_modules/rdkit/dist/rdkit.js:24:206488)\n    at Object.Tka [as dynCall_viiiiii] (/Users/mbp/Github/node_modules/rdkit/dist/rdkit.js:45:25029)\n    at invoke_viiiiii (/Users/mbp/Github/node_modules/rdkit/dist/rdkit.js:16:1351459)\n    at WH (/Users/mbp/Github/node_modules/rdkit/dist/rdkit.js:28:161392)"
i=111490
"Assertion failed: !\"vector length_error\", at: /Users/mbp/Github/emsdk_portable1/emscripten/tag-1.34.6/system/include/libcxx/vector,303,__throw_length_error at Error\n    at jsStackTrace (/Users/mbp/Github/node_modules/rdkit/dist/rdkit.js:16:20723)\n    at stackTrace (/Users/mbp/Github/node_modules/rdkit/dist/rdkit.js:16:20906)\n    at ___assert_fail (/Users/mbp/Github/node_modules/rdkit/dist/rdkit.js:16:1317273)\n    at K0 (/Users/mbp/Github/node_modules/rdkit/dist/rdkit.js:34:185130)\n    at fs (/Users/mbp/Github/node_modules/rdkit/dist/rdkit.js:31:212111)\n    at sn (/Users/mbp/Github/node_modules/rdkit/dist/rdkit.js:24:227627)\n    at Array.rn (/Users/mbp/Github/node_modules/rdkit/dist/rdkit.js:24:206488)\n    at Object.Tka [as dynCall_viiiiii] (/Users/mbp/Github/node_modules/rdkit/dist/rdkit.js:45:25029)\n    at invoke_viiiiii (/Users/mbp/Github/node_modules/rdkit/dist/rdkit.js:16:1351459)\n    at WH (/Users/mbp/Github/node_modules/rdkit/dist/rdkit.js:28:161392)"
i=113574
132775960
i=113685
"Assertion failed: !\"vector length_error\", at: /Users/mbp/Github/emsdk_portable1/emscripten/tag-1.34.6/system/include/libcxx/vector,303,__throw_length_error at Error\n    at jsStackTrace (/Users/mbp/Github/node_modules/rdkit/dist/rdkit.js:16:20723)\n    at stackTrace (/Users/mbp/Github/node_modules/rdkit/dist/rdkit.js:16:20906)\n    at ___assert_fail (/Users/mbp/Github/node_modules/rdkit/dist/rdkit.js:16:1317273)\n    at K0 (/Users/mbp/Github/node_modules/rdkit/dist/rdkit.js:34:185130)\n    at fs (/Users/mbp/Github/node_modules/rdkit/dist/rdkit.js:31:212111)\n    at sn (/Users/mbp/Github/node_modules/rdkit/dist/rdkit.js:24:227627)\n    at Array.rn (/Users/mbp/Github/node_modules/rdkit/dist/rdkit.js:24:206488)\n    at Object.Tka [as dynCall_viiiiii] (/Users/mbp/Github/node_modules/rdkit/dist/rdkit.js:45:25029)\n    at invoke_viiiiii (/Users/mbp/Github/node_modules/rdkit/dist/rdkit.js:16:1351459)\n    at WH (/Users/mbp/Github/node_modules/rdkit/dist/rdkit.js:28:161392)"
i=113687
"Assertion failed: !\"vector length_error\", at: /Users/mbp/Github/emsdk_portable1/emscripten/tag-1.34.6/system/include/libcxx/vector,303,__throw_length_error at Error\n    at jsStackTrace (/Users/mbp/Github/node_modules/rdkit/dist/rdkit.js:16:20723)\n    at stackTrace (/Users/mbp/Github/node_modules/rdkit/dist/rdkit.js:16:20906)\n    at ___assert_fail (/Users/mbp/Github/node_modules/rdkit/dist/rdkit.js:16:1317273)\n    at K0 (/Users/mbp/Github/node_modules/rdkit/dist/rdkit.js:34:185130)\n    at fs (/Users/mbp/Github/node_modules/rdkit/dist/rdkit.js:31:212111)\n    at sn (/Users/mbp/Github/node_modules/rdkit/dist/rdkit.js:24:227627)\n    at Array.rn (/Users/mbp/Github/node_modules/rdkit/dist/rdkit.js:24:206488)\n    at Object.Tka [as dynCall_viiiiii] (/Users/mbp/Github/node_modules/rdkit/dist/rdkit.js:45:25029)\n    at invoke_viiiiii (/Users/mbp/Github/node_modules/rdkit/dist/rdkit.js:16:1351459)\n    at WH (/Users/mbp/Github/node_modules/rdkit/dist/rdkit.js:28:161392)"
i=114120
133459536
i=114226
133684896
i=114270
133731696
i=114377
133771528
i=114438
"Assertion failed: !\"vector length_error\", at: /Users/mbp/Github/emsdk_portable1/emscripten/tag-1.34.6/system/include/libcxx/vector,303,__throw_length_error at Error\n    at jsStackTrace (/Users/mbp/Github/node_modules/rdkit/dist/rdkit.js:16:20723)\n    at stackTrace (/Users/mbp/Github/node_modules/rdkit/dist/rdkit.js:16:20906)\n    at ___assert_fail (/Users/mbp/Github/node_modules/rdkit/dist/rdkit.js:16:1317273)\n    at K0 (/Users/mbp/Github/node_modules/rdkit/dist/rdkit.js:34:185130)\n    at fs (/Users/mbp/Github/node_modules/rdkit/dist/rdkit.js:31:212111)\n    at sn (/Users/mbp/Github/node_modules/rdkit/dist/rdkit.js:24:227627)\n    at Array.rn (/Users/mbp/Github/node_modules/rdkit/dist/rdkit.js:24:206488)\n    at Object.Tka [as dynCall_viiiiii] (/Users/mbp/Github/node_modules/rdkit/dist/rdkit.js:45:25029)\n    at invoke_viiiiii (/Users/mbp/Github/node_modules/rdkit/dist/rdkit.js:16:1351459)\n    at WH (/Users/mbp/Github/node_modules/rdkit/dist/rdkit.js:28:161392)"
i=114438
"Assertion failed: !\"vector length_error\", at: /Users/mbp/Github/emsdk_portable1/emscripten/tag-1.34.6/system/include/libcxx/vector,303,__throw_length_error at Error\n    at jsStackTrace (/Users/mbp/Github/node_modules/rdkit/dist/rdkit.js:16:20723)\n    at stackTrace (/Users/mbp/Github/node_modules/rdkit/dist/rdkit.js:16:20906)\n    at ___assert_fail (/Users/mbp/Github/node_modules/rdkit/dist/rdkit.js:16:1317273)\n    at K0 (/Users/mbp/Github/node_modules/rdkit/dist/rdkit.js:34:185130)\n    at fs (/Users/mbp/Github/node_modules/rdkit/dist/rdkit.js:31:212111)\n    at sn (/Users/mbp/Github/node_modules/rdkit/dist/rdkit.js:24:227627)\n    at Array.rn (/Users/mbp/Github/node_modules/rdkit/dist/rdkit.js:24:206488)\n    at Object.Tka [as dynCall_viiiiii] (/Users/mbp/Github/node_modules/rdkit/dist/rdkit.js:45:25029)\n    at invoke_viiiiii (/Users/mbp/Github/node_modules/rdkit/dist/rdkit.js:16:1351459)\n    at WH (/Users/mbp/Github/node_modules/rdkit/dist/rdkit.js:28:161392)"
i=114444
"Assertion failed: !\"vector length_error\", at: /Users/mbp/Github/emsdk_portable1/emscripten/tag-1.34.6/system/include/libcxx/vector,303,__throw_length_error at Error\n    at jsStackTrace (/Users/mbp/Github/node_modules/rdkit/dist/rdkit.js:16:20723)\n    at stackTrace (/Users/mbp/Github/node_modules/rdkit/dist/rdkit.js:16:20906)\n    at ___assert_fail (/Users/mbp/Github/node_modules/rdkit/dist/rdkit.js:16:1317273)\n    at K0 (/Users/mbp/Github/node_modules/rdkit/dist/rdkit.js:34:185130)\n    at fs (/Users/mbp/Github/node_modules/rdkit/dist/rdkit.js:31:212111)\n    at sn (/Users/mbp/Github/node_modules/rdkit/dist/rdkit.js:24:227627)\n    at Array.rn (/Users/mbp/Github/node_modules/rdkit/dist/rdkit.js:24:206488)\n    at Object.Tka [as dynCall_viiiiii] (/Users/mbp/Github/node_modules/rdkit/dist/rdkit.js:45:25029)\n    at invoke_viiiiii (/Users/mbp/Github/node_modules/rdkit/dist/rdkit.js:16:1351459)\n    at WH (/Users/mbp/Github/node_modules/rdkit/dist/rdkit.js:28:161392)"
i=114911
134442880
i=114992
134581696
i=115407
134882504
i=115512
135164976
i=115512
135165528
i=115611
135218416
i=115611
135294480
i=116123
135833288
i=116123
135921128
i=116276
136094040
i=116276
136095176
i=116303
"Assertion failed: !\"vector length_error\", at: /Users/mbp/Github/emsdk_portable1/emscripten/tag-1.34.6/system/include/libcxx/vector,303,__throw_length_error at Error\n    at jsStackTrace (/Users/mbp/Github/node_modules/rdkit/dist/rdkit.js:16:20723)\n    at stackTrace (/Users/mbp/Github/node_modules/rdkit/dist/rdkit.js:16:20906)\n    at ___assert_fail (/Users/mbp/Github/node_modules/rdkit/dist/rdkit.js:16:1317273)\n    at K0 (/Users/mbp/Github/node_modules/rdkit/dist/rdkit.js:34:185130)\n    at fs (/Users/mbp/Github/node_modules/rdkit/dist/rdkit.js:31:212111)\n    at sn (/Users/mbp/Github/node_modules/rdkit/dist/rdkit.js:24:227627)\n    at Array.rn (/Users/mbp/Github/node_modules/rdkit/dist/rdkit.js:24:206488)\n    at Object.Tka [as dynCall_viiiiii] (/Users/mbp/Github/node_modules/rdkit/dist/rdkit.js:45:25029)\n    at invoke_viiiiii (/Users/mbp/Github/node_modules/rdkit/dist/rdkit.js:16:1351459)\n    at WH (/Users/mbp/Github/node_modules/rdkit/dist/rdkit.js:28:161392)"
i=116303
"Assertion failed: !\"vector length_error\", at: /Users/mbp/Github/emsdk_portable1/emscripten/tag-1.34.6/system/include/libcxx/vector,303,__throw_length_error at Error\n    at jsStackTrace (/Users/mbp/Github/node_modules/rdkit/dist/rdkit.js:16:20723)\n    at stackTrace (/Users/mbp/Github/node_modules/rdkit/dist/rdkit.js:16:20906)\n    at ___assert_fail (/Users/mbp/Github/node_modules/rdkit/dist/rdkit.js:16:1317273)\n    at K0 (/Users/mbp/Github/node_modules/rdkit/dist/rdkit.js:34:185130)\n    at fs (/Users/mbp/Github/node_modules/rdkit/dist/rdkit.js:31:212111)\n    at sn (/Users/mbp/Github/node_modules/rdkit/dist/rdkit.js:24:227627)\n    at Array.rn (/Users/mbp/Github/node_modules/rdkit/dist/rdkit.js:24:206488)\n    at Object.Tka [as dynCall_viiiiii] (/Users/mbp/Github/node_modules/rdkit/dist/rdkit.js:45:25029)\n    at invoke_viiiiii (/Users/mbp/Github/node_modules/rdkit/dist/rdkit.js:16:1351459)\n    at WH (/Users/mbp/Github/node_modules/rdkit/dist/rdkit.js:28:161392)"
i=116906
"Assertion failed: !\"vector length_error\", at: /Users/mbp/Github/emsdk_portable1/emscripten/tag-1.34.6/system/include/libcxx/vector,303,__throw_length_error at Error\n    at jsStackTrace (/Users/mbp/Github/node_modules/rdkit/dist/rdkit.js:16:20723)\n    at stackTrace (/Users/mbp/Github/node_modules/rdkit/dist/rdkit.js:16:20906)\n    at ___assert_fail (/Users/mbp/Github/node_modules/rdkit/dist/rdkit.js:16:1317273)\n    at K0 (/Users/mbp/Github/node_modules/rdkit/dist/rdkit.js:34:185130)\n    at fs (/Users/mbp/Github/node_modules/rdkit/dist/rdkit.js:31:212111)\n    at sn (/Users/mbp/Github/node_modules/rdkit/dist/rdkit.js:24:227627)\n    at Array.rn (/Users/mbp/Github/node_modules/rdkit/dist/rdkit.js:24:206488)\n    at Object.Tka [as dynCall_viiiiii] (/Users/mbp/Github/node_modules/rdkit/dist/rdkit.js:45:25029)\n    at invoke_viiiiii (/Users/mbp/Github/node_modules/rdkit/dist/rdkit.js:16:1351459)\n    at WH (/Users/mbp/Github/node_modules/rdkit/dist/rdkit.js:28:161392)"
i=116907
"Assertion failed: !\"vector length_error\", at: /Users/mbp/Github/emsdk_portable1/emscripten/tag-1.34.6/system/include/libcxx/vector,303,__throw_length_error at Error\n    at jsStackTrace (/Users/mbp/Github/node_modules/rdkit/dist/rdkit.js:16:20723)\n    at stackTrace (/Users/mbp/Github/node_modules/rdkit/dist/rdkit.js:16:20906)\n    at ___assert_fail (/Users/mbp/Github/node_modules/rdkit/dist/rdkit.js:16:1317273)\n    at K0 (/Users/mbp/Github/node_modules/rdkit/dist/rdkit.js:34:185130)\n    at fs (/Users/mbp/Github/node_modules/rdkit/dist/rdkit.js:31:212111)\n    at sn (/Users/mbp/Github/node_modules/rdkit/dist/rdkit.js:24:227627)\n    at Array.rn (/Users/mbp/Github/node_modules/rdkit/dist/rdkit.js:24:206488)\n    at Object.Tka [as dynCall_viiiiii] (/Users/mbp/Github/node_modules/rdkit/dist/rdkit.js:45:25029)\n    at invoke_viiiiii (/Users/mbp/Github/node_modules/rdkit/dist/rdkit.js:16:1351459)\n    at WH (/Users/mbp/Github/node_modules/rdkit/dist/rdkit.js:28:161392)"
i=116907
"Assertion failed: !\"vector length_error\", at: /Users/mbp/Github/emsdk_portable1/emscripten/tag-1.34.6/system/include/libcxx/vector,303,__throw_length_error at Error\n    at jsStackTrace (/Users/mbp/Github/node_modules/rdkit/dist/rdkit.js:16:20723)\n    at stackTrace (/Users/mbp/Github/node_modules/rdkit/dist/rdkit.js:16:20906)\n    at ___assert_fail (/Users/mbp/Github/node_modules/rdkit/dist/rdkit.js:16:1317273)\n    at K0 (/Users/mbp/Github/node_modules/rdkit/dist/rdkit.js:34:185130)\n    at fs (/Users/mbp/Github/node_modules/rdkit/dist/rdkit.js:31:212111)\n    at sn (/Users/mbp/Github/node_modules/rdkit/dist/rdkit.js:24:227627)\n    at Array.rn (/Users/mbp/Github/node_modules/rdkit/dist/rdkit.js:24:206488)\n    at Object.Tka [as dynCall_viiiiii] (/Users/mbp/Github/node_modules/rdkit/dist/rdkit.js:45:25029)\n    at invoke_viiiiii (/Users/mbp/Github/node_modules/rdkit/dist/rdkit.js:16:1351459)\n    at WH (/Users/mbp/Github/node_modules/rdkit/dist/rdkit.js:28:161392)"
i=116938
"Assertion failed: !\"vector length_error\", at: /Users/mbp/Github/emsdk_portable1/emscripten/tag-1.34.6/system/include/libcxx/vector,303,__throw_length_error at Error\n    at jsStackTrace (/Users/mbp/Github/node_modules/rdkit/dist/rdkit.js:16:20723)\n    at stackTrace (/Users/mbp/Github/node_modules/rdkit/dist/rdkit.js:16:20906)\n    at ___assert_fail (/Users/mbp/Github/node_modules/rdkit/dist/rdkit.js:16:1317273)\n    at K0 (/Users/mbp/Github/node_modules/rdkit/dist/rdkit.js:34:185130)\n    at fs (/Users/mbp/Github/node_modules/rdkit/dist/rdkit.js:31:212111)\n    at sn (/Users/mbp/Github/node_modules/rdkit/dist/rdkit.js:24:227627)\n    at Array.rn (/Users/mbp/Github/node_modules/rdkit/dist/rdkit.js:24:206488)\n    at Object.Tka [as dynCall_viiiiii] (/Users/mbp/Github/node_modules/rdkit/dist/rdkit.js:45:25029)\n    at invoke_viiiiii (/Users/mbp/Github/node_modules/rdkit/dist/rdkit.js:16:1351459)\n    at WH (/Users/mbp/Github/node_modules/rdkit/dist/rdkit.js:28:161392)"
i=116987
"Assertion failed: !\"vector length_error\", at: /Users/mbp/Github/emsdk_portable1/emscripten/tag-1.34.6/system/include/libcxx/vector,303,__throw_length_error at Error\n    at jsStackTrace (/Users/mbp/Github/node_modules/rdkit/dist/rdkit.js:16:20723)\n    at stackTrace (/Users/mbp/Github/node_modules/rdkit/dist/rdkit.js:16:20906)\n    at ___assert_fail (/Users/mbp/Github/node_modules/rdkit/dist/rdkit.js:16:1317273)\n    at K0 (/Users/mbp/Github/node_modules/rdkit/dist/rdkit.js:34:185130)\n    at fs (/Users/mbp/Github/node_modules/rdkit/dist/rdkit.js:31:212111)\n    at sn (/Users/mbp/Github/node_modules/rdkit/dist/rdkit.js:24:227627)\n    at Array.rn (/Users/mbp/Github/node_modules/rdkit/dist/rdkit.js:24:206488)\n    at Object.Tka [as dynCall_viiiiii] (/Users/mbp/Github/node_modules/rdkit/dist/rdkit.js:45:25029)\n    at invoke_viiiiii (/Users/mbp/Github/node_modules/rdkit/dist/rdkit.js:16:1351459)\n    at WH (/Users/mbp/Github/node_modules/rdkit/dist/rdkit.js:28:161392)"
i=116987
"Assertion failed: !\"vector length_error\", at: /Users/mbp/Github/emsdk_portable1/emscripten/tag-1.34.6/system/include/libcxx/vector,303,__throw_length_error at Error\n    at jsStackTrace (/Users/mbp/Github/node_modules/rdkit/dist/rdkit.js:16:20723)\n    at stackTrace (/Users/mbp/Github/node_modules/rdkit/dist/rdkit.js:16:20906)\n    at ___assert_fail (/Users/mbp/Github/node_modules/rdkit/dist/rdkit.js:16:1317273)\n    at K0 (/Users/mbp/Github/node_modules/rdkit/dist/rdkit.js:34:185130)\n    at fs (/Users/mbp/Github/node_modules/rdkit/dist/rdkit.js:31:212111)\n    at sn (/Users/mbp/Github/node_modules/rdkit/dist/rdkit.js:24:227627)\n    at Array.rn (/Users/mbp/Github/node_modules/rdkit/dist/rdkit.js:24:206488)\n    at Object.Tka [as dynCall_viiiiii] (/Users/mbp/Github/node_modules/rdkit/dist/rdkit.js:45:25029)\n    at invoke_viiiiii (/Users/mbp/Github/node_modules/rdkit/dist/rdkit.js:16:1351459)\n    at WH (/Users/mbp/Github/node_modules/rdkit/dist/rdkit.js:28:161392)"
i=116987
"Assertion failed: !\"vector length_error\", at: /Users/mbp/Github/emsdk_portable1/emscripten/tag-1.34.6/system/include/libcxx/vector,303,__throw_length_error at Error\n    at jsStackTrace (/Users/mbp/Github/node_modules/rdkit/dist/rdkit.js:16:20723)\n    at stackTrace (/Users/mbp/Github/node_modules/rdkit/dist/rdkit.js:16:20906)\n    at ___assert_fail (/Users/mbp/Github/node_modules/rdkit/dist/rdkit.js:16:1317273)\n    at K0 (/Users/mbp/Github/node_modules/rdkit/dist/rdkit.js:34:185130)\n    at fs (/Users/mbp/Github/node_modules/rdkit/dist/rdkit.js:31:212111)\n    at sn (/Users/mbp/Github/node_modules/rdkit/dist/rdkit.js:24:227627)\n    at Array.rn (/Users/mbp/Github/node_modules/rdkit/dist/rdkit.js:24:206488)\n    at Object.Tka [as dynCall_viiiiii] (/Users/mbp/Github/node_modules/rdkit/dist/rdkit.js:45:25029)\n    at invoke_viiiiii (/Users/mbp/Github/node_modules/rdkit/dist/rdkit.js:16:1351459)\n    at WH (/Users/mbp/Github/node_modules/rdkit/dist/rdkit.js:28:161392)"
i=116987
"Assertion failed: !\"vector length_error\", at: /Users/mbp/Github/emsdk_portable1/emscripten/tag-1.34.6/system/include/libcxx/vector,303,__throw_length_error at Error\n    at jsStackTrace (/Users/mbp/Github/node_modules/rdkit/dist/rdkit.js:16:20723)\n    at stackTrace (/Users/mbp/Github/node_modules/rdkit/dist/rdkit.js:16:20906)\n    at ___assert_fail (/Users/mbp/Github/node_modules/rdkit/dist/rdkit.js:16:1317273)\n    at K0 (/Users/mbp/Github/node_modules/rdkit/dist/rdkit.js:34:185130)\n    at fs (/Users/mbp/Github/node_modules/rdkit/dist/rdkit.js:31:212111)\n    at sn (/Users/mbp/Github/node_modules/rdkit/dist/rdkit.js:24:227627)\n    at Array.rn (/Users/mbp/Github/node_modules/rdkit/dist/rdkit.js:24:206488)\n    at Object.Tka [as dynCall_viiiiii] (/Users/mbp/Github/node_modules/rdkit/dist/rdkit.js:45:25029)\n    at invoke_viiiiii (/Users/mbp/Github/node_modules/rdkit/dist/rdkit.js:16:1351459)\n    at WH (/Users/mbp/Github/node_modules/rdkit/dist/rdkit.js:28:161392)"
i=116987
"Assertion failed: !\"vector length_error\", at: /Users/mbp/Github/emsdk_portable1/emscripten/tag-1.34.6/system/include/libcxx/vector,303,__throw_length_error at Error\n    at jsStackTrace (/Users/mbp/Github/node_modules/rdkit/dist/rdkit.js:16:20723)\n    at stackTrace (/Users/mbp/Github/node_modules/rdkit/dist/rdkit.js:16:20906)\n    at ___assert_fail (/Users/mbp/Github/node_modules/rdkit/dist/rdkit.js:16:1317273)\n    at K0 (/Users/mbp/Github/node_modules/rdkit/dist/rdkit.js:34:185130)\n    at fs (/Users/mbp/Github/node_modules/rdkit/dist/rdkit.js:31:212111)\n    at sn (/Users/mbp/Github/node_modules/rdkit/dist/rdkit.js:24:227627)\n    at Array.rn (/Users/mbp/Github/node_modules/rdkit/dist/rdkit.js:24:206488)\n    at Object.Tka [as dynCall_viiiiii] (/Users/mbp/Github/node_modules/rdkit/dist/rdkit.js:45:25029)\n    at invoke_viiiiii (/Users/mbp/Github/node_modules/rdkit/dist/rdkit.js:16:1351459)\n    at WH (/Users/mbp/Github/node_modules/rdkit/dist/rdkit.js:28:161392)"
i=116987
"Assertion failed: !\"vector length_error\", at: /Users/mbp/Github/emsdk_portable1/emscripten/tag-1.34.6/system/include/libcxx/vector,303,__throw_length_error at Error\n    at jsStackTrace (/Users/mbp/Github/node_modules/rdkit/dist/rdkit.js:16:20723)\n    at stackTrace (/Users/mbp/Github/node_modules/rdkit/dist/rdkit.js:16:20906)\n    at ___assert_fail (/Users/mbp/Github/node_modules/rdkit/dist/rdkit.js:16:1317273)\n    at K0 (/Users/mbp/Github/node_modules/rdkit/dist/rdkit.js:34:185130)\n    at fs (/Users/mbp/Github/node_modules/rdkit/dist/rdkit.js:31:212111)\n    at sn (/Users/mbp/Github/node_modules/rdkit/dist/rdkit.js:24:227627)\n    at Array.rn (/Users/mbp/Github/node_modules/rdkit/dist/rdkit.js:24:206488)\n    at Object.Tka [as dynCall_viiiiii] (/Users/mbp/Github/node_modules/rdkit/dist/rdkit.js:45:25029)\n    at invoke_viiiiii (/Users/mbp/Github/node_modules/rdkit/dist/rdkit.js:16:1351459)\n    at WH (/Users/mbp/Github/node_modules/rdkit/dist/rdkit.js:28:161392)"
i=117082
136501048
i=117088
137008792
i=117099
"Assertion failed: !\"vector length_error\", at: /Users/mbp/Github/emsdk_portable1/emscripten/tag-1.34.6/system/include/libcxx/vector,303,__throw_length_error at Error\n    at jsStackTrace (/Users/mbp/Github/node_modules/rdkit/dist/rdkit.js:16:20723)\n    at stackTrace (/Users/mbp/Github/node_modules/rdkit/dist/rdkit.js:16:20906)\n    at ___assert_fail (/Users/mbp/Github/node_modules/rdkit/dist/rdkit.js:16:1317273)\n    at K0 (/Users/mbp/Github/node_modules/rdkit/dist/rdkit.js:34:185130)\n    at fs (/Users/mbp/Github/node_modules/rdkit/dist/rdkit.js:31:212111)\n    at sn (/Users/mbp/Github/node_modules/rdkit/dist/rdkit.js:24:227627)\n    at Array.rn (/Users/mbp/Github/node_modules/rdkit/dist/rdkit.js:24:206488)\n    at Object.Tka [as dynCall_viiiiii] (/Users/mbp/Github/node_modules/rdkit/dist/rdkit.js:45:25029)\n    at invoke_viiiiii (/Users/mbp/Github/node_modules/rdkit/dist/rdkit.js:16:1351459)\n    at WH (/Users/mbp/Github/node_modules/rdkit/dist/rdkit.js:28:161392)"
i=117236
"Assertion failed: !\"vector length_error\", at: /Users/mbp/Github/emsdk_portable1/emscripten/tag-1.34.6/system/include/libcxx/vector,303,__throw_length_error at Error\n    at jsStackTrace (/Users/mbp/Github/node_modules/rdkit/dist/rdkit.js:16:20723)\n    at stackTrace (/Users/mbp/Github/node_modules/rdkit/dist/rdkit.js:16:20906)\n    at ___assert_fail (/Users/mbp/Github/node_modules/rdkit/dist/rdkit.js:16:1317273)\n    at K0 (/Users/mbp/Github/node_modules/rdkit/dist/rdkit.js:34:185130)\n    at fs (/Users/mbp/Github/node_modules/rdkit/dist/rdkit.js:31:212111)\n    at sn (/Users/mbp/Github/node_modules/rdkit/dist/rdkit.js:24:227627)\n    at Array.rn (/Users/mbp/Github/node_modules/rdkit/dist/rdkit.js:24:206488)\n    at Object.Tka [as dynCall_viiiiii] (/Users/mbp/Github/node_modules/rdkit/dist/rdkit.js:45:25029)\n    at invoke_viiiiii (/Users/mbp/Github/node_modules/rdkit/dist/rdkit.js:16:1351459)\n    at WH (/Users/mbp/Github/node_modules/rdkit/dist/rdkit.js:28:161392)"
i=117237
"Assertion failed: !\"vector length_error\", at: /Users/mbp/Github/emsdk_portable1/emscripten/tag-1.34.6/system/include/libcxx/vector,303,__throw_length_error at Error\n    at jsStackTrace (/Users/mbp/Github/node_modules/rdkit/dist/rdkit.js:16:20723)\n    at stackTrace (/Users/mbp/Github/node_modules/rdkit/dist/rdkit.js:16:20906)\n    at ___assert_fail (/Users/mbp/Github/node_modules/rdkit/dist/rdkit.js:16:1317273)\n    at K0 (/Users/mbp/Github/node_modules/rdkit/dist/rdkit.js:34:185130)\n    at fs (/Users/mbp/Github/node_modules/rdkit/dist/rdkit.js:31:212111)\n    at sn (/Users/mbp/Github/node_modules/rdkit/dist/rdkit.js:24:227627)\n    at Array.rn (/Users/mbp/Github/node_modules/rdkit/dist/rdkit.js:24:206488)\n    at Object.Tka [as dynCall_viiiiii] (/Users/mbp/Github/node_modules/rdkit/dist/rdkit.js:45:25029)\n    at invoke_viiiiii (/Users/mbp/Github/node_modules/rdkit/dist/rdkit.js:16:1351459)\n    at WH (/Users/mbp/Github/node_modules/rdkit/dist/rdkit.js:28:161392)"
i=117323
"Assertion failed: !\"vector length_error\", at: /Users/mbp/Github/emsdk_portable1/emscripten/tag-1.34.6/system/include/libcxx/vector,303,__throw_length_error at Error\n    at jsStackTrace (/Users/mbp/Github/node_modules/rdkit/dist/rdkit.js:16:20723)\n    at stackTrace (/Users/mbp/Github/node_modules/rdkit/dist/rdkit.js:16:20906)\n    at ___assert_fail (/Users/mbp/Github/node_modules/rdkit/dist/rdkit.js:16:1317273)\n    at K0 (/Users/mbp/Github/node_modules/rdkit/dist/rdkit.js:34:185130)\n    at fs (/Users/mbp/Github/node_modules/rdkit/dist/rdkit.js:31:212111)\n    at sn (/Users/mbp/Github/node_modules/rdkit/dist/rdkit.js:24:227627)\n    at Array.rn (/Users/mbp/Github/node_modules/rdkit/dist/rdkit.js:24:206488)\n    at Object.Tka [as dynCall_viiiiii] (/Users/mbp/Github/node_modules/rdkit/dist/rdkit.js:45:25029)\n    at invoke_viiiiii (/Users/mbp/Github/node_modules/rdkit/dist/rdkit.js:16:1351459)\n    at WH (/Users/mbp/Github/node_modules/rdkit/dist/rdkit.js:28:161392)"
i=117324
"Assertion failed: !\"vector length_error\", at: /Users/mbp/Github/emsdk_portable1/emscripten/tag-1.34.6/system/include/libcxx/vector,303,__throw_length_error at Error\n    at jsStackTrace (/Users/mbp/Github/node_modules/rdkit/dist/rdkit.js:16:20723)\n    at stackTrace (/Users/mbp/Github/node_modules/rdkit/dist/rdkit.js:16:20906)\n    at ___assert_fail (/Users/mbp/Github/node_modules/rdkit/dist/rdkit.js:16:1317273)\n    at K0 (/Users/mbp/Github/node_modules/rdkit/dist/rdkit.js:34:185130)\n    at fs (/Users/mbp/Github/node_modules/rdkit/dist/rdkit.js:31:212111)\n    at sn (/Users/mbp/Github/node_modules/rdkit/dist/rdkit.js:24:227627)\n    at Array.rn (/Users/mbp/Github/node_modules/rdkit/dist/rdkit.js:24:206488)\n    at Object.Tka [as dynCall_viiiiii] (/Users/mbp/Github/node_modules/rdkit/dist/rdkit.js:45:25029)\n    at invoke_viiiiii (/Users/mbp/Github/node_modules/rdkit/dist/rdkit.js:16:1351459)\n    at WH (/Users/mbp/Github/node_modules/rdkit/dist/rdkit.js:28:161392)"
i=117374
"Assertion failed: !\"vector length_error\", at: /Users/mbp/Github/emsdk_portable1/emscripten/tag-1.34.6/system/include/libcxx/vector,303,__throw_length_error at Error\n    at jsStackTrace (/Users/mbp/Github/node_modules/rdkit/dist/rdkit.js:16:20723)\n    at stackTrace (/Users/mbp/Github/node_modules/rdkit/dist/rdkit.js:16:20906)\n    at ___assert_fail (/Users/mbp/Github/node_modules/rdkit/dist/rdkit.js:16:1317273)\n    at K0 (/Users/mbp/Github/node_modules/rdkit/dist/rdkit.js:34:185130)\n    at fs (/Users/mbp/Github/node_modules/rdkit/dist/rdkit.js:31:212111)\n    at sn (/Users/mbp/Github/node_modules/rdkit/dist/rdkit.js:24:227627)\n    at Array.rn (/Users/mbp/Github/node_modules/rdkit/dist/rdkit.js:24:206488)\n    at Object.Tka [as dynCall_viiiiii] (/Users/mbp/Github/node_modules/rdkit/dist/rdkit.js:45:25029)\n    at invoke_viiiiii (/Users/mbp/Github/node_modules/rdkit/dist/rdkit.js:16:1351459)\n    at WH (/Users/mbp/Github/node_modules/rdkit/dist/rdkit.js:28:161392)"
i=117391
137390312
i=117391
137390888
i=117396
137439384
i=117396
137440232
i=117396
137486968
i=117396
137481960
i=117405
"Assertion failed: !\"vector length_error\", at: /Users/mbp/Github/emsdk_portable1/emscripten/tag-1.34.6/system/include/libcxx/vector,303,__throw_length_error at Error\n    at jsStackTrace (/Users/mbp/Github/node_modules/rdkit/dist/rdkit.js:16:20723)\n    at stackTrace (/Users/mbp/Github/node_modules/rdkit/dist/rdkit.js:16:20906)\n    at ___assert_fail (/Users/mbp/Github/node_modules/rdkit/dist/rdkit.js:16:1317273)\n    at K0 (/Users/mbp/Github/node_modules/rdkit/dist/rdkit.js:34:185130)\n    at fs (/Users/mbp/Github/node_modules/rdkit/dist/rdkit.js:31:212111)\n    at sn (/Users/mbp/Github/node_modules/rdkit/dist/rdkit.js:24:227627)\n    at Array.rn (/Users/mbp/Github/node_modules/rdkit/dist/rdkit.js:24:206488)\n    at Object.Tka [as dynCall_viiiiii] (/Users/mbp/Github/node_modules/rdkit/dist/rdkit.js:45:25029)\n    at invoke_viiiiii (/Users/mbp/Github/node_modules/rdkit/dist/rdkit.js:16:1351459)\n    at WH (/Users/mbp/Github/node_modules/rdkit/dist/rdkit.js:28:161392)"
i=117665
"Assertion failed: !\"vector length_error\", at: /Users/mbp/Github/emsdk_portable1/emscripten/tag-1.34.6/system/include/libcxx/vector,303,__throw_length_error at Error\n    at jsStackTrace (/Users/mbp/Github/node_modules/rdkit/dist/rdkit.js:16:20723)\n    at stackTrace (/Users/mbp/Github/node_modules/rdkit/dist/rdkit.js:16:20906)\n    at ___assert_fail (/Users/mbp/Github/node_modules/rdkit/dist/rdkit.js:16:1317273)\n    at K0 (/Users/mbp/Github/node_modules/rdkit/dist/rdkit.js:34:185130)\n    at fs (/Users/mbp/Github/node_modules/rdkit/dist/rdkit.js:31:212111)\n    at sn (/Users/mbp/Github/node_modules/rdkit/dist/rdkit.js:24:227627)\n    at Array.rn (/Users/mbp/Github/node_modules/rdkit/dist/rdkit.js:24:206488)\n    at Object.Tka [as dynCall_viiiiii] (/Users/mbp/Github/node_modules/rdkit/dist/rdkit.js:45:25029)\n    at invoke_viiiiii (/Users/mbp/Github/node_modules/rdkit/dist/rdkit.js:16:1351459)\n    at WH (/Users/mbp/Github/node_modules/rdkit/dist/rdkit.js:28:161392)"
i=117667
"Assertion failed: !\"vector length_error\", at: /Users/mbp/Github/emsdk_portable1/emscripten/tag-1.34.6/system/include/libcxx/vector,303,__throw_length_error at Error\n    at jsStackTrace (/Users/mbp/Github/node_modules/rdkit/dist/rdkit.js:16:20723)\n    at stackTrace (/Users/mbp/Github/node_modules/rdkit/dist/rdkit.js:16:20906)\n    at ___assert_fail (/Users/mbp/Github/node_modules/rdkit/dist/rdkit.js:16:1317273)\n    at K0 (/Users/mbp/Github/node_modules/rdkit/dist/rdkit.js:34:185130)\n    at fs (/Users/mbp/Github/node_modules/rdkit/dist/rdkit.js:31:212111)\n    at sn (/Users/mbp/Github/node_modules/rdkit/dist/rdkit.js:24:227627)\n    at Array.rn (/Users/mbp/Github/node_modules/rdkit/dist/rdkit.js:24:206488)\n    at Object.Tka [as dynCall_viiiiii] (/Users/mbp/Github/node_modules/rdkit/dist/rdkit.js:45:25029)\n    at invoke_viiiiii (/Users/mbp/Github/node_modules/rdkit/dist/rdkit.js:16:1351459)\n    at WH (/Users/mbp/Github/node_modules/rdkit/dist/rdkit.js:28:161392)"
i=118499
"Assertion failed: !\"vector length_error\", at: /Users/mbp/Github/emsdk_portable1/emscripten/tag-1.34.6/system/include/libcxx/vector,303,__throw_length_error at Error\n    at jsStackTrace (/Users/mbp/Github/node_modules/rdkit/dist/rdkit.js:16:20723)\n    at stackTrace (/Users/mbp/Github/node_modules/rdkit/dist/rdkit.js:16:20906)\n    at ___assert_fail (/Users/mbp/Github/node_modules/rdkit/dist/rdkit.js:16:1317273)\n    at K0 (/Users/mbp/Github/node_modules/rdkit/dist/rdkit.js:34:185130)\n    at fs (/Users/mbp/Github/node_modules/rdkit/dist/rdkit.js:31:212111)\n    at sn (/Users/mbp/Github/node_modules/rdkit/dist/rdkit.js:24:227627)\n    at Array.rn (/Users/mbp/Github/node_modules/rdkit/dist/rdkit.js:24:206488)\n    at Object.Tka [as dynCall_viiiiii] (/Users/mbp/Github/node_modules/rdkit/dist/rdkit.js:45:25029)\n    at invoke_viiiiii (/Users/mbp/Github/node_modules/rdkit/dist/rdkit.js:16:1351459)\n    at WH (/Users/mbp/Github/node_modules/rdkit/dist/rdkit.js:28:161392)"
i=118529
138760528
i=119642
"Assertion failed: !\"vector length_error\", at: /Users/mbp/Github/emsdk_portable1/emscripten/tag-1.34.6/system/include/libcxx/vector,303,__throw_length_error at Error\n    at jsStackTrace (/Users/mbp/Github/node_modules/rdkit/dist/rdkit.js:16:20723)\n    at stackTrace (/Users/mbp/Github/node_modules/rdkit/dist/rdkit.js:16:20906)\n    at ___assert_fail (/Users/mbp/Github/node_modules/rdkit/dist/rdkit.js:16:1317273)\n    at K0 (/Users/mbp/Github/node_modules/rdkit/dist/rdkit.js:34:185130)\n    at fs (/Users/mbp/Github/node_modules/rdkit/dist/rdkit.js:31:212111)\n    at sn (/Users/mbp/Github/node_modules/rdkit/dist/rdkit.js:24:227627)\n    at Array.rn (/Users/mbp/Github/node_modules/rdkit/dist/rdkit.js:24:206488)\n    at Object.Tka [as dynCall_viiiiii] (/Users/mbp/Github/node_modules/rdkit/dist/rdkit.js:45:25029)\n    at invoke_viiiiii (/Users/mbp/Github/node_modules/rdkit/dist/rdkit.js:16:1351459)\n    at WH (/Users/mbp/Github/node_modules/rdkit/dist/rdkit.js:28:161392)"
i=119642
"Assertion failed: !\"vector length_error\", at: /Users/mbp/Github/emsdk_portable1/emscripten/tag-1.34.6/system/include/libcxx/vector,303,__throw_length_error at Error\n    at jsStackTrace (/Users/mbp/Github/node_modules/rdkit/dist/rdkit.js:16:20723)\n    at stackTrace (/Users/mbp/Github/node_modules/rdkit/dist/rdkit.js:16:20906)\n    at ___assert_fail (/Users/mbp/Github/node_modules/rdkit/dist/rdkit.js:16:1317273)\n    at K0 (/Users/mbp/Github/node_modules/rdkit/dist/rdkit.js:34:185130)\n    at fs (/Users/mbp/Github/node_modules/rdkit/dist/rdkit.js:31:212111)\n    at sn (/Users/mbp/Github/node_modules/rdkit/dist/rdkit.js:24:227627)\n    at Array.rn (/Users/mbp/Github/node_modules/rdkit/dist/rdkit.js:24:206488)\n    at Object.Tka [as dynCall_viiiiii] (/Users/mbp/Github/node_modules/rdkit/dist/rdkit.js:45:25029)\n    at invoke_viiiiii (/Users/mbp/Github/node_modules/rdkit/dist/rdkit.js:16:1351459)\n    at WH (/Users/mbp/Github/node_modules/rdkit/dist/rdkit.js:28:161392)"
i=119884
140173488
i=119884
140261696
i=119884
140253864
i=119889
140278808
i=119894
140322640
i=119896
140343872
i=119896
140363136
i=119896
140414056
i=119896
140392536
i=119902
140458280
i=119902
140458328
i=119908
140484944
i=119993
140612000
i=120137
140650944
i=121424
142095368
i=121490
142360568
i=121608
142450760
i=121715
142533432
i=121715
142647696
i=121996
142674096
i=122042
143013056
i=122042
143064224
